#
# There is insufficient memory for the Java Runtime Environment to continue.
# Native memory allocation (mmap) failed to map 37748736 bytes. Error detail: G1 virtual space
# Possible reasons:
#   The system is out of physical RAM or swap space
#   This process is running with CompressedOops enabled, and the Java Heap may be blocking the growth of the native heap
# Possible solutions:
#   Reduce memory load on the system
#   Increase physical memory or swap space
#   Check if swap backing store is full
#   Decrease Java heap size (-Xmx/-Xms)
#   Decrease number of Java threads
#   Decrease Java thread stack sizes (-Xss)
#   Set larger code cache with -XX:ReservedCodeCacheSize=
#   JVM is running with Zero Based Compressed Oops mode in which the Java heap is
#     placed in the first 32GB address space. The Java Heap base address is the
#     maximum limit for the native heap growth. Please use -XX:HeapBaseMinAddress
#     to set the Java Heap base and to place the Java Heap above 32GB virtual address.
# This output file may be truncated or incomplete.
#
#  Out of Memory Error (os_windows.cpp:3925), pid=13220, tid=14540
#
# JRE version: OpenJDK Runtime Environment (21.0.9) (build 21.0.9+-14649483-b1163.86)
# Java VM: OpenJDK 64-Bit Server VM (21.0.9+-14649483-b1163.86, mixed mode, tiered, compressed oops, compressed class ptrs, g1 gc, windows-amd64)
# No core dump will be written. Minidumps are not enabled by default on client versions of Windows
#

---------------  S U M M A R Y ------------

Command Line: --add-opens=java.base/java.lang=ALL-UNNAMED --add-opens=java.base/java.lang.invoke=ALL-UNNAMED --add-opens=java.base/java.util=ALL-UNNAMED --add-opens=java.prefs/java.util.prefs=ALL-UNNAMED --add-exports=jdk.compiler/com.sun.tools.javac.api=ALL-UNNAMED --add-exports=jdk.compiler/com.sun.tools.javac.util=ALL-UNNAMED --add-opens=java.base/java.util=ALL-UNNAMED --add-opens=java.prefs/java.util.prefs=ALL-UNNAMED --add-opens=java.base/java.nio.charset=ALL-UNNAMED --add-opens=java.base/java.net=ALL-UNNAMED --add-opens=java.base/java.util.concurrent.atomic=ALL-UNNAMED --add-opens=java.xml/javax.xml.namespace=ALL-UNNAMED -Xmx4096M -Dfile.encoding=UTF-8 -Duser.country=ID -Duser.language=en -Duser.variant -javaagent:C:\Users\LENOVO\.gradle\wrapper\dists\gradle-8.11.1-bin\bpt9gzteqjrbo1mjrsomdt32c\gradle-8.11.1\lib\agents\gradle-instrumentation-agent-8.11.1.jar org.gradle.launcher.daemon.bootstrap.GradleDaemon 8.11.1

Host: AMD Ryzen 5 7520U with Radeon Graphics         , 8 cores, 5G,  Windows 11 , 64 bit Build 26100 (10.0.26100.8246)
Time: Fri May  1 17:39:04 2026 SE Asia Standard Time elapsed time: 100.558997 seconds (0d 0h 1m 40s)

---------------  T H R E A D  ---------------

Current thread (0x000001890299a6a0):  VMThread "VM Thread"          [id=14540, stack(0x0000008698000000,0x0000008698100000) (1024K)]

Stack: [0x0000008698000000,0x0000008698100000]
Native frames: (J=compiled Java code, j=interpreted, Vv=VM code, C=native code)
V  [jvm.dll+0x6d6c99]
V  [jvm.dll+0x866b83]
V  [jvm.dll+0x86919e]
V  [jvm.dll+0x869883]
V  [jvm.dll+0x280776]
V  [jvm.dll+0x6d3555]
V  [jvm.dll+0x6c6bea]
V  [jvm.dll+0x3587fb]
V  [jvm.dll+0x360476]
V  [jvm.dll+0x3b2646]
V  [jvm.dll+0x3b2918]
V  [jvm.dll+0x32af0c]
V  [jvm.dll+0x32af97]
V  [jvm.dll+0x370e7c]
V  [jvm.dll+0x36f62e]
V  [jvm.dll+0x32a661]
V  [jvm.dll+0x36ed30]
V  [jvm.dll+0x86f608]
V  [jvm.dll+0x870984]
V  [jvm.dll+0x870ec0]
V  [jvm.dll+0x871153]
V  [jvm.dll+0x80f118]
V  [jvm.dll+0x6d54ed]
C  [ucrtbase.dll+0x37b0]
C  [KERNEL32.DLL+0x2e8d7]
C  [ntdll.dll+0x8c3fc]

VM_Operation (0x00000086996f7500): G1CollectForAllocation, mode: safepoint, requested by thread 0x00000189072626c0


---------------  P R O C E S S  ---------------

Threads class SMR info:
_java_thread_list=0x0000018908bf9640, length=61, elements={
0x00000189664a11c0, 0x00000189029e61d0, 0x00000189029f4f00, 0x00000189029f5960,
0x0000018902a14e70, 0x0000018902a158d0, 0x0000018902a16330, 0x0000018902a17160,
0x0000018902a1ca30, 0x0000018902a1d4d0, 0x0000018902d64100, 0x0000018908141480,
0x0000018902c2b490, 0x00000189070a5ab0, 0x0000018907c78740, 0x0000018908be20a0,
0x0000018908292af0, 0x00000189072626c0, 0x0000018907265b40, 0x0000018907264100,
0x00000189072633e0, 0x0000018907263a70, 0x0000018907264790, 0x0000018907264e20,
0x00000189072654b0, 0x0000018909963e30, 0x00000189099672b0, 0x00000189099644c0,
0x0000018909966590, 0x0000018909966c20, 0x0000018909965870, 0x00000189099651e0,
0x0000018909967940, 0x0000018909967fd0, 0x000001890996b450, 0x000001890996a0a0,
0x0000018909969a10, 0x0000018909968660, 0x0000018909968cf0, 0x0000018909969380,
0x000001890a1746c0, 0x000001890a174030, 0x000001890a176100, 0x000001890a1753e0,
0x000001890a176790, 0x000001890a176e20, 0x000001890a174d50, 0x000001890a175a70,
0x000001890a1739a0, 0x000001890a178ef0, 0x000001890a179c10, 0x000001890a178860,
0x000001890a179580, 0x000001890a17a2a0, 0x000001890a1781d0, 0x000001890a17a930,
0x000001890a1774b0, 0x000001890a17afc0, 0x000001890a177b40, 0x000001890b14c530,
0x000001890b14bea0
}

Java Threads: ( => current thread )
  0x00000189664a11c0 JavaThread "main"                              [_thread_blocked, id=15912, stack(0x0000008697900000,0x0000008697a00000) (1024K)]
  0x00000189029e61d0 JavaThread "Common-Cleaner"             daemon [_thread_blocked, id=1884, stack(0x0000008698100000,0x0000008698200000) (1024K)]
  0x00000189029f4f00 JavaThread "Reference Handler"          daemon [_thread_blocked, id=19372, stack(0x0000008698200000,0x0000008698300000) (1024K)]
  0x00000189029f5960 JavaThread "Finalizer"                  daemon [_thread_blocked, id=17372, stack(0x0000008698300000,0x0000008698400000) (1024K)]
  0x0000018902a14e70 JavaThread "Signal Dispatcher"          daemon [_thread_blocked, id=20624, stack(0x0000008698400000,0x0000008698500000) (1024K)]
  0x0000018902a158d0 JavaThread "Attach Listener"            daemon [_thread_blocked, id=1356, stack(0x0000008698500000,0x0000008698600000) (1024K)]
  0x0000018902a16330 JavaThread "Service Thread"             daemon [_thread_blocked, id=12664, stack(0x0000008698600000,0x0000008698700000) (1024K)]
  0x0000018902a17160 JavaThread "Monitor Deflation Thread"   daemon [_thread_blocked, id=20928, stack(0x0000008698700000,0x0000008698800000) (1024K)]
  0x0000018902a1ca30 JavaThread "C2 CompilerThread0"         daemon [_thread_blocked, id=19664, stack(0x0000008698800000,0x0000008698900000) (1024K)]
  0x0000018902a1d4d0 JavaThread "C1 CompilerThread0"         daemon [_thread_blocked, id=21796, stack(0x0000008698900000,0x0000008698a00000) (1024K)]
  0x0000018902d64100 JavaThread "Notification Thread"        daemon [_thread_blocked, id=23224, stack(0x0000008698a00000,0x0000008698b00000) (1024K)]
  0x0000018908141480 JavaThread "Daemon health stats"               [_thread_blocked, id=11132, stack(0x0000008699000000,0x0000008699100000) (1024K)]
  0x0000018902c2b490 JavaThread "Incoming local TCP Connector on port 59714"        [_thread_in_native, id=3888, stack(0x0000008699100000,0x0000008699200000) (1024K)]
  0x00000189070a5ab0 JavaThread "Daemon periodic checks"            [_thread_blocked, id=22556, stack(0x0000008699200000,0x0000008699300000) (1024K)]
  0x0000018907c78740 JavaThread "Daemon"                            [_thread_blocked, id=16408, stack(0x0000008699300000,0x0000008699400000) (1024K)]
  0x0000018908be20a0 JavaThread "Handler for socket connection from /127.0.0.1:59714 to /127.0.0.1:59717"        [_thread_in_native, id=10480, stack(0x0000008699400000,0x0000008699500000) (1024K)]
  0x0000018908292af0 JavaThread "Cancel handler"                    [_thread_blocked, id=26108, stack(0x0000008699500000,0x0000008699600000) (1024K)]
  0x00000189072626c0 JavaThread "Daemon worker"                     [_thread_blocked, id=27628, stack(0x0000008699600000,0x0000008699700000) (1024K)]
  0x0000018907265b40 JavaThread "Asynchronous log dispatcher for DefaultDaemonConnection: socket connection from /127.0.0.1:59714 to /127.0.0.1:59717"        [_thread_blocked, id=24244, stack(0x0000008699700000,0x0000008699800000) (1024K)]
  0x0000018907264100 JavaThread "Stdin handler"                     [_thread_blocked, id=26400, stack(0x0000008699800000,0x0000008699900000) (1024K)]
  0x00000189072633e0 JavaThread "Daemon client event forwarder"        [_thread_blocked, id=19396, stack(0x0000008699900000,0x0000008699a00000) (1024K)]
  0x0000018907263a70 JavaThread "Cache worker for journal cache (C:\Users\LENOVO\.gradle\caches\journal-1)"        [_thread_blocked, id=8508, stack(0x0000008699d00000,0x0000008699e00000) (1024K)]
  0x0000018907264790 JavaThread "File lock request listener"        [_thread_in_native, id=23168, stack(0x0000008699e00000,0x0000008699f00000) (1024K)]
  0x0000018907264e20 JavaThread "Cache worker for file hash cache (C:\Users\LENOVO\.gradle\caches\8.11.1\fileHashes)"        [_thread_blocked, id=2996, stack(0x0000008699f00000,0x000000869a000000) (1024K)]
  0x00000189072654b0 JavaThread "Cache worker for file content cache (C:\Users\LENOVO\.gradle\caches\8.11.1\fileContent)"        [_thread_blocked, id=22496, stack(0x000000869a000000,0x000000869a100000) (1024K)]
  0x0000018909963e30 JavaThread "Cache worker for file hash cache (C:\Users\LENOVO\Downloads\Tugas 6_PAM RA\Tugas 6_PAM RA\.gradle\8.11.1\fileHashes)"        [_thread_blocked, id=18732, stack(0x000000869a100000,0x000000869a200000) (1024K)]
  0x00000189099672b0 JavaThread "Cache worker for checksums cache (C:\Users\LENOVO\Downloads\Tugas 6_PAM RA\Tugas 6_PAM RA\.gradle\8.11.1\checksums)"        [_thread_blocked, id=27396, stack(0x000000869a200000,0x000000869a300000) (1024K)]
  0x00000189099644c0 JavaThread "Cache worker for Build Output Cleanup Cache (C:\Users\LENOVO\Downloads\Tugas 6_PAM RA\Tugas 6_PAM RA\.gradle\buildOutputCleanup)"        [_thread_blocked, id=25744, stack(0x000000869a300000,0x000000869a400000) (1024K)]
  0x0000018909966590 JavaThread "File watcher server"        daemon [_thread_blocked, id=19620, stack(0x0000008697600000,0x0000008697700000) (1024K)]
  0x0000018909966c20 JavaThread "File watcher consumer"      daemon [_thread_blocked, id=27552, stack(0x0000008697800000,0x0000008697900000) (1024K)]
  0x0000018909965870 JavaThread "Cache worker for cache directory md-rule (C:\Users\LENOVO\.gradle\caches\8.11.1\md-rule)"        [_thread_blocked, id=15240, stack(0x000000869a400000,0x000000869a500000) (1024K)]
  0x00000189099651e0 JavaThread "Cache worker for cache directory md-supplier (C:\Users\LENOVO\.gradle\caches\8.11.1\md-supplier)"        [_thread_blocked, id=19144, stack(0x000000869a500000,0x000000869a600000) (1024K)]
  0x0000018909967940 JavaThread "jar transforms"                    [_thread_blocked, id=6620, stack(0x000000869a600000,0x000000869a700000) (1024K)]
  0x0000018909967fd0 JavaThread "jar transforms Thread 2"           [_thread_blocked, id=24216, stack(0x000000869a700000,0x000000869a800000) (1024K)]
  0x000001890996b450 JavaThread "jar transforms Thread 3"           [_thread_blocked, id=7508, stack(0x000000869a800000,0x000000869a900000) (1024K)]
  0x000001890996a0a0 JavaThread "jar transforms Thread 4"           [_thread_blocked, id=22076, stack(0x000000869a900000,0x000000869aa00000) (1024K)]
  0x0000018909969a10 JavaThread "jar transforms Thread 5"           [_thread_blocked, id=5480, stack(0x000000869aa00000,0x000000869ab00000) (1024K)]
  0x0000018909968660 JavaThread "Unconstrained build operations"        [_thread_blocked, id=24152, stack(0x000000869ab00000,0x000000869ac00000) (1024K)]
  0x0000018909968cf0 JavaThread "Unconstrained build operations Thread 2"        [_thread_blocked, id=24864, stack(0x000000869ac00000,0x000000869ad00000) (1024K)]
  0x0000018909969380 JavaThread "Unconstrained build operations Thread 3"        [_thread_blocked, id=21468, stack(0x000000869ad00000,0x000000869ae00000) (1024K)]
  0x000001890a1746c0 JavaThread "Unconstrained build operations Thread 4"        [_thread_blocked, id=18324, stack(0x000000869ae00000,0x000000869af00000) (1024K)]
  0x000001890a174030 JavaThread "Unconstrained build operations Thread 5"        [_thread_blocked, id=20468, stack(0x000000869af00000,0x000000869b000000) (1024K)]
  0x000001890a176100 JavaThread "Unconstrained build operations Thread 6"        [_thread_blocked, id=21616, stack(0x000000869b000000,0x000000869b100000) (1024K)]
  0x000001890a1753e0 JavaThread "Unconstrained build operations Thread 7"        [_thread_blocked, id=11704, stack(0x000000869b200000,0x000000869b300000) (1024K)]
  0x000001890a176790 JavaThread "Unconstrained build operations Thread 8"        [_thread_blocked, id=11600, stack(0x000000869b300000,0x000000869b400000) (1024K)]
  0x000001890a176e20 JavaThread "Unconstrained build operations Thread 9"        [_thread_blocked, id=25668, stack(0x000000869b400000,0x000000869b500000) (1024K)]
  0x000001890a174d50 JavaThread "Unconstrained build operations Thread 10"        [_thread_blocked, id=18808, stack(0x000000869b500000,0x000000869b600000) (1024K)]
  0x000001890a175a70 JavaThread "Unconstrained build operations Thread 11"        [_thread_blocked, id=25008, stack(0x000000869b600000,0x000000869b700000) (1024K)]
  0x000001890a1739a0 JavaThread "Unconstrained build operations Thread 12"        [_thread_blocked, id=7924, stack(0x000000869b700000,0x000000869b800000) (1024K)]
  0x000001890a178ef0 JavaThread "Unconstrained build operations Thread 13"        [_thread_blocked, id=14952, stack(0x000000869b800000,0x000000869b900000) (1024K)]
  0x000001890a179c10 JavaThread "Unconstrained build operations Thread 14"        [_thread_blocked, id=22008, stack(0x000000869b900000,0x000000869ba00000) (1024K)]
  0x000001890a178860 JavaThread "jar transforms Thread 6"           [_thread_blocked, id=27448, stack(0x000000869ba00000,0x000000869bb00000) (1024K)]
  0x000001890a179580 JavaThread "jar transforms Thread 7"           [_thread_blocked, id=2952, stack(0x000000869bb00000,0x000000869bc00000) (1024K)]
  0x000001890a17a2a0 JavaThread "Unconstrained build operations Thread 15"        [_thread_blocked, id=14352, stack(0x000000869bc00000,0x000000869bd00000) (1024K)]
  0x000001890a1781d0 JavaThread "Unconstrained build operations Thread 16"        [_thread_blocked, id=16640, stack(0x000000869bd00000,0x000000869be00000) (1024K)]
  0x000001890a17a930 JavaThread "Unconstrained build operations Thread 17"        [_thread_blocked, id=8616, stack(0x000000869be00000,0x000000869bf00000) (1024K)]
  0x000001890a1774b0 JavaThread "Unconstrained build operations Thread 18"        [_thread_blocked, id=20112, stack(0x000000869bf00000,0x000000869c000000) (1024K)]
  0x000001890a17afc0 JavaThread "Unconstrained build operations Thread 19"        [_thread_blocked, id=22180, stack(0x000000869c000000,0x000000869c100000) (1024K)]
  0x000001890a177b40 JavaThread "Unconstrained build operations Thread 20"        [_thread_blocked, id=13536, stack(0x000000869c100000,0x000000869c200000) (1024K)]
  0x000001890b14c530 JavaThread "Unconstrained build operations Thread 21"        [_thread_blocked, id=22600, stack(0x000000869c200000,0x000000869c300000) (1024K)]
  0x000001890b14bea0 JavaThread "jar transforms Thread 8"           [_thread_blocked, id=24356, stack(0x000000869c300000,0x000000869c400000) (1024K)]
Total: 61

Other Threads:
=>0x000001890299a6a0 VMThread "VM Thread"                           [id=14540, stack(0x0000008698000000,0x0000008698100000) (1024K)]
  0x00000189025acd70 WatcherThread "VM Periodic Task Thread"        [id=21580, stack(0x0000008697f00000,0x0000008698000000) (1024K)]
  0x0000018968900ae0 WorkerThread "GC Thread#0"                     [id=26544, stack(0x0000008697a00000,0x0000008697b00000) (1024K)]
  0x00000189070c49a0 WorkerThread "GC Thread#1"                     [id=25952, stack(0x0000008698b00000,0x0000008698c00000) (1024K)]
  0x00000189070f15c0 WorkerThread "GC Thread#2"                     [id=26968, stack(0x0000008698c00000,0x0000008698d00000) (1024K)]
  0x000001890717e260 WorkerThread "GC Thread#3"                     [id=24400, stack(0x0000008698d00000,0x0000008698e00000) (1024K)]
  0x000001890717e600 WorkerThread "GC Thread#4"                     [id=23304, stack(0x0000008698e00000,0x0000008698f00000) (1024K)]
  0x0000018907acad20 WorkerThread "GC Thread#5"                     [id=14220, stack(0x0000008698f00000,0x0000008699000000) (1024K)]
  0x0000018908dbdd10 WorkerThread "GC Thread#6"                     [id=16416, stack(0x0000008699a00000,0x0000008699b00000) (1024K)]
  0x000001890807a8a0 WorkerThread "GC Thread#7"                     [id=4356, stack(0x0000008699b00000,0x0000008699c00000) (1024K)]
  0x0000018968915510 ConcurrentGCThread "G1 Main Marker"            [id=23056, stack(0x0000008697b00000,0x0000008697c00000) (1024K)]
  0x0000018968915f20 WorkerThread "G1 Conc#0"                       [id=21188, stack(0x0000008697c00000,0x0000008697d00000) (1024K)]
  0x0000018907ece160 WorkerThread "G1 Conc#1"                       [id=15940, stack(0x0000008699c00000,0x0000008699d00000) (1024K)]
  0x000001890247e330 ConcurrentGCThread "G1 Refine#0"               [id=14824, stack(0x0000008697d00000,0x0000008697e00000) (1024K)]
  0x000001890247edb0 ConcurrentGCThread "G1 Service"                [id=10024, stack(0x0000008697e00000,0x0000008697f00000) (1024K)]
Total: 15

Threads with active compile tasks:
C2 CompilerThread0  100739 7300       4       org.objectweb.asm.ClassReader::readCode (5117 bytes)
Total: 1

VM state: at safepoint (normal execution)

VM Mutex/Monitor currently owned by a thread:  ([mutex/lock_event])
[0x00007ff846528690] Threads_lock - owner thread: 0x000001890299a6a0
[0x00007ff846528790] Heap_lock - owner thread: 0x00000189072626c0

Heap address: 0x0000000700000000, size: 4096 MB, Compressed Oops mode: Zero based, Oop shift amount: 3

CDS archive(s) not mapped
Compressed class space mapped at: 0x0000000800000000-0x0000000840000000, reserved size: 1073741824
Narrow klass base: 0x0000000800000000, Narrow klass shift: 0, Narrow klass range: 0x40000000

GC Precious Log:
 CardTable entry size: 512
 Card Set container configuration: InlinePtr #cards 4 size 8 Array Of Cards #cards 16 size 48 Howl #buckets 8 coarsen threshold 3686 Howl Bitmap #cards 512 size 80 coarsen threshold 460 Card regions per heap region 1 cards per card region 4096
 CPUs: 8 total, 8 available
 Memory: 5877M
 Large Page Support: Disabled
 NUMA Support: Disabled
 Compressed Oops: Enabled (Zero based)
 Heap Region Size: 2M
 Heap Min Capacity: 8M
 Heap Initial Capacity: 92M
 Heap Max Capacity: 4G
 Pre-touch: Disabled
 Parallel Workers: 8
 Concurrent Workers: 2
 Concurrent Refinement Workers: 8
 Periodic GC: Disabled

Heap:
 garbage-first heap   total 184320K, used 56802K [0x0000000700000000, 0x0000000800000000)
  region size 2048K, 4 young (8192K), 4 survivors (8192K)
 Metaspace       used 63207K, committed 64768K, reserved 1114112K
  class space    used 8702K, committed 9472K, reserved 1048576K

Heap Regions: E=young(eden), S=young(survivor), O=old, HS=humongous(starts), HC=humongous(continues), CS=collection set, F=free, TAMS=top-at-mark-start, PB=parsable bottom
|   0|0x0000000700000000, 0x0000000700200000, 0x0000000700200000|100%|HS|  |TAMS 0x0000000700000000| PB 0x0000000700000000| Complete 
|   1|0x0000000700200000, 0x0000000700400000, 0x0000000700400000|100%|HC|  |TAMS 0x0000000700200000| PB 0x0000000700200000| Complete 
|   2|0x0000000700400000, 0x0000000700600000, 0x0000000700600000|100%| O|  |TAMS 0x0000000700400000| PB 0x0000000700400000| Untracked 
|   3|0x0000000700600000, 0x0000000700800000, 0x0000000700800000|100%| O|  |TAMS 0x0000000700600000| PB 0x0000000700600000| Untracked 
|   4|0x0000000700800000, 0x0000000700a00000, 0x0000000700a00000|100%| O|  |TAMS 0x0000000700800000| PB 0x0000000700800000| Untracked 
|   5|0x0000000700a00000, 0x0000000700c00000, 0x0000000700c00000|100%| O|  |TAMS 0x0000000700a00000| PB 0x0000000700a00000| Untracked 
|   6|0x0000000700c00000, 0x0000000700e00000, 0x0000000700e00000|100%| O|  |TAMS 0x0000000700c00000| PB 0x0000000700c00000| Untracked 
|   7|0x0000000700e00000, 0x0000000701000000, 0x0000000701000000|100%| O|  |TAMS 0x0000000700e00000| PB 0x0000000700e00000| Untracked 
|   8|0x0000000701000000, 0x0000000701200000, 0x0000000701200000|100%| O|  |TAMS 0x0000000701000000| PB 0x0000000701000000| Untracked 
|   9|0x0000000701200000, 0x0000000701400000, 0x0000000701400000|100%| O|  |TAMS 0x0000000701200000| PB 0x0000000701200000| Untracked 
|  10|0x0000000701400000, 0x0000000701600000, 0x0000000701600000|100%| O|  |TAMS 0x0000000701400000| PB 0x0000000701400000| Untracked 
|  11|0x0000000701600000, 0x0000000701800000, 0x0000000701800000|100%| O|  |TAMS 0x0000000701600000| PB 0x0000000701600000| Untracked 
|  12|0x0000000701800000, 0x0000000701a00000, 0x0000000701a00000|100%| O|  |TAMS 0x0000000701800000| PB 0x0000000701800000| Untracked 
|  13|0x0000000701a00000, 0x0000000701c00000, 0x0000000701c00000|100%| O|  |TAMS 0x0000000701a00000| PB 0x0000000701a00000| Untracked 
|  14|0x0000000701c00000, 0x0000000701e00000, 0x0000000701e00000|100%| O|  |TAMS 0x0000000701c00000| PB 0x0000000701c00000| Untracked 
|  15|0x0000000701e00000, 0x0000000702000000, 0x0000000702000000|100%| O|  |TAMS 0x0000000701e00000| PB 0x0000000701e00000| Untracked 
|  16|0x0000000702000000, 0x0000000702200000, 0x0000000702200000|100%|HS|  |TAMS 0x0000000702000000| PB 0x0000000702000000| Complete 
|  17|0x0000000702200000, 0x0000000702400000, 0x0000000702400000|100%| O|  |TAMS 0x0000000702200000| PB 0x0000000702200000| Untracked 
|  18|0x0000000702400000, 0x0000000702600000, 0x0000000702600000|100%| O|  |TAMS 0x0000000702400000| PB 0x0000000702400000| Untracked 
|  19|0x0000000702600000, 0x00000007027789d0, 0x0000000702800000| 73%| O|  |TAMS 0x0000000702600000| PB 0x0000000702600000| Untracked 
|  20|0x0000000702800000, 0x0000000702800000, 0x0000000702a00000|  0%| F|  |TAMS 0x0000000702800000| PB 0x0000000702800000| Untracked 
|  21|0x0000000702a00000, 0x0000000702a00000, 0x0000000702c00000|  0%| F|  |TAMS 0x0000000702a00000| PB 0x0000000702a00000| Untracked 
|  22|0x0000000702c00000, 0x0000000702c00000, 0x0000000702e00000|  0%| F|  |TAMS 0x0000000702c00000| PB 0x0000000702c00000| Untracked 
|  23|0x0000000702e00000, 0x0000000702e00000, 0x0000000703000000|  0%| F|  |TAMS 0x0000000702e00000| PB 0x0000000702e00000| Untracked 
|  24|0x0000000703000000, 0x0000000703000000, 0x0000000703200000|  0%| F|  |TAMS 0x0000000703000000| PB 0x0000000703000000| Untracked 
|  25|0x0000000703200000, 0x0000000703200000, 0x0000000703400000|  0%| F|  |TAMS 0x0000000703200000| PB 0x0000000703200000| Untracked 
|  26|0x0000000703400000, 0x0000000703600000, 0x0000000703600000|100%| O|  |TAMS 0x0000000703400000| PB 0x0000000703400000| Untracked 
|  27|0x0000000703600000, 0x0000000703600000, 0x0000000703800000|  0%| F|  |TAMS 0x0000000703600000| PB 0x0000000703600000| Untracked 
|  28|0x0000000703800000, 0x0000000703800000, 0x0000000703a00000|  0%| F|  |TAMS 0x0000000703800000| PB 0x0000000703800000| Untracked 
|  29|0x0000000703a00000, 0x0000000703c00000, 0x0000000703c00000|100%| S|CS|TAMS 0x0000000703a00000| PB 0x0000000703a00000| Complete 
|  30|0x0000000703c00000, 0x0000000703e00000, 0x0000000703e00000|100%| S|CS|TAMS 0x0000000703c00000| PB 0x0000000703c00000| Complete 
|  31|0x0000000703e00000, 0x0000000704000000, 0x0000000704000000|100%| S|CS|TAMS 0x0000000703e00000| PB 0x0000000703e00000| Complete 
|  32|0x0000000704000000, 0x0000000704200000, 0x0000000704200000|100%| S|CS|TAMS 0x0000000704000000| PB 0x0000000704000000| Complete 
|  33|0x0000000704200000, 0x0000000704200000, 0x0000000704400000|  0%| F|  |TAMS 0x0000000704200000| PB 0x0000000704200000| Untracked 
|  34|0x0000000704400000, 0x0000000704400000, 0x0000000704600000|  0%| F|  |TAMS 0x0000000704400000| PB 0x0000000704400000| Untracked 
|  35|0x0000000704600000, 0x0000000704600000, 0x0000000704800000|  0%| F|  |TAMS 0x0000000704600000| PB 0x0000000704600000| Untracked 
|  36|0x0000000704800000, 0x0000000704800000, 0x0000000704a00000|  0%| F|  |TAMS 0x0000000704800000| PB 0x0000000704800000| Untracked 
|  37|0x0000000704a00000, 0x0000000704a00000, 0x0000000704c00000|  0%| F|  |TAMS 0x0000000704a00000| PB 0x0000000704a00000| Untracked 
|  38|0x0000000704c00000, 0x0000000704c00000, 0x0000000704e00000|  0%| F|  |TAMS 0x0000000704c00000| PB 0x0000000704c00000| Untracked 
|  39|0x0000000704e00000, 0x0000000704e00000, 0x0000000705000000|  0%| F|  |TAMS 0x0000000704e00000| PB 0x0000000704e00000| Untracked 
|  40|0x0000000705000000, 0x0000000705000000, 0x0000000705200000|  0%| F|  |TAMS 0x0000000705000000| PB 0x0000000705000000| Untracked 
|  41|0x0000000705200000, 0x0000000705200000, 0x0000000705400000|  0%| F|  |TAMS 0x0000000705200000| PB 0x0000000705200000| Untracked 
|  42|0x0000000705400000, 0x0000000705400000, 0x0000000705600000|  0%| F|  |TAMS 0x0000000705400000| PB 0x0000000705400000| Untracked 
|  43|0x0000000705600000, 0x0000000705600000, 0x0000000705800000|  0%| F|  |TAMS 0x0000000705600000| PB 0x0000000705600000| Untracked 
|  44|0x0000000705800000, 0x0000000705800000, 0x0000000705a00000|  0%| F|  |TAMS 0x0000000705800000| PB 0x0000000705800000| Untracked 
|  45|0x0000000705a00000, 0x0000000705a00000, 0x0000000705c00000|  0%| F|  |TAMS 0x0000000705a00000| PB 0x0000000705a00000| Untracked 
|  46|0x0000000705c00000, 0x0000000705c00000, 0x0000000705e00000|  0%| F|  |TAMS 0x0000000705c00000| PB 0x0000000705c00000| Untracked 
|  47|0x0000000705e00000, 0x0000000705e00000, 0x0000000706000000|  0%| F|  |TAMS 0x0000000705e00000| PB 0x0000000705e00000| Untracked 
|  48|0x0000000706000000, 0x0000000706000000, 0x0000000706200000|  0%| F|  |TAMS 0x0000000706000000| PB 0x0000000706000000| Untracked 
|  49|0x0000000706200000, 0x0000000706200000, 0x0000000706400000|  0%| F|  |TAMS 0x0000000706200000| PB 0x0000000706200000| Untracked 
|  50|0x0000000706400000, 0x0000000706400000, 0x0000000706600000|  0%| F|  |TAMS 0x0000000706400000| PB 0x0000000706400000| Untracked 
|  51|0x0000000706600000, 0x0000000706600000, 0x0000000706800000|  0%| F|  |TAMS 0x0000000706600000| PB 0x0000000706600000| Untracked 
|  52|0x0000000706800000, 0x0000000706800000, 0x0000000706a00000|  0%| F|  |TAMS 0x0000000706800000| PB 0x0000000706800000| Untracked 
|  53|0x0000000706a00000, 0x0000000706a00000, 0x0000000706c00000|  0%| F|  |TAMS 0x0000000706a00000| PB 0x0000000706a00000| Untracked 
|  54|0x0000000706c00000, 0x0000000706c00000, 0x0000000706e00000|  0%| F|  |TAMS 0x0000000706c00000| PB 0x0000000706c00000| Untracked 
|  55|0x0000000706e00000, 0x0000000706e00000, 0x0000000707000000|  0%| F|  |TAMS 0x0000000706e00000| PB 0x0000000706e00000| Untracked 
|  56|0x0000000707000000, 0x0000000707000000, 0x0000000707200000|  0%| F|  |TAMS 0x0000000707000000| PB 0x0000000707000000| Untracked 
|  57|0x0000000707200000, 0x0000000707200000, 0x0000000707400000|  0%| F|  |TAMS 0x0000000707200000| PB 0x0000000707200000| Untracked 
|  58|0x0000000707400000, 0x0000000707400000, 0x0000000707600000|  0%| F|  |TAMS 0x0000000707400000| PB 0x0000000707400000| Untracked 
|  59|0x0000000707600000, 0x0000000707600000, 0x0000000707800000|  0%| F|  |TAMS 0x0000000707600000| PB 0x0000000707600000| Untracked 
|  60|0x0000000707800000, 0x0000000707800000, 0x0000000707a00000|  0%| F|  |TAMS 0x0000000707800000| PB 0x0000000707800000| Untracked 
|  61|0x0000000707a00000, 0x0000000707a00000, 0x0000000707c00000|  0%| F|  |TAMS 0x0000000707a00000| PB 0x0000000707a00000| Untracked 
|  62|0x0000000707c00000, 0x0000000707c00000, 0x0000000707e00000|  0%| F|  |TAMS 0x0000000707c00000| PB 0x0000000707c00000| Untracked 
|  63|0x0000000707e00000, 0x0000000707e00000, 0x0000000708000000|  0%| F|  |TAMS 0x0000000707e00000| PB 0x0000000707e00000| Untracked 
|  64|0x0000000708000000, 0x0000000708000000, 0x0000000708200000|  0%| F|  |TAMS 0x0000000708000000| PB 0x0000000708000000| Untracked 
|  65|0x0000000708200000, 0x0000000708200000, 0x0000000708400000|  0%| F|  |TAMS 0x0000000708200000| PB 0x0000000708200000| Untracked 
|  66|0x0000000708400000, 0x0000000708400000, 0x0000000708600000|  0%| F|  |TAMS 0x0000000708400000| PB 0x0000000708400000| Untracked 
|  67|0x0000000708600000, 0x0000000708600000, 0x0000000708800000|  0%| F|  |TAMS 0x0000000708600000| PB 0x0000000708600000| Untracked 
|  68|0x0000000708800000, 0x0000000708800000, 0x0000000708a00000|  0%| F|  |TAMS 0x0000000708800000| PB 0x0000000708800000| Untracked 
|  69|0x0000000708a00000, 0x0000000708a00000, 0x0000000708c00000|  0%| F|  |TAMS 0x0000000708a00000| PB 0x0000000708a00000| Untracked 
|  70|0x0000000708c00000, 0x0000000708c00000, 0x0000000708e00000|  0%| F|  |TAMS 0x0000000708c00000| PB 0x0000000708c00000| Untracked 
|  71|0x0000000708e00000, 0x0000000708e00000, 0x0000000709000000|  0%| F|  |TAMS 0x0000000708e00000| PB 0x0000000708e00000| Untracked 
|  72|0x0000000709000000, 0x0000000709000000, 0x0000000709200000|  0%| F|  |TAMS 0x0000000709000000| PB 0x0000000709000000| Untracked 
|  73|0x0000000709200000, 0x0000000709200000, 0x0000000709400000|  0%| F|  |TAMS 0x0000000709200000| PB 0x0000000709200000| Untracked 
|  74|0x0000000709400000, 0x0000000709400000, 0x0000000709600000|  0%| F|  |TAMS 0x0000000709400000| PB 0x0000000709400000| Untracked 
|  75|0x0000000709600000, 0x0000000709600000, 0x0000000709800000|  0%| F|  |TAMS 0x0000000709600000| PB 0x0000000709600000| Untracked 
|  76|0x0000000709800000, 0x0000000709800000, 0x0000000709a00000|  0%| F|  |TAMS 0x0000000709800000| PB 0x0000000709800000| Untracked 
|  77|0x0000000709a00000, 0x0000000709a00000, 0x0000000709c00000|  0%| F|  |TAMS 0x0000000709a00000| PB 0x0000000709a00000| Untracked 
|  78|0x0000000709c00000, 0x0000000709c00000, 0x0000000709e00000|  0%| F|  |TAMS 0x0000000709c00000| PB 0x0000000709c00000| Untracked 
|  79|0x0000000709e00000, 0x0000000709e00000, 0x000000070a000000|  0%| F|  |TAMS 0x0000000709e00000| PB 0x0000000709e00000| Untracked 
|  80|0x000000070a000000, 0x000000070a000000, 0x000000070a200000|  0%| F|  |TAMS 0x000000070a000000| PB 0x000000070a000000| Untracked 
|  81|0x000000070a200000, 0x000000070a200000, 0x000000070a400000|  0%| F|  |TAMS 0x000000070a200000| PB 0x000000070a200000| Untracked 
|  82|0x000000070a400000, 0x000000070a400000, 0x000000070a600000|  0%| F|  |TAMS 0x000000070a400000| PB 0x000000070a400000| Untracked 
|  83|0x000000070a600000, 0x000000070a600000, 0x000000070a800000|  0%| F|  |TAMS 0x000000070a600000| PB 0x000000070a600000| Untracked 
|  84|0x000000070a800000, 0x000000070a800000, 0x000000070aa00000|  0%| F|  |TAMS 0x000000070a800000| PB 0x000000070a800000| Untracked 
|  85|0x000000070aa00000, 0x000000070aa00000, 0x000000070ac00000|  0%| F|  |TAMS 0x000000070aa00000| PB 0x000000070aa00000| Untracked 
|  86|0x000000070ac00000, 0x000000070ac00000, 0x000000070ae00000|  0%| F|  |TAMS 0x000000070ac00000| PB 0x000000070ac00000| Untracked 
|2045|0x00000007ffa00000, 0x00000007ffc00000, 0x00000007ffc00000|100%| O|  |TAMS 0x00000007ffa00000| PB 0x00000007ffa00000| Untracked 
|2046|0x00000007ffc00000, 0x00000007ffe00000, 0x00000007ffe00000|100%| O|  |TAMS 0x00000007ffc00000| PB 0x00000007ffc00000| Untracked 
|2047|0x00000007ffe00000, 0x0000000800000000, 0x0000000800000000|100%| O|  |TAMS 0x00000007ffe00000| PB 0x00000007ffe00000| Untracked 

Card table byte_map: [0x000001897b500000,0x000001897bd00000] _byte_map_base: 0x0000018977d00000

Marking Bits: (CMBitMap*) 0x00000189689010f0
 Bits: [0x000001897bd00000, 0x000001897fd00000)

Polling page: 0x0000018966720000

Metaspace:

Usage:
  Non-class:     53.23 MB used.
      Class:      8.50 MB used.
       Both:     61.73 MB used.

Virtual space:
  Non-class space:       64.00 MB reserved,      54.00 MB ( 84%) committed,  1 nodes.
      Class space:        1.00 GB reserved,       9.25 MB ( <1%) committed,  1 nodes.
             Both:        1.06 GB reserved,      63.25 MB (  6%) committed. 

Chunk freelists:
   Non-Class:  9.83 MB
       Class:  6.80 MB
        Both:  16.62 MB

MaxMetaspaceSize: unlimited
CompressedClassSpaceSize: 1.00 GB
Initial GC threshold: 21.00 MB
Current GC threshold: 98.88 MB
CDS: off
 - commit_granule_bytes: 65536.
 - commit_granule_words: 8192.
 - virtual_space_node_default_size: 8388608.
 - enlarge_chunks_in_place: 1.
 - use_allocation_guard: 0.


Internal statistics:

num_allocs_failed_limit: 12.
num_arena_births: 2928.
num_arena_deaths: 0.
num_vsnodes_births: 2.
num_vsnodes_deaths: 0.
num_space_committed: 1012.
num_space_uncommitted: 0.
num_chunks_returned_to_freelist: 12.
num_chunks_taken_from_freelist: 5412.
num_chunk_merges: 12.
num_chunk_splits: 3538.
num_chunks_enlarged: 2177.
num_inconsistent_stats: 0.

CodeHeap 'non-profiled nmethods': size=120000Kb used=5024Kb max_used=5024Kb free=114975Kb
 bounds [0x00000189734a0000, 0x0000018973990000, 0x000001897a9d0000]
CodeHeap 'profiled nmethods': size=120000Kb used=13545Kb max_used=13545Kb free=106454Kb
 bounds [0x000001896b9d0000, 0x000001896c710000, 0x0000018972f00000]
CodeHeap 'non-nmethods': size=5760Kb used=2580Kb max_used=2651Kb free=3179Kb
 bounds [0x0000018972f00000, 0x00000189731a0000, 0x00000189734a0000]
CodeCache: size=245760Kb, used=21149Kb, max_used=21220Kb, free=224608Kb
 total_blobs=7476, nmethods=6609, adapters=770, full_count=0
Compilation: enabled, stopped_count=0, restarted_count=0

Compilation events (20 events):
Event: 98.371 Thread 0x0000018902a1d4d0 7307   !   2       jdk.proxy1.$Proxy0::onOutput (34 bytes)
Event: 98.372 Thread 0x0000018902a1d4d0 nmethod 7307 0x000001896c707390 code [0x000001896c707560, 0x000001896c707920]
Event: 98.468 Thread 0x0000018902a1d4d0 7308       3       org.objectweb.asm.commons.FieldRemapper::visitAnnotation (29 bytes)
Event: 98.468 Thread 0x0000018902a1d4d0 nmethod 7308 0x000001896c707b10 code [0x000001896c707d40, 0x000001896c7083a8]
Event: 98.540 Thread 0x0000018902a1d4d0 7309       3       org.objectweb.asm.MethodVisitor::visitVarInsn (17 bytes)
Event: 98.540 Thread 0x0000018902a1d4d0 nmethod 7309 0x000001896c708690 code [0x000001896c708840, 0x000001896c708a50]
Event: 98.551 Thread 0x0000018902a1d4d0 7310       2       net.rubygrapefruit.platform.internal.FunctionResult::<init> (12 bytes)
Event: 98.551 Thread 0x0000018902a1d4d0 nmethod 7310 0x000001896c708b10 code [0x000001896c708cc0, 0x000001896c708e28]
Event: 98.551 Thread 0x0000018902a1d4d0 7311       2       net.rubygrapefruit.platform.internal.FunctionResult::isFailed (13 bytes)
Event: 98.551 Thread 0x0000018902a1d4d0 nmethod 7311 0x000001896c708f10 code [0x000001896c7090a0, 0x000001896c7091c0]
Event: 98.630 Thread 0x0000018902a1d4d0 7313       2       java.util.stream.ReferencePipeline::toArray (18 bytes)
Event: 98.630 Thread 0x0000018902a1d4d0 nmethod 7313 0x000001896c709290 code [0x000001896c709460, 0x000001896c7095e8]
Event: 98.630 Thread 0x0000018902a1d4d0 7314       2       java.util.stream.AbstractPipeline::evaluateToArrayNode (78 bytes)
Event: 98.631 Thread 0x0000018902a1d4d0 nmethod 7314 0x000001896c709710 code [0x000001896c709920, 0x000001896c709c68]
Event: 99.143 Thread 0x0000018902a1d4d0 7319       1       org.gradle.internal.logging.events.ProgressEvent::getStatus (5 bytes)
Event: 99.144 Thread 0x0000018902a1d4d0 nmethod 7319 0x0000018973987b10 code [0x0000018973987ca0, 0x0000018973987d70]
Event: 99.144 Thread 0x0000018902a1d4d0 7320       1       org.gradle.internal.logging.events.ProgressEvent::isFailing (5 bytes)
Event: 99.144 Thread 0x0000018902a1d4d0 nmethod 7320 0x0000018973987e10 code [0x0000018973987fa0, 0x0000018973988070]
Event: 99.273 Thread 0x0000018902a1d4d0 7321       3       org.objectweb.asm.ByteVector::putLong (145 bytes)
Event: 99.274 Thread 0x0000018902a1d4d0 nmethod 7321 0x000001896c709e10 code [0x000001896c709fe0, 0x000001896c70a2e0]

GC Heap History (20 events):
Event: 96.636 GC heap after
{Heap after GC invocations=39 (full 0):
 garbage-first heap   total 126976K, used 50434K [0x0000000700000000, 0x0000000800000000)
  region size 2048K, 3 young (6144K), 3 survivors (6144K)
 Metaspace       used 63186K, committed 64768K, reserved 1114112K
  class space    used 8702K, committed 9472K, reserved 1048576K
}
Event: 96.925 GC heap before
{Heap before GC invocations=39 (full 0):
 garbage-first heap   total 126976K, used 115970K [0x0000000700000000, 0x0000000800000000)
  region size 2048K, 35 young (71680K), 3 survivors (6144K)
 Metaspace       used 63190K, committed 64768K, reserved 1114112K
  class space    used 8702K, committed 9472K, reserved 1048576K
}
Event: 96.929 GC heap after
{Heap after GC invocations=40 (full 0):
 garbage-first heap   total 126976K, used 51502K [0x0000000700000000, 0x0000000800000000)
  region size 2048K, 3 young (6144K), 3 survivors (6144K)
 Metaspace       used 63190K, committed 64768K, reserved 1114112K
  class space    used 8702K, committed 9472K, reserved 1048576K
}
Event: 97.086 GC heap before
{Heap before GC invocations=40 (full 0):
 garbage-first heap   total 126976K, used 117038K [0x0000000700000000, 0x0000000800000000)
  region size 2048K, 35 young (71680K), 3 survivors (6144K)
 Metaspace       used 63193K, committed 64768K, reserved 1114112K
  class space    used 8702K, committed 9472K, reserved 1048576K
}
Event: 97.089 GC heap after
{Heap after GC invocations=41 (full 0):
 garbage-first heap   total 153600K, used 51851K [0x0000000700000000, 0x0000000800000000)
  region size 2048K, 3 young (6144K), 3 survivors (6144K)
 Metaspace       used 63193K, committed 64768K, reserved 1114112K
  class space    used 8702K, committed 9472K, reserved 1048576K
}
Event: 97.280 GC heap before
{Heap before GC invocations=41 (full 0):
 garbage-first heap   total 153600K, used 137867K [0x0000000700000000, 0x0000000800000000)
  region size 2048K, 45 young (92160K), 3 survivors (6144K)
 Metaspace       used 63193K, committed 64768K, reserved 1114112K
  class space    used 8702K, committed 9472K, reserved 1048576K
}
Event: 97.283 GC heap after
{Heap after GC invocations=42 (full 0):
 garbage-first heap   total 153600K, used 52135K [0x0000000700000000, 0x0000000800000000)
  region size 2048K, 3 young (6144K), 3 survivors (6144K)
 Metaspace       used 63193K, committed 64768K, reserved 1114112K
  class space    used 8702K, committed 9472K, reserved 1048576K
}
Event: 97.465 GC heap before
{Heap before GC invocations=42 (full 0):
 garbage-first heap   total 153600K, used 138151K [0x0000000700000000, 0x0000000800000000)
  region size 2048K, 45 young (92160K), 3 survivors (6144K)
 Metaspace       used 63193K, committed 64768K, reserved 1114112K
  class space    used 8702K, committed 9472K, reserved 1048576K
}
Event: 97.469 GC heap after
{Heap after GC invocations=43 (full 0):
 garbage-first heap   total 153600K, used 52523K [0x0000000700000000, 0x0000000800000000)
  region size 2048K, 3 young (6144K), 3 survivors (6144K)
 Metaspace       used 63193K, committed 64768K, reserved 1114112K
  class space    used 8702K, committed 9472K, reserved 1048576K
}
Event: 97.645 GC heap before
{Heap before GC invocations=43 (full 0):
 garbage-first heap   total 153600K, used 138539K [0x0000000700000000, 0x0000000800000000)
  region size 2048K, 45 young (92160K), 3 survivors (6144K)
 Metaspace       used 63193K, committed 64768K, reserved 1114112K
  class space    used 8702K, committed 9472K, reserved 1048576K
}
Event: 97.649 GC heap after
{Heap after GC invocations=44 (full 0):
 garbage-first heap   total 153600K, used 53257K [0x0000000700000000, 0x0000000800000000)
  region size 2048K, 4 young (8192K), 4 survivors (8192K)
 Metaspace       used 63193K, committed 64768K, reserved 1114112K
  class space    used 8702K, committed 9472K, reserved 1048576K
}
Event: 97.814 GC heap before
{Heap before GC invocations=44 (full 0):
 garbage-first heap   total 153600K, used 137225K [0x0000000700000000, 0x0000000800000000)
  region size 2048K, 45 young (92160K), 4 survivors (8192K)
 Metaspace       used 63194K, committed 64768K, reserved 1114112K
  class space    used 8702K, committed 9472K, reserved 1048576K
}
Event: 97.818 GC heap after
{Heap after GC invocations=45 (full 0):
 garbage-first heap   total 184320K, used 53713K [0x0000000700000000, 0x0000000800000000)
  region size 2048K, 4 young (8192K), 4 survivors (8192K)
 Metaspace       used 63194K, committed 64768K, reserved 1114112K
  class space    used 8702K, committed 9472K, reserved 1048576K
}
Event: 98.108 GC heap before
{Heap before GC invocations=45 (full 0):
 garbage-first heap   total 184320K, used 156113K [0x0000000700000000, 0x0000000800000000)
  region size 2048K, 54 young (110592K), 4 survivors (8192K)
 Metaspace       used 63203K, committed 64768K, reserved 1114112K
  class space    used 8702K, committed 9472K, reserved 1048576K
}
Event: 98.112 GC heap after
{Heap after GC invocations=46 (full 0):
 garbage-first heap   total 184320K, used 53992K [0x0000000700000000, 0x0000000800000000)
  region size 2048K, 4 young (8192K), 4 survivors (8192K)
 Metaspace       used 63203K, committed 64768K, reserved 1114112K
  class space    used 8702K, committed 9472K, reserved 1048576K
}
Event: 98.498 GC heap before
{Heap before GC invocations=46 (full 0):
 garbage-first heap   total 184320K, used 156392K [0x0000000700000000, 0x0000000800000000)
  region size 2048K, 54 young (110592K), 4 survivors (8192K)
 Metaspace       used 63204K, committed 64768K, reserved 1114112K
  class space    used 8702K, committed 9472K, reserved 1048576K
}
Event: 98.503 GC heap after
{Heap after GC invocations=47 (full 0):
 garbage-first heap   total 184320K, used 55143K [0x0000000700000000, 0x0000000800000000)
  region size 2048K, 4 young (8192K), 4 survivors (8192K)
 Metaspace       used 63204K, committed 64768K, reserved 1114112K
  class space    used 8702K, committed 9472K, reserved 1048576K
}
Event: 98.905 GC heap before
{Heap before GC invocations=47 (full 0):
 garbage-first heap   total 184320K, used 157543K [0x0000000700000000, 0x0000000800000000)
  region size 2048K, 54 young (110592K), 4 survivors (8192K)
 Metaspace       used 63207K, committed 64768K, reserved 1114112K
  class space    used 8702K, committed 9472K, reserved 1048576K
}
Event: 98.910 GC heap after
{Heap after GC invocations=48 (full 0):
 garbage-first heap   total 184320K, used 55550K [0x0000000700000000, 0x0000000800000000)
  region size 2048K, 4 young (8192K), 4 survivors (8192K)
 Metaspace       used 63207K, committed 64768K, reserved 1114112K
  class space    used 8702K, committed 9472K, reserved 1048576K
}
Event: 99.317 GC heap before
{Heap before GC invocations=48 (full 0):
 garbage-first heap   total 184320K, used 157950K [0x0000000700000000, 0x0000000800000000)
  region size 2048K, 54 young (110592K), 4 survivors (8192K)
 Metaspace       used 63207K, committed 64768K, reserved 1114112K
  class space    used 8702K, committed 9472K, reserved 1048576K
}

Dll operation events (3 events):
Event: 0.106 Loaded shared library D:\Android Studio\jbr\bin\java.dll
Event: 0.166 Loaded shared library D:\Android Studio\jbr\bin\zip.dll
Event: 4.897 Loaded shared library D:\Android Studio\jbr\bin\verify.dll

Deoptimization events (20 events):
Event: 98.697 Thread 0x00000189072626c0 DEOPT PACKING pc=0x000001896c5f01c6 sp=0x00000086996f79e0
Event: 98.697 Thread 0x00000189072626c0 DEOPT UNPACKING pc=0x0000018972f54bc2 sp=0x00000086996f6ec8 mode 0
Event: 98.731 Thread 0x00000189072626c0 DEOPT PACKING pc=0x000001896c5f01c6 sp=0x00000086996f79e0
Event: 98.731 Thread 0x00000189072626c0 DEOPT UNPACKING pc=0x0000018972f54bc2 sp=0x00000086996f6ec8 mode 0
Event: 98.856 Thread 0x00000189072626c0 DEOPT PACKING pc=0x000001896c5f03d8 sp=0x00000086996f7e30
Event: 98.856 Thread 0x00000189072626c0 DEOPT UNPACKING pc=0x0000018972f54bc2 sp=0x00000086996f7318 mode 0
Event: 98.862 Thread 0x00000189072626c0 DEOPT PACKING pc=0x000001896c5f03d8 sp=0x00000086996f7e30
Event: 98.862 Thread 0x00000189072626c0 DEOPT UNPACKING pc=0x0000018972f54bc2 sp=0x00000086996f7318 mode 0
Event: 98.902 Thread 0x00000189072626c0 DEOPT PACKING pc=0x000001896c5f03d8 sp=0x00000086996f79e0
Event: 98.902 Thread 0x00000189072626c0 DEOPT UNPACKING pc=0x0000018972f54bc2 sp=0x00000086996f6ec8 mode 0
Event: 98.914 Thread 0x00000189072626c0 DEOPT PACKING pc=0x000001896c5f01c6 sp=0x00000086996f7e30
Event: 98.914 Thread 0x00000189072626c0 DEOPT UNPACKING pc=0x0000018972f54bc2 sp=0x00000086996f7318 mode 0
Event: 99.166 Thread 0x00000189072626c0 DEOPT PACKING pc=0x000001896c5f03d8 sp=0x00000086996f79e0
Event: 99.166 Thread 0x00000189072626c0 DEOPT UNPACKING pc=0x0000018972f54bc2 sp=0x00000086996f6ec8 mode 0
Event: 99.188 Thread 0x00000189072626c0 DEOPT PACKING pc=0x000001896c5f01c6 sp=0x00000086996f79e0
Event: 99.188 Thread 0x00000189072626c0 DEOPT UNPACKING pc=0x0000018972f54bc2 sp=0x00000086996f6ec8 mode 0
Event: 99.198 Thread 0x00000189072626c0 DEOPT PACKING pc=0x000001896c5f01c6 sp=0x00000086996f79e0
Event: 99.198 Thread 0x00000189072626c0 DEOPT UNPACKING pc=0x0000018972f54bc2 sp=0x00000086996f6ec8 mode 0
Event: 99.210 Thread 0x00000189072626c0 DEOPT PACKING pc=0x000001896c5f01c6 sp=0x00000086996f79e0
Event: 99.210 Thread 0x00000189072626c0 DEOPT UNPACKING pc=0x0000018972f54bc2 sp=0x00000086996f6ec8 mode 0

Classes loaded (20 events):
Event: 86.232 Loading class sun/misc/SharedSecrets
Event: 86.232 Loading class sun/misc/SharedSecrets done
Event: 86.454 Loading class java/util/AbstractList$ListItr
Event: 86.454 Loading class java/util/AbstractList$ListItr done
Event: 87.318 Loading class sun/nio/ch/ChannelOutputStream
Event: 87.319 Loading class sun/nio/ch/ChannelOutputStream done
Event: 87.320 Loading class java/nio/charset/UnsupportedCharsetException
Event: 87.320 Loading class java/nio/charset/UnsupportedCharsetException done
Event: 87.326 Loading class java/util/Collections$UnmodifiableSortedMap
Event: 87.327 Loading class java/util/Collections$UnmodifiableSortedMap done
Event: 87.329 Loading class java/util/zip/Deflater
Event: 87.330 Loading class java/util/zip/Deflater done
Event: 87.334 Loading class java/util/zip/Deflater$DeflaterZStreamRef
Event: 87.334 Loading class java/util/zip/Deflater$DeflaterZStreamRef done
Event: 87.351 Loading class java/util/zip/ZipFile$ZipEntryIterator
Event: 87.351 Loading class java/util/zip/ZipFile$ZipEntryIterator done
Event: 87.441 Loading class java/nio/StringCharBuffer
Event: 87.442 Loading class java/nio/StringCharBuffer done
Event: 93.923 Loading class java/util/regex/Pattern$Caret
Event: 93.925 Loading class java/util/regex/Pattern$Caret done

Classes unloaded (0 events):
No events

Classes redefined (0 events):
No events

Internal exceptions (20 events):
Event: 86.648 Thread 0x00000189072626c0 Exception <a 'sun/nio/fs/WindowsException'{0x0000000703630800}> (0x0000000703630800) 
thrown [s\src\hotspot\share\prims\jni.cpp, line 537]
Event: 86.649 Thread 0x00000189072626c0 Exception <a 'java/lang/ClassNotFoundException'{0x0000000703633cf0}: SetupUtpTestResultListenerActionCustomizer> (0x0000000703633cf0) 
thrown [s\src\hotspot\share\classfile\systemDictionary.cpp, line 312]
Event: 86.668 Thread 0x00000189072626c0 Exception <a 'sun/nio/fs/WindowsException'{0x000000070368f2b0}> (0x000000070368f2b0) 
thrown [s\src\hotspot\share\prims\jni.cpp, line 537]
Event: 86.728 Thread 0x00000189072626c0 Exception <a 'java/lang/IncompatibleClassChangeError'{0x00000007037f9618}: Found class java.lang.Object, but interface was expected> (0x00000007037f9618) 
thrown [s\src\hotspot\share\interpreter\linkResolver.cpp, line 851]
Event: 86.744 Thread 0x00000189072626c0 Exception <a 'sun/nio/fs/WindowsException'{0x000000070341fb18}> (0x000000070341fb18) 
thrown [s\src\hotspot\share\prims\jni.cpp, line 537]
Event: 86.754 Thread 0x00000189072626c0 Exception <a 'sun/nio/fs/WindowsException'{0x0000000703437d68}> (0x0000000703437d68) 
thrown [s\src\hotspot\share\prims\jni.cpp, line 537]
Event: 86.766 Thread 0x00000189072626c0 Exception <a 'sun/nio/fs/WindowsException'{0x00000007034392f0}> (0x00000007034392f0) 
thrown [s\src\hotspot\share\prims\jni.cpp, line 537]
Event: 86.804 Thread 0x00000189072626c0 Exception <a 'sun/nio/fs/WindowsException'{0x000000070343a838}> (0x000000070343a838) 
thrown [s\src\hotspot\share\prims\jni.cpp, line 537]
Event: 86.817 Thread 0x00000189072626c0 Exception <a 'sun/nio/fs/WindowsException'{0x000000070343bda0}> (0x000000070343bda0) 
thrown [s\src\hotspot\share\prims\jni.cpp, line 537]
Event: 86.822 Thread 0x00000189072626c0 Exception <a 'java/lang/NoSuchMethodError'{0x000000070344c5b8}: 'java.lang.Object java.lang.invoke.Invokers$Holder.invoker(java.lang.Object, java.lang.Object, java.lang.Object, java.lang.Object, java.lang.Object, java.lang.Object)'> (0x000000070344c5b8) 
thrown [s\src\hotspot\share\interpreter\linkResolver.cpp, line 784]
Event: 86.861 Thread 0x00000189072626c0 Exception <a 'java/lang/NoSuchMethodError'{0x0000000703513e18}: 'java.lang.Object java.lang.invoke.Invokers$Holder.invoker(java.lang.Object, java.lang.Object, java.lang.Object, java.lang.Object, java.lang.Object, java.lang.Object, java.lang.Object, java.lang.Object, java.lang.Object, java.lang.Object, java.lang.Object, java.lang.Object, java.lang.Object, java.lang.Object, java.lang.Object, java.lang.Object, java.lang.Object, java.lang.Object, java.lang.Object, java.lang.Object, java.lang.Object, java.lang.
Event: 86.862 Thread 0x00000189072626c0 Exception <a 'java/lang/NoSuchMethodError'{0x000000070351a730}: 'java.lang.Object java.lang.invoke.DelegatingMethodHandle$Holder.delegate(java.lang.Object, java.lang.Object, java.lang.Object, java.lang.Object, java.lang.Object, java.lang.Object, java.lang.Object, java.lang.Object, java.lang.Object, java.lang.Object, java.lang.Object, java.lang.Object, java.lang.Object, java.lang.Object, java.lang.Object, java.lang.Object, java.lang.Object, java.lang.Object, java.lang.Object, java.lang.Object, java.lang.Obj
Event: 87.269 Thread 0x00000189072626c0 Exception <a 'sun/nio/fs/WindowsException'{0x0000000704c0b398}> (0x0000000704c0b398) 
thrown [s\src\hotspot\share\prims\jni.cpp, line 537]
Event: 87.272 Thread 0x00000189072626c0 Exception <a 'sun/nio/fs/WindowsException'{0x0000000704c13b30}> (0x0000000704c13b30) 
thrown [s\src\hotspot\share\prims\jni.cpp, line 537]
Event: 87.293 Thread 0x00000189072626c0 Exception <a 'sun/nio/fs/WindowsException'{0x0000000704cf9508}> (0x0000000704cf9508) 
thrown [s\src\hotspot\share\prims\jni.cpp, line 537]
Event: 87.296 Thread 0x00000189072626c0 Exception <a 'sun/nio/fs/WindowsException'{0x0000000704cfaf00}> (0x0000000704cfaf00) 
thrown [s\src\hotspot\share\prims\jni.cpp, line 537]
Event: 87.298 Thread 0x00000189072626c0 Exception <a 'sun/nio/fs/WindowsException'{0x0000000704cfc580}> (0x0000000704cfc580) 
thrown [s\src\hotspot\share\prims\jni.cpp, line 537]
Event: 87.355 Thread 0x00000189072626c0 Implicit null exception at 0x000001897350b676 to 0x000001897350c1e0
Event: 96.095 Thread 0x00000189070a5ab0 Exception <a 'sun/nio/fs/WindowsException'{0x0000000705d057c8}> (0x0000000705d057c8) 
thrown [s\src\hotspot\share\prims\jni.cpp, line 537]
Event: 96.115 Thread 0x00000189070a5ab0 Exception <a 'sun/nio/fs/WindowsException'{0x0000000705208ab0}> (0x0000000705208ab0) 
thrown [s\src\hotspot\share\prims\jni.cpp, line 537]

ZGC Phase Switch (0 events):
No events

VM Operations (20 events):
Event: 96.636 Executing VM operation: G1CollectForAllocation (G1 Evacuation Pause) done
Event: 96.925 Executing VM operation: G1CollectForAllocation (G1 Evacuation Pause)
Event: 96.929 Executing VM operation: G1CollectForAllocation (G1 Evacuation Pause) done
Event: 97.085 Executing VM operation: G1CollectForAllocation (G1 Evacuation Pause)
Event: 97.089 Executing VM operation: G1CollectForAllocation (G1 Evacuation Pause) done
Event: 97.280 Executing VM operation: G1CollectForAllocation (G1 Evacuation Pause)
Event: 97.284 Executing VM operation: G1CollectForAllocation (G1 Evacuation Pause) done
Event: 97.465 Executing VM operation: G1CollectForAllocation (G1 Evacuation Pause)
Event: 97.469 Executing VM operation: G1CollectForAllocation (G1 Evacuation Pause) done
Event: 97.645 Executing VM operation: G1CollectForAllocation (G1 Evacuation Pause)
Event: 97.649 Executing VM operation: G1CollectForAllocation (G1 Evacuation Pause) done
Event: 97.814 Executing VM operation: G1CollectForAllocation (G1 Evacuation Pause)
Event: 97.818 Executing VM operation: G1CollectForAllocation (G1 Evacuation Pause) done
Event: 98.107 Executing VM operation: G1CollectForAllocation (G1 Evacuation Pause)
Event: 98.112 Executing VM operation: G1CollectForAllocation (G1 Evacuation Pause) done
Event: 98.498 Executing VM operation: G1CollectForAllocation (G1 Evacuation Pause)
Event: 98.503 Executing VM operation: G1CollectForAllocation (G1 Evacuation Pause) done
Event: 98.905 Executing VM operation: G1CollectForAllocation (G1 Evacuation Pause)
Event: 98.910 Executing VM operation: G1CollectForAllocation (G1 Evacuation Pause) done
Event: 99.317 Executing VM operation: G1CollectForAllocation (G1 Evacuation Pause)

Memory protections (0 events):
No events

Nmethod flushes (20 events):
Event: 85.069 Thread 0x000001890299a6a0 flushing  nmethod 0x000001897369a890
Event: 85.069 Thread 0x000001890299a6a0 flushing  nmethod 0x000001897369c690
Event: 85.069 Thread 0x000001890299a6a0 flushing  nmethod 0x000001896b9db890
Event: 85.069 Thread 0x000001890299a6a0 flushing  nmethod 0x000001896b9dd910
Event: 85.069 Thread 0x000001890299a6a0 flushing  nmethod 0x000001896ba58710
Event: 85.069 Thread 0x000001890299a6a0 flushing  nmethod 0x000001896ba59810
Event: 85.069 Thread 0x000001890299a6a0 flushing  nmethod 0x000001896badee90
Event: 85.069 Thread 0x000001890299a6a0 flushing  nmethod 0x000001896bb4e810
Event: 85.069 Thread 0x000001890299a6a0 flushing  nmethod 0x00000189734ee190
Event: 85.069 Thread 0x000001890299a6a0 flushing  nmethod 0x000001897355dc90
Event: 85.069 Thread 0x000001890299a6a0 flushing  nmethod 0x00000189735d7390
Event: 85.069 Thread 0x000001890299a6a0 flushing  nmethod 0x00000189735d8a90
Event: 85.069 Thread 0x000001890299a6a0 flushing  nmethod 0x00000189735da910
Event: 85.069 Thread 0x000001890299a6a0 flushing  nmethod 0x000001896bb5dd90
Event: 85.069 Thread 0x000001890299a6a0 flushing  nmethod 0x000001896bb61d10
Event: 85.069 Thread 0x000001890299a6a0 flushing  nmethod 0x000001896bb74c10
Event: 85.069 Thread 0x000001890299a6a0 flushing  nmethod 0x000001896beb3d10
Event: 85.069 Thread 0x000001890299a6a0 flushing  nmethod 0x000001896beba710
Event: 85.069 Thread 0x000001890299a6a0 flushing  nmethod 0x000001896bf34110
Event: 85.069 Thread 0x000001890299a6a0 flushing  nmethod 0x000001896bf37f90

Events (20 events):
Event: 85.738 Thread 0x0000018902a1d4d0 Thread added: 0x000001890a833560
Event: 85.738 Thread 0x00000189072626c0 Thread added: 0x000001890a1753e0
Event: 85.847 Thread 0x00000189072626c0 Thread added: 0x000001890a176790
Event: 85.849 Thread 0x00000189072626c0 Thread added: 0x000001890a176e20
Event: 85.850 Thread 0x00000189072626c0 Thread added: 0x000001890a174d50
Event: 85.851 Thread 0x00000189072626c0 Thread added: 0x000001890a175a70
Event: 85.853 Thread 0x00000189072626c0 Thread added: 0x000001890a1739a0
Event: 85.854 Thread 0x00000189072626c0 Thread added: 0x000001890a178ef0
Event: 85.855 Thread 0x00000189072626c0 Thread added: 0x000001890a179c10
Event: 86.149 Thread 0x00000189072626c0 Thread added: 0x000001890a178860
Event: 86.306 Thread 0x00000189072626c0 Thread added: 0x000001890a179580
Event: 86.420 Thread 0x00000189072626c0 Thread added: 0x000001890a17a2a0
Event: 86.421 Thread 0x00000189072626c0 Thread added: 0x000001890a1781d0
Event: 86.423 Thread 0x00000189072626c0 Thread added: 0x000001890a17a930
Event: 86.424 Thread 0x00000189072626c0 Thread added: 0x000001890a1774b0
Event: 86.425 Thread 0x00000189072626c0 Thread added: 0x000001890a17afc0
Event: 86.426 Thread 0x00000189072626c0 Thread added: 0x000001890a177b40
Event: 86.427 Thread 0x00000189072626c0 Thread added: 0x000001890b14c530
Event: 86.529 Thread 0x00000189072626c0 Thread added: 0x000001890b14bea0
Event: 86.555 Thread 0x000001890a833560 Thread exited: 0x000001890a833560


Dynamic libraries:
0x00007ff6e8400000 - 0x00007ff6e840a000 	D:\Android Studio\jbr\bin\java.exe
0x00007ff904d20000 - 0x00007ff904f87000 	C:\WINDOWS\SYSTEM32\ntdll.dll
0x00007ff902ab0000 - 0x00007ff902b79000 	C:\WINDOWS\System32\KERNEL32.DLL
0x00007ff9015f0000 - 0x00007ff9019e4000 	C:\WINDOWS\System32\KERNELBASE.dll
0x00007ff902730000 - 0x00007ff90287b000 	C:\WINDOWS\System32\ucrtbase.dll
0x00007ff8ec6e0000 - 0x00007ff8ec6f8000 	D:\Android Studio\jbr\bin\jli.dll
0x00007ff8f30d0000 - 0x00007ff8f30eb000 	D:\Android Studio\jbr\bin\VCRUNTIME140.dll
0x00007ff902c10000 - 0x00007ff902dd5000 	C:\WINDOWS\System32\USER32.dll
0x00007ff902880000 - 0x00007ff9028a7000 	C:\WINDOWS\System32\win32u.dll
0x00007ff9044c0000 - 0x00007ff9044eb000 	C:\WINDOWS\System32\GDI32.dll
0x00007ff902260000 - 0x00007ff90238b000 	C:\WINDOWS\System32\gdi32full.dll
0x00007ff902940000 - 0x00007ff9029e3000 	C:\WINDOWS\System32\msvcp_win.dll
0x00007ff8eebd0000 - 0x00007ff8eee63000 	C:\WINDOWS\WinSxS\amd64_microsoft.windows.common-controls_6595b64144ccf1df_6.0.26100.8115_none_3e075c82e3354f9c\COMCTL32.dll
0x00007ff903b10000 - 0x00007ff903bb9000 	C:\WINDOWS\System32\msvcrt.dll
0x00007ff903930000 - 0x00007ff903962000 	C:\WINDOWS\System32\IMM32.DLL
0x0000000055cb0000 - 0x0000000055cbc000 	C:\Program Files (x86)\360\Total Security\safemon\SafeWrapper.dll
0x00007ff903870000 - 0x00007ff903926000 	C:\WINDOWS\System32\ADVAPI32.dll
0x00007ff904610000 - 0x00007ff9046b7000 	C:\WINDOWS\System32\sechost.dll
0x00007ff9044f0000 - 0x00007ff904608000 	C:\WINDOWS\System32\RPCRT4.dll
0x00007ff89b560000 - 0x00007ff89b60c000 	C:\Program Files (x86)\360\Total Security\safemon\libzdtp64.dll
0x00007ff902f20000 - 0x00007ff903687000 	C:\WINDOWS\System32\SHELL32.dll
0x00007ff902390000 - 0x00007ff9024fa000 	C:\WINDOWS\System32\wintypes.dll
0x00007ff904950000 - 0x00007ff904cd2000 	C:\WINDOWS\System32\combase.dll
0x00007ff9043f0000 - 0x00007ff904456000 	C:\WINDOWS\System32\SHLWAPI.dll
0x00007ff9019f0000 - 0x00007ff902258000 	C:\WINDOWS\System32\Windows.Storage.dll
0x00007ff9010d0000 - 0x00007ff9010db000 	C:\WINDOWS\SYSTEM32\VERSION.dll
0x00007ff8f59e0000 - 0x00007ff8f59ec000 	D:\Android Studio\jbr\bin\vcruntime140_1.dll
0x00007ff89bde0000 - 0x00007ff89be6d000 	D:\Android Studio\jbr\bin\msvcp140.dll
0x00007ff845970000 - 0x00007ff846606000 	D:\Android Studio\jbr\bin\server\jvm.dll
0x00007ff9048a0000 - 0x00007ff904920000 	C:\WINDOWS\System32\WS2_32.dll
0x00007ff8f8ba0000 - 0x00007ff8f8bd6000 	C:\WINDOWS\SYSTEM32\WINMM.dll
0x00007ff901450000 - 0x00007ff9014ae000 	C:\WINDOWS\SYSTEM32\POWRPROF.dll
0x00007ff901430000 - 0x00007ff901444000 	C:\WINDOWS\SYSTEM32\UMPDC.dll
0x00007ff900310000 - 0x00007ff90032b000 	C:\WINDOWS\SYSTEM32\kernel.appcore.dll
0x00007ff8f2c30000 - 0x00007ff8f2c3a000 	D:\Android Studio\jbr\bin\jimage.dll
0x00007ff8f4360000 - 0x00007ff8f45a2000 	C:\WINDOWS\SYSTEM32\DBGHELP.DLL
0x00007ff904210000 - 0x00007ff9042e8000 	C:\WINDOWS\System32\OLEAUT32.dll
0x00007ff8f08b0000 - 0x00007ff8f08eb000 	C:\WINDOWS\SYSTEM32\dbgcore.DLL
0x00007ff902500000 - 0x00007ff9025a5000 	C:\WINDOWS\System32\bcryptPrimitives.dll
0x00007ff8e81f0000 - 0x00007ff8e81fe000 	D:\Android Studio\jbr\bin\instrument.dll
0x00007ff8e29e0000 - 0x00007ff8e2a00000 	D:\Android Studio\jbr\bin\java.dll
0x00007ff8d7a80000 - 0x00007ff8d7a98000 	D:\Android Studio\jbr\bin\zip.dll
0x00007ff903770000 - 0x00007ff903868000 	C:\WINDOWS\System32\SHCORE.dll
0x00007ff901510000 - 0x00007ff901539000 	C:\WINDOWS\SYSTEM32\profapi.dll
0x00007ff8e6340000 - 0x00007ff8e6350000 	D:\Android Studio\jbr\bin\net.dll
0x00007ff8f83d0000 - 0x00007ff8f84fd000 	C:\WINDOWS\SYSTEM32\WINHTTP.dll
0x00007ff900880000 - 0x00007ff9008ec000 	C:\WINDOWS\system32\mswsock.dll
0x00007ff8d79d0000 - 0x00007ff8d79e6000 	D:\Android Studio\jbr\bin\nio.dll
0x00007ff8e2850000 - 0x00007ff8e2860000 	D:\Android Studio\jbr\bin\verify.dll
0x00007ff8de740000 - 0x00007ff8de767000 	C:\Users\LENOVO\.gradle\native\c067742578af261105cb4f569cf0c3c89f3d7b1fecec35dd04571415982c5e48\windows-amd64\native-platform.dll
0x00007ff8ab180000 - 0x00007ff8ab2c4000 	C:\Users\LENOVO\.gradle\native\100fb08df4bc3b14c8652ba06237920a3bd2aa13389f12d3474272988ae205f9\windows-amd64\native-platform-file-events.dll
0x00007ff8d98d0000 - 0x00007ff8d98d9000 	D:\Android Studio\jbr\bin\management.dll
0x00007ff8d7a70000 - 0x00007ff8d7a7b000 	D:\Android Studio\jbr\bin\management_ext.dll
0x00007ff903bc0000 - 0x00007ff903bc8000 	C:\WINDOWS\System32\PSAPI.DLL
0x00007ff900b60000 - 0x00007ff900b7b000 	C:\WINDOWS\SYSTEM32\CRYPTSP.dll
0x00007ff900270000 - 0x00007ff9002a9000 	C:\WINDOWS\system32\rsaenh.dll
0x00007ff900930000 - 0x00007ff900963000 	C:\WINDOWS\SYSTEM32\USERENV.dll
0x00007ff9014e0000 - 0x00007ff90150a000 	C:\WINDOWS\SYSTEM32\bcrypt.dll
0x00007ff900b80000 - 0x00007ff900b8c000 	C:\WINDOWS\SYSTEM32\CRYPTBASE.dll
0x00007ff8ffcf0000 - 0x00007ff8ffd22000 	C:\WINDOWS\SYSTEM32\IPHLPAPI.DLL
0x00007ff903760000 - 0x00007ff90376a000 	C:\WINDOWS\System32\NSI.dll
0x00007ff8e2310000 - 0x00007ff8e2319000 	D:\Android Studio\jbr\bin\extnet.dll
0x00007ff897c70000 - 0x00007ff897c78000 	C:\WINDOWS\system32\wshunix.dll

JVMTI agents:
C:\Users\LENOVO\.gradle\wrapper\dists\gradle-8.11.1-bin\bpt9gzteqjrbo1mjrsomdt32c\gradle-8.11.1\lib\agents\gradle-instrumentation-agent-8.11.1.jar path:D:\Android Studio\jbr\bin\instrument.dll, loaded, initialized, instrumentlib options:none

dbghelp: loaded successfully - version: 4.0.5 - missing functions: none
symbol engine: initialized successfully - sym options: 0x614 - pdb path: .;D:\Android Studio\jbr\bin;C:\WINDOWS\SYSTEM32;C:\WINDOWS\WinSxS\amd64_microsoft.windows.common-controls_6595b64144ccf1df_6.0.26100.8115_none_3e075c82e3354f9c;C:\Program Files (x86)\360\Total Security\safemon;D:\Android Studio\jbr\bin\server;C:\Users\LENOVO\.gradle\native\c067742578af261105cb4f569cf0c3c89f3d7b1fecec35dd04571415982c5e48\windows-amd64;C:\Users\LENOVO\.gradle\native\100fb08df4bc3b14c8652ba06237920a3bd2aa13389f12d3474272988ae205f9\windows-amd64

VM Arguments:
jvm_args: --add-opens=java.base/java.lang=ALL-UNNAMED --add-opens=java.base/java.lang.invoke=ALL-UNNAMED --add-opens=java.base/java.util=ALL-UNNAMED --add-opens=java.prefs/java.util.prefs=ALL-UNNAMED --add-exports=jdk.compiler/com.sun.tools.javac.api=ALL-UNNAMED --add-exports=jdk.compiler/com.sun.tools.javac.util=ALL-UNNAMED --add-opens=java.base/java.util=ALL-UNNAMED --add-opens=java.prefs/java.util.prefs=ALL-UNNAMED --add-opens=java.base/java.nio.charset=ALL-UNNAMED --add-opens=java.base/java.net=ALL-UNNAMED --add-opens=java.base/java.util.concurrent.atomic=ALL-UNNAMED --add-opens=java.xml/javax.xml.namespace=ALL-UNNAMED -Xmx4096M -Dfile.encoding=UTF-8 -Duser.country=ID -Duser.language=en -Duser.variant -javaagent:C:\Users\LENOVO\.gradle\wrapper\dists\gradle-8.11.1-bin\bpt9gzteqjrbo1mjrsomdt32c\gradle-8.11.1\lib\agents\gradle-instrumentation-agent-8.11.1.jar 
java_command: org.gradle.launcher.daemon.bootstrap.GradleDaemon 8.11.1
java_class_path (initial): C:\Users\LENOVO\.gradle\wrapper\dists\gradle-8.11.1-bin\bpt9gzteqjrbo1mjrsomdt32c\gradle-8.11.1\lib\gradle-daemon-main-8.11.1.jar
Launcher Type: SUN_STANDARD

[Global flags]
     intx CICompilerCount                          = 4                                         {product} {ergonomic}
     uint ConcGCThreads                            = 2                                         {product} {ergonomic}
     uint G1ConcRefinementThreads                  = 8                                         {product} {ergonomic}
   size_t G1HeapRegionSize                         = 2097152                                   {product} {ergonomic}
    uintx GCDrainStackTargetSize                   = 64                                        {product} {ergonomic}
   size_t InitialHeapSize                          = 96468992                                  {product} {ergonomic}
   size_t MarkStackSize                            = 4194304                                   {product} {ergonomic}
   size_t MaxHeapSize                              = 4294967296                                {product} {command line}
   size_t MaxNewSize                               = 2575302656                                {product} {ergonomic}
   size_t MinHeapDeltaBytes                        = 2097152                                   {product} {ergonomic}
   size_t MinHeapSize                              = 8388608                                   {product} {ergonomic}
    uintx NonNMethodCodeHeapSize                   = 5839372                                {pd product} {ergonomic}
    uintx NonProfiledCodeHeapSize                  = 122909434                              {pd product} {ergonomic}
    uintx ProfiledCodeHeapSize                     = 122909434                              {pd product} {ergonomic}
    uintx ReservedCodeCacheSize                    = 251658240                              {pd product} {ergonomic}
     bool SegmentedCodeCache                       = true                                      {product} {ergonomic}
   size_t SoftMaxHeapSize                          = 4294967296                             {manageable} {ergonomic}
     bool UseCompressedOops                        = true                           {product lp64_product} {ergonomic}
     bool UseG1GC                                  = true                                      {product} {ergonomic}
     bool UseLargePagesIndividualAllocation        = false                                  {pd product} {ergonomic}

Logging:
Log output configuration:
 #0: stdout all=warning uptime,level,tags foldmultilines=false
 #1: stderr all=off uptime,level,tags foldmultilines=false

Release file:
JAVA_VERSION="21.0.9" 
MODULES="java.base java.compiler java.datatransfer java.xml java.prefs java.desktop java.instrument java.logging java.management java.security.sasl java.naming java.rmi java.management.rmi java.net.http java.scripting java.security.jgss java.transaction.xa java.sql java.sql.rowset java.xml.crypto java.se java.smartcardio jdk.accessibility jdk.internal.jvmstat jdk.attach jdk.charsets jdk.internal.opt jdk.zipfs jdk.compiler jdk.crypto.ec jdk.crypto.cryptoki jdk.dynalink jdk.hotspot.agent jdk.httpserver jdk.internal.ed jdk.internal.le jdk.internal.vm.ci jdk.jartool jdk.javadoc jdk.jcmd jdk.jdeps jdk.jdwp.agent jdk.jdi jdk.jfr jdk.jlink jdk.jsobject jdk.localedata jdk.management jdk.management.agent jdk.management.jfr jdk.naming.dns jdk.naming.rmi jdk.net jdk.sctp jdk.security.auth jdk.security.jgss jdk.unsupported jdk.unsupported.desktop jdk.xml.dom" 
IMPLEMENTOR="JetBrains s.r.o." 
JAVA_RUNTIME_VERSION="21.0.9+-14649483-b1163.86" 
LIBC="default" 
OS_ARCH="x86_64" 
OS_NAME="Windows" 
SOURCE=".:git:554d0c326095" 

Environment Variables:
PATH=C:\WINDOWS\system32;C:\WINDOWS;C:\WINDOWS\System32\Wbem;C:\WINDOWS\System32\WindowsPowerShell\v1.0\;C:\WINDOWS\System32\OpenSSH\;C:\Users\LENOVO\Downloads\php-8.4.13-nts-Win32-vs17-x64;C:\composer;C:\php-8.4.13;C:\Program Files\nodejs\;D:\Git\cmd;C:\Program Files\PostgreSQL\18\bin;C:\Users\LENOVO\AppData\Local\Microsoft\WindowsApps;C:\Users\LENOVO\AppData\Local\Programs\Microsoft VS Code\bin;C:\Users\LENOVO\AppData\Roaming\Composer\vendor\bin;C:\Users\LENOVO\AppData\Roaming\npm;C:\Program Files\PostgreSQL\18\bin;
USERNAME=LENOVO
OS=Windows_NT
PROCESSOR_IDENTIFIER=AMD64 Family 23 Model 160 Stepping 0, AuthenticAMD
TMP=C:\Users\LENOVO\AppData\Local\Temp
TEMP=C:\Users\LENOVO\AppData\Local\Temp




Periodic native trim disabled

JNI global refs:
JNI global refs: 26, weak refs: 30

JNI global refs memory usage: 835, weak refs: 833

Process memory usage:
Resident Set Size: 243232K (4% of 6018300K total physical memory with 553292K free physical memory)

OOME stack traces (most recent first):
Classloader memory used:
Loader org.gradle.internal.classloader.VisitableURLClassLoader                         : 30047K
Loader bootstrap                                                                       : 23663K
Loader org.gradle.initialization.MixInLegacyTypesClassLoader                           : 8599K
Loader jdk.internal.loader.ClassLoaders$PlatformClassLoader                            : 500K
Loader jdk.internal.loader.ClassLoaders$AppClassLoader                                 : 234K
Loader org.gradle.groovy.scripts.internal.DefaultScriptCompilationHandler$ScriptClassLoader: 122K
Loader org.gradle.internal.classloader.VisitableURLClassLoader$InstrumentingVisitableURLClassLoader: 16256B
Loader org.codehaus.groovy.runtime.callsite.CallSiteClassLoader                        : 13968B
Loader jdk.internal.reflect.DelegatingClassLoader                                      : 10344B

Classes loaded by more than one classloader:
Class org.gradle.internal.classloader.FilteringClassLoader                            : loaded 2 times (x 105B)
Class org.gradle.internal.classloader.ClassLoaderHierarchy                            : loaded 2 times (x 70B)
Class ijKotlinCoroutineJvmDebugInit1_a7st5spn14idh9pi9uyiatum9$_run_closure1          : loaded 2 times (x 139B)
Class org.gradle.api.internal.classpath.ManifestUtil                                  : loaded 2 times (x 71B)
Class org.gradle.internal.classloader.DefaultClassLoaderFactory                       : loaded 2 times (x 82B)
Class org.gradle.internal.classloader.ClassLoaderVisitor                              : loaded 2 times (x 76B)
Class org.gradle.api.internal.classpath.EffectiveClassPath                            : loaded 2 times (x 90B)
Class org.gradle.api.internal.DefaultClassPathProvider                                : loaded 2 times (x 76B)
Class [Lorg.gradle.api.internal.ClassPathProvider;                                    : loaded 2 times (x 69B)
Class org.gradle.api.internal.ClassPathProvider                                       : loaded 2 times (x 70B)
Class org.gradle.internal.service.UnknownServiceException                             : loaded 2 times (x 83B)
Class ijJvmDebugger1_38mkwnzutsk9yqchhvz9ywkb                                         : loaded 2 times (x 179B)
Class org.gradle.internal.classpath.TransformedClassPath                              : loaded 2 times (x 96B)
Class org.gradle.internal.classloader.InstrumentingClassLoader                        : loaded 2 times (x 70B)
Class org.gradle.internal.service.ServiceLocator                                      : loaded 2 times (x 70B)
Class org.gradle.internal.InternalTransformer                                         : loaded 2 times (x 70B)
Class org.gradle.internal.classloader.ClasspathUtil$1                                 : loaded 2 times (x 76B)
Class org.gradle.api.internal.classpath.DefaultModuleRegistry$DefaultModule           : loaded 2 times (x 86B)
Class org.gradle.api.internal.classpath.Module                                        : loaded 2 times (x 70B)
Class org.gradle.api.internal.classpath.UnknownModuleException                        : loaded 2 times (x 82B)
Class ijJvmDebugger1_38mkwnzutsk9yqchhvz9ywkb$_run_closure1                           : loaded 2 times (x 139B)
Class org.gradle.api.internal.DefaultClassPathRegistry                                : loaded 2 times (x 76B)
Class org.gradle.api.internal.ClassPathRegistry                                       : loaded 2 times (x 70B)
Class org.gradle.internal.classpath.DefaultClassPath$ImmutableUniqueList              : loaded 2 times (x 199B)
Class org.gradle.internal.classpath.ClassPath                                         : loaded 2 times (x 70B)
Class org.gradle.api.UncheckedIOException                                             : loaded 2 times (x 82B)
Class org.gradle.internal.installation.GradleInstallation$1                           : loaded 2 times (x 75B)
Class org.gradle.api.internal.classpath.ModuleRegistry                                : loaded 2 times (x 70B)
Class org.gradle.api.internal.classpath.DefaultModuleRegistry                         : loaded 2 times (x 86B)
Class org.gradle.internal.service.ServiceLookupException                              : loaded 2 times (x 82B)
Class org.gradle.internal.classloader.ClassLoaderFactory                              : loaded 2 times (x 70B)
Class org.gradle.internal.service.CachingServiceLocator                               : loaded 2 times (x 82B)
Class org.gradle.internal.classloader.ClasspathUtil                                   : loaded 2 times (x 71B)
Class org.gradle.api.specs.Spec                                                       : loaded 2 times (x 70B)
Class org.gradle.internal.classloader.VisitableURLClassLoader$InstrumentingVisitableURLClassLoader: loaded 2 times (x 123B)
Class org.gradle.internal.classloader.VisitableURLClassLoader$Spec                    : loaded 2 times (x 74B)
Class org.gradle.internal.classpath.DefaultClassPath                                  : loaded 2 times (x 90B)
Class org.gradle.internal.classloader.ClassLoaderSpec                                 : loaded 2 times (x 71B)
Class org.gradle.internal.classloader.VisitableURLClassLoader                         : loaded 2 times (x 117B)
Class org.gradle.internal.Cast                                                        : loaded 2 times (x 71B)
Class org.gradle.api.Action                                                           : loaded 2 times (x 70B)
Class org.gradle.internal.classpath.DefaultClassPath$ImmutableUniqueList$Builder      : loaded 2 times (x 75B)
Class org.gradle.api.GradleException                                                  : loaded 2 times (x 82B)
Class org.gradle.internal.IoActions                                                   : loaded 2 times (x 71B)
Class org.gradle.internal.classloader.SystemClassLoaderSpec                           : loaded 2 times (x 71B)
Class ijKotlinCoroutineJvmDebugInit1_a7st5spn14idh9pi9uyiatum9                        : loaded 2 times (x 179B)
Class org.gradle.api.internal.classpath.GlobalCacheRootsProvider                      : loaded 2 times (x 70B)
Class org.gradle.internal.installation.CurrentGradleInstallationLocator               : loaded 2 times (x 71B)
Class org.gradle.internal.service.DefaultServiceLocator                               : loaded 2 times (x 83B)
Class org.gradle.internal.installation.CurrentGradleInstallation                      : loaded 2 times (x 73B)
Class org.gradle.util.internal.GUtil                                                  : loaded 2 times (x 71B)
Class org.gradle.internal.installation.GradleInstallation                             : loaded 2 times (x 75B)

---------------  S Y S T E M  ---------------

OS:
 Windows 11 , 64 bit Build 26100 (10.0.26100.8246)
OS uptime: 0 days 4:10 hours
Hyper-V role detected

CPU: total 8 (initial active 8) (8 cores per cpu, 2 threads per core) family 23 model 160 stepping 0 microcode 0x8a00006, cx8, cmov, fxsr, ht, mmx, 3dnowpref, sse, sse2, sse3, ssse3, sse4a, sse4.1, sse4.2, popcnt, lzcnt, tsc, tscinvbit, avx, avx2, aes, clmul, bmi1, bmi2, adx, sha, fma, vzeroupper, clflush, clflushopt, hv, rdtscp, rdpid, f16c
Processor Information for the first 8 processors :
  Max Mhz: 2801, Current Mhz: 2801, Mhz Limit: 2801

Memory: 4k page, system-wide physical 5877M (529M free)
TotalPageFile size 24309M (AvailPageFile size 37M)
current process WorkingSet (physical memory assigned to process): 251M, peak: 262M
current process commit charge ("private bytes"): 424M, peak: 467M

vm_info: OpenJDK 64-Bit Server VM (21.0.9+-14649483-b1163.86) for windows-amd64 JRE (21.0.9+-14649483-b1163.86), built on 2025-12-30T22:08:35Z by "builder" with MS VC++ 16.10 / 16.11 (VS2019)

END.
