#
# There is insufficient memory for the Java Runtime Environment to continue.
# Native memory allocation (malloc) failed to allocate 2130096 bytes. Error detail: Chunk::new
# Possible reasons:
#   The system is out of physical RAM or swap space
#   This process is running with CompressedOops enabled, and the Java Heap may be blocking the growth of the native heap
# Possible solutions:
#   Reduce memory load on the system
#   Increase physical memory or swap space
#   Check if swap backing store is full
#   Decrease Java heap size (-Xmx/-Xms)
#   Decrease number of Java threads
#   Decrease Java thread stack sizes (-Xss)
#   Set larger code cache with -XX:ReservedCodeCacheSize=
#   JVM is running with Zero Based Compressed Oops mode in which the Java heap is
#     placed in the first 32GB address space. The Java Heap base address is the
#     maximum limit for the native heap growth. Please use -XX:HeapBaseMinAddress
#     to set the Java Heap base and to place the Java Heap above 32GB virtual address.
# This output file may be truncated or incomplete.
#
#  Out of Memory Error (arena.cpp:168), pid=16920, tid=26596
#
# JRE version: OpenJDK Runtime Environment (21.0.9) (build 21.0.9+-14649483-b1163.86)
# Java VM: OpenJDK 64-Bit Server VM (21.0.9+-14649483-b1163.86, mixed mode, tiered, compressed oops, compressed class ptrs, g1 gc, windows-amd64)
# No core dump will be written. Minidumps are not enabled by default on client versions of Windows
#

---------------  S U M M A R Y ------------

Command Line: --add-opens=java.base/java.lang=ALL-UNNAMED --add-opens=java.base/java.lang.invoke=ALL-UNNAMED --add-opens=java.base/java.util=ALL-UNNAMED --add-opens=java.prefs/java.util.prefs=ALL-UNNAMED --add-exports=jdk.compiler/com.sun.tools.javac.api=ALL-UNNAMED --add-exports=jdk.compiler/com.sun.tools.javac.util=ALL-UNNAMED --add-opens=java.base/java.util=ALL-UNNAMED --add-opens=java.prefs/java.util.prefs=ALL-UNNAMED --add-opens=java.base/java.nio.charset=ALL-UNNAMED --add-opens=java.base/java.net=ALL-UNNAMED --add-opens=java.base/java.util.concurrent.atomic=ALL-UNNAMED --add-opens=java.xml/javax.xml.namespace=ALL-UNNAMED -Xmx4096M -Dfile.encoding=UTF-8 -Duser.country=ID -Duser.language=en -Duser.variant -javaagent:C:\Users\LENOVO\.gradle\wrapper\dists\gradle-8.11.1-bin\bpt9gzteqjrbo1mjrsomdt32c\gradle-8.11.1\lib\agents\gradle-instrumentation-agent-8.11.1.jar org.gradle.launcher.daemon.bootstrap.GradleDaemon 8.11.1

Host: AMD Ryzen 5 7520U with Radeon Graphics         , 8 cores, 5G,  Windows 11 , 64 bit Build 26100 (10.0.26100.8246)
Time: Fri May  1 17:40:00 2026 SE Asia Standard Time elapsed time: 30.948881 seconds (0d 0h 0m 30s)

---------------  T H R E A D  ---------------

Current thread (0x0000020976905190):  JavaThread "C2 CompilerThread0" daemon [_thread_in_native, id=26596, stack(0x000000a231d00000,0x000000a231e00000) (1024K)]


Current CompileTask:
C2:30949 5231   !   4       java.net.URLClassLoader::findClass (47 bytes)

Stack: [0x000000a231d00000,0x000000a231e00000]
Native frames: (J=compiled Java code, j=interpreted, Vv=VM code, C=native code)
V  [jvm.dll+0x6d6c99]
V  [jvm.dll+0x866b83]
V  [jvm.dll+0x86919e]
V  [jvm.dll+0x869883]
V  [jvm.dll+0x280776]
V  [jvm.dll+0xc07cd]
V  [jvm.dll+0xc0d03]
V  [jvm.dll+0x3b9831]
V  [jvm.dll+0x3856a7]
V  [jvm.dll+0x384b1a]
V  [jvm.dll+0x249462]
V  [jvm.dll+0x248a31]
V  [jvm.dll+0x1c7344]
V  [jvm.dll+0x2581ae]
V  [jvm.dll+0x2566f6]
V  [jvm.dll+0x3f48a6]
V  [jvm.dll+0x80f118]
V  [jvm.dll+0x6d54ed]
C  [ucrtbase.dll+0x37b0]
C  [KERNEL32.DLL+0x2e8d7]
C  [ntdll.dll+0x8c3fc]


---------------  P R O C E S S  ---------------

Threads class SMR info:
_java_thread_list=0x000002097e318930, length=37, elements={
0x000002095a4f1750, 0x00000209768aae50, 0x00000209768d54a0, 0x00000209768e9130,
0x00000209768fb7c0, 0x00000209768fc220, 0x000002097690dd70, 0x000002097692ebe0,
0x0000020976905190, 0x0000020976933ba0, 0x0000020976bef720, 0x000002097be39d10,
0x000002097bd324a0, 0x000002097c0c9040, 0x000002097cf653b0, 0x000002097c3967c0,
0x000002097cecd070, 0x0000020976c6c750, 0x0000020976c6db00, 0x0000020976c6cde0,
0x0000020976c6c0c0, 0x0000020976c6ad10, 0x0000020976c6d470, 0x0000020976c6a680,
0x000002097d8b4780, 0x000002097d8b6ee0, 0x000002097d8b7570, 0x000002097d8b4e10,
0x000002097d8b54a0, 0x000002097d8b5b30, 0x000002097d8b40f0, 0x000002097d8ba9f0,
0x000002097d8b8290, 0x000002097d8b7c00, 0x000002097d8b8fb0, 0x000002097d8b8920,
0x000002097d8b9640
}

Java Threads: ( => current thread )
  0x000002095a4f1750 JavaThread "main"                              [_thread_blocked, id=3932, stack(0x000000a230e00000,0x000000a230f00000) (1024K)]
  0x00000209768aae50 JavaThread "Common-Cleaner"             daemon [_thread_blocked, id=24092, stack(0x000000a231600000,0x000000a231700000) (1024K)]
  0x00000209768d54a0 JavaThread "Reference Handler"          daemon [_thread_blocked, id=26132, stack(0x000000a231700000,0x000000a231800000) (1024K)]
  0x00000209768e9130 JavaThread "Finalizer"                  daemon [_thread_blocked, id=22920, stack(0x000000a231800000,0x000000a231900000) (1024K)]
  0x00000209768fb7c0 JavaThread "Signal Dispatcher"          daemon [_thread_blocked, id=20744, stack(0x000000a231900000,0x000000a231a00000) (1024K)]
  0x00000209768fc220 JavaThread "Attach Listener"            daemon [_thread_blocked, id=24432, stack(0x000000a231a00000,0x000000a231b00000) (1024K)]
  0x000002097690dd70 JavaThread "Service Thread"             daemon [_thread_blocked, id=24108, stack(0x000000a231b00000,0x000000a231c00000) (1024K)]
  0x000002097692ebe0 JavaThread "Monitor Deflation Thread"   daemon [_thread_blocked, id=23240, stack(0x000000a231c00000,0x000000a231d00000) (1024K)]
=>0x0000020976905190 JavaThread "C2 CompilerThread0"         daemon [_thread_in_native, id=26596, stack(0x000000a231d00000,0x000000a231e00000) (1024K)]
  0x0000020976933ba0 JavaThread "C1 CompilerThread0"         daemon [_thread_blocked, id=8212, stack(0x000000a231e00000,0x000000a231f00000) (1024K)]
  0x0000020976bef720 JavaThread "Notification Thread"        daemon [_thread_blocked, id=11644, stack(0x000000a231f00000,0x000000a232000000) (1024K)]
  0x000002097be39d10 JavaThread "Daemon health stats"               [_thread_blocked, id=26292, stack(0x000000a232500000,0x000000a232600000) (1024K)]
  0x000002097bd324a0 JavaThread "Incoming local TCP Connector on port 55680"        [_thread_in_native, id=24224, stack(0x000000a232600000,0x000000a232700000) (1024K)]
  0x000002097c0c9040 JavaThread "Daemon periodic checks"            [_thread_blocked, id=16900, stack(0x000000a232700000,0x000000a232800000) (1024K)]
  0x000002097cf653b0 JavaThread "Daemon"                            [_thread_blocked, id=26480, stack(0x000000a232800000,0x000000a232900000) (1024K)]
  0x000002097c3967c0 JavaThread "Handler for socket connection from /127.0.0.1:55680 to /127.0.0.1:55681"        [_thread_in_native, id=24124, stack(0x000000a232900000,0x000000a232a00000) (1024K)]
  0x000002097cecd070 JavaThread "Cancel handler"                    [_thread_blocked, id=27200, stack(0x000000a232a00000,0x000000a232b00000) (1024K)]
  0x0000020976c6c750 JavaThread "Daemon worker"                     [_thread_in_native, id=24964, stack(0x000000a232b00000,0x000000a232c00000) (1024K)]
  0x0000020976c6db00 JavaThread "Asynchronous log dispatcher for DefaultDaemonConnection: socket connection from /127.0.0.1:55680 to /127.0.0.1:55681"        [_thread_blocked, id=20640, stack(0x000000a232c00000,0x000000a232d00000) (1024K)]
  0x0000020976c6cde0 JavaThread "Stdin handler"                     [_thread_blocked, id=21360, stack(0x000000a232d00000,0x000000a232e00000) (1024K)]
  0x0000020976c6c0c0 JavaThread "Daemon client event forwarder"        [_thread_blocked, id=22112, stack(0x000000a232e00000,0x000000a232f00000) (1024K)]
  0x0000020976c6ad10 JavaThread "Cache worker for journal cache (C:\Users\LENOVO\.gradle\caches\journal-1)"        [_thread_blocked, id=27544, stack(0x000000a233200000,0x000000a233300000) (1024K)]
  0x0000020976c6d470 JavaThread "File lock request listener"        [_thread_in_native, id=10808, stack(0x000000a233300000,0x000000a233400000) (1024K)]
  0x0000020976c6a680 JavaThread "Cache worker for file hash cache (C:\Users\LENOVO\.gradle\caches\8.11.1\fileHashes)"        [_thread_blocked, id=14156, stack(0x000000a233400000,0x000000a233500000) (1024K)]
  0x000002097d8b4780 JavaThread "Cache worker for file content cache (C:\Users\LENOVO\.gradle\caches\8.11.1\fileContent)"        [_thread_blocked, id=5684, stack(0x000000a233500000,0x000000a233600000) (1024K)]
  0x000002097d8b6ee0 JavaThread "Cache worker for file hash cache (C:\Users\LENOVO\Downloads\Tugas 6_PAM RA\Tugas 6_PAM RA\.gradle\8.11.1\fileHashes)"        [_thread_blocked, id=18296, stack(0x000000a233600000,0x000000a233700000) (1024K)]
  0x000002097d8b7570 JavaThread "Cache worker for checksums cache (C:\Users\LENOVO\Downloads\Tugas 6_PAM RA\Tugas 6_PAM RA\.gradle\8.11.1\checksums)"        [_thread_blocked, id=17992, stack(0x000000a233700000,0x000000a233800000) (1024K)]
  0x000002097d8b4e10 JavaThread "Cache worker for Build Output Cleanup Cache (C:\Users\LENOVO\Downloads\Tugas 6_PAM RA\Tugas 6_PAM RA\.gradle\buildOutputCleanup)"        [_thread_blocked, id=23620, stack(0x000000a233800000,0x000000a233900000) (1024K)]
  0x000002097d8b54a0 JavaThread "File watcher server"        daemon [_thread_in_native, id=3180, stack(0x000000a233900000,0x000000a233a00000) (1024K)]
  0x000002097d8b5b30 JavaThread "File watcher consumer"      daemon [_thread_blocked, id=26620, stack(0x000000a233a00000,0x000000a233b00000) (1024K)]
  0x000002097d8b40f0 JavaThread "Cache worker for cache directory md-rule (C:\Users\LENOVO\.gradle\caches\8.11.1\md-rule)"        [_thread_blocked, id=15260, stack(0x000000a233b00000,0x000000a233c00000) (1024K)]
  0x000002097d8ba9f0 JavaThread "Cache worker for cache directory md-supplier (C:\Users\LENOVO\.gradle\caches\8.11.1\md-supplier)"        [_thread_blocked, id=22260, stack(0x000000a233c00000,0x000000a233d00000) (1024K)]
  0x000002097d8b8290 JavaThread "jar transforms"                    [_thread_blocked, id=26208, stack(0x000000a233d00000,0x000000a233e00000) (1024K)]
  0x000002097d8b7c00 JavaThread "jar transforms Thread 2"           [_thread_blocked, id=22852, stack(0x000000a233e00000,0x000000a233f00000) (1024K)]
  0x000002097d8b8fb0 JavaThread "jar transforms Thread 3"           [_thread_blocked, id=18100, stack(0x000000a233f00000,0x000000a234000000) (1024K)]
  0x000002097d8b8920 JavaThread "jar transforms Thread 4"           [_thread_blocked, id=17440, stack(0x000000a234000000,0x000000a234100000) (1024K)]
  0x000002097d8b9640 JavaThread "jar transforms Thread 5"           [_thread_blocked, id=24392, stack(0x000000a234100000,0x000000a234200000) (1024K)]
Total: 37

Other Threads:
  0x000002097652e780 VMThread "VM Thread"                           [id=17052, stack(0x000000a231500000,0x000000a231600000) (1024K)]
  0x00000209764a01f0 WatcherThread "VM Periodic Task Thread"        [id=20164, stack(0x000000a231400000,0x000000a231500000) (1024K)]
  0x000002095c8d68d0 WorkerThread "GC Thread#0"                     [id=7992, stack(0x000000a230f00000,0x000000a231000000) (1024K)]
  0x000002097b113e40 WorkerThread "GC Thread#1"                     [id=24068, stack(0x000000a232000000,0x000000a232100000) (1024K)]
  0x000002097b11fa60 WorkerThread "GC Thread#2"                     [id=26876, stack(0x000000a232100000,0x000000a232200000) (1024K)]
  0x000002097ba9ceb0 WorkerThread "GC Thread#3"                     [id=26860, stack(0x000000a232200000,0x000000a232300000) (1024K)]
  0x000002097ba9d990 WorkerThread "GC Thread#4"                     [id=21232, stack(0x000000a232300000,0x000000a232400000) (1024K)]
  0x000002097ba9e0d0 WorkerThread "GC Thread#5"                     [id=20740, stack(0x000000a232400000,0x000000a232500000) (1024K)]
  0x000002097c70c7f0 WorkerThread "GC Thread#6"                     [id=21432, stack(0x000000a232f00000,0x000000a233000000) (1024K)]
  0x000002097c70e4f0 WorkerThread "GC Thread#7"                     [id=22536, stack(0x000000a233000000,0x000000a233100000) (1024K)]
  0x000002095a5ae1b0 ConcurrentGCThread "G1 Main Marker"            [id=23712, stack(0x000000a231000000,0x000000a231100000) (1024K)]
  0x000002095a5aebc0 WorkerThread "G1 Conc#0"                       [id=10160, stack(0x000000a231100000,0x000000a231200000) (1024K)]
  0x000002097c70cf30 WorkerThread "G1 Conc#1"                       [id=2652, stack(0x000000a233100000,0x000000a233200000) (1024K)]
  0x00000209763733b0 ConcurrentGCThread "G1 Refine#0"               [id=26716, stack(0x000000a231200000,0x000000a231300000) (1024K)]
  0x0000020976373e30 ConcurrentGCThread "G1 Service"                [id=8144, stack(0x000000a231300000,0x000000a231400000) (1024K)]
Total: 15

Threads with active compile tasks:
C2 CompilerThread0  31072 5231   !   4       java.net.URLClassLoader::findClass (47 bytes)
Total: 1

VM state: not at safepoint (normal execution)

VM Mutex/Monitor currently owned by a thread: None

Heap address: 0x0000000700000000, size: 4096 MB, Compressed Oops mode: Zero based, Oop shift amount: 3

CDS archive(s) not mapped
Compressed class space mapped at: 0x0000000800000000-0x0000000840000000, reserved size: 1073741824
Narrow klass base: 0x0000000800000000, Narrow klass shift: 0, Narrow klass range: 0x40000000

GC Precious Log:
 CardTable entry size: 512
 Card Set container configuration: InlinePtr #cards 4 size 8 Array Of Cards #cards 16 size 48 Howl #buckets 8 coarsen threshold 3686 Howl Bitmap #cards 512 size 80 coarsen threshold 460 Card regions per heap region 1 cards per card region 4096
 CPUs: 8 total, 8 available
 Memory: 5877M
 Large Page Support: Disabled
 NUMA Support: Disabled
 Compressed Oops: Enabled (Zero based)
 Heap Region Size: 2M
 Heap Min Capacity: 8M
 Heap Initial Capacity: 92M
 Heap Max Capacity: 4G
 Pre-touch: Disabled
 Parallel Workers: 8
 Concurrent Workers: 2
 Concurrent Refinement Workers: 8
 Periodic GC: Disabled

Heap:
 garbage-first heap   total 86016K, used 42229K [0x0000000700000000, 0x0000000800000000)
  region size 2048K, 4 young (8192K), 1 survivors (2048K)
 Metaspace       used 59970K, committed 61440K, reserved 1114112K
  class space    used 8288K, committed 8960K, reserved 1048576K

Heap Regions: E=young(eden), S=young(survivor), O=old, HS=humongous(starts), HC=humongous(continues), CS=collection set, F=free, TAMS=top-at-mark-start, PB=parsable bottom
|   0|0x0000000700000000, 0x0000000700200000, 0x0000000700200000|100%|HS|  |TAMS 0x0000000700000000| PB 0x0000000700000000| Complete 
|   1|0x0000000700200000, 0x0000000700400000, 0x0000000700400000|100%|HC|  |TAMS 0x0000000700200000| PB 0x0000000700200000| Complete 
|   2|0x0000000700400000, 0x0000000700600000, 0x0000000700600000|100%| O|  |TAMS 0x0000000700400000| PB 0x0000000700400000| Untracked 
|   3|0x0000000700600000, 0x0000000700800000, 0x0000000700800000|100%| O|  |TAMS 0x0000000700600000| PB 0x0000000700600000| Untracked 
|   4|0x0000000700800000, 0x0000000700a00000, 0x0000000700a00000|100%| O|  |TAMS 0x0000000700800000| PB 0x0000000700800000| Untracked 
|   5|0x0000000700a00000, 0x0000000700c00000, 0x0000000700c00000|100%| O|Cm|TAMS 0x0000000700a00000| PB 0x0000000700a00000| Complete 
|   6|0x0000000700c00000, 0x0000000700e00000, 0x0000000700e00000|100%| O|  |TAMS 0x0000000700c00000| PB 0x0000000700c00000| Untracked 
|   7|0x0000000700e00000, 0x0000000701000000, 0x0000000701000000|100%| O|  |TAMS 0x0000000700e00000| PB 0x0000000700e00000| Untracked 
|   8|0x0000000701000000, 0x0000000701200000, 0x0000000701200000|100%| O|  |TAMS 0x0000000701000000| PB 0x0000000701000000| Untracked 
|   9|0x0000000701200000, 0x0000000701400000, 0x0000000701400000|100%| O|  |TAMS 0x0000000701200000| PB 0x0000000701200000| Untracked 
|  10|0x0000000701400000, 0x0000000701600000, 0x0000000701600000|100%| O|  |TAMS 0x0000000701400000| PB 0x0000000701400000| Untracked 
|  11|0x0000000701600000, 0x0000000701800000, 0x0000000701800000|100%| O|  |TAMS 0x0000000701600000| PB 0x0000000701600000| Untracked 
|  12|0x0000000701800000, 0x0000000701a00000, 0x0000000701a00000|100%| O|  |TAMS 0x0000000701800000| PB 0x0000000701800000| Untracked 
|  13|0x0000000701a00000, 0x0000000701c00000, 0x0000000701c00000|100%| O|  |TAMS 0x0000000701a00000| PB 0x0000000701a00000| Untracked 
|  14|0x0000000701c00000, 0x0000000701e00000, 0x0000000701e00000|100%| O|  |TAMS 0x0000000701c00000| PB 0x0000000701c00000| Untracked 
|  15|0x0000000701e00000, 0x0000000701e52c08, 0x0000000702000000| 16%| O|  |TAMS 0x0000000701e00000| PB 0x0000000701e00000| Untracked 
|  16|0x0000000702000000, 0x0000000702000000, 0x0000000702200000|  0%| F|  |TAMS 0x0000000702000000| PB 0x0000000702000000| Untracked 
|  17|0x0000000702200000, 0x0000000702200000, 0x0000000702400000|  0%| F|  |TAMS 0x0000000702200000| PB 0x0000000702200000| Untracked 
|  18|0x0000000702400000, 0x0000000702600000, 0x0000000702600000|100%| O|  |TAMS 0x0000000702400000| PB 0x0000000702400000| Untracked 
|  19|0x0000000702600000, 0x0000000702800000, 0x0000000702800000|100%| O|  |TAMS 0x0000000702600000| PB 0x0000000702600000| Untracked 
|  20|0x0000000702800000, 0x0000000702800000, 0x0000000702a00000|  0%| F|  |TAMS 0x0000000702800000| PB 0x0000000702800000| Untracked 
|  21|0x0000000702a00000, 0x0000000702a00000, 0x0000000702c00000|  0%| F|  |TAMS 0x0000000702a00000| PB 0x0000000702a00000| Untracked 
|  22|0x0000000702c00000, 0x0000000702c00000, 0x0000000702e00000|  0%| F|  |TAMS 0x0000000702c00000| PB 0x0000000702c00000| Untracked 
|  23|0x0000000702e00000, 0x0000000702e00000, 0x0000000703000000|  0%| F|  |TAMS 0x0000000702e00000| PB 0x0000000702e00000| Untracked 
|  24|0x0000000703000000, 0x0000000703000000, 0x0000000703200000|  0%| F|  |TAMS 0x0000000703000000| PB 0x0000000703000000| Untracked 
|  25|0x0000000703200000, 0x0000000703200000, 0x0000000703400000|  0%| F|  |TAMS 0x0000000703200000| PB 0x0000000703200000| Untracked 
|  26|0x0000000703400000, 0x0000000703400000, 0x0000000703600000|  0%| F|  |TAMS 0x0000000703400000| PB 0x0000000703400000| Untracked 
|  27|0x0000000703600000, 0x0000000703600000, 0x0000000703800000|  0%| F|  |TAMS 0x0000000703600000| PB 0x0000000703600000| Untracked 
|  28|0x0000000703800000, 0x0000000703800000, 0x0000000703a00000|  0%| F|  |TAMS 0x0000000703800000| PB 0x0000000703800000| Untracked 
|  29|0x0000000703a00000, 0x0000000703a00000, 0x0000000703c00000|  0%| F|  |TAMS 0x0000000703a00000| PB 0x0000000703a00000| Untracked 
|  30|0x0000000703c00000, 0x0000000703c00000, 0x0000000703e00000|  0%| F|  |TAMS 0x0000000703c00000| PB 0x0000000703c00000| Untracked 
|  31|0x0000000703e00000, 0x0000000703e00000, 0x0000000704000000|  0%| F|  |TAMS 0x0000000703e00000| PB 0x0000000703e00000| Untracked 
|  32|0x0000000704000000, 0x0000000704000000, 0x0000000704200000|  0%| F|  |TAMS 0x0000000704000000| PB 0x0000000704000000| Untracked 
|  33|0x0000000704200000, 0x00000007042ea8d0, 0x0000000704400000| 45%| S|CS|TAMS 0x0000000704200000| PB 0x0000000704200000| Complete 
|  34|0x0000000704400000, 0x0000000704400000, 0x0000000704600000|  0%| F|  |TAMS 0x0000000704400000| PB 0x0000000704400000| Untracked 
|  35|0x0000000704600000, 0x0000000704600000, 0x0000000704800000|  0%| F|  |TAMS 0x0000000704600000| PB 0x0000000704600000| Untracked 
|  36|0x0000000704800000, 0x0000000704800000, 0x0000000704a00000|  0%| F|  |TAMS 0x0000000704800000| PB 0x0000000704800000| Untracked 
|  37|0x0000000704a00000, 0x0000000704a00000, 0x0000000704c00000|  0%| F|  |TAMS 0x0000000704a00000| PB 0x0000000704a00000| Untracked 
|  38|0x0000000704c00000, 0x0000000704e00000, 0x0000000704e00000|100%| E|  |TAMS 0x0000000704c00000| PB 0x0000000704c00000| Complete 
|  39|0x0000000704e00000, 0x0000000705000000, 0x0000000705000000|100%| E|CS|TAMS 0x0000000704e00000| PB 0x0000000704e00000| Complete 
|  45|0x0000000705a00000, 0x0000000705c00000, 0x0000000705c00000|100%| E|CS|TAMS 0x0000000705a00000| PB 0x0000000705a00000| Complete 
|2047|0x00000007ffe00000, 0x0000000800000000, 0x0000000800000000|100%| O|  |TAMS 0x00000007ffe00000| PB 0x00000007ffe00000| Untracked 

Card table byte_map: [0x000002096f4d0000,0x000002096fcd0000] _byte_map_base: 0x000002096bcd0000

Marking Bits: (CMBitMap*) 0x000002095c8d6ee0
 Bits: [0x000002096fcd0000, 0x0000020973cd0000)

Polling page: 0x000002095a630000

Metaspace:

Usage:
  Non-class:     50.48 MB used.
      Class:      8.10 MB used.
       Both:     58.58 MB used.

Virtual space:
  Non-class space:       64.00 MB reserved,      51.25 MB ( 80%) committed,  1 nodes.
      Class space:        1.00 GB reserved,       8.75 MB ( <1%) committed,  1 nodes.
             Both:        1.06 GB reserved,      60.00 MB (  6%) committed. 

Chunk freelists:
   Non-Class:  12.77 MB
       Class:  7.19 MB
        Both:  19.95 MB

MaxMetaspaceSize: unlimited
CompressedClassSpaceSize: 1.00 GB
Initial GC threshold: 21.00 MB
Current GC threshold: 99.19 MB
CDS: off
 - commit_granule_bytes: 65536.
 - commit_granule_words: 8192.
 - virtual_space_node_default_size: 8388608.
 - enlarge_chunks_in_place: 1.
 - use_allocation_guard: 0.


Internal statistics:

num_allocs_failed_limit: 12.
num_arena_births: 2848.
num_arena_deaths: 0.
num_vsnodes_births: 2.
num_vsnodes_deaths: 0.
num_space_committed: 961.
num_space_uncommitted: 0.
num_chunks_returned_to_freelist: 12.
num_chunks_taken_from_freelist: 5158.
num_chunk_merges: 12.
num_chunk_splits: 3374.
num_chunks_enlarged: 2076.
num_inconsistent_stats: 0.

CodeHeap 'non-profiled nmethods': size=120000Kb used=2619Kb max_used=2670Kb free=117380Kb
 bounds [0x0000020967470000, 0x0000020967710000, 0x000002096e9a0000]
CodeHeap 'profiled nmethods': size=120000Kb used=9107Kb max_used=9570Kb free=110893Kb
 bounds [0x000002095f9a0000, 0x0000020960300000, 0x0000020966ed0000]
CodeHeap 'non-nmethods': size=5760Kb used=2567Kb max_used=2601Kb free=3192Kb
 bounds [0x0000020966ed0000, 0x0000020967170000, 0x0000020967470000]
CodeCache: size=245760Kb, used=14293Kb, max_used=14841Kb, free=231465Kb
 total_blobs=5576, nmethods=4719, adapters=761, full_count=0
Compilation: enabled, stopped_count=0, restarted_count=0

Compilation events (20 events):
Event: 29.742 Thread 0x0000020976933ba0 5364       3       java.lang.invoke.SimpleMethodHandle::copyWithExtendL (7 bytes)
Event: 29.743 Thread 0x0000020976933ba0 nmethod 5364 0x00000209602f6c10 code [0x00000209602f6dc0, 0x00000209602f6f58]
Event: 29.756 Thread 0x0000020976933ba0 5365       3       java.lang.invoke.DirectMethodHandle$Special::<init> (16 bytes)
Event: 29.756 Thread 0x0000020976933ba0 nmethod 5365 0x00000209602f7010 code [0x00000209602f71c0, 0x00000209602f7368]
Event: 29.775 Thread 0x0000020976933ba0 5366       3       java.util.Collections$UnmodifiableMap$UnmodifiableEntrySet$1::next (5 bytes)
Event: 29.775 Thread 0x0000020976933ba0 nmethod 5366 0x00000209602f7410 code [0x00000209602f7620, 0x00000209602f7d68]
Event: 29.775 Thread 0x0000020976933ba0 5367       3       java.util.Collections$UnmodifiableMap$UnmodifiableEntrySet$1::next (20 bytes)
Event: 29.775 Thread 0x0000020976933ba0 nmethod 5367 0x00000209602f7f90 code [0x00000209602f81a0, 0x00000209602f8870]
Event: 29.875 Thread 0x0000020976933ba0 5368       3       java.lang.invoke.MethodHandles$Lookup::restrictReceiver (127 bytes)
Event: 29.875 Thread 0x0000020976933ba0 nmethod 5368 0x000002095faa5710 code [0x000002095faa5920, 0x000002095faa5e50]
Event: 29.876 Thread 0x0000020976933ba0 5370       3       java.lang.invoke.InvokerBytecodeGenerator::methodEpilogue (17 bytes)
Event: 29.876 Thread 0x0000020976933ba0 nmethod 5370 0x000002095f9c8d10 code [0x000002095f9c8ee0, 0x000002095f9c91a8]
Event: 29.911 Thread 0x0000020976933ba0 5371       3       com.google.common.collect.Iterators::singletonIterator (9 bytes)
Event: 29.911 Thread 0x0000020976933ba0 nmethod 5371 0x000002095faa0310 code [0x000002095faa04c0, 0x000002095faa0788]
Event: 29.911 Thread 0x0000020976933ba0 5372       3       com.google.common.collect.Iterators$9::<init> (10 bytes)
Event: 29.911 Thread 0x0000020976933ba0 nmethod 5372 0x000002095f9f5210 code [0x000002095f9f53c0, 0x000002095f9f55e8]
Event: 29.914 Thread 0x0000020976933ba0 5373       1       org.gradle.api.attributes.Attribute::getName (5 bytes)
Event: 29.914 Thread 0x0000020976933ba0 nmethod 5373 0x00000209674b8a90 code [0x00000209674b8c20, 0x00000209674b8cf0]
Event: 30.393 Thread 0x0000020976933ba0 5374       3       javax.management.ObjectName::addProperty (80 bytes)
Event: 30.394 Thread 0x0000020976933ba0 nmethod 5374 0x000002095fad5510 code [0x000002095fad5740, 0x000002095fad5ef0]

GC Heap History (20 events):
Event: 9.154 GC heap before
{Heap before GC invocations=3 (full 0):
 garbage-first heap   total 94208K, used 65721K [0x0000000700000000, 0x0000000800000000)
  region size 2048K, 27 young (55296K), 1 survivors (2048K)
 Metaspace       used 12962K, committed 13120K, reserved 1114112K
  class space    used 1421K, committed 1472K, reserved 1048576K
}
Event: 9.162 GC heap after
{Heap after GC invocations=4 (full 0):
 garbage-first heap   total 94208K, used 16844K [0x0000000700000000, 0x0000000800000000)
  region size 2048K, 3 young (6144K), 3 survivors (6144K)
 Metaspace       used 12962K, committed 13120K, reserved 1114112K
  class space    used 1421K, committed 1472K, reserved 1048576K
}
Event: 13.092 GC heap before
{Heap before GC invocations=4 (full 0):
 garbage-first heap   total 94208K, used 43468K [0x0000000700000000, 0x0000000800000000)
  region size 2048K, 17 young (34816K), 3 survivors (6144K)
 Metaspace       used 21191K, committed 21504K, reserved 1114112K
  class space    used 2501K, committed 2688K, reserved 1048576K
}
Event: 13.101 GC heap after
{Heap after GC invocations=5 (full 0):
 garbage-first heap   total 94208K, used 20752K [0x0000000700000000, 0x0000000800000000)
  region size 2048K, 2 young (4096K), 2 survivors (4096K)
 Metaspace       used 21191K, committed 21504K, reserved 1114112K
  class space    used 2501K, committed 2688K, reserved 1048576K
}
Event: 17.717 GC heap before
{Heap before GC invocations=6 (full 0):
 garbage-first heap   total 75776K, used 69904K [0x0000000700000000, 0x0000000800000000)
  region size 2048K, 27 young (55296K), 2 survivors (4096K)
 Metaspace       used 29985K, committed 30464K, reserved 1114112K
  class space    used 3931K, committed 4160K, reserved 1048576K
}
Event: 17.723 GC heap after
{Heap after GC invocations=7 (full 0):
 garbage-first heap   total 81920K, used 23900K [0x0000000700000000, 0x0000000800000000)
  region size 2048K, 4 young (8192K), 4 survivors (8192K)
 Metaspace       used 29985K, committed 30464K, reserved 1114112K
  class space    used 3931K, committed 4160K, reserved 1048576K
}
Event: 19.720 GC heap before
{Heap before GC invocations=7 (full 0):
 garbage-first heap   total 81920K, used 60764K [0x0000000700000000, 0x0000000800000000)
  region size 2048K, 23 young (47104K), 4 survivors (8192K)
 Metaspace       used 35120K, committed 35968K, reserved 1114112K
  class space    used 4874K, committed 5312K, reserved 1048576K
}
Event: 19.737 GC heap after
{Heap after GC invocations=8 (full 0):
 garbage-first heap   total 81920K, used 26250K [0x0000000700000000, 0x0000000800000000)
  region size 2048K, 3 young (6144K), 3 survivors (6144K)
 Metaspace       used 35120K, committed 35968K, reserved 1114112K
  class space    used 4874K, committed 5312K, reserved 1048576K
}
Event: 19.862 GC heap before
{Heap before GC invocations=8 (full 0):
 garbage-first heap   total 81920K, used 28298K [0x0000000700000000, 0x0000000800000000)
  region size 2048K, 5 young (10240K), 3 survivors (6144K)
 Metaspace       used 35498K, committed 36288K, reserved 1114112K
  class space    used 4921K, committed 5312K, reserved 1048576K
}
Event: 19.882 GC heap after
{Heap after GC invocations=9 (full 0):
 garbage-first heap   total 81920K, used 26659K [0x0000000700000000, 0x0000000800000000)
  region size 2048K, 2 young (4096K), 2 survivors (4096K)
 Metaspace       used 35498K, committed 36288K, reserved 1114112K
  class space    used 4921K, committed 5312K, reserved 1048576K
}
Event: 22.505 GC heap before
{Heap before GC invocations=10 (full 0):
 garbage-first heap   total 81920K, used 65571K [0x0000000700000000, 0x0000000800000000)
  region size 2048K, 22 young (45056K), 2 survivors (4096K)
 Metaspace       used 42907K, committed 43840K, reserved 1114112K
  class space    used 5885K, committed 6336K, reserved 1048576K
}
Event: 22.512 GC heap after
{Heap after GC invocations=11 (full 0):
 garbage-first heap   total 81920K, used 27928K [0x0000000700000000, 0x0000000800000000)
  region size 2048K, 3 young (6144K), 3 survivors (6144K)
 Metaspace       used 42907K, committed 43840K, reserved 1114112K
  class space    used 5885K, committed 6336K, reserved 1048576K
}
Event: 24.483 GC heap before
{Heap before GC invocations=11 (full 0):
 garbage-first heap   total 81920K, used 68888K [0x0000000700000000, 0x0000000800000000)
  region size 2048K, 23 young (47104K), 3 survivors (6144K)
 Metaspace       used 48324K, committed 49600K, reserved 1114112K
  class space    used 6823K, committed 7424K, reserved 1048576K
}
Event: 24.494 GC heap after
{Heap after GC invocations=12 (full 0):
 garbage-first heap   total 81920K, used 30073K [0x0000000700000000, 0x0000000800000000)
  region size 2048K, 3 young (6144K), 3 survivors (6144K)
 Metaspace       used 48324K, committed 49600K, reserved 1114112K
  class space    used 6823K, committed 7424K, reserved 1048576K
}
Event: 26.116 GC heap before
{Heap before GC invocations=12 (full 0):
 garbage-first heap   total 81920K, used 66937K [0x0000000700000000, 0x0000000800000000)
  region size 2048K, 22 young (45056K), 3 survivors (6144K)
 Metaspace       used 54241K, committed 55552K, reserved 1114112K
  class space    used 7472K, committed 8064K, reserved 1048576K
}
Event: 26.126 GC heap after
{Heap after GC invocations=13 (full 0):
 garbage-first heap   total 81920K, used 34438K [0x0000000700000000, 0x0000000800000000)
  region size 2048K, 3 young (6144K), 3 survivors (6144K)
 Metaspace       used 54241K, committed 55552K, reserved 1114112K
  class space    used 7472K, committed 8064K, reserved 1048576K
}
Event: 29.538 GC heap before
{Heap before GC invocations=13 (full 0):
 garbage-first heap   total 81920K, used 73350K [0x0000000700000000, 0x0000000800000000)
  region size 2048K, 21 young (43008K), 3 survivors (6144K)
 Metaspace       used 58025K, committed 59456K, reserved 1114112K
  class space    used 7955K, committed 8640K, reserved 1048576K
}
Event: 29.548 GC heap after
{Heap after GC invocations=14 (full 0):
 garbage-first heap   total 86016K, used 37661K [0x0000000700000000, 0x0000000800000000)
  region size 2048K, 2 young (4096K), 2 survivors (4096K)
 Metaspace       used 58025K, committed 59456K, reserved 1114112K
  class space    used 7955K, committed 8640K, reserved 1048576K
}
Event: 29.829 GC heap before
{Heap before GC invocations=14 (full 0):
 garbage-first heap   total 86016K, used 47901K [0x0000000700000000, 0x0000000800000000)
  region size 2048K, 8 young (16384K), 2 survivors (4096K)
 Metaspace       used 59307K, committed 60736K, reserved 1114112K
  class space    used 8165K, committed 8832K, reserved 1048576K
}
Event: 29.834 GC heap after
{Heap after GC invocations=15 (full 0):
 garbage-first heap   total 86016K, used 38133K [0x0000000700000000, 0x0000000800000000)
  region size 2048K, 1 young (2048K), 1 survivors (2048K)
 Metaspace       used 59307K, committed 60736K, reserved 1114112K
  class space    used 8165K, committed 8832K, reserved 1048576K
}

Dll operation events (3 events):
Event: 0.103 Loaded shared library D:\Android Studio\jbr\bin\java.dll
Event: 0.129 Loaded shared library D:\Android Studio\jbr\bin\zip.dll
Event: 3.388 Loaded shared library D:\Android Studio\jbr\bin\verify.dll

Deoptimization events (20 events):
Event: 27.201 Thread 0x0000020976c6c750 Uncommon trap: trap_request=0xffffff45 fr.pc=0x00000209675a07a8 relative=0x00000000000010a8
Event: 27.201 Thread 0x0000020976c6c750 Uncommon trap: reason=unstable_if action=reinterpret pc=0x00000209675a07a8 method=java.lang.String.hashCode()I @ 42 c2
Event: 27.201 Thread 0x0000020976c6c750 DEOPT PACKING pc=0x00000209675a07a8 sp=0x000000a232bf6f80
Event: 27.201 Thread 0x0000020976c6c750 DEOPT UNPACKING pc=0x0000020966f24422 sp=0x000000a232bf6e90 mode 2
Event: 27.202 Thread 0x0000020976c6c750 Uncommon trap: trap_request=0xffffff3d fr.pc=0x000002096769534c relative=0x000000000000026c
Event: 27.202 Thread 0x0000020976c6c750 Uncommon trap: reason=unstable_fused_if action=reinterpret pc=0x000002096769534c method=org.objectweb.asm.ByteVector.putUTF8(Ljava/lang/String;)Lorg/objectweb/asm/ByteVector; @ 93 c2
Event: 27.202 Thread 0x0000020976c6c750 DEOPT PACKING pc=0x000002096769534c sp=0x000000a232bf6ea0
Event: 27.202 Thread 0x0000020976c6c750 DEOPT UNPACKING pc=0x0000020966f24422 sp=0x000000a232bf6e40 mode 2
Event: 27.202 Thread 0x0000020976c6c750 Uncommon trap: trap_request=0xffffff45 fr.pc=0x00000209674f5d68 relative=0x00000000000000a8
Event: 27.202 Thread 0x0000020976c6c750 Uncommon trap: reason=unstable_if action=reinterpret pc=0x00000209674f5d68 method=java.lang.String.hashCode()I @ 42 c2
Event: 27.202 Thread 0x0000020976c6c750 DEOPT PACKING pc=0x00000209674f5d68 sp=0x000000a232bf6e90
Event: 27.202 Thread 0x0000020976c6c750 DEOPT UNPACKING pc=0x0000020966f24422 sp=0x000000a232bf6e20 mode 2
Event: 29.629 Thread 0x0000020976c6c750 Uncommon trap: trap_request=0xffffff45 fr.pc=0x000002096753d4d0 relative=0x0000000000000130
Event: 29.629 Thread 0x0000020976c6c750 Uncommon trap: reason=unstable_if action=reinterpret pc=0x000002096753d4d0 method=java.util.Arrays.hashCode([Ljava/lang/Object;)I @ 34 c2
Event: 29.629 Thread 0x0000020976c6c750 DEOPT PACKING pc=0x000002096753d4d0 sp=0x000000a232bf8930
Event: 29.629 Thread 0x0000020976c6c750 DEOPT UNPACKING pc=0x0000020966f24422 sp=0x000000a232bf88a8 mode 2
Event: 29.674 Thread 0x0000020976c6c750 Uncommon trap: trap_request=0xffffff45 fr.pc=0x00000209674f9110 relative=0x0000000000000070
Event: 29.674 Thread 0x0000020976c6c750 Uncommon trap: reason=unstable_if action=reinterpret pc=0x00000209674f9110 method=java.lang.Class.getComponentType()Ljava/lang/Class; @ 4 c2
Event: 29.674 Thread 0x0000020976c6c750 DEOPT PACKING pc=0x00000209674f9110 sp=0x000000a232bf7720
Event: 29.674 Thread 0x0000020976c6c750 DEOPT UNPACKING pc=0x0000020966f24422 sp=0x000000a232bf76b0 mode 2

Classes loaded (20 events):
Event: 26.321 Loading class java/lang/invoke/BoundMethodHandle$Species_LI
Event: 26.321 Loading class java/lang/invoke/BoundMethodHandle$Species_LI done
Event: 26.519 Loading class sun/reflect/MagicAccessorImpl
Event: 26.519 Loading class sun/reflect/MagicAccessorImpl done
Event: 26.618 Loading class com/sun/beans/finder/MethodFinder
Event: 26.619 Loading class com/sun/beans/finder/AbstractFinder
Event: 26.619 Loading class com/sun/beans/finder/AbstractFinder done
Event: 26.619 Loading class com/sun/beans/finder/MethodFinder done
Event: 26.619 Loading class com/sun/beans/finder/MethodFinder$1
Event: 26.619 Loading class com/sun/beans/finder/MethodFinder$1 done
Event: 26.619 Loading class com/sun/beans/finder/FinderUtils
Event: 26.619 Loading class com/sun/beans/finder/FinderUtils done
Event: 26.623 Loading class java/lang/invoke/BoundMethodHandle$Species_LJ
Event: 26.624 Loading class java/lang/invoke/BoundMethodHandle$Species_LJ done
Event: 29.640 Loading class java/util/PrimitiveIterator$OfInt
Event: 29.641 Loading class java/util/PrimitiveIterator
Event: 29.641 Loading class java/util/PrimitiveIterator done
Event: 29.641 Loading class java/util/PrimitiveIterator$OfInt done
Event: 29.649 Loading class java/util/concurrent/RecursiveAction
Event: 29.650 Loading class java/util/concurrent/RecursiveAction done

Classes unloaded (0 events):
No events

Classes redefined (0 events):
No events

Internal exceptions (20 events):
Event: 29.410 Thread 0x0000020976c6c750 Exception <a 'java/lang/NoSuchMethodError'{0x00000007031448d0}: 'int java.lang.invoke.DirectMethodHandle$Holder.invokeInterface(java.lang.Object, java.lang.Object, java.lang.Object, java.lang.Object)'> (0x00000007031448d0) 
thrown [s\src\hotspot\share\interpreter\linkResolver.cpp, line 784]
Event: 29.482 Thread 0x0000020976c6c750 Exception <a 'java/lang/NoSuchMethodError'{0x0000000702fb0938}: 'java.lang.Object java.lang.invoke.Invokers$Holder.linkToTargetMethod(java.lang.Object, java.lang.Object, java.lang.Object, java.lang.Object, long, java.lang.Object, java.lang.Object)'> (0x0000000702fb0938) 
thrown [s\src\hotspot\share\interpreter\linkResolver.cpp, line 784]
Event: 29.486 Thread 0x0000020976c6c750 Exception <a 'java/lang/NoSuchMethodError'{0x0000000702ff6478}: 'java.lang.Object java.lang.invoke.DirectMethodHandle$Holder.newInvokeSpecial(java.lang.Object, java.lang.Object, java.lang.Object, long, java.lang.Object)'> (0x0000000702ff6478) 
thrown [s\src\hotspot\share\interpreter\linkResolver.cpp, line 784]
Event: 29.487 Thread 0x0000020976c6c750 Exception <a 'java/lang/NoSuchMethodError'{0x0000000702ffb328}: 'java.lang.Object java.lang.invoke.DirectMethodHandle$Holder.invokeSpecial(java.lang.Object, java.lang.Object, java.lang.Object, java.lang.Object, long, java.lang.Object)'> (0x0000000702ffb328) 
thrown [s\src\hotspot\share\interpreter\linkResolver.cpp, line 784]
Event: 29.487 Thread 0x0000020976c6c750 Exception <a 'java/lang/NoSuchMethodError'{0x0000000702fff8a8}: 'java.lang.Object java.lang.invoke.Invokers$Holder.linkToTargetMethod(java.lang.Object, java.lang.Object, long, java.lang.Object, java.lang.Object)'> (0x0000000702fff8a8) 
thrown [s\src\hotspot\share\interpreter\linkResolver.cpp, line 784]
Event: 29.554 Thread 0x0000020976c6c750 Exception <a 'java/lang/NoSuchMethodError'{0x0000000705a583b0}: 'java.lang.Object java.lang.invoke.DirectMethodHandle$Holder.newInvokeSpecial(java.lang.Object, java.lang.Object, java.lang.Object, java.lang.Object, java.lang.Object, java.lang.Object, java.lang.Object, java.lang.Object, java.lang.Object, java.lang.Object, java.lang.Object, java.lang.Object, java.lang.Object, java.lang.Object, java.lang.Object, java.lang.Object, java.lang.Object, java.lang.Object, java.lang.Object, java.lang.Object, java.lang
Event: 29.555 Thread 0x0000020976c6c750 Exception <a 'java/lang/NoSuchMethodError'{0x0000000705a5ffc0}: 'java.lang.Object java.lang.invoke.DirectMethodHandle$Holder.invokeSpecial(java.lang.Object, java.lang.Object, java.lang.Object, java.lang.Object, java.lang.Object, java.lang.Object, java.lang.Object, java.lang.Object, java.lang.Object, java.lang.Object, java.lang.Object, java.lang.Object, java.lang.Object, java.lang.Object, java.lang.Object, java.lang.Object, java.lang.Object, java.lang.Object, java.lang.Object, java.lang.Object, java.lang.Ob
Event: 29.555 Thread 0x0000020976c6c750 Exception <a 'java/lang/NoSuchMethodError'{0x0000000705a662d8}: 'java.lang.Object java.lang.invoke.DelegatingMethodHandle$Holder.reinvoke_L(java.lang.Object, java.lang.Object, java.lang.Object, java.lang.Object, java.lang.Object, java.lang.Object, java.lang.Object, java.lang.Object, java.lang.Object, java.lang.Object, java.lang.Object, java.lang.Object, java.lang.Object, java.lang.Object, java.lang.Object, java.lang.Object, java.lang.Object, java.lang.Object, java.lang.Object, java.lang.Object, java.lang.O
Event: 29.629 Thread 0x0000020976c6c750 Implicit null exception at 0x000002096753d3fc to 0x000002096753d4b4
Event: 29.660 Thread 0x0000020976c6c750 Exception <a 'java/lang/ClassNotFoundException'{0x0000000704a59c60}: org/gradle/api/internal/artifacts/dsl/dependencies/DefaultDependencyHandler_DecoratedBeanInfo> (0x0000000704a59c60) 
thrown [s\src\hotspot\share\classfile\systemDictionary.cpp, line 312]
Event: 29.661 Thread 0x0000020976c6c750 Exception <a 'java/lang/ClassNotFoundException'{0x0000000704a6de18}: org/gradle/api/internal/artifacts/dsl/dependencies/DefaultDependencyHandlerBeanInfo> (0x0000000704a6de18) 
thrown [s\src\hotspot\share\classfile\systemDictionary.cpp, line 312]
Event: 29.662 Thread 0x0000020976c6c750 Exception <a 'java/lang/ClassNotFoundException'{0x0000000704a821a8}: org/gradle/api/internal/artifacts/dsl/dependencies/DefaultDependencyHandlerCustomizer> (0x0000000704a821a8) 
thrown [s\src\hotspot\share\classfile\systemDictionary.cpp, line 312]
Event: 29.666 Thread 0x0000020976c6c750 Exception <a 'java/lang/ClassNotFoundException'{0x0000000704adb6b8}: org/gradle/api/internal/artifacts/dsl/dependencies/DefaultDependencyHandler_DecoratedCustomizer> (0x0000000704adb6b8) 
thrown [s\src\hotspot\share\classfile\systemDictionary.cpp, line 312]
Event: 29.669 Thread 0x0000020976c6c750 Exception <a 'sun/nio/fs/WindowsException'{0x0000000704b16fa8}> (0x0000000704b16fa8) 
thrown [s\src\hotspot\share\prims\jni.cpp, line 537]
Event: 29.669 Thread 0x0000020976c6c750 Exception <a 'java/lang/ClassNotFoundException'{0x0000000704b1d7f8}: ijJvmDebugger1_38mkwnzutsk9yqchhvz9ywkb$_run_closure1BeanInfo> (0x0000000704b1d7f8) 
thrown [s\src\hotspot\share\classfile\systemDictionary.cpp, line 312]
Event: 29.670 Thread 0x0000020976c6c750 Exception <a 'sun/nio/fs/WindowsException'{0x0000000704b1f510}> (0x0000000704b1f510) 
thrown [s\src\hotspot\share\prims\jni.cpp, line 537]
Event: 29.670 Thread 0x0000020976c6c750 Exception <a 'java/lang/ClassNotFoundException'{0x0000000704b25a48}: ijJvmDebugger1_38mkwnzutsk9yqchhvz9ywkb$_run_closure1Customizer> (0x0000000704b25a48) 
thrown [s\src\hotspot\share\classfile\systemDictionary.cpp, line 312]
Event: 29.734 Thread 0x0000020976c6c750 Exception <a 'java/lang/NoSuchMethodError'{0x00000007049e5750}: 'java.lang.Object java.lang.invoke.DirectMethodHandle$Holder.newInvokeSpecial(java.lang.Object, int, java.lang.Object)'> (0x00000007049e5750) 
thrown [s\src\hotspot\share\interpreter\linkResolver.cpp, line 784]
Event: 29.876 Thread 0x0000020976c6c750 Exception <a 'java/lang/NoSuchMethodError'{0x0000000705b0d730}: 'java.lang.Object java.lang.invoke.DirectMethodHandle$Holder.newInvokeSpecial(java.lang.Object, java.lang.Object, java.lang.Object, int)'> (0x0000000705b0d730) 
thrown [s\src\hotspot\share\interpreter\linkResolver.cpp, line 784]
Event: 29.877 Thread 0x0000020976c6c750 Exception <a 'java/lang/NoSuchMethodError'{0x0000000705b11d50}: 'java.lang.Object java.lang.invoke.Invokers$Holder.linkToTargetMethod(java.lang.Object, java.lang.Object, int, java.lang.Object)'> (0x0000000705b11d50) 
thrown [s\src\hotspot\share\interpreter\linkResolver.cpp, line 784]

ZGC Phase Switch (0 events):
No events

VM Operations (20 events):
Event: 26.844 Executing VM operation: ICBufferFull
Event: 26.845 Executing VM operation: ICBufferFull done
Event: 27.248 Executing VM operation: HandshakeAllThreads (Deoptimize)
Event: 27.248 Executing VM operation: HandshakeAllThreads (Deoptimize) done
Event: 28.253 Executing VM operation: Cleanup
Event: 28.362 Executing VM operation: Cleanup done
Event: 29.373 Executing VM operation: Cleanup
Event: 29.373 Executing VM operation: Cleanup done
Event: 29.408 Executing VM operation: HandshakeAllThreads (Deoptimize)
Event: 29.408 Executing VM operation: HandshakeAllThreads (Deoptimize) done
Event: 29.538 Executing VM operation: G1CollectForAllocation (G1 Evacuation Pause)
Event: 29.549 Executing VM operation: G1CollectForAllocation (G1 Evacuation Pause) done
Event: 29.829 Executing VM operation: CollectForMetadataAllocation (Metadata GC Threshold)
Event: 29.834 Executing VM operation: CollectForMetadataAllocation (Metadata GC Threshold) done
Event: 29.864 Executing VM operation: G1PauseRemark
Event: 29.869 Executing VM operation: G1PauseRemark done
Event: 29.879 Executing VM operation: G1PauseCleanup
Event: 29.879 Executing VM operation: G1PauseCleanup done
Event: 30.890 Executing VM operation: Cleanup
Event: 30.890 Executing VM operation: Cleanup done

Memory protections (0 events):
No events

Nmethod flushes (20 events):
Event: 29.867 Thread 0x000002097652e780 flushing  nmethod 0x000002095fc67510
Event: 29.867 Thread 0x000002097652e780 flushing  nmethod 0x000002095fc67990
Event: 29.867 Thread 0x000002097652e780 flushing  nmethod 0x000002095fd0bc10
Event: 29.867 Thread 0x000002097652e780 flushing  nmethod 0x000002095fd0f310
Event: 29.867 Thread 0x000002097652e780 flushing  nmethod 0x000002095fdccb90
Event: 29.867 Thread 0x000002097652e780 flushing  nmethod 0x000002095fdcd290
Event: 29.867 Thread 0x000002097652e780 flushing  nmethod 0x000002095fdcfa90
Event: 29.867 Thread 0x000002097652e780 flushing  nmethod 0x000002095fdd2610
Event: 29.867 Thread 0x000002097652e780 flushing  nmethod 0x000002095fdd2d10
Event: 29.867 Thread 0x000002097652e780 flushing  nmethod 0x000002095fe1e390
Event: 29.867 Thread 0x000002097652e780 flushing  nmethod 0x000002095fe97090
Event: 29.867 Thread 0x000002097652e780 flushing  nmethod 0x000002095fad5510
Event: 29.867 Thread 0x000002097652e780 flushing  nmethod 0x000002095fafc690
Event: 29.867 Thread 0x000002097652e780 flushing  nmethod 0x000002095fb90390
Event: 29.867 Thread 0x000002097652e780 flushing  nmethod 0x000002095fb95f90
Event: 29.867 Thread 0x000002097652e780 flushing  nmethod 0x000002095fbe4310
Event: 29.867 Thread 0x000002097652e780 flushing  nmethod 0x000002095fbe6910
Event: 29.867 Thread 0x000002097652e780 flushing  nmethod 0x000002095fd82390
Event: 29.867 Thread 0x000002097652e780 flushing  nmethod 0x000002095fdd7590
Event: 29.867 Thread 0x000002097652e780 flushing  nmethod 0x000002095ff14310

Events (20 events):
Event: 12.887 Thread 0x000002097cf653b0 Thread added: 0x0000020976c6c750
Event: 12.970 Thread 0x0000020976c6c750 Thread added: 0x0000020976c6db00
Event: 12.998 Thread 0x0000020976c6c750 Thread added: 0x0000020976c6cde0
Event: 13.021 Thread 0x0000020976c6c750 Thread added: 0x0000020976c6c0c0
Event: 14.311 Thread 0x0000020976c6c750 Thread added: 0x0000020976c6ad10
Event: 14.349 Thread 0x0000020976c6c750 Thread added: 0x0000020976c6d470
Event: 14.427 Thread 0x0000020976c6c750 Thread added: 0x0000020976c6a680
Event: 18.391 Thread 0x0000020976c6c750 Thread added: 0x000002097d8b4780
Event: 18.820 Thread 0x0000020976c6c750 Thread added: 0x000002097d8b6ee0
Event: 18.921 Thread 0x0000020976c6c750 Thread added: 0x000002097d8b7570
Event: 19.439 Thread 0x0000020976c6c750 Thread added: 0x000002097d8b4e10
Event: 21.847 Thread 0x0000020976c6c750 Thread added: 0x000002097d8b54a0
Event: 21.862 Thread 0x0000020976c6c750 Thread added: 0x000002097d8b5b30
Event: 23.415 Thread 0x0000020976c6c750 Thread added: 0x000002097d8b40f0
Event: 23.666 Thread 0x0000020976c6c750 Thread added: 0x000002097d8ba9f0
Event: 24.203 Thread 0x0000020976c6c750 Thread added: 0x000002097d8b8290
Event: 24.320 Thread 0x0000020976c6c750 Thread added: 0x000002097d8b7c00
Event: 26.697 Thread 0x0000020976c6c750 Thread added: 0x000002097d8b8fb0
Event: 26.780 Thread 0x0000020976c6c750 Thread added: 0x000002097d8b8920
Event: 27.015 Thread 0x0000020976c6c750 Thread added: 0x000002097d8b9640


Dynamic libraries:
0x00007ff6e8400000 - 0x00007ff6e840a000 	D:\Android Studio\jbr\bin\java.exe
0x00007ff904d20000 - 0x00007ff904f87000 	C:\WINDOWS\SYSTEM32\ntdll.dll
0x00007ff902ab0000 - 0x00007ff902b79000 	C:\WINDOWS\System32\KERNEL32.DLL
0x00007ff9015f0000 - 0x00007ff9019e4000 	C:\WINDOWS\System32\KERNELBASE.dll
0x00007ff902730000 - 0x00007ff90287b000 	C:\WINDOWS\System32\ucrtbase.dll
0x00007ff8ec6e0000 - 0x00007ff8ec6f8000 	D:\Android Studio\jbr\bin\jli.dll
0x00007ff8f30d0000 - 0x00007ff8f30eb000 	D:\Android Studio\jbr\bin\VCRUNTIME140.dll
0x00007ff902c10000 - 0x00007ff902dd5000 	C:\WINDOWS\System32\USER32.dll
0x00007ff902880000 - 0x00007ff9028a7000 	C:\WINDOWS\System32\win32u.dll
0x00007ff9044c0000 - 0x00007ff9044eb000 	C:\WINDOWS\System32\GDI32.dll
0x00007ff902260000 - 0x00007ff90238b000 	C:\WINDOWS\System32\gdi32full.dll
0x00007ff902940000 - 0x00007ff9029e3000 	C:\WINDOWS\System32\msvcp_win.dll
0x00007ff8eebd0000 - 0x00007ff8eee63000 	C:\WINDOWS\WinSxS\amd64_microsoft.windows.common-controls_6595b64144ccf1df_6.0.26100.8115_none_3e075c82e3354f9c\COMCTL32.dll
0x00007ff903b10000 - 0x00007ff903bb9000 	C:\WINDOWS\System32\msvcrt.dll
0x00007ff903930000 - 0x00007ff903962000 	C:\WINDOWS\System32\IMM32.DLL
0x0000000055cb0000 - 0x0000000055cbc000 	C:\Program Files (x86)\360\Total Security\safemon\SafeWrapper.dll
0x00007ff903870000 - 0x00007ff903926000 	C:\WINDOWS\System32\ADVAPI32.dll
0x00007ff904610000 - 0x00007ff9046b7000 	C:\WINDOWS\System32\sechost.dll
0x00007ff9044f0000 - 0x00007ff904608000 	C:\WINDOWS\System32\RPCRT4.dll
0x00007ff89b560000 - 0x00007ff89b60c000 	C:\Program Files (x86)\360\Total Security\safemon\libzdtp64.dll
0x00007ff902f20000 - 0x00007ff903687000 	C:\WINDOWS\System32\SHELL32.dll
0x00007ff902390000 - 0x00007ff9024fa000 	C:\WINDOWS\System32\wintypes.dll
0x00007ff904950000 - 0x00007ff904cd2000 	C:\WINDOWS\System32\combase.dll
0x00007ff9043f0000 - 0x00007ff904456000 	C:\WINDOWS\System32\SHLWAPI.dll
0x00007ff9019f0000 - 0x00007ff902258000 	C:\WINDOWS\System32\Windows.Storage.dll
0x00007ff9010d0000 - 0x00007ff9010db000 	C:\WINDOWS\SYSTEM32\VERSION.dll
0x00007ff8f59e0000 - 0x00007ff8f59ec000 	D:\Android Studio\jbr\bin\vcruntime140_1.dll
0x00007ff89bde0000 - 0x00007ff89be6d000 	D:\Android Studio\jbr\bin\msvcp140.dll
0x00007ff845970000 - 0x00007ff846606000 	D:\Android Studio\jbr\bin\server\jvm.dll
0x00007ff9048a0000 - 0x00007ff904920000 	C:\WINDOWS\System32\WS2_32.dll
0x00007ff8f8ba0000 - 0x00007ff8f8bd6000 	C:\WINDOWS\SYSTEM32\WINMM.dll
0x00007ff901450000 - 0x00007ff9014ae000 	C:\WINDOWS\SYSTEM32\POWRPROF.dll
0x00007ff901430000 - 0x00007ff901444000 	C:\WINDOWS\SYSTEM32\UMPDC.dll
0x00007ff900310000 - 0x00007ff90032b000 	C:\WINDOWS\SYSTEM32\kernel.appcore.dll
0x00007ff8f2c30000 - 0x00007ff8f2c3a000 	D:\Android Studio\jbr\bin\jimage.dll
0x00007ff8f4360000 - 0x00007ff8f45a2000 	C:\WINDOWS\SYSTEM32\DBGHELP.DLL
0x00007ff904210000 - 0x00007ff9042e8000 	C:\WINDOWS\System32\OLEAUT32.dll
0x00007ff8f08b0000 - 0x00007ff8f08eb000 	C:\WINDOWS\SYSTEM32\dbgcore.DLL
0x00007ff902500000 - 0x00007ff9025a5000 	C:\WINDOWS\System32\bcryptPrimitives.dll
0x00007ff8e81f0000 - 0x00007ff8e81fe000 	D:\Android Studio\jbr\bin\instrument.dll
0x00007ff8e29e0000 - 0x00007ff8e2a00000 	D:\Android Studio\jbr\bin\java.dll
0x00007ff8d7a80000 - 0x00007ff8d7a98000 	D:\Android Studio\jbr\bin\zip.dll
0x00007ff903770000 - 0x00007ff903868000 	C:\WINDOWS\System32\SHCORE.dll
0x00007ff901510000 - 0x00007ff901539000 	C:\WINDOWS\SYSTEM32\profapi.dll
0x00007ff8e6340000 - 0x00007ff8e6350000 	D:\Android Studio\jbr\bin\net.dll
0x00007ff8f83d0000 - 0x00007ff8f84fd000 	C:\WINDOWS\SYSTEM32\WINHTTP.dll
0x00007ff900880000 - 0x00007ff9008ec000 	C:\WINDOWS\system32\mswsock.dll
0x00007ff8d79d0000 - 0x00007ff8d79e6000 	D:\Android Studio\jbr\bin\nio.dll
0x00007ff8e2850000 - 0x00007ff8e2860000 	D:\Android Studio\jbr\bin\verify.dll
0x00007ff8de740000 - 0x00007ff8de767000 	C:\Users\LENOVO\.gradle\native\c067742578af261105cb4f569cf0c3c89f3d7b1fecec35dd04571415982c5e48\windows-amd64\native-platform.dll
0x00007ff8ab180000 - 0x00007ff8ab2c4000 	C:\Users\LENOVO\.gradle\native\100fb08df4bc3b14c8652ba06237920a3bd2aa13389f12d3474272988ae205f9\windows-amd64\native-platform-file-events.dll
0x00007ff8d98d0000 - 0x00007ff8d98d9000 	D:\Android Studio\jbr\bin\management.dll
0x00007ff8d7a70000 - 0x00007ff8d7a7b000 	D:\Android Studio\jbr\bin\management_ext.dll
0x00007ff903bc0000 - 0x00007ff903bc8000 	C:\WINDOWS\System32\PSAPI.DLL
0x00007ff900b60000 - 0x00007ff900b7b000 	C:\WINDOWS\SYSTEM32\CRYPTSP.dll
0x00007ff900270000 - 0x00007ff9002a9000 	C:\WINDOWS\system32\rsaenh.dll
0x00007ff900930000 - 0x00007ff900963000 	C:\WINDOWS\SYSTEM32\USERENV.dll
0x00007ff9014e0000 - 0x00007ff90150a000 	C:\WINDOWS\SYSTEM32\bcrypt.dll
0x00007ff900b80000 - 0x00007ff900b8c000 	C:\WINDOWS\SYSTEM32\CRYPTBASE.dll
0x00007ff8ffcf0000 - 0x00007ff8ffd22000 	C:\WINDOWS\SYSTEM32\IPHLPAPI.DLL
0x00007ff903760000 - 0x00007ff90376a000 	C:\WINDOWS\System32\NSI.dll
0x00007ff8e2310000 - 0x00007ff8e2319000 	D:\Android Studio\jbr\bin\extnet.dll
0x00007ff897c70000 - 0x00007ff897c78000 	C:\WINDOWS\system32\wshunix.dll

JVMTI agents:
C:\Users\LENOVO\.gradle\wrapper\dists\gradle-8.11.1-bin\bpt9gzteqjrbo1mjrsomdt32c\gradle-8.11.1\lib\agents\gradle-instrumentation-agent-8.11.1.jar path:D:\Android Studio\jbr\bin\instrument.dll, loaded, initialized, instrumentlib options:none

dbghelp: loaded successfully - version: 4.0.5 - missing functions: none
symbol engine: initialized successfully - sym options: 0x614 - pdb path: .;D:\Android Studio\jbr\bin;C:\WINDOWS\SYSTEM32;C:\WINDOWS\WinSxS\amd64_microsoft.windows.common-controls_6595b64144ccf1df_6.0.26100.8115_none_3e075c82e3354f9c;C:\Program Files (x86)\360\Total Security\safemon;D:\Android Studio\jbr\bin\server;C:\Users\LENOVO\.gradle\native\c067742578af261105cb4f569cf0c3c89f3d7b1fecec35dd04571415982c5e48\windows-amd64;C:\Users\LENOVO\.gradle\native\100fb08df4bc3b14c8652ba06237920a3bd2aa13389f12d3474272988ae205f9\windows-amd64

VM Arguments:
jvm_args: --add-opens=java.base/java.lang=ALL-UNNAMED --add-opens=java.base/java.lang.invoke=ALL-UNNAMED --add-opens=java.base/java.util=ALL-UNNAMED --add-opens=java.prefs/java.util.prefs=ALL-UNNAMED --add-exports=jdk.compiler/com.sun.tools.javac.api=ALL-UNNAMED --add-exports=jdk.compiler/com.sun.tools.javac.util=ALL-UNNAMED --add-opens=java.base/java.util=ALL-UNNAMED --add-opens=java.prefs/java.util.prefs=ALL-UNNAMED --add-opens=java.base/java.nio.charset=ALL-UNNAMED --add-opens=java.base/java.net=ALL-UNNAMED --add-opens=java.base/java.util.concurrent.atomic=ALL-UNNAMED --add-opens=java.xml/javax.xml.namespace=ALL-UNNAMED -Xmx4096M -Dfile.encoding=UTF-8 -Duser.country=ID -Duser.language=en -Duser.variant -javaagent:C:\Users\LENOVO\.gradle\wrapper\dists\gradle-8.11.1-bin\bpt9gzteqjrbo1mjrsomdt32c\gradle-8.11.1\lib\agents\gradle-instrumentation-agent-8.11.1.jar 
java_command: org.gradle.launcher.daemon.bootstrap.GradleDaemon 8.11.1
java_class_path (initial): C:\Users\LENOVO\.gradle\wrapper\dists\gradle-8.11.1-bin\bpt9gzteqjrbo1mjrsomdt32c\gradle-8.11.1\lib\gradle-daemon-main-8.11.1.jar
Launcher Type: SUN_STANDARD

[Global flags]
     intx CICompilerCount                          = 4                                         {product} {ergonomic}
     uint ConcGCThreads                            = 2                                         {product} {ergonomic}
     uint G1ConcRefinementThreads                  = 8                                         {product} {ergonomic}
   size_t G1HeapRegionSize                         = 2097152                                   {product} {ergonomic}
    uintx GCDrainStackTargetSize                   = 64                                        {product} {ergonomic}
   size_t InitialHeapSize                          = 96468992                                  {product} {ergonomic}
   size_t MarkStackSize                            = 4194304                                   {product} {ergonomic}
   size_t MaxHeapSize                              = 4294967296                                {product} {command line}
   size_t MaxNewSize                               = 2575302656                                {product} {ergonomic}
   size_t MinHeapDeltaBytes                        = 2097152                                   {product} {ergonomic}
   size_t MinHeapSize                              = 8388608                                   {product} {ergonomic}
    uintx NonNMethodCodeHeapSize                   = 5839372                                {pd product} {ergonomic}
    uintx NonProfiledCodeHeapSize                  = 122909434                              {pd product} {ergonomic}
    uintx ProfiledCodeHeapSize                     = 122909434                              {pd product} {ergonomic}
    uintx ReservedCodeCacheSize                    = 251658240                              {pd product} {ergonomic}
     bool SegmentedCodeCache                       = true                                      {product} {ergonomic}
   size_t SoftMaxHeapSize                          = 4294967296                             {manageable} {ergonomic}
     bool UseCompressedOops                        = true                           {product lp64_product} {ergonomic}
     bool UseG1GC                                  = true                                      {product} {ergonomic}
     bool UseLargePagesIndividualAllocation        = false                                  {pd product} {ergonomic}

Logging:
Log output configuration:
 #0: stdout all=warning uptime,level,tags foldmultilines=false
 #1: stderr all=off uptime,level,tags foldmultilines=false

Release file:
JAVA_VERSION="21.0.9" 
MODULES="java.base java.compiler java.datatransfer java.xml java.prefs java.desktop java.instrument java.logging java.management java.security.sasl java.naming java.rmi java.management.rmi java.net.http java.scripting java.security.jgss java.transaction.xa java.sql java.sql.rowset java.xml.crypto java.se java.smartcardio jdk.accessibility jdk.internal.jvmstat jdk.attach jdk.charsets jdk.internal.opt jdk.zipfs jdk.compiler jdk.crypto.ec jdk.crypto.cryptoki jdk.dynalink jdk.hotspot.agent jdk.httpserver jdk.internal.ed jdk.internal.le jdk.internal.vm.ci jdk.jartool jdk.javadoc jdk.jcmd jdk.jdeps jdk.jdwp.agent jdk.jdi jdk.jfr jdk.jlink jdk.jsobject jdk.localedata jdk.management jdk.management.agent jdk.management.jfr jdk.naming.dns jdk.naming.rmi jdk.net jdk.sctp jdk.security.auth jdk.security.jgss jdk.unsupported jdk.unsupported.desktop jdk.xml.dom" 
IMPLEMENTOR="JetBrains s.r.o." 
JAVA_RUNTIME_VERSION="21.0.9+-14649483-b1163.86" 
LIBC="default" 
OS_ARCH="x86_64" 
OS_NAME="Windows" 
SOURCE=".:git:554d0c326095" 

Environment Variables:
PATH=C:\WINDOWS\system32;C:\WINDOWS;C:\WINDOWS\System32\Wbem;C:\WINDOWS\System32\WindowsPowerShell\v1.0\;C:\WINDOWS\System32\OpenSSH\;C:\Users\LENOVO\Downloads\php-8.4.13-nts-Win32-vs17-x64;C:\composer;C:\php-8.4.13;C:\Program Files\nodejs\;D:\Git\cmd;C:\Program Files\PostgreSQL\18\bin;C:\Users\LENOVO\AppData\Local\Microsoft\WindowsApps;C:\Users\LENOVO\AppData\Local\Programs\Microsoft VS Code\bin;C:\Users\LENOVO\AppData\Roaming\Composer\vendor\bin;C:\Users\LENOVO\AppData\Roaming\npm;C:\Program Files\PostgreSQL\18\bin;
USERNAME=LENOVO
OS=Windows_NT
PROCESSOR_IDENTIFIER=AMD64 Family 23 Model 160 Stepping 0, AuthenticAMD
TMP=C:\Users\LENOVO\AppData\Local\Temp
TEMP=C:\Users\LENOVO\AppData\Local\Temp




Periodic native trim disabled

JNI global refs:
JNI global refs: 25, weak refs: 1

JNI global refs memory usage: 835, weak refs: 833

Process memory usage:
Resident Set Size: 221872K (3% of 6018300K total physical memory with 128928K free physical memory)

OOME stack traces (most recent first):
Classloader memory used:
Loader org.gradle.internal.classloader.VisitableURLClassLoader                         : 27916K
Loader bootstrap                                                                       : 23174K
Loader org.gradle.initialization.MixInLegacyTypesClassLoader                           : 8119K
Loader jdk.internal.loader.ClassLoaders$PlatformClassLoader                            : 502K
Loader jdk.internal.loader.ClassLoaders$AppClassLoader                                 : 235K
Loader org.gradle.groovy.scripts.internal.DefaultScriptCompilationHandler$ScriptClassLoader: 60872B
Loader org.codehaus.groovy.runtime.callsite.CallSiteClassLoader                        : 10160B

Classes loaded by more than one classloader:
Class org.gradle.internal.classloader.FilteringClassLoader                            : loaded 2 times (x 105B)
Class org.gradle.internal.classloader.ClassLoaderHierarchy                            : loaded 2 times (x 70B)
Class org.gradle.api.internal.classpath.ManifestUtil                                  : loaded 2 times (x 71B)
Class org.gradle.internal.classloader.DefaultClassLoaderFactory                       : loaded 2 times (x 82B)
Class org.gradle.internal.classloader.ClassLoaderVisitor                              : loaded 2 times (x 76B)
Class org.gradle.api.internal.classpath.EffectiveClassPath                            : loaded 2 times (x 90B)
Class org.gradle.api.internal.DefaultClassPathProvider                                : loaded 2 times (x 76B)
Class [Lorg.gradle.api.internal.ClassPathProvider;                                    : loaded 2 times (x 69B)
Class org.gradle.api.internal.ClassPathProvider                                       : loaded 2 times (x 70B)
Class org.gradle.internal.service.UnknownServiceException                             : loaded 2 times (x 83B)
Class org.gradle.internal.classpath.TransformedClassPath                              : loaded 2 times (x 96B)
Class org.gradle.internal.classloader.InstrumentingClassLoader                        : loaded 2 times (x 70B)
Class org.gradle.internal.service.ServiceLocator                                      : loaded 2 times (x 70B)
Class org.gradle.internal.InternalTransformer                                         : loaded 2 times (x 70B)
Class org.gradle.internal.classloader.ClasspathUtil$1                                 : loaded 2 times (x 76B)
Class org.gradle.api.internal.classpath.DefaultModuleRegistry$DefaultModule           : loaded 2 times (x 86B)
Class org.gradle.api.internal.classpath.Module                                        : loaded 2 times (x 70B)
Class org.gradle.api.internal.classpath.UnknownModuleException                        : loaded 2 times (x 82B)
Class org.gradle.api.internal.DefaultClassPathRegistry                                : loaded 2 times (x 76B)
Class org.gradle.api.internal.ClassPathRegistry                                       : loaded 2 times (x 70B)
Class org.gradle.internal.classpath.DefaultClassPath$ImmutableUniqueList              : loaded 2 times (x 199B)
Class org.gradle.internal.classpath.ClassPath                                         : loaded 2 times (x 70B)
Class org.gradle.api.UncheckedIOException                                             : loaded 2 times (x 82B)
Class org.gradle.internal.installation.GradleInstallation$1                           : loaded 2 times (x 75B)
Class org.gradle.api.internal.classpath.ModuleRegistry                                : loaded 2 times (x 70B)
Class org.gradle.api.internal.classpath.DefaultModuleRegistry                         : loaded 2 times (x 86B)
Class org.gradle.internal.service.ServiceLookupException                              : loaded 2 times (x 82B)
Class org.gradle.internal.classloader.ClassLoaderFactory                              : loaded 2 times (x 70B)
Class org.gradle.internal.service.CachingServiceLocator                               : loaded 2 times (x 82B)
Class org.gradle.internal.classloader.ClasspathUtil                                   : loaded 2 times (x 71B)
Class org.gradle.api.specs.Spec                                                       : loaded 2 times (x 70B)
Class org.gradle.internal.classloader.VisitableURLClassLoader$InstrumentingVisitableURLClassLoader: loaded 2 times (x 123B)
Class org.gradle.internal.classloader.VisitableURLClassLoader$Spec                    : loaded 2 times (x 74B)
Class org.gradle.internal.classpath.DefaultClassPath                                  : loaded 2 times (x 90B)
Class org.gradle.internal.classloader.ClassLoaderSpec                                 : loaded 2 times (x 71B)
Class org.gradle.internal.classloader.VisitableURLClassLoader                         : loaded 2 times (x 117B)
Class org.gradle.internal.Cast                                                        : loaded 2 times (x 71B)
Class org.gradle.api.Action                                                           : loaded 2 times (x 70B)
Class org.gradle.internal.classpath.DefaultClassPath$ImmutableUniqueList$Builder      : loaded 2 times (x 75B)
Class org.gradle.api.GradleException                                                  : loaded 2 times (x 82B)
Class org.gradle.internal.IoActions                                                   : loaded 2 times (x 71B)
Class org.gradle.internal.classloader.SystemClassLoaderSpec                           : loaded 2 times (x 71B)
Class org.gradle.api.internal.classpath.GlobalCacheRootsProvider                      : loaded 2 times (x 70B)
Class org.gradle.internal.installation.CurrentGradleInstallationLocator               : loaded 2 times (x 71B)
Class org.gradle.internal.service.DefaultServiceLocator                               : loaded 2 times (x 83B)
Class org.gradle.internal.installation.CurrentGradleInstallation                      : loaded 2 times (x 73B)
Class org.gradle.util.internal.GUtil                                                  : loaded 2 times (x 71B)
Class org.gradle.internal.installation.GradleInstallation                             : loaded 2 times (x 75B)

---------------  S Y S T E M  ---------------

OS:
 Windows 11 , 64 bit Build 26100 (10.0.26100.8246)
OS uptime: 0 days 4:10 hours
Hyper-V role detected

CPU: total 8 (initial active 8) (8 cores per cpu, 2 threads per core) family 23 model 160 stepping 0 microcode 0x8a00006, cx8, cmov, fxsr, ht, mmx, 3dnowpref, sse, sse2, sse3, ssse3, sse4a, sse4.1, sse4.2, popcnt, lzcnt, tsc, tscinvbit, avx, avx2, aes, clmul, bmi1, bmi2, adx, sha, fma, vzeroupper, clflush, clflushopt, hv, rdtscp, rdpid, f16c
Processor Information for the first 8 processors :
  Max Mhz: 2801, Current Mhz: 2801, Mhz Limit: 2801

Memory: 4k page, system-wide physical 5877M (166M free)
TotalPageFile size 24309M (AvailPageFile size 7M)
current process WorkingSet (physical memory assigned to process): 215M, peak: 218M
current process commit charge ("private bytes"): 296M, peak: 298M

vm_info: OpenJDK 64-Bit Server VM (21.0.9+-14649483-b1163.86) for windows-amd64 JRE (21.0.9+-14649483-b1163.86), built on 2025-12-30T22:08:35Z by "builder" with MS VC++ 16.10 / 16.11 (VS2019)

END.
