#
# There is insufficient memory for the Java Runtime Environment to continue.
# Native memory allocation (malloc) failed to allocate 2129440 bytes. Error detail: Chunk::new
# Possible reasons:
#   The system is out of physical RAM or swap space
#   This process is running with CompressedOops enabled, and the Java Heap may be blocking the growth of the native heap
# Possible solutions:
#   Reduce memory load on the system
#   Increase physical memory or swap space
#   Check if swap backing store is full
#   Decrease Java heap size (-Xmx/-Xms)
#   Decrease number of Java threads
#   Decrease Java thread stack sizes (-Xss)
#   Set larger code cache with -XX:ReservedCodeCacheSize=
#   JVM is running with Zero Based Compressed Oops mode in which the Java heap is
#     placed in the first 32GB address space. The Java Heap base address is the
#     maximum limit for the native heap growth. Please use -XX:HeapBaseMinAddress
#     to set the Java Heap base and to place the Java Heap above 32GB virtual address.
# This output file may be truncated or incomplete.
#
#  Out of Memory Error (arena.cpp:168), pid=27580, tid=28092
#
# JRE version: OpenJDK Runtime Environment (21.0.9) (build 21.0.9+-14649483-b1163.86)
# Java VM: OpenJDK 64-Bit Server VM (21.0.9+-14649483-b1163.86, mixed mode, tiered, compressed oops, compressed class ptrs, g1 gc, windows-amd64)
# No core dump will be written. Minidumps are not enabled by default on client versions of Windows
#

---------------  S U M M A R Y ------------

Command Line: --add-opens=java.base/java.lang=ALL-UNNAMED --add-opens=java.base/java.lang.invoke=ALL-UNNAMED --add-opens=java.base/java.util=ALL-UNNAMED --add-opens=java.prefs/java.util.prefs=ALL-UNNAMED --add-exports=jdk.compiler/com.sun.tools.javac.api=ALL-UNNAMED --add-exports=jdk.compiler/com.sun.tools.javac.util=ALL-UNNAMED --add-opens=java.base/java.util=ALL-UNNAMED --add-opens=java.prefs/java.util.prefs=ALL-UNNAMED --add-opens=java.base/java.nio.charset=ALL-UNNAMED --add-opens=java.base/java.net=ALL-UNNAMED --add-opens=java.base/java.util.concurrent.atomic=ALL-UNNAMED --add-opens=java.xml/javax.xml.namespace=ALL-UNNAMED -Xmx4096M -Dfile.encoding=UTF-8 -Duser.country=ID -Duser.language=en -Duser.variant -javaagent:C:\Users\LENOVO\.gradle\wrapper\dists\gradle-8.11.1-bin\bpt9gzteqjrbo1mjrsomdt32c\gradle-8.11.1\lib\agents\gradle-instrumentation-agent-8.11.1.jar org.gradle.launcher.daemon.bootstrap.GradleDaemon 8.11.1

Host: AMD Ryzen 5 7520U with Radeon Graphics         , 8 cores, 5G,  Windows 11 , 64 bit Build 26100 (10.0.26100.8246)
Time: Fri May  1 17:50:25 2026 SE Asia Standard Time elapsed time: 209.536794 seconds (0d 0h 3m 29s)

---------------  T H R E A D  ---------------

Current thread (0x00000207dd089ac0):  JavaThread "C2 CompilerThread0" daemon [_thread_in_native, id=28092, stack(0x000000cbda900000,0x000000cbdaa00000) (1024K)]


Current CompileTask:
C2:209537 9523       4       org.objectweb.asm.ClassReader::readMethod (1070 bytes)

Stack: [0x000000cbda900000,0x000000cbdaa00000]
Native frames: (J=compiled Java code, j=interpreted, Vv=VM code, C=native code)
V  [jvm.dll+0x6d6c99]
V  [jvm.dll+0x866b83]
V  [jvm.dll+0x86919e]
V  [jvm.dll+0x869883]
V  [jvm.dll+0x280776]
V  [jvm.dll+0xc07cd]
V  [jvm.dll+0xc0d03]
V  [jvm.dll+0x3b986b]
V  [jvm.dll+0x3856a7]
V  [jvm.dll+0x384b1a]
V  [jvm.dll+0x249462]
V  [jvm.dll+0x248a31]
V  [jvm.dll+0x1c7344]
V  [jvm.dll+0x2581ae]
V  [jvm.dll+0x2566f6]
V  [jvm.dll+0x3f48a6]
V  [jvm.dll+0x80f118]
V  [jvm.dll+0x6d54ed]
C  [ucrtbase.dll+0x37b0]
C  [KERNEL32.DLL+0x2e8d7]
C  [ntdll.dll+0x8c3fc]


---------------  P R O C E S S  ---------------

Threads class SMR info:
_java_thread_list=0x00000207dfd27190, length=58, elements={
0x00000207bef6a800, 0x00000207dd057e00, 0x00000207dd05b160, 0x00000207dd05bbc0,
0x00000207dd082530, 0x00000207dd082f90, 0x00000207dd083dc0, 0x00000207dd084820,
0x00000207dd089ac0, 0x00000207dd08a560, 0x00000207dd3e19f0, 0x00000207df65cd10,
0x00000207df4099c0, 0x00000207de2627c0, 0x00000207df43a8e0, 0x00000207dd6fc760,
0x00000207dd481ef0, 0x00000207dd485370, 0x00000207dd484650, 0x00000207dd482580,
0x00000207dd4832a0, 0x00000207dd482c10, 0x00000207dd483930, 0x00000207dd484ce0,
0x00000207df0effa0, 0x00000207df0f3420, 0x00000207df0f0630, 0x00000207df0f0cc0,
0x00000207df0f47d0, 0x00000207df0f3ab0, 0x00000207df0f2700, 0x00000207df0f19e0,
0x00000207df0f4140, 0x00000207df0f1350, 0x00000207df0f4e60, 0x00000207df0f54f0,
0x00000207df0f2070, 0x00000207df0f68a0, 0x00000207df0f5b80, 0x00000207df0f6210,
0x00000207e071d350, 0x00000207e071e700, 0x00000207e071ccc0, 0x00000207e071f420,
0x00000207e071c630, 0x00000207e07228a0, 0x00000207e07235c0, 0x00000207e0720140,
0x00000207e0722f30, 0x00000207e0723c50, 0x00000207e07207d0, 0x00000207e0720e60,
0x00000207e0722210, 0x00000207e07214f0, 0x00000207e0721b80, 0x00000207dff47e60,
0x00000207dff49210, 0x00000207dff48b80
}

Java Threads: ( => current thread )
  0x00000207bef6a800 JavaThread "main"                              [_thread_blocked, id=22124, stack(0x000000cbd9a00000,0x000000cbd9b00000) (1024K)]
  0x00000207dd057e00 JavaThread "Common-Cleaner"             daemon [_thread_blocked, id=6136, stack(0x000000cbda200000,0x000000cbda300000) (1024K)]
  0x00000207dd05b160 JavaThread "Reference Handler"          daemon [_thread_blocked, id=5944, stack(0x000000cbda300000,0x000000cbda400000) (1024K)]
  0x00000207dd05bbc0 JavaThread "Finalizer"                  daemon [_thread_blocked, id=27204, stack(0x000000cbda400000,0x000000cbda500000) (1024K)]
  0x00000207dd082530 JavaThread "Signal Dispatcher"          daemon [_thread_blocked, id=18064, stack(0x000000cbda500000,0x000000cbda600000) (1024K)]
  0x00000207dd082f90 JavaThread "Attach Listener"            daemon [_thread_blocked, id=19616, stack(0x000000cbda600000,0x000000cbda700000) (1024K)]
  0x00000207dd083dc0 JavaThread "Service Thread"             daemon [_thread_blocked, id=23692, stack(0x000000cbda700000,0x000000cbda800000) (1024K)]
  0x00000207dd084820 JavaThread "Monitor Deflation Thread"   daemon [_thread_blocked, id=19644, stack(0x000000cbda800000,0x000000cbda900000) (1024K)]
=>0x00000207dd089ac0 JavaThread "C2 CompilerThread0"         daemon [_thread_in_native, id=28092, stack(0x000000cbda900000,0x000000cbdaa00000) (1024K)]
  0x00000207dd08a560 JavaThread "C1 CompilerThread0"         daemon [_thread_blocked, id=18816, stack(0x000000cbdaa00000,0x000000cbdab00000) (1024K)]
  0x00000207dd3e19f0 JavaThread "Notification Thread"        daemon [_thread_blocked, id=27716, stack(0x000000cbdab00000,0x000000cbdac00000) (1024K)]
  0x00000207df65cd10 JavaThread "Daemon health stats"               [_thread_blocked, id=22960, stack(0x000000cbdb100000,0x000000cbdb200000) (1024K)]
  0x00000207df4099c0 JavaThread "Incoming local TCP Connector on port 58965"        [_thread_in_native, id=1620, stack(0x000000cbdb200000,0x000000cbdb300000) (1024K)]
  0x00000207de2627c0 JavaThread "Daemon periodic checks"            [_thread_blocked, id=28284, stack(0x000000cbdb300000,0x000000cbdb400000) (1024K)]
  0x00000207df43a8e0 JavaThread "Daemon"                            [_thread_blocked, id=28204, stack(0x000000cbdb400000,0x000000cbdb500000) (1024K)]
  0x00000207dd6fc760 JavaThread "Handler for socket connection from /127.0.0.1:58965 to /127.0.0.1:58966"        [_thread_in_native, id=14624, stack(0x000000cbdb500000,0x000000cbdb600000) (1024K)]
  0x00000207dd481ef0 JavaThread "Cancel handler"                    [_thread_blocked, id=2860, stack(0x000000cbdb900000,0x000000cbdba00000) (1024K)]
  0x00000207dd485370 JavaThread "Daemon worker"                     [_thread_in_vm, id=25124, stack(0x000000cbdba00000,0x000000cbdbb00000) (1024K)]
  0x00000207dd484650 JavaThread "Asynchronous log dispatcher for DefaultDaemonConnection: socket connection from /127.0.0.1:58965 to /127.0.0.1:58966"        [_thread_blocked, id=27528, stack(0x000000cbdbb00000,0x000000cbdbc00000) (1024K)]
  0x00000207dd482580 JavaThread "Stdin handler"                     [_thread_blocked, id=13212, stack(0x000000cbdbc00000,0x000000cbdbd00000) (1024K)]
  0x00000207dd4832a0 JavaThread "Daemon client event forwarder"        [_thread_blocked, id=24284, stack(0x000000cbdbd00000,0x000000cbdbe00000) (1024K)]
  0x00000207dd482c10 JavaThread "Cache worker for journal cache (C:\Users\LENOVO\.gradle\caches\journal-1)"        [_thread_blocked, id=27892, stack(0x000000cbdbf00000,0x000000cbdc000000) (1024K)]
  0x00000207dd483930 JavaThread "File lock request listener"        [_thread_in_native, id=25560, stack(0x000000cbdc000000,0x000000cbdc100000) (1024K)]
  0x00000207dd484ce0 JavaThread "Cache worker for file hash cache (C:\Users\LENOVO\.gradle\caches\8.11.1\fileHashes)"        [_thread_blocked, id=356, stack(0x000000cbdc100000,0x000000cbdc200000) (1024K)]
  0x00000207df0effa0 JavaThread "Cache worker for file content cache (C:\Users\LENOVO\.gradle\caches\8.11.1\fileContent)"        [_thread_blocked, id=13828, stack(0x000000cbdc200000,0x000000cbdc300000) (1024K)]
  0x00000207df0f3420 JavaThread "Cache worker for file hash cache (C:\Users\LENOVO\Downloads\Tugas 6_PAM RA\Tugas 6_PAM RA\.gradle\8.11.1\fileHashes)"        [_thread_blocked, id=23684, stack(0x000000cbdc300000,0x000000cbdc400000) (1024K)]
  0x00000207df0f0630 JavaThread "Cache worker for Build Output Cleanup Cache (C:\Users\LENOVO\Downloads\Tugas 6_PAM RA\Tugas 6_PAM RA\.gradle\buildOutputCleanup)"        [_thread_blocked, id=11456, stack(0x000000cbdc400000,0x000000cbdc500000) (1024K)]
  0x00000207df0f0cc0 JavaThread "File watcher server"        daemon [_thread_in_native, id=15940, stack(0x000000cbdbe00000,0x000000cbdbf00000) (1024K)]
  0x00000207df0f47d0 JavaThread "File watcher consumer"      daemon [_thread_blocked, id=19024, stack(0x000000cbdc500000,0x000000cbdc600000) (1024K)]
  0x00000207df0f3ab0 JavaThread "jar transforms"                    [_thread_blocked, id=17520, stack(0x000000cbdc600000,0x000000cbdc700000) (1024K)]
  0x00000207df0f2700 JavaThread "jar transforms Thread 2"           [_thread_blocked, id=23972, stack(0x000000cbdc700000,0x000000cbdc800000) (1024K)]
  0x00000207df0f19e0 JavaThread "jar transforms Thread 3"           [_thread_blocked, id=19188, stack(0x000000cbdc800000,0x000000cbdc900000) (1024K)]
  0x00000207df0f4140 JavaThread "jar transforms Thread 4"           [_thread_blocked, id=22220, stack(0x000000cbdc900000,0x000000cbdca00000) (1024K)]
  0x00000207df0f1350 JavaThread "jar transforms Thread 5"           [_thread_blocked, id=20416, stack(0x000000cbdca00000,0x000000cbdcb00000) (1024K)]
  0x00000207df0f4e60 JavaThread "jar transforms Thread 6"           [_thread_blocked, id=23256, stack(0x000000cbdcb00000,0x000000cbdcc00000) (1024K)]
  0x00000207df0f54f0 JavaThread "jar transforms Thread 7"           [_thread_blocked, id=24516, stack(0x000000cbdcc00000,0x000000cbdcd00000) (1024K)]
  0x00000207df0f2070 JavaThread "jar transforms Thread 8"           [_thread_blocked, id=7612, stack(0x000000cbdcd00000,0x000000cbdce00000) (1024K)]
  0x00000207df0f68a0 JavaThread "Cache worker for checksums cache (C:\Users\LENOVO\Downloads\Tugas 6_PAM RA\Tugas 6_PAM RA\.gradle\8.11.1\checksums)"        [_thread_blocked, id=25628, stack(0x000000cbdce00000,0x000000cbdcf00000) (1024K)]
  0x00000207df0f5b80 JavaThread "Cache worker for cache directory md-rule (C:\Users\LENOVO\.gradle\caches\8.11.1\md-rule)"        [_thread_blocked, id=8536, stack(0x000000cbdcf00000,0x000000cbdd000000) (1024K)]
  0x00000207df0f6210 JavaThread "Cache worker for cache directory md-supplier (C:\Users\LENOVO\.gradle\caches\8.11.1\md-supplier)"        [_thread_blocked, id=23496, stack(0x000000cbdd000000,0x000000cbdd100000) (1024K)]
  0x00000207e071d350 JavaThread "Unconstrained build operations"        [_thread_blocked, id=16916, stack(0x000000cbdd100000,0x000000cbdd200000) (1024K)]
  0x00000207e071e700 JavaThread "Unconstrained build operations Thread 2"        [_thread_blocked, id=22908, stack(0x000000cbdd200000,0x000000cbdd300000) (1024K)]
  0x00000207e071ccc0 JavaThread "Unconstrained build operations Thread 3"        [_thread_blocked, id=26128, stack(0x000000cbdd300000,0x000000cbdd400000) (1024K)]
  0x00000207e071f420 JavaThread "Unconstrained build operations Thread 4"        [_thread_blocked, id=22388, stack(0x000000cbdd400000,0x000000cbdd500000) (1024K)]
  0x00000207e071c630 JavaThread "Unconstrained build operations Thread 5"        [_thread_blocked, id=26600, stack(0x000000cbd9700000,0x000000cbd9800000) (1024K)]
  0x00000207e07228a0 JavaThread "Unconstrained build operations Thread 6"        [_thread_blocked, id=24016, stack(0x000000cbd9800000,0x000000cbd9900000) (1024K)]
  0x00000207e07235c0 JavaThread "Unconstrained build operations Thread 7"        [_thread_blocked, id=12680, stack(0x000000cbd9900000,0x000000cbd9a00000) (1024K)]
  0x00000207e0720140 JavaThread "Unconstrained build operations Thread 8"        [_thread_blocked, id=28076, stack(0x000000cbdd500000,0x000000cbdd600000) (1024K)]
  0x00000207e0722f30 JavaThread "Unconstrained build operations Thread 9"        [_thread_blocked, id=19136, stack(0x000000cbdd600000,0x000000cbdd700000) (1024K)]
  0x00000207e0723c50 JavaThread "Unconstrained build operations Thread 10"        [_thread_blocked, id=11928, stack(0x000000cbdd700000,0x000000cbdd800000) (1024K)]
  0x00000207e07207d0 JavaThread "Unconstrained build operations Thread 11"        [_thread_blocked, id=20120, stack(0x000000cbdd800000,0x000000cbdd900000) (1024K)]
  0x00000207e0720e60 JavaThread "Unconstrained build operations Thread 12"        [_thread_blocked, id=15432, stack(0x000000cbdd900000,0x000000cbdda00000) (1024K)]
  0x00000207e0722210 JavaThread "Unconstrained build operations Thread 13"        [_thread_blocked, id=15244, stack(0x000000cbdda00000,0x000000cbddb00000) (1024K)]
  0x00000207e07214f0 JavaThread "Unconstrained build operations Thread 14"        [_thread_blocked, id=27656, stack(0x000000cbddb00000,0x000000cbddc00000) (1024K)]
  0x00000207e0721b80 JavaThread "Unconstrained build operations Thread 15"        [_thread_blocked, id=11600, stack(0x000000cbddc00000,0x000000cbddd00000) (1024K)]
  0x00000207dff47e60 JavaThread "Unconstrained build operations Thread 16"        [_thread_blocked, id=24716, stack(0x000000cbddd00000,0x000000cbdde00000) (1024K)]
  0x00000207dff49210 JavaThread "Unconstrained build operations Thread 17"        [_thread_blocked, id=9448, stack(0x000000cbdde00000,0x000000cbddf00000) (1024K)]
  0x00000207dff48b80 JavaThread "Unconstrained build operations Thread 18"        [_thread_blocked, id=13464, stack(0x000000cbddf00000,0x000000cbde000000) (1024K)]
Total: 58

Other Threads:
  0x00000207dd012460 VMThread "VM Thread"                           [id=28216, stack(0x000000cbda100000,0x000000cbda200000) (1024K)]
  0x00000207d8a905e0 WatcherThread "VM Periodic Task Thread"        [id=20564, stack(0x000000cbda000000,0x000000cbda100000) (1024K)]
  0x00000207befd10a0 WorkerThread "GC Thread#0"                     [id=18500, stack(0x000000cbd9b00000,0x000000cbd9c00000) (1024K)]
  0x00000207dd57bd60 WorkerThread "GC Thread#1"                     [id=18912, stack(0x000000cbdac00000,0x000000cbdad00000) (1024K)]
  0x00000207dd57d120 WorkerThread "GC Thread#2"                     [id=27884, stack(0x000000cbdad00000,0x000000cbdae00000) (1024K)]
  0x00000207de19ae80 WorkerThread "GC Thread#3"                     [id=24108, stack(0x000000cbdae00000,0x000000cbdaf00000) (1024K)]
  0x00000207de19b220 WorkerThread "GC Thread#4"                     [id=19404, stack(0x000000cbdaf00000,0x000000cbdb000000) (1024K)]
  0x00000207dea780e0 WorkerThread "GC Thread#5"                     [id=27704, stack(0x000000cbdb000000,0x000000cbdb100000) (1024K)]
  0x00000207de8908c0 WorkerThread "GC Thread#6"                     [id=27976, stack(0x000000cbdb600000,0x000000cbdb700000) (1024K)]
  0x00000207de88f6a0 WorkerThread "GC Thread#7"                     [id=19556, stack(0x000000cbdb700000,0x000000cbdb800000) (1024K)]
  0x00000207befe5960 ConcurrentGCThread "G1 Main Marker"            [id=19952, stack(0x000000cbd9c00000,0x000000cbd9d00000) (1024K)]
  0x00000207befe7040 WorkerThread "G1 Conc#0"                       [id=27424, stack(0x000000cbd9d00000,0x000000cbd9e00000) (1024K)]
  0x00000207de88fa40 WorkerThread "G1 Conc#1"                       [id=21596, stack(0x000000cbdb800000,0x000000cbdb900000) (1024K)]
  0x00000207d895eff0 ConcurrentGCThread "G1 Refine#0"               [id=25264, stack(0x000000cbd9e00000,0x000000cbd9f00000) (1024K)]
  0x00000207d895fa70 ConcurrentGCThread "G1 Service"                [id=23560, stack(0x000000cbd9f00000,0x000000cbda000000) (1024K)]
Total: 15

Threads with active compile tasks:
C2 CompilerThread0  212263 9523       4       org.objectweb.asm.ClassReader::readMethod (1070 bytes)
Total: 1

VM state: not at safepoint (normal execution)

VM Mutex/Monitor currently owned by a thread: None

Heap address: 0x0000000700000000, size: 4096 MB, Compressed Oops mode: Zero based, Oop shift amount: 3

CDS archive(s) not mapped
Compressed class space mapped at: 0x0000000800000000-0x0000000840000000, reserved size: 1073741824
Narrow klass base: 0x0000000800000000, Narrow klass shift: 0, Narrow klass range: 0x40000000

GC Precious Log:
 CardTable entry size: 512
 Card Set container configuration: InlinePtr #cards 4 size 8 Array Of Cards #cards 16 size 48 Howl #buckets 8 coarsen threshold 3686 Howl Bitmap #cards 512 size 80 coarsen threshold 460 Card regions per heap region 1 cards per card region 4096
 CPUs: 8 total, 8 available
 Memory: 5877M
 Large Page Support: Disabled
 NUMA Support: Disabled
 Compressed Oops: Enabled (Zero based)
 Heap Region Size: 2M
 Heap Min Capacity: 8M
 Heap Initial Capacity: 92M
 Heap Max Capacity: 4G
 Pre-touch: Disabled
 Parallel Workers: 8
 Concurrent Workers: 2
 Concurrent Refinement Workers: 8
 Periodic GC: Disabled

Heap:
 garbage-first heap   total 438272K, used 196822K [0x0000000700000000, 0x0000000800000000)
  region size 2048K, 49 young (100352K), 4 survivors (8192K)
 Metaspace       used 68318K, committed 69888K, reserved 1114112K
  class space    used 9371K, committed 10112K, reserved 1048576K

Heap Regions: E=young(eden), S=young(survivor), O=old, HS=humongous(starts), HC=humongous(continues), CS=collection set, F=free, TAMS=top-at-mark-start, PB=parsable bottom
|   0|0x0000000700000000, 0x0000000700200000, 0x0000000700200000|100%|HS|  |TAMS 0x0000000700000000| PB 0x0000000700000000| Complete 
|   1|0x0000000700200000, 0x0000000700400000, 0x0000000700400000|100%|HC|  |TAMS 0x0000000700200000| PB 0x0000000700200000| Complete 
|   2|0x0000000700400000, 0x0000000700600000, 0x0000000700600000|100%| O|  |TAMS 0x0000000700400000| PB 0x0000000700400000| Untracked 
|   3|0x0000000700600000, 0x0000000700800000, 0x0000000700800000|100%| O|  |TAMS 0x0000000700600000| PB 0x0000000700600000| Untracked 
|   4|0x0000000700800000, 0x0000000700a00000, 0x0000000700a00000|100%| O|  |TAMS 0x0000000700800000| PB 0x0000000700800000| Untracked 
|   5|0x0000000700a00000, 0x0000000700c00000, 0x0000000700c00000|100%| O|  |TAMS 0x0000000700a00000| PB 0x0000000700a00000| Untracked 
|   6|0x0000000700c00000, 0x0000000700e00000, 0x0000000700e00000|100%| O|  |TAMS 0x0000000700c00000| PB 0x0000000700c00000| Untracked 
|   7|0x0000000700e00000, 0x0000000701000000, 0x0000000701000000|100%| O|  |TAMS 0x0000000700e00000| PB 0x0000000700e00000| Untracked 
|   8|0x0000000701000000, 0x0000000701200000, 0x0000000701200000|100%| O|  |TAMS 0x0000000701000000| PB 0x0000000701000000| Untracked 
|   9|0x0000000701200000, 0x0000000701400000, 0x0000000701400000|100%|HS|  |TAMS 0x0000000701200000| PB 0x0000000701200000| Complete 
|  10|0x0000000701400000, 0x0000000701600000, 0x0000000701600000|100%| O|  |TAMS 0x0000000701400000| PB 0x0000000701400000| Untracked 
|  11|0x0000000701600000, 0x0000000701800000, 0x0000000701800000|100%| O|  |TAMS 0x0000000701600000| PB 0x0000000701600000| Untracked 
|  12|0x0000000701800000, 0x0000000701a00000, 0x0000000701a00000|100%| O|  |TAMS 0x0000000701800000| PB 0x0000000701800000| Untracked 
|  13|0x0000000701a00000, 0x0000000701c00000, 0x0000000701c00000|100%|HS|  |TAMS 0x0000000701a00000| PB 0x0000000701a00000| Complete 
|  14|0x0000000701c00000, 0x0000000701e00000, 0x0000000701e00000|100%|HC|  |TAMS 0x0000000701c00000| PB 0x0000000701c00000| Complete 
|  15|0x0000000701e00000, 0x0000000702000000, 0x0000000702000000|100%|HC|  |TAMS 0x0000000701e00000| PB 0x0000000701e00000| Complete 
|  16|0x0000000702000000, 0x0000000702200000, 0x0000000702200000|100%|HS|  |TAMS 0x0000000702000000| PB 0x0000000702000000| Complete 
|  17|0x0000000702200000, 0x0000000702400000, 0x0000000702400000|100%|HC|  |TAMS 0x0000000702200000| PB 0x0000000702200000| Complete 
|  18|0x0000000702400000, 0x0000000702600000, 0x0000000702600000|100%|HC|  |TAMS 0x0000000702400000| PB 0x0000000702400000| Complete 
|  19|0x0000000702600000, 0x0000000702800000, 0x0000000702800000|100%|HS|  |TAMS 0x0000000702600000| PB 0x0000000702600000| Complete 
|  20|0x0000000702800000, 0x0000000702a00000, 0x0000000702a00000|100%| O|  |TAMS 0x0000000702800000| PB 0x0000000702800000| Untracked 
|  21|0x0000000702a00000, 0x0000000702c00000, 0x0000000702c00000|100%| O|  |TAMS 0x0000000702a00000| PB 0x0000000702a00000| Untracked 
|  22|0x0000000702c00000, 0x0000000702e00000, 0x0000000702e00000|100%| O|  |TAMS 0x0000000702c00000| PB 0x0000000702c00000| Untracked 
|  23|0x0000000702e00000, 0x0000000703000000, 0x0000000703000000|100%| O|  |TAMS 0x0000000702e00000| PB 0x0000000702e00000| Untracked 
|  24|0x0000000703000000, 0x0000000703200000, 0x0000000703200000|100%| O|  |TAMS 0x0000000703000000| PB 0x0000000703000000| Untracked 
|  25|0x0000000703200000, 0x0000000703400000, 0x0000000703400000|100%|HS|  |TAMS 0x0000000703200000| PB 0x0000000703200000| Complete 
|  26|0x0000000703400000, 0x0000000703600000, 0x0000000703600000|100%| O|  |TAMS 0x0000000703400000| PB 0x0000000703400000| Untracked 
|  27|0x0000000703600000, 0x0000000703800000, 0x0000000703800000|100%| O|  |TAMS 0x0000000703600000| PB 0x0000000703600000| Untracked 
|  28|0x0000000703800000, 0x0000000703a00000, 0x0000000703a00000|100%| O|  |TAMS 0x0000000703800000| PB 0x0000000703800000| Untracked 
|  29|0x0000000703a00000, 0x0000000703c00000, 0x0000000703c00000|100%| O|  |TAMS 0x0000000703a00000| PB 0x0000000703a00000| Untracked 
|  30|0x0000000703c00000, 0x0000000703e00000, 0x0000000703e00000|100%| O|  |TAMS 0x0000000703c00000| PB 0x0000000703c00000| Untracked 
|  31|0x0000000703e00000, 0x0000000704000000, 0x0000000704000000|100%| O|  |TAMS 0x0000000703e00000| PB 0x0000000703e00000| Untracked 
|  32|0x0000000704000000, 0x0000000704200000, 0x0000000704200000|100%| O|  |TAMS 0x0000000704000000| PB 0x0000000704000000| Untracked 
|  33|0x0000000704200000, 0x0000000704400000, 0x0000000704400000|100%| O|  |TAMS 0x0000000704200000| PB 0x0000000704200000| Untracked 
|  34|0x0000000704400000, 0x0000000704600000, 0x0000000704600000|100%| O|  |TAMS 0x0000000704400000| PB 0x0000000704400000| Untracked 
|  35|0x0000000704600000, 0x0000000704800000, 0x0000000704800000|100%| O|  |TAMS 0x0000000704600000| PB 0x0000000704600000| Untracked 
|  36|0x0000000704800000, 0x0000000704a00000, 0x0000000704a00000|100%| O|  |TAMS 0x0000000704800000| PB 0x0000000704800000| Untracked 
|  37|0x0000000704a00000, 0x0000000704c00000, 0x0000000704c00000|100%| O|  |TAMS 0x0000000704a00000| PB 0x0000000704a00000| Untracked 
|  38|0x0000000704c00000, 0x0000000704e00000, 0x0000000704e00000|100%| O|  |TAMS 0x0000000704c00000| PB 0x0000000704c00000| Untracked 
|  39|0x0000000704e00000, 0x0000000705000000, 0x0000000705000000|100%| O|  |TAMS 0x0000000704e00000| PB 0x0000000704e00000| Untracked 
|  40|0x0000000705000000, 0x0000000705200000, 0x0000000705200000|100%| O|  |TAMS 0x0000000705000000| PB 0x0000000705000000| Untracked 
|  41|0x0000000705200000, 0x0000000705400000, 0x0000000705400000|100%| O|  |TAMS 0x0000000705200000| PB 0x0000000705200000| Untracked 
|  42|0x0000000705400000, 0x0000000705600000, 0x0000000705600000|100%| O|  |TAMS 0x0000000705400000| PB 0x0000000705400000| Untracked 
|  43|0x0000000705600000, 0x00000007056c1028, 0x0000000705800000| 37%| O|  |TAMS 0x0000000705600000| PB 0x0000000705600000| Untracked 
|  44|0x0000000705800000, 0x0000000705a00000, 0x0000000705a00000|100%|HS|  |TAMS 0x0000000705800000| PB 0x0000000705800000| Complete 
|  45|0x0000000705a00000, 0x0000000705c00000, 0x0000000705c00000|100%|HC|  |TAMS 0x0000000705a00000| PB 0x0000000705a00000| Complete 
|  46|0x0000000705c00000, 0x0000000705e00000, 0x0000000705e00000|100%|HC|  |TAMS 0x0000000705c00000| PB 0x0000000705c00000| Complete 
|  47|0x0000000705e00000, 0x0000000705e00000, 0x0000000706000000|  0%| F|  |TAMS 0x0000000705e00000| PB 0x0000000705e00000| Untracked 
|  48|0x0000000706000000, 0x0000000706000000, 0x0000000706200000|  0%| F|  |TAMS 0x0000000706000000| PB 0x0000000706000000| Untracked 
|  49|0x0000000706200000, 0x0000000706200000, 0x0000000706400000|  0%| F|  |TAMS 0x0000000706200000| PB 0x0000000706200000| Untracked 
|  50|0x0000000706400000, 0x0000000706400000, 0x0000000706600000|  0%| F|  |TAMS 0x0000000706400000| PB 0x0000000706400000| Untracked 
|  51|0x0000000706600000, 0x0000000706600000, 0x0000000706800000|  0%| F|  |TAMS 0x0000000706600000| PB 0x0000000706600000| Untracked 
|  52|0x0000000706800000, 0x0000000706800000, 0x0000000706a00000|  0%| F|  |TAMS 0x0000000706800000| PB 0x0000000706800000| Untracked 
|  53|0x0000000706a00000, 0x0000000706a00000, 0x0000000706c00000|  0%| F|  |TAMS 0x0000000706a00000| PB 0x0000000706a00000| Untracked 
|  54|0x0000000706c00000, 0x0000000706c00000, 0x0000000706e00000|  0%| F|  |TAMS 0x0000000706c00000| PB 0x0000000706c00000| Untracked 
|  55|0x0000000706e00000, 0x0000000706e00000, 0x0000000707000000|  0%| F|  |TAMS 0x0000000706e00000| PB 0x0000000706e00000| Untracked 
|  56|0x0000000707000000, 0x0000000707000000, 0x0000000707200000|  0%| F|  |TAMS 0x0000000707000000| PB 0x0000000707000000| Untracked 
|  57|0x0000000707200000, 0x0000000707200000, 0x0000000707400000|  0%| F|  |TAMS 0x0000000707200000| PB 0x0000000707200000| Untracked 
|  58|0x0000000707400000, 0x0000000707400000, 0x0000000707600000|  0%| F|  |TAMS 0x0000000707400000| PB 0x0000000707400000| Untracked 
|  59|0x0000000707600000, 0x0000000707600000, 0x0000000707800000|  0%| F|  |TAMS 0x0000000707600000| PB 0x0000000707600000| Untracked 
|  60|0x0000000707800000, 0x0000000707800000, 0x0000000707a00000|  0%| F|  |TAMS 0x0000000707800000| PB 0x0000000707800000| Untracked 
|  61|0x0000000707a00000, 0x0000000707a00000, 0x0000000707c00000|  0%| F|  |TAMS 0x0000000707a00000| PB 0x0000000707a00000| Untracked 
|  62|0x0000000707c00000, 0x0000000707c00000, 0x0000000707e00000|  0%| F|  |TAMS 0x0000000707c00000| PB 0x0000000707c00000| Untracked 
|  63|0x0000000707e00000, 0x0000000707e00000, 0x0000000708000000|  0%| F|  |TAMS 0x0000000707e00000| PB 0x0000000707e00000| Untracked 
|  64|0x0000000708000000, 0x0000000708000000, 0x0000000708200000|  0%| F|  |TAMS 0x0000000708000000| PB 0x0000000708000000| Untracked 
|  65|0x0000000708200000, 0x0000000708200000, 0x0000000708400000|  0%| F|  |TAMS 0x0000000708200000| PB 0x0000000708200000| Untracked 
|  66|0x0000000708400000, 0x0000000708400000, 0x0000000708600000|  0%| F|  |TAMS 0x0000000708400000| PB 0x0000000708400000| Untracked 
|  67|0x0000000708600000, 0x0000000708600000, 0x0000000708800000|  0%| F|  |TAMS 0x0000000708600000| PB 0x0000000708600000| Untracked 
|  68|0x0000000708800000, 0x0000000708800000, 0x0000000708a00000|  0%| F|  |TAMS 0x0000000708800000| PB 0x0000000708800000| Untracked 
|  69|0x0000000708a00000, 0x0000000708a00000, 0x0000000708c00000|  0%| F|  |TAMS 0x0000000708a00000| PB 0x0000000708a00000| Untracked 
|  70|0x0000000708c00000, 0x0000000708c00000, 0x0000000708e00000|  0%| F|  |TAMS 0x0000000708c00000| PB 0x0000000708c00000| Untracked 
|  71|0x0000000708e00000, 0x0000000708e00000, 0x0000000709000000|  0%| F|  |TAMS 0x0000000708e00000| PB 0x0000000708e00000| Untracked 
|  72|0x0000000709000000, 0x0000000709000000, 0x0000000709200000|  0%| F|  |TAMS 0x0000000709000000| PB 0x0000000709000000| Untracked 
|  73|0x0000000709200000, 0x0000000709200000, 0x0000000709400000|  0%| F|  |TAMS 0x0000000709200000| PB 0x0000000709200000| Untracked 
|  74|0x0000000709400000, 0x0000000709400000, 0x0000000709600000|  0%| F|  |TAMS 0x0000000709400000| PB 0x0000000709400000| Untracked 
|  75|0x0000000709600000, 0x0000000709600000, 0x0000000709800000|  0%| F|  |TAMS 0x0000000709600000| PB 0x0000000709600000| Untracked 
|  76|0x0000000709800000, 0x0000000709800000, 0x0000000709a00000|  0%| F|  |TAMS 0x0000000709800000| PB 0x0000000709800000| Untracked 
|  77|0x0000000709a00000, 0x0000000709a00000, 0x0000000709c00000|  0%| F|  |TAMS 0x0000000709a00000| PB 0x0000000709a00000| Untracked 
|  78|0x0000000709c00000, 0x0000000709c00000, 0x0000000709e00000|  0%| F|  |TAMS 0x0000000709c00000| PB 0x0000000709c00000| Untracked 
|  79|0x0000000709e00000, 0x0000000709e00000, 0x000000070a000000|  0%| F|  |TAMS 0x0000000709e00000| PB 0x0000000709e00000| Untracked 
|  80|0x000000070a000000, 0x000000070a000000, 0x000000070a200000|  0%| F|  |TAMS 0x000000070a000000| PB 0x000000070a000000| Untracked 
|  81|0x000000070a200000, 0x000000070a200000, 0x000000070a400000|  0%| F|  |TAMS 0x000000070a200000| PB 0x000000070a200000| Untracked 
|  82|0x000000070a400000, 0x000000070a400000, 0x000000070a600000|  0%| F|  |TAMS 0x000000070a400000| PB 0x000000070a400000| Untracked 
|  83|0x000000070a600000, 0x000000070a600000, 0x000000070a800000|  0%| F|  |TAMS 0x000000070a600000| PB 0x000000070a600000| Untracked 
|  84|0x000000070a800000, 0x000000070a800000, 0x000000070aa00000|  0%| F|  |TAMS 0x000000070a800000| PB 0x000000070a800000| Untracked 
|  85|0x000000070aa00000, 0x000000070aa00000, 0x000000070ac00000|  0%| F|  |TAMS 0x000000070aa00000| PB 0x000000070aa00000| Untracked 
|  86|0x000000070ac00000, 0x000000070ac00000, 0x000000070ae00000|  0%| F|  |TAMS 0x000000070ac00000| PB 0x000000070ac00000| Untracked 
|  87|0x000000070ae00000, 0x000000070af74a58, 0x000000070b000000| 72%| S|CS|TAMS 0x000000070ae00000| PB 0x000000070ae00000| Complete 
|  88|0x000000070b000000, 0x000000070b200000, 0x000000070b200000|100%| S|CS|TAMS 0x000000070b000000| PB 0x000000070b000000| Complete 
|  89|0x000000070b200000, 0x000000070b400000, 0x000000070b400000|100%| S|CS|TAMS 0x000000070b200000| PB 0x000000070b200000| Complete 
|  90|0x000000070b400000, 0x000000070b600000, 0x000000070b600000|100%| S|CS|TAMS 0x000000070b400000| PB 0x000000070b400000| Complete 
|  91|0x000000070b600000, 0x000000070b600000, 0x000000070b800000|  0%| F|  |TAMS 0x000000070b600000| PB 0x000000070b600000| Untracked 
|  92|0x000000070b800000, 0x000000070b800000, 0x000000070ba00000|  0%| F|  |TAMS 0x000000070b800000| PB 0x000000070b800000| Untracked 
|  93|0x000000070ba00000, 0x000000070ba00000, 0x000000070bc00000|  0%| F|  |TAMS 0x000000070ba00000| PB 0x000000070ba00000| Untracked 
|  94|0x000000070bc00000, 0x000000070bc00000, 0x000000070be00000|  0%| F|  |TAMS 0x000000070bc00000| PB 0x000000070bc00000| Untracked 
|  95|0x000000070be00000, 0x000000070be00000, 0x000000070c000000|  0%| F|  |TAMS 0x000000070be00000| PB 0x000000070be00000| Untracked 
|  96|0x000000070c000000, 0x000000070c000000, 0x000000070c200000|  0%| F|  |TAMS 0x000000070c000000| PB 0x000000070c000000| Untracked 
|  97|0x000000070c200000, 0x000000070c200000, 0x000000070c400000|  0%| F|  |TAMS 0x000000070c200000| PB 0x000000070c200000| Untracked 
|  98|0x000000070c400000, 0x000000070c400000, 0x000000070c600000|  0%| F|  |TAMS 0x000000070c400000| PB 0x000000070c400000| Untracked 
|  99|0x000000070c600000, 0x000000070c600000, 0x000000070c800000|  0%| F|  |TAMS 0x000000070c600000| PB 0x000000070c600000| Untracked 
| 100|0x000000070c800000, 0x000000070c800000, 0x000000070ca00000|  0%| F|  |TAMS 0x000000070c800000| PB 0x000000070c800000| Untracked 
| 101|0x000000070ca00000, 0x000000070ca00000, 0x000000070cc00000|  0%| F|  |TAMS 0x000000070ca00000| PB 0x000000070ca00000| Untracked 
| 102|0x000000070cc00000, 0x000000070cc00000, 0x000000070ce00000|  0%| F|  |TAMS 0x000000070cc00000| PB 0x000000070cc00000| Untracked 
| 103|0x000000070ce00000, 0x000000070ce00000, 0x000000070d000000|  0%| F|  |TAMS 0x000000070ce00000| PB 0x000000070ce00000| Untracked 
| 104|0x000000070d000000, 0x000000070d000000, 0x000000070d200000|  0%| F|  |TAMS 0x000000070d000000| PB 0x000000070d000000| Untracked 
| 105|0x000000070d200000, 0x000000070d200000, 0x000000070d400000|  0%| F|  |TAMS 0x000000070d200000| PB 0x000000070d200000| Untracked 
| 106|0x000000070d400000, 0x000000070d400000, 0x000000070d600000|  0%| F|  |TAMS 0x000000070d400000| PB 0x000000070d400000| Untracked 
| 107|0x000000070d600000, 0x000000070d600000, 0x000000070d800000|  0%| F|  |TAMS 0x000000070d600000| PB 0x000000070d600000| Untracked 
| 108|0x000000070d800000, 0x000000070d800000, 0x000000070da00000|  0%| F|  |TAMS 0x000000070d800000| PB 0x000000070d800000| Untracked 
| 109|0x000000070da00000, 0x000000070da00000, 0x000000070dc00000|  0%| F|  |TAMS 0x000000070da00000| PB 0x000000070da00000| Untracked 
| 110|0x000000070dc00000, 0x000000070dc00000, 0x000000070de00000|  0%| F|  |TAMS 0x000000070dc00000| PB 0x000000070dc00000| Untracked 
| 111|0x000000070de00000, 0x000000070de00000, 0x000000070e000000|  0%| F|  |TAMS 0x000000070de00000| PB 0x000000070de00000| Untracked 
| 112|0x000000070e000000, 0x000000070e000000, 0x000000070e200000|  0%| F|  |TAMS 0x000000070e000000| PB 0x000000070e000000| Untracked 
| 113|0x000000070e200000, 0x000000070e200000, 0x000000070e400000|  0%| F|  |TAMS 0x000000070e200000| PB 0x000000070e200000| Untracked 
| 114|0x000000070e400000, 0x000000070e400000, 0x000000070e600000|  0%| F|  |TAMS 0x000000070e400000| PB 0x000000070e400000| Untracked 
| 115|0x000000070e600000, 0x000000070e600000, 0x000000070e800000|  0%| F|  |TAMS 0x000000070e600000| PB 0x000000070e600000| Untracked 
| 116|0x000000070e800000, 0x000000070e800000, 0x000000070ea00000|  0%| F|  |TAMS 0x000000070e800000| PB 0x000000070e800000| Untracked 
| 117|0x000000070ea00000, 0x000000070ea00000, 0x000000070ec00000|  0%| F|  |TAMS 0x000000070ea00000| PB 0x000000070ea00000| Untracked 
| 118|0x000000070ec00000, 0x000000070ec00000, 0x000000070ee00000|  0%| F|  |TAMS 0x000000070ec00000| PB 0x000000070ec00000| Untracked 
| 119|0x000000070ee00000, 0x000000070ee00000, 0x000000070f000000|  0%| F|  |TAMS 0x000000070ee00000| PB 0x000000070ee00000| Untracked 
| 120|0x000000070f000000, 0x000000070f000000, 0x000000070f200000|  0%| F|  |TAMS 0x000000070f000000| PB 0x000000070f000000| Untracked 
| 121|0x000000070f200000, 0x000000070f200000, 0x000000070f400000|  0%| F|  |TAMS 0x000000070f200000| PB 0x000000070f200000| Untracked 
| 122|0x000000070f400000, 0x000000070f400000, 0x000000070f600000|  0%| F|  |TAMS 0x000000070f400000| PB 0x000000070f400000| Untracked 
| 123|0x000000070f600000, 0x000000070f600000, 0x000000070f800000|  0%| F|  |TAMS 0x000000070f600000| PB 0x000000070f600000| Untracked 
| 124|0x000000070f800000, 0x000000070f800000, 0x000000070fa00000|  0%| F|  |TAMS 0x000000070f800000| PB 0x000000070f800000| Untracked 
| 125|0x000000070fa00000, 0x000000070fa00000, 0x000000070fc00000|  0%| F|  |TAMS 0x000000070fa00000| PB 0x000000070fa00000| Untracked 
| 126|0x000000070fc00000, 0x000000070fc00000, 0x000000070fe00000|  0%| F|  |TAMS 0x000000070fc00000| PB 0x000000070fc00000| Untracked 
| 127|0x000000070fe00000, 0x000000070fe00000, 0x0000000710000000|  0%| F|  |TAMS 0x000000070fe00000| PB 0x000000070fe00000| Untracked 
| 128|0x0000000710000000, 0x0000000710000000, 0x0000000710200000|  0%| F|  |TAMS 0x0000000710000000| PB 0x0000000710000000| Untracked 
| 129|0x0000000710200000, 0x0000000710200000, 0x0000000710400000|  0%| F|  |TAMS 0x0000000710200000| PB 0x0000000710200000| Untracked 
| 130|0x0000000710400000, 0x0000000710400000, 0x0000000710600000|  0%| F|  |TAMS 0x0000000710400000| PB 0x0000000710400000| Untracked 
| 131|0x0000000710600000, 0x0000000710600000, 0x0000000710800000|  0%| F|  |TAMS 0x0000000710600000| PB 0x0000000710600000| Untracked 
| 132|0x0000000710800000, 0x0000000710800000, 0x0000000710a00000|  0%| F|  |TAMS 0x0000000710800000| PB 0x0000000710800000| Untracked 
| 133|0x0000000710a00000, 0x0000000710a00000, 0x0000000710c00000|  0%| F|  |TAMS 0x0000000710a00000| PB 0x0000000710a00000| Untracked 
| 134|0x0000000710c00000, 0x0000000710c00000, 0x0000000710e00000|  0%| F|  |TAMS 0x0000000710c00000| PB 0x0000000710c00000| Untracked 
| 135|0x0000000710e00000, 0x0000000710e00000, 0x0000000711000000|  0%| F|  |TAMS 0x0000000710e00000| PB 0x0000000710e00000| Untracked 
| 136|0x0000000711000000, 0x0000000711000000, 0x0000000711200000|  0%| F|  |TAMS 0x0000000711000000| PB 0x0000000711000000| Untracked 
| 137|0x0000000711200000, 0x0000000711200000, 0x0000000711400000|  0%| F|  |TAMS 0x0000000711200000| PB 0x0000000711200000| Untracked 
| 138|0x0000000711400000, 0x0000000711400000, 0x0000000711600000|  0%| F|  |TAMS 0x0000000711400000| PB 0x0000000711400000| Untracked 
| 139|0x0000000711600000, 0x0000000711600000, 0x0000000711800000|  0%| F|  |TAMS 0x0000000711600000| PB 0x0000000711600000| Untracked 
| 140|0x0000000711800000, 0x0000000711800000, 0x0000000711a00000|  0%| F|  |TAMS 0x0000000711800000| PB 0x0000000711800000| Untracked 
| 141|0x0000000711a00000, 0x0000000711a00000, 0x0000000711c00000|  0%| F|  |TAMS 0x0000000711a00000| PB 0x0000000711a00000| Untracked 
| 142|0x0000000711c00000, 0x0000000711c00000, 0x0000000711e00000|  0%| F|  |TAMS 0x0000000711c00000| PB 0x0000000711c00000| Untracked 
| 143|0x0000000711e00000, 0x0000000711e00000, 0x0000000712000000|  0%| F|  |TAMS 0x0000000711e00000| PB 0x0000000711e00000| Untracked 
| 144|0x0000000712000000, 0x0000000712000000, 0x0000000712200000|  0%| F|  |TAMS 0x0000000712000000| PB 0x0000000712000000| Untracked 
| 145|0x0000000712200000, 0x0000000712200000, 0x0000000712400000|  0%| F|  |TAMS 0x0000000712200000| PB 0x0000000712200000| Untracked 
| 146|0x0000000712400000, 0x0000000712400000, 0x0000000712600000|  0%| F|  |TAMS 0x0000000712400000| PB 0x0000000712400000| Untracked 
| 147|0x0000000712600000, 0x0000000712600000, 0x0000000712800000|  0%| F|  |TAMS 0x0000000712600000| PB 0x0000000712600000| Untracked 
| 148|0x0000000712800000, 0x0000000712800000, 0x0000000712a00000|  0%| F|  |TAMS 0x0000000712800000| PB 0x0000000712800000| Untracked 
| 149|0x0000000712a00000, 0x0000000712a00000, 0x0000000712c00000|  0%| F|  |TAMS 0x0000000712a00000| PB 0x0000000712a00000| Untracked 
| 150|0x0000000712c00000, 0x0000000712c00000, 0x0000000712e00000|  0%| F|  |TAMS 0x0000000712c00000| PB 0x0000000712c00000| Untracked 
| 151|0x0000000712e00000, 0x0000000712e00000, 0x0000000713000000|  0%| F|  |TAMS 0x0000000712e00000| PB 0x0000000712e00000| Untracked 
| 152|0x0000000713000000, 0x0000000713000000, 0x0000000713200000|  0%| F|  |TAMS 0x0000000713000000| PB 0x0000000713000000| Untracked 
| 153|0x0000000713200000, 0x0000000713200000, 0x0000000713400000|  0%| F|  |TAMS 0x0000000713200000| PB 0x0000000713200000| Untracked 
| 154|0x0000000713400000, 0x0000000713400000, 0x0000000713600000|  0%| F|  |TAMS 0x0000000713400000| PB 0x0000000713400000| Untracked 
| 155|0x0000000713600000, 0x0000000713600000, 0x0000000713800000|  0%| F|  |TAMS 0x0000000713600000| PB 0x0000000713600000| Untracked 
| 156|0x0000000713800000, 0x0000000713800000, 0x0000000713a00000|  0%| F|  |TAMS 0x0000000713800000| PB 0x0000000713800000| Untracked 
| 157|0x0000000713a00000, 0x0000000713a00000, 0x0000000713c00000|  0%| F|  |TAMS 0x0000000713a00000| PB 0x0000000713a00000| Untracked 
| 158|0x0000000713c00000, 0x0000000713c00000, 0x0000000713e00000|  0%| F|  |TAMS 0x0000000713c00000| PB 0x0000000713c00000| Untracked 
| 159|0x0000000713e00000, 0x0000000713e00000, 0x0000000714000000|  0%| F|  |TAMS 0x0000000713e00000| PB 0x0000000713e00000| Untracked 
| 160|0x0000000714000000, 0x0000000714000000, 0x0000000714200000|  0%| F|  |TAMS 0x0000000714000000| PB 0x0000000714000000| Untracked 
| 161|0x0000000714200000, 0x0000000714200000, 0x0000000714400000|  0%| F|  |TAMS 0x0000000714200000| PB 0x0000000714200000| Untracked 
| 162|0x0000000714400000, 0x0000000714400000, 0x0000000714600000|  0%| F|  |TAMS 0x0000000714400000| PB 0x0000000714400000| Untracked 
| 163|0x0000000714600000, 0x0000000714600000, 0x0000000714800000|  0%| F|  |TAMS 0x0000000714600000| PB 0x0000000714600000| Untracked 
| 164|0x0000000714800000, 0x0000000714800000, 0x0000000714a00000|  0%| F|  |TAMS 0x0000000714800000| PB 0x0000000714800000| Untracked 
| 165|0x0000000714a00000, 0x0000000714a00000, 0x0000000714c00000|  0%| F|  |TAMS 0x0000000714a00000| PB 0x0000000714a00000| Untracked 
| 166|0x0000000714c00000, 0x0000000714c00000, 0x0000000714e00000|  0%| F|  |TAMS 0x0000000714c00000| PB 0x0000000714c00000| Untracked 
| 167|0x0000000714e00000, 0x0000000714e07d98, 0x0000000715000000|  1%| E|  |TAMS 0x0000000714e00000| PB 0x0000000714e00000| Complete 
| 168|0x0000000715000000, 0x0000000715200000, 0x0000000715200000|100%| E|CS|TAMS 0x0000000715000000| PB 0x0000000715000000| Complete 
| 169|0x0000000715200000, 0x0000000715400000, 0x0000000715400000|100%| E|CS|TAMS 0x0000000715200000| PB 0x0000000715200000| Complete 
| 170|0x0000000715400000, 0x0000000715600000, 0x0000000715600000|100%| E|CS|TAMS 0x0000000715400000| PB 0x0000000715400000| Complete 
| 171|0x0000000715600000, 0x0000000715800000, 0x0000000715800000|100%| E|CS|TAMS 0x0000000715600000| PB 0x0000000715600000| Complete 
| 172|0x0000000715800000, 0x0000000715a00000, 0x0000000715a00000|100%| E|CS|TAMS 0x0000000715800000| PB 0x0000000715800000| Complete 
| 173|0x0000000715a00000, 0x0000000715c00000, 0x0000000715c00000|100%| E|CS|TAMS 0x0000000715a00000| PB 0x0000000715a00000| Complete 
| 174|0x0000000715c00000, 0x0000000715e00000, 0x0000000715e00000|100%| E|CS|TAMS 0x0000000715c00000| PB 0x0000000715c00000| Complete 
| 175|0x0000000715e00000, 0x0000000716000000, 0x0000000716000000|100%| E|CS|TAMS 0x0000000715e00000| PB 0x0000000715e00000| Complete 
| 176|0x0000000716000000, 0x0000000716200000, 0x0000000716200000|100%| E|CS|TAMS 0x0000000716000000| PB 0x0000000716000000| Complete 
| 177|0x0000000716200000, 0x0000000716400000, 0x0000000716400000|100%| E|CS|TAMS 0x0000000716200000| PB 0x0000000716200000| Complete 
| 178|0x0000000716400000, 0x0000000716600000, 0x0000000716600000|100%| E|CS|TAMS 0x0000000716400000| PB 0x0000000716400000| Complete 
| 179|0x0000000716600000, 0x0000000716800000, 0x0000000716800000|100%| E|CS|TAMS 0x0000000716600000| PB 0x0000000716600000| Complete 
| 180|0x0000000716800000, 0x0000000716a00000, 0x0000000716a00000|100%| E|CS|TAMS 0x0000000716800000| PB 0x0000000716800000| Complete 
| 181|0x0000000716a00000, 0x0000000716c00000, 0x0000000716c00000|100%| E|CS|TAMS 0x0000000716a00000| PB 0x0000000716a00000| Complete 
| 182|0x0000000716c00000, 0x0000000716e00000, 0x0000000716e00000|100%| E|CS|TAMS 0x0000000716c00000| PB 0x0000000716c00000| Complete 
| 183|0x0000000716e00000, 0x0000000717000000, 0x0000000717000000|100%| E|CS|TAMS 0x0000000716e00000| PB 0x0000000716e00000| Complete 
| 184|0x0000000717000000, 0x0000000717200000, 0x0000000717200000|100%| E|CS|TAMS 0x0000000717000000| PB 0x0000000717000000| Complete 
| 185|0x0000000717200000, 0x0000000717400000, 0x0000000717400000|100%| E|CS|TAMS 0x0000000717200000| PB 0x0000000717200000| Complete 
| 186|0x0000000717400000, 0x0000000717600000, 0x0000000717600000|100%| E|CS|TAMS 0x0000000717400000| PB 0x0000000717400000| Complete 
| 187|0x0000000717600000, 0x0000000717800000, 0x0000000717800000|100%| E|CS|TAMS 0x0000000717600000| PB 0x0000000717600000| Complete 
| 188|0x0000000717800000, 0x0000000717a00000, 0x0000000717a00000|100%| E|CS|TAMS 0x0000000717800000| PB 0x0000000717800000| Complete 
| 189|0x0000000717a00000, 0x0000000717c00000, 0x0000000717c00000|100%| E|CS|TAMS 0x0000000717a00000| PB 0x0000000717a00000| Complete 
| 190|0x0000000717c00000, 0x0000000717e00000, 0x0000000717e00000|100%| E|CS|TAMS 0x0000000717c00000| PB 0x0000000717c00000| Complete 
| 191|0x0000000717e00000, 0x0000000718000000, 0x0000000718000000|100%| E|CS|TAMS 0x0000000717e00000| PB 0x0000000717e00000| Complete 
| 192|0x0000000718000000, 0x0000000718200000, 0x0000000718200000|100%| E|CS|TAMS 0x0000000718000000| PB 0x0000000718000000| Complete 
| 193|0x0000000718200000, 0x0000000718400000, 0x0000000718400000|100%| E|CS|TAMS 0x0000000718200000| PB 0x0000000718200000| Complete 
| 194|0x0000000718400000, 0x0000000718600000, 0x0000000718600000|100%| E|CS|TAMS 0x0000000718400000| PB 0x0000000718400000| Complete 
| 195|0x0000000718600000, 0x0000000718800000, 0x0000000718800000|100%| E|CS|TAMS 0x0000000718600000| PB 0x0000000718600000| Complete 
| 196|0x0000000718800000, 0x0000000718a00000, 0x0000000718a00000|100%| E|CS|TAMS 0x0000000718800000| PB 0x0000000718800000| Complete 
| 197|0x0000000718a00000, 0x0000000718c00000, 0x0000000718c00000|100%| E|CS|TAMS 0x0000000718a00000| PB 0x0000000718a00000| Complete 
| 198|0x0000000718c00000, 0x0000000718e00000, 0x0000000718e00000|100%| E|CS|TAMS 0x0000000718c00000| PB 0x0000000718c00000| Complete 
| 199|0x0000000718e00000, 0x0000000719000000, 0x0000000719000000|100%| E|CS|TAMS 0x0000000718e00000| PB 0x0000000718e00000| Complete 
| 200|0x0000000719000000, 0x0000000719200000, 0x0000000719200000|100%| E|CS|TAMS 0x0000000719000000| PB 0x0000000719000000| Complete 
| 201|0x0000000719200000, 0x0000000719400000, 0x0000000719400000|100%| E|CS|TAMS 0x0000000719200000| PB 0x0000000719200000| Complete 
| 202|0x0000000719400000, 0x0000000719600000, 0x0000000719600000|100%| E|CS|TAMS 0x0000000719400000| PB 0x0000000719400000| Complete 
| 203|0x0000000719600000, 0x0000000719800000, 0x0000000719800000|100%| E|CS|TAMS 0x0000000719600000| PB 0x0000000719600000| Complete 
| 204|0x0000000719800000, 0x0000000719a00000, 0x0000000719a00000|100%| E|CS|TAMS 0x0000000719800000| PB 0x0000000719800000| Complete 
| 205|0x0000000719a00000, 0x0000000719c00000, 0x0000000719c00000|100%| E|CS|TAMS 0x0000000719a00000| PB 0x0000000719a00000| Complete 
| 206|0x0000000719c00000, 0x0000000719e00000, 0x0000000719e00000|100%| E|CS|TAMS 0x0000000719c00000| PB 0x0000000719c00000| Complete 
| 207|0x0000000719e00000, 0x000000071a000000, 0x000000071a000000|100%| E|CS|TAMS 0x0000000719e00000| PB 0x0000000719e00000| Complete 
| 208|0x000000071a000000, 0x000000071a200000, 0x000000071a200000|100%| E|CS|TAMS 0x000000071a000000| PB 0x000000071a000000| Complete 
| 209|0x000000071a200000, 0x000000071a400000, 0x000000071a400000|100%| E|CS|TAMS 0x000000071a200000| PB 0x000000071a200000| Complete 
|2044|0x00000007ff800000, 0x00000007ffa00000, 0x00000007ffa00000|100%| O|  |TAMS 0x00000007ff800000| PB 0x00000007ff800000| Untracked 
|2045|0x00000007ffa00000, 0x00000007ffc00000, 0x00000007ffc00000|100%| E|CS|TAMS 0x00000007ffa00000| PB 0x00000007ffa00000| Complete 
|2046|0x00000007ffc00000, 0x00000007ffe00000, 0x00000007ffe00000|100%| O|  |TAMS 0x00000007ffc00000| PB 0x00000007ffc00000| Untracked 
|2047|0x00000007ffe00000, 0x0000000800000000, 0x0000000800000000|100%| E|CS|TAMS 0x00000007ffe00000| PB 0x00000007ffe00000| Complete 

Card table byte_map: [0x00000207d1bd0000,0x00000207d23d0000] _byte_map_base: 0x00000207ce3d0000

Marking Bits: (CMBitMap*) 0x00000207befd16b0
 Bits: [0x00000207d23d0000, 0x00000207d63d0000)

Polling page: 0x00000207be700000

Metaspace:

Usage:
  Non-class:     57.57 MB used.
      Class:      9.15 MB used.
       Both:     66.72 MB used.

Virtual space:
  Non-class space:       64.00 MB reserved,      58.38 MB ( 91%) committed,  1 nodes.
      Class space:        1.00 GB reserved,       9.88 MB ( <1%) committed,  1 nodes.
             Both:        1.06 GB reserved,      68.25 MB (  6%) committed. 

Chunk freelists:
   Non-Class:  4.72 MB
       Class:  6.12 MB
        Both:  10.84 MB

MaxMetaspaceSize: unlimited
CompressedClassSpaceSize: 1.00 GB
Initial GC threshold: 21.00 MB
Current GC threshold: 113.12 MB
CDS: off
 - commit_granule_bytes: 65536.
 - commit_granule_words: 8192.
 - virtual_space_node_default_size: 8388608.
 - enlarge_chunks_in_place: 1.
 - use_allocation_guard: 0.


Internal statistics:

num_allocs_failed_limit: 9.
num_arena_births: 2876.
num_arena_deaths: 4.
num_vsnodes_births: 2.
num_vsnodes_deaths: 0.
num_space_committed: 1092.
num_space_uncommitted: 0.
num_chunks_returned_to_freelist: 19.
num_chunks_taken_from_freelist: 5583.
num_chunk_merges: 3.
num_chunk_splits: 3628.
num_chunks_enlarged: 2259.
num_inconsistent_stats: 0.

CodeHeap 'non-profiled nmethods': size=120000Kb used=5771Kb max_used=5771Kb free=114228Kb
 bounds [0x00000207c9b70000, 0x00000207ca140000, 0x00000207d10a0000]
CodeHeap 'profiled nmethods': size=120000Kb used=12078Kb max_used=15117Kb free=107922Kb
 bounds [0x00000207c20a0000, 0x00000207c2f70000, 0x00000207c95d0000]
CodeHeap 'non-nmethods': size=5760Kb used=2598Kb max_used=2665Kb free=3161Kb
 bounds [0x00000207c95d0000, 0x00000207c9880000, 0x00000207c9b70000]
CodeCache: size=245760Kb, used=20447Kb, max_used=23553Kb, free=225311Kb
 total_blobs=7188, nmethods=6302, adapters=790, full_count=0
Compilation: enabled, stopped_count=0, restarted_count=0

Compilation events (20 events):
Event: 205.127 Thread 0x00000207dd08a560 nmethod 9514 0x00000207c25b4190 code [0x00000207c25b4340, 0x00000207c25b4478]
Event: 205.630 Thread 0x00000207dd08a560 9517       2       org.gradle.internal.tools.api.impl.EnumAnnotationValue::<init> (12 bytes)
Event: 205.631 Thread 0x00000207dd08a560 nmethod 9517 0x00000207c27a4e10 code [0x00000207c27a4fc0, 0x00000207c27a52d0]
Event: 205.647 Thread 0x00000207dd08a560 9518       2       org.gradle.internal.tools.api.impl.SortingAnnotationVisitor::visitEnum (32 bytes)
Event: 205.648 Thread 0x00000207dd08a560 nmethod 9518 0x00000207c287e790 code [0x00000207c287e980, 0x00000207c287edf0]
Event: 205.730 Thread 0x00000207dd08a560 9519       3       org.gradle.internal.tools.api.impl.ApiMemberSelector$1::visitParameterAnnotation (38 bytes)
Event: 205.732 Thread 0x00000207dd08a560 nmethod 9519 0x00000207c2e65210 code [0x00000207c2e654e0, 0x00000207c2e66540]
Event: 205.803 Thread 0x00000207dd08a560 9520       2       java.util.Collections$SingletonSet::iterator (8 bytes)
Event: 205.804 Thread 0x00000207dd08a560 nmethod 9520 0x00000207c2b40b90 code [0x00000207c2b40d40, 0x00000207c2b40f00]
Event: 206.124 Thread 0x00000207dd08a560 9521       1       com.google.common.collect.RegularImmutableList::internalArray (5 bytes)
Event: 206.124 Thread 0x00000207dd08a560 nmethod 9521 0x00000207c9d9ee90 code [0x00000207c9d9f020, 0x00000207c9d9f0f0]
Event: 206.124 Thread 0x00000207dd08a560 9522       1       com.google.common.collect.RegularImmutableList::internalArrayStart (2 bytes)
Event: 206.124 Thread 0x00000207dd08a560 nmethod 9522 0x00000207c9da1710 code [0x00000207c9da18a0, 0x00000207c9da1968]
Event: 206.416 Thread 0x00000207dd089ac0 nmethod 9412 0x00000207ca11df90 code [0x00000207ca11ebc0, 0x00000207ca128898]
Event: 206.417 Thread 0x00000207dd089ac0 9511 %     4       org.objectweb.asm.ClassReader::accept @ 1392 (1419 bytes)
Event: 207.362 Thread 0x00000207dd089ac0 nmethod 9511% 0x00000207ca12f510 code [0x00000207ca12ff00, 0x00000207ca136778]
Event: 207.362 Thread 0x00000207dd089ac0 9523       4       org.objectweb.asm.ClassReader::readMethod (1070 bytes)
Event: 207.835 Thread 0x00000207dd08a560 9539       3       org.gradle.internal.tools.api.impl.ApiMemberSelector::visitAnnotation (33 bytes)
Event: 207.838 Thread 0x00000207dd08a560 nmethod 9539 0x00000207c2ab2d10 code [0x00000207c2ab2fc0, 0x00000207c2ab4018]
Event: 208.265 Thread 0x00000207dd08a560 9544       2       com.google.common.collect.RegularImmutableList::internalArrayEnd (6 bytes)

GC Heap History (20 events):
Event: 186.435 GC heap before
{Heap before GC invocations=87 (full 0):
 garbage-first heap   total 264192K, used 243239K [0x0000000700000000, 0x0000000800000000)
  region size 2048K, 77 young (157696K), 6 survivors (12288K)
 Metaspace       used 67972K, committed 69568K, reserved 1114112K
  class space    used 9337K, committed 10112K, reserved 1048576K
}
Event: 186.444 GC heap after
{Heap after GC invocations=88 (full 0):
 garbage-first heap   total 317440K, used 98278K [0x0000000700000000, 0x0000000800000000)
  region size 2048K, 6 young (12288K), 6 survivors (12288K)
 Metaspace       used 67972K, committed 69568K, reserved 1114112K
  class space    used 9337K, committed 10112K, reserved 1048576K
}
Event: 187.562 GC heap before
{Heap before GC invocations=89 (full 0):
 garbage-first heap   total 317440K, used 276454K [0x0000000700000000, 0x0000000800000000)
  region size 2048K, 93 young (190464K), 6 survivors (12288K)
 Metaspace       used 67972K, committed 69568K, reserved 1114112K
  class space    used 9337K, committed 10112K, reserved 1048576K
}
Event: 187.575 GC heap after
{Heap after GC invocations=90 (full 0):
 garbage-first heap   total 317440K, used 99834K [0x0000000700000000, 0x0000000800000000)
  region size 2048K, 7 young (14336K), 7 survivors (14336K)
 Metaspace       used 67972K, committed 69568K, reserved 1114112K
  class space    used 9337K, committed 10112K, reserved 1048576K
}
Event: 189.173 GC heap before
{Heap before GC invocations=90 (full 0):
 garbage-first heap   total 317440K, used 275962K [0x0000000700000000, 0x0000000800000000)
  region size 2048K, 93 young (190464K), 7 survivors (14336K)
 Metaspace       used 67974K, committed 69568K, reserved 1114112K
  class space    used 9337K, committed 10112K, reserved 1048576K
}
Event: 189.184 GC heap after
{Heap after GC invocations=91 (full 0):
 garbage-first heap   total 317440K, used 100629K [0x0000000700000000, 0x0000000800000000)
  region size 2048K, 7 young (14336K), 7 survivors (14336K)
 Metaspace       used 67974K, committed 69568K, reserved 1114112K
  class space    used 9337K, committed 10112K, reserved 1048576K
}
Event: 192.333 GC heap before
{Heap before GC invocations=91 (full 0):
 garbage-first heap   total 317440K, used 276757K [0x0000000700000000, 0x0000000800000000)
  region size 2048K, 93 young (190464K), 7 survivors (14336K)
 Metaspace       used 67996K, committed 69568K, reserved 1114112K
  class space    used 9337K, committed 10112K, reserved 1048576K
}
Event: 192.344 GC heap after
{Heap after GC invocations=92 (full 0):
 garbage-first heap   total 317440K, used 101333K [0x0000000700000000, 0x0000000800000000)
  region size 2048K, 7 young (14336K), 7 survivors (14336K)
 Metaspace       used 67996K, committed 69568K, reserved 1114112K
  class space    used 9337K, committed 10112K, reserved 1048576K
}
Event: 194.624 GC heap before
{Heap before GC invocations=92 (full 0):
 garbage-first heap   total 317440K, used 277461K [0x0000000700000000, 0x0000000800000000)
  region size 2048K, 93 young (190464K), 7 survivors (14336K)
 Metaspace       used 67996K, committed 69568K, reserved 1114112K
  class space    used 9337K, committed 10112K, reserved 1048576K
}
Event: 194.647 GC heap after
{Heap after GC invocations=93 (full 0):
 garbage-first heap   total 317440K, used 102100K [0x0000000700000000, 0x0000000800000000)
  region size 2048K, 7 young (14336K), 7 survivors (14336K)
 Metaspace       used 67996K, committed 69568K, reserved 1114112K
  class space    used 9337K, committed 10112K, reserved 1048576K
}
Event: 195.806 GC heap before
{Heap before GC invocations=93 (full 0):
 garbage-first heap   total 317440K, used 278228K [0x0000000700000000, 0x0000000800000000)
  region size 2048K, 93 young (190464K), 7 survivors (14336K)
 Metaspace       used 67996K, committed 69568K, reserved 1114112K
  class space    used 9337K, committed 10112K, reserved 1048576K
}
Event: 195.818 GC heap after
{Heap after GC invocations=94 (full 0):
 garbage-first heap   total 317440K, used 103390K [0x0000000700000000, 0x0000000800000000)
  region size 2048K, 7 young (14336K), 7 survivors (14336K)
 Metaspace       used 67996K, committed 69568K, reserved 1114112K
  class space    used 9337K, committed 10112K, reserved 1048576K
}
Event: 196.584 GC heap before
{Heap before GC invocations=94 (full 0):
 garbage-first heap   total 317440K, used 279518K [0x0000000700000000, 0x0000000800000000)
  region size 2048K, 93 young (190464K), 7 survivors (14336K)
 Metaspace       used 67999K, committed 69568K, reserved 1114112K
  class space    used 9337K, committed 10112K, reserved 1048576K
}
Event: 196.596 GC heap after
{Heap after GC invocations=95 (full 0):
 garbage-first heap   total 317440K, used 104190K [0x0000000700000000, 0x0000000800000000)
  region size 2048K, 7 young (14336K), 7 survivors (14336K)
 Metaspace       used 67999K, committed 69568K, reserved 1114112K
  class space    used 9337K, committed 10112K, reserved 1048576K
}
Event: 197.415 GC heap before
{Heap before GC invocations=95 (full 0):
 garbage-first heap   total 317440K, used 280318K [0x0000000700000000, 0x0000000800000000)
  region size 2048K, 93 young (190464K), 7 survivors (14336K)
 Metaspace       used 68002K, committed 69568K, reserved 1114112K
  class space    used 9337K, committed 10112K, reserved 1048576K
}
Event: 197.427 GC heap after
{Heap after GC invocations=96 (full 0):
 garbage-first heap   total 317440K, used 105411K [0x0000000700000000, 0x0000000800000000)
  region size 2048K, 7 young (14336K), 7 survivors (14336K)
 Metaspace       used 68002K, committed 69568K, reserved 1114112K
  class space    used 9337K, committed 10112K, reserved 1048576K
}
Event: 198.218 GC heap before
{Heap before GC invocations=96 (full 0):
 garbage-first heap   total 317440K, used 281539K [0x0000000700000000, 0x0000000800000000)
  region size 2048K, 93 young (190464K), 7 survivors (14336K)
 Metaspace       used 68002K, committed 69568K, reserved 1114112K
  class space    used 9337K, committed 10112K, reserved 1048576K
}
Event: 198.233 GC heap after
{Heap after GC invocations=97 (full 0):
 garbage-first heap   total 438272K, used 106141K [0x0000000700000000, 0x0000000800000000)
  region size 2048K, 7 young (14336K), 7 survivors (14336K)
 Metaspace       used 68002K, committed 69568K, reserved 1114112K
  class space    used 9337K, committed 10112K, reserved 1048576K
}
Event: 206.913 GC heap before
{Heap before GC invocations=97 (full 0):
 garbage-first heap   total 438272K, used 360093K [0x0000000700000000, 0x0000000800000000)
  region size 2048K, 128 young (262144K), 7 survivors (14336K)
 Metaspace       used 68312K, committed 69888K, reserved 1114112K
  class space    used 9371K, committed 10112K, reserved 1048576K
}
Event: 206.942 GC heap after
{Heap after GC invocations=98 (full 0):
 garbage-first heap   total 438272K, used 106710K [0x0000000700000000, 0x0000000800000000)
  region size 2048K, 4 young (8192K), 4 survivors (8192K)
 Metaspace       used 68312K, committed 69888K, reserved 1114112K
  class space    used 9371K, committed 10112K, reserved 1048576K
}

Dll operation events (3 events):
Event: 0.086 Loaded shared library D:\Android Studio\jbr\bin\java.dll
Event: 0.113 Loaded shared library D:\Android Studio\jbr\bin\zip.dll
Event: 2.116 Loaded shared library D:\Android Studio\jbr\bin\verify.dll

Deoptimization events (20 events):
Event: 205.149 Thread 0x00000207dd485370 DEOPT PACKING pc=0x00000207c2f0cf3a sp=0x000000cbdbaf70d0
Event: 205.149 Thread 0x00000207dd485370 DEOPT UNPACKING pc=0x00000207c9624bc2 sp=0x000000cbdbaf67e0 mode 0
Event: 205.194 Thread 0x00000207dd485370 DEOPT PACKING pc=0x00000207c2f0cf3a sp=0x000000cbdbaf70d0
Event: 205.194 Thread 0x00000207dd485370 DEOPT UNPACKING pc=0x00000207c9624bc2 sp=0x000000cbdbaf67e0 mode 0
Event: 205.357 Thread 0x00000207dd485370 DEOPT PACKING pc=0x00000207c2f0cf3a sp=0x000000cbdbaf70d0
Event: 205.357 Thread 0x00000207dd485370 DEOPT UNPACKING pc=0x00000207c9624bc2 sp=0x000000cbdbaf67e0 mode 0
Event: 205.398 Thread 0x00000207dd485370 DEOPT PACKING pc=0x00000207c2f0cf3a sp=0x000000cbdbaf70d0
Event: 205.398 Thread 0x00000207dd485370 DEOPT UNPACKING pc=0x00000207c9624bc2 sp=0x000000cbdbaf67e0 mode 0
Event: 205.467 Thread 0x00000207dd485370 DEOPT PACKING pc=0x00000207c2f0cf3a sp=0x000000cbdbaf70d0
Event: 205.467 Thread 0x00000207dd485370 DEOPT UNPACKING pc=0x00000207c9624bc2 sp=0x000000cbdbaf67e0 mode 0
Event: 205.525 Thread 0x00000207dd485370 DEOPT PACKING pc=0x00000207c2f0cf3a sp=0x000000cbdbaf70d0
Event: 205.525 Thread 0x00000207dd485370 DEOPT UNPACKING pc=0x00000207c9624bc2 sp=0x000000cbdbaf67e0 mode 0
Event: 205.917 Thread 0x00000207dd485370 DEOPT PACKING pc=0x00000207c2f0cf3a sp=0x000000cbdbaf70d0
Event: 205.917 Thread 0x00000207dd485370 DEOPT UNPACKING pc=0x00000207c9624bc2 sp=0x000000cbdbaf67e0 mode 0
Event: 205.990 Thread 0x00000207dd485370 DEOPT PACKING pc=0x00000207c2f0cf3a sp=0x000000cbdbaf70d0
Event: 205.990 Thread 0x00000207dd485370 DEOPT UNPACKING pc=0x00000207c9624bc2 sp=0x000000cbdbaf67e0 mode 0
Event: 206.056 Thread 0x00000207dd485370 DEOPT PACKING pc=0x00000207c2f0cf3a sp=0x000000cbdbaf70d0
Event: 206.056 Thread 0x00000207dd485370 DEOPT UNPACKING pc=0x00000207c9624bc2 sp=0x000000cbdbaf67e0 mode 0
Event: 206.165 Thread 0x00000207dd485370 DEOPT PACKING pc=0x00000207c2f0cf3a sp=0x000000cbdbaf70d0
Event: 206.165 Thread 0x00000207dd485370 DEOPT UNPACKING pc=0x00000207c9624bc2 sp=0x000000cbdbaf67e0 mode 0

Classes loaded (20 events):
Event: 102.517 Loading class java/lang/ClassCustomizer
Event: 102.517 Loading class java/lang/ClassCustomizer done
Event: 115.284 Loading class java/util/Collections$SynchronizedRandomAccessList
Event: 115.303 Loading class java/util/Collections$SynchronizedList
Event: 115.315 Loading class java/util/Collections$SynchronizedList done
Event: 115.315 Loading class java/util/Collections$SynchronizedRandomAccessList done
Event: 123.114 Loading class java/nio/charset/UnsupportedCharsetException
Event: 123.135 Loading class java/nio/charset/UnsupportedCharsetException done
Event: 123.170 Loading class java/util/Collections$UnmodifiableSortedMap
Event: 123.224 Loading class java/util/Collections$UnmodifiableSortedMap done
Event: 123.259 Loading class java/util/zip/Deflater
Event: 123.267 Loading class java/util/zip/Deflater done
Event: 123.320 Loading class java/util/zip/Deflater$DeflaterZStreamRef
Event: 123.324 Loading class java/util/zip/Deflater$DeflaterZStreamRef done
Event: 123.559 Loading class java/util/zip/ZipFile$ZipEntryIterator
Event: 123.582 Loading class java/util/zip/ZipFile$ZipEntryIterator done
Event: 123.924 Loading class java/nio/StringCharBuffer
Event: 123.926 Loading class java/nio/StringCharBuffer done
Event: 153.862 Loading class java/util/regex/Pattern$Caret
Event: 153.884 Loading class java/util/regex/Pattern$Caret done

Classes unloaded (12 events):
Event: 121.723 Thread 0x00000207dd012460 Unloading class 0x000000080095c988 '_BuildScript_$_run_closure1$_closure2'
Event: 121.724 Thread 0x00000207dd012460 Unloading class 0x000000080095c568 '_BuildScript_$_run_closure1'
Event: 121.724 Thread 0x00000207dd012460 Unloading class 0x000000080095c000 '_BuildScript_'
Event: 155.395 Thread 0x00000207dd012460 Unloading class 0x0000000800985a08 '_BuildScript_$_run_closure1$_closure3'
Event: 155.396 Thread 0x00000207dd012460 Unloading class 0x00000008009855e8 '_BuildScript_$_run_closure1$_closure2'
Event: 155.396 Thread 0x00000207dd012460 Unloading class 0x00000008009851c8 '_BuildScript_$_run_closure1'
Event: 155.397 Thread 0x00000207dd012460 Unloading class 0x0000000800984c60 '_BuildScript_'
Event: 155.397 Thread 0x00000207dd012460 Unloading class 0x0000000800984840 'JetGradlePlugin$_apply_closure1$_closure2$_closure3'
Event: 155.397 Thread 0x00000207dd012460 Unloading class 0x0000000800984420 'JetGradlePlugin$_apply_closure1$_closure2'
Event: 155.397 Thread 0x00000207dd012460 Unloading class 0x0000000800984000 'JetGradlePlugin$_apply_closure1'
Event: 155.397 Thread 0x00000207dd012460 Unloading class 0x000000080097db00 'JetGradlePlugin'
Event: 155.397 Thread 0x00000207dd012460 Unloading class 0x000000080097d800 'RegistryProcessor'

Classes redefined (0 events):
No events

Internal exceptions (20 events):
Event: 179.086 Thread 0x00000207de2627c0 Exception <a 'sun/nio/fs/WindowsException'{0x000000070be025f0}> (0x000000070be025f0) 
thrown [s\src\hotspot\share\prims\jni.cpp, line 537]
Event: 179.120 Thread 0x00000207de2627c0 Exception <a 'sun/nio/fs/WindowsException'{0x000000070bb04f48}> (0x000000070bb04f48) 
thrown [s\src\hotspot\share\prims\jni.cpp, line 537]
Event: 189.076 Thread 0x00000207de2627c0 Exception <a 'sun/nio/fs/WindowsException'{0x00000007096020a0}> (0x00000007096020a0) 
thrown [s\src\hotspot\share\prims\jni.cpp, line 537]
Event: 189.085 Thread 0x00000207de2627c0 Exception <a 'sun/nio/fs/WindowsException'{0x0000000709409d38}> (0x0000000709409d38) 
thrown [s\src\hotspot\share\prims\jni.cpp, line 537]
Event: 198.779 Thread 0x00000207dd485370 Exception <a 'sun/nio/fs/WindowsException'{0x000000071420d9a0}> (0x000000071420d9a0) 
thrown [s\src\hotspot\share\prims\jni.cpp, line 537]
Event: 198.792 Thread 0x00000207dd485370 Exception <a 'sun/nio/fs/WindowsException'{0x000000071420db30}> (0x000000071420db30) 
thrown [s\src\hotspot\share\prims\jni.cpp, line 537]
Event: 199.078 Thread 0x00000207de2627c0 Exception <a 'sun/nio/fs/WindowsException'{0x00000007143062d8}> (0x00000007143062d8) 
thrown [s\src\hotspot\share\prims\jni.cpp, line 537]
Event: 199.099 Thread 0x00000207de2627c0 Exception <a 'sun/nio/fs/WindowsException'{0x0000000714314d18}> (0x0000000714314d18) 
thrown [s\src\hotspot\share\prims\jni.cpp, line 537]
Event: 202.002 Thread 0x00000207dd485370 Implicit null exception at 0x00000207c9de1a7c to 0x00000207c9de2078
Event: 202.153 Thread 0x00000207dd485370 Implicit null exception at 0x00000207ca0c9551 to 0x00000207ca0ca01c
Event: 202.217 Thread 0x00000207dd485370 Implicit null exception at 0x00000207c9c75e68 to 0x00000207c9c76628
Event: 202.218 Thread 0x00000207dd485370 Implicit null exception at 0x00000207c9f5eab6 to 0x00000207c9f61108
Event: 202.218 Thread 0x00000207dd485370 Implicit null exception at 0x00000207c9ba4ade to 0x00000207c9ba4b14
Event: 202.425 Thread 0x00000207dd485370 Implicit null exception at 0x00000207c9fd3bb1 to 0x00000207c9fd7014
Event: 202.501 Thread 0x00000207dd485370 Implicit null exception at 0x00000207ca0cff2c to 0x00000207ca0d3735
Event: 202.502 Thread 0x00000207dd485370 Implicit null exception at 0x00000207c9f0d25e to 0x00000207c9f0d354
Event: 202.621 Thread 0x00000207dd485370 Implicit null exception at 0x00000207ca0c805e to 0x00000207ca0c8094
Event: 202.627 Thread 0x00000207dd485370 Implicit null exception at 0x00000207c9c9cd7e to 0x00000207c9c9ce41
Event: 202.635 Thread 0x00000207dd485370 Implicit null exception at 0x00000207ca0ac5e6 to 0x00000207ca0ac9dc
Event: 203.404 Thread 0x00000207dd485370 Implicit null exception at 0x00000207c9de8762 to 0x00000207c9deb4e4

ZGC Phase Switch (0 events):
No events

VM Operations (20 events):
Event: 197.415 Executing VM operation: G1CollectForAllocation (G1 Evacuation Pause)
Event: 197.427 Executing VM operation: G1CollectForAllocation (G1 Evacuation Pause) done
Event: 198.218 Executing VM operation: G1CollectForAllocation (G1 Evacuation Pause)
Event: 198.233 Executing VM operation: G1CollectForAllocation (G1 Evacuation Pause) done
Event: 200.243 Executing VM operation: Cleanup
Event: 200.243 Executing VM operation: Cleanup done
Event: 202.257 Executing VM operation: Cleanup
Event: 202.289 Executing VM operation: Cleanup done
Event: 203.300 Executing VM operation: Cleanup
Event: 203.316 Executing VM operation: Cleanup done
Event: 204.324 Executing VM operation: Cleanup
Event: 204.325 Executing VM operation: Cleanup done
Event: 205.339 Executing VM operation: Cleanup
Event: 205.355 Executing VM operation: Cleanup done
Event: 206.360 Executing VM operation: Cleanup
Event: 206.360 Executing VM operation: Cleanup done
Event: 206.913 Executing VM operation: G1CollectForAllocation (G1 Evacuation Pause)
Event: 206.942 Executing VM operation: G1CollectForAllocation (G1 Evacuation Pause) done
Event: 207.946 Executing VM operation: Cleanup
Event: 207.947 Executing VM operation: Cleanup done

Memory protections (0 events):
No events

Nmethod flushes (20 events):
Event: 173.264 Thread 0x00000207dd012460 flushing  nmethod 0x00000207c2345610
Event: 173.264 Thread 0x00000207dd012460 flushing  nmethod 0x00000207c2756890
Event: 173.264 Thread 0x00000207dd012460 flushing  nmethod 0x00000207c2108590
Event: 173.264 Thread 0x00000207dd012460 flushing  nmethod 0x00000207c2151d10
Event: 173.264 Thread 0x00000207dd012460 flushing  nmethod 0x00000207c2f19a90
Event: 173.264 Thread 0x00000207dd012460 flushing  nmethod 0x00000207c2f42d90
Event: 176.011 Thread 0x00000207dd012460 flushing  nmethod 0x00000207c24bd890
Event: 176.011 Thread 0x00000207dd012460 flushing  nmethod 0x00000207c21a3b90
Event: 178.912 Thread 0x00000207dd012460 flushing  nmethod 0x00000207c221ee10
Event: 181.508 Thread 0x00000207dd012460 flushing  nmethod 0x00000207c25ae010
Event: 181.508 Thread 0x00000207dd012460 flushing  nmethod 0x00000207c2f1aa10
Event: 183.347 Thread 0x00000207dd012460 flushing  nmethod 0x00000207c2e79290
Event: 183.348 Thread 0x00000207dd012460 flushing  nmethod 0x00000207c9fb0890
Event: 183.348 Thread 0x00000207dd012460 flushing  nmethod 0x00000207ca08c090
Event: 183.348 Thread 0x00000207dd012460 flushing  nmethod 0x00000207c2f1fe10
Event: 183.348 Thread 0x00000207dd012460 flushing  nmethod 0x00000207c224a010
Event: 183.348 Thread 0x00000207dd012460 flushing  nmethod 0x00000207c2a90d90
Event: 183.348 Thread 0x00000207dd012460 flushing  nmethod 0x00000207c2a91b10
Event: 184.852 Thread 0x00000207dd012460 flushing  nmethod 0x00000207c2e53210
Event: 184.852 Thread 0x00000207dd012460 flushing  nmethod 0x00000207c2104e90

Events (20 events):
Event: 62.385 Thread 0x00000207dd485370 Thread added: 0x00000207e071c630
Event: 62.410 Thread 0x00000207dd485370 Thread added: 0x00000207e07228a0
Event: 62.417 Thread 0x00000207dd485370 Thread added: 0x00000207e07235c0
Event: 62.435 Thread 0x00000207dd485370 Thread added: 0x00000207e0720140
Event: 62.484 Thread 0x00000207dd485370 Thread added: 0x00000207e0722f30
Event: 62.501 Thread 0x00000207dd485370 Thread added: 0x00000207e0723c50
Event: 62.509 Thread 0x00000207dd485370 Thread added: 0x00000207e07207d0
Event: 62.779 Thread 0x00000207dd485370 Thread added: 0x00000207e0720e60
Event: 62.790 Thread 0x00000207dd485370 Thread added: 0x00000207e0722210
Event: 62.793 Thread 0x00000207dd485370 Thread added: 0x00000207e07214f0
Event: 62.795 Thread 0x00000207dd485370 Thread added: 0x00000207e0721b80
Event: 62.801 Thread 0x00000207dd485370 Thread added: 0x00000207dff47e60
Event: 62.809 Thread 0x00000207dd485370 Thread added: 0x00000207dff49210
Event: 62.815 Thread 0x00000207dd485370 Thread added: 0x00000207dff48b80
Event: 145.227 Thread 0x00000207dd08a560 Thread added: 0x00000207dfedd370
Event: 146.079 Thread 0x00000207dfedd370 Thread exited: 0x00000207dfedd370
Event: 146.695 Thread 0x00000207dd08a560 Thread added: 0x00000207dfedd370
Event: 149.710 Thread 0x00000207dfedd370 Thread added: 0x00000207dd43d260
Event: 149.869 Thread 0x00000207dd43d260 Thread exited: 0x00000207dd43d260
Event: 150.529 Thread 0x00000207dfedd370 Thread exited: 0x00000207dfedd370


Dynamic libraries:
0x00007ff6e8400000 - 0x00007ff6e840a000 	D:\Android Studio\jbr\bin\java.exe
0x00007ff904d20000 - 0x00007ff904f87000 	C:\WINDOWS\SYSTEM32\ntdll.dll
0x00007ff902ab0000 - 0x00007ff902b79000 	C:\WINDOWS\System32\KERNEL32.DLL
0x00007ff9015f0000 - 0x00007ff9019e4000 	C:\WINDOWS\System32\KERNELBASE.dll
0x00007ff902730000 - 0x00007ff90287b000 	C:\WINDOWS\System32\ucrtbase.dll
0x00007ff8f30d0000 - 0x00007ff8f30eb000 	D:\Android Studio\jbr\bin\VCRUNTIME140.dll
0x00007ff8ec6e0000 - 0x00007ff8ec6f8000 	D:\Android Studio\jbr\bin\jli.dll
0x00007ff902c10000 - 0x00007ff902dd5000 	C:\WINDOWS\System32\USER32.dll
0x00007ff902880000 - 0x00007ff9028a7000 	C:\WINDOWS\System32\win32u.dll
0x00007ff9044c0000 - 0x00007ff9044eb000 	C:\WINDOWS\System32\GDI32.dll
0x00007ff902260000 - 0x00007ff90238b000 	C:\WINDOWS\System32\gdi32full.dll
0x00007ff902940000 - 0x00007ff9029e3000 	C:\WINDOWS\System32\msvcp_win.dll
0x00007ff8eebd0000 - 0x00007ff8eee63000 	C:\WINDOWS\WinSxS\amd64_microsoft.windows.common-controls_6595b64144ccf1df_6.0.26100.8115_none_3e075c82e3354f9c\COMCTL32.dll
0x00007ff903b10000 - 0x00007ff903bb9000 	C:\WINDOWS\System32\msvcrt.dll
0x00007ff903930000 - 0x00007ff903962000 	C:\WINDOWS\System32\IMM32.DLL
0x0000000055cb0000 - 0x0000000055cbc000 	C:\Program Files (x86)\360\Total Security\safemon\SafeWrapper.dll
0x00007ff903870000 - 0x00007ff903926000 	C:\WINDOWS\System32\ADVAPI32.dll
0x00007ff904610000 - 0x00007ff9046b7000 	C:\WINDOWS\System32\sechost.dll
0x00007ff9044f0000 - 0x00007ff904608000 	C:\WINDOWS\System32\RPCRT4.dll
0x00007ff89b560000 - 0x00007ff89b60c000 	C:\Program Files (x86)\360\Total Security\safemon\libzdtp64.dll
0x00007ff902f20000 - 0x00007ff903687000 	C:\WINDOWS\System32\SHELL32.dll
0x00007ff902390000 - 0x00007ff9024fa000 	C:\WINDOWS\System32\wintypes.dll
0x00007ff904950000 - 0x00007ff904cd2000 	C:\WINDOWS\System32\combase.dll
0x00007ff9043f0000 - 0x00007ff904456000 	C:\WINDOWS\System32\SHLWAPI.dll
0x00007ff9019f0000 - 0x00007ff902258000 	C:\WINDOWS\System32\Windows.Storage.dll
0x00007ff9010d0000 - 0x00007ff9010db000 	C:\WINDOWS\SYSTEM32\VERSION.dll
0x00007ff8f59e0000 - 0x00007ff8f59ec000 	D:\Android Studio\jbr\bin\vcruntime140_1.dll
0x00007ff89bde0000 - 0x00007ff89be6d000 	D:\Android Studio\jbr\bin\msvcp140.dll
0x00007ff845970000 - 0x00007ff846606000 	D:\Android Studio\jbr\bin\server\jvm.dll
0x00007ff9048a0000 - 0x00007ff904920000 	C:\WINDOWS\System32\WS2_32.dll
0x00007ff8f8ba0000 - 0x00007ff8f8bd6000 	C:\WINDOWS\SYSTEM32\WINMM.dll
0x00007ff901450000 - 0x00007ff9014ae000 	C:\WINDOWS\SYSTEM32\POWRPROF.dll
0x00007ff901430000 - 0x00007ff901444000 	C:\WINDOWS\SYSTEM32\UMPDC.dll
0x00007ff900310000 - 0x00007ff90032b000 	C:\WINDOWS\SYSTEM32\kernel.appcore.dll
0x00007ff8f2c30000 - 0x00007ff8f2c3a000 	D:\Android Studio\jbr\bin\jimage.dll
0x00007ff8f4360000 - 0x00007ff8f45a2000 	C:\WINDOWS\SYSTEM32\DBGHELP.DLL
0x00007ff904210000 - 0x00007ff9042e8000 	C:\WINDOWS\System32\OLEAUT32.dll
0x00007ff8f08b0000 - 0x00007ff8f08eb000 	C:\WINDOWS\SYSTEM32\dbgcore.DLL
0x00007ff902500000 - 0x00007ff9025a5000 	C:\WINDOWS\System32\bcryptPrimitives.dll
0x00007ff8e81f0000 - 0x00007ff8e81fe000 	D:\Android Studio\jbr\bin\instrument.dll
0x00007ff8e29e0000 - 0x00007ff8e2a00000 	D:\Android Studio\jbr\bin\java.dll
0x00007ff8d7a80000 - 0x00007ff8d7a98000 	D:\Android Studio\jbr\bin\zip.dll
0x00007ff903770000 - 0x00007ff903868000 	C:\WINDOWS\System32\SHCORE.dll
0x00007ff901510000 - 0x00007ff901539000 	C:\WINDOWS\SYSTEM32\profapi.dll
0x00007ff8e6340000 - 0x00007ff8e6350000 	D:\Android Studio\jbr\bin\net.dll
0x00007ff8f83d0000 - 0x00007ff8f84fd000 	C:\WINDOWS\SYSTEM32\WINHTTP.dll
0x00007ff900880000 - 0x00007ff9008ec000 	C:\WINDOWS\system32\mswsock.dll
0x00007ff8d79d0000 - 0x00007ff8d79e6000 	D:\Android Studio\jbr\bin\nio.dll
0x00007ff8e2850000 - 0x00007ff8e2860000 	D:\Android Studio\jbr\bin\verify.dll
0x00007ff8de740000 - 0x00007ff8de767000 	C:\Users\LENOVO\.gradle\native\c067742578af261105cb4f569cf0c3c89f3d7b1fecec35dd04571415982c5e48\windows-amd64\native-platform.dll
0x00007ff8ab180000 - 0x00007ff8ab2c4000 	C:\Users\LENOVO\.gradle\native\100fb08df4bc3b14c8652ba06237920a3bd2aa13389f12d3474272988ae205f9\windows-amd64\native-platform-file-events.dll
0x00007ff8d98d0000 - 0x00007ff8d98d9000 	D:\Android Studio\jbr\bin\management.dll
0x00007ff8d7a70000 - 0x00007ff8d7a7b000 	D:\Android Studio\jbr\bin\management_ext.dll
0x00007ff903bc0000 - 0x00007ff903bc8000 	C:\WINDOWS\System32\PSAPI.DLL
0x00007ff900b60000 - 0x00007ff900b7b000 	C:\WINDOWS\SYSTEM32\CRYPTSP.dll
0x00007ff900270000 - 0x00007ff9002a9000 	C:\WINDOWS\system32\rsaenh.dll
0x00007ff900930000 - 0x00007ff900963000 	C:\WINDOWS\SYSTEM32\USERENV.dll
0x00007ff9014e0000 - 0x00007ff90150a000 	C:\WINDOWS\SYSTEM32\bcrypt.dll
0x00007ff900b80000 - 0x00007ff900b8c000 	C:\WINDOWS\SYSTEM32\CRYPTBASE.dll
0x00007ff8ffcf0000 - 0x00007ff8ffd22000 	C:\WINDOWS\SYSTEM32\IPHLPAPI.DLL
0x00007ff903760000 - 0x00007ff90376a000 	C:\WINDOWS\System32\NSI.dll
0x00007ff8e2310000 - 0x00007ff8e2319000 	D:\Android Studio\jbr\bin\extnet.dll
0x00007ff897c70000 - 0x00007ff897c78000 	C:\WINDOWS\system32\wshunix.dll

JVMTI agents:
C:\Users\LENOVO\.gradle\wrapper\dists\gradle-8.11.1-bin\bpt9gzteqjrbo1mjrsomdt32c\gradle-8.11.1\lib\agents\gradle-instrumentation-agent-8.11.1.jar path:D:\Android Studio\jbr\bin\instrument.dll, loaded, initialized, instrumentlib options:none

dbghelp: loaded successfully - version: 4.0.5 - missing functions: none
symbol engine: initialized successfully - sym options: 0x614 - pdb path: .;D:\Android Studio\jbr\bin;C:\WINDOWS\SYSTEM32;C:\WINDOWS\WinSxS\amd64_microsoft.windows.common-controls_6595b64144ccf1df_6.0.26100.8115_none_3e075c82e3354f9c;C:\Program Files (x86)\360\Total Security\safemon;D:\Android Studio\jbr\bin\server;C:\Users\LENOVO\.gradle\native\c067742578af261105cb4f569cf0c3c89f3d7b1fecec35dd04571415982c5e48\windows-amd64;C:\Users\LENOVO\.gradle\native\100fb08df4bc3b14c8652ba06237920a3bd2aa13389f12d3474272988ae205f9\windows-amd64

VM Arguments:
jvm_args: --add-opens=java.base/java.lang=ALL-UNNAMED --add-opens=java.base/java.lang.invoke=ALL-UNNAMED --add-opens=java.base/java.util=ALL-UNNAMED --add-opens=java.prefs/java.util.prefs=ALL-UNNAMED --add-exports=jdk.compiler/com.sun.tools.javac.api=ALL-UNNAMED --add-exports=jdk.compiler/com.sun.tools.javac.util=ALL-UNNAMED --add-opens=java.base/java.util=ALL-UNNAMED --add-opens=java.prefs/java.util.prefs=ALL-UNNAMED --add-opens=java.base/java.nio.charset=ALL-UNNAMED --add-opens=java.base/java.net=ALL-UNNAMED --add-opens=java.base/java.util.concurrent.atomic=ALL-UNNAMED --add-opens=java.xml/javax.xml.namespace=ALL-UNNAMED -Xmx4096M -Dfile.encoding=UTF-8 -Duser.country=ID -Duser.language=en -Duser.variant -javaagent:C:\Users\LENOVO\.gradle\wrapper\dists\gradle-8.11.1-bin\bpt9gzteqjrbo1mjrsomdt32c\gradle-8.11.1\lib\agents\gradle-instrumentation-agent-8.11.1.jar 
java_command: org.gradle.launcher.daemon.bootstrap.GradleDaemon 8.11.1
java_class_path (initial): C:\Users\LENOVO\.gradle\wrapper\dists\gradle-8.11.1-bin\bpt9gzteqjrbo1mjrsomdt32c\gradle-8.11.1\lib\gradle-daemon-main-8.11.1.jar
Launcher Type: SUN_STANDARD

[Global flags]
     intx CICompilerCount                          = 4                                         {product} {ergonomic}
     uint ConcGCThreads                            = 2                                         {product} {ergonomic}
     uint G1ConcRefinementThreads                  = 8                                         {product} {ergonomic}
   size_t G1HeapRegionSize                         = 2097152                                   {product} {ergonomic}
    uintx GCDrainStackTargetSize                   = 64                                        {product} {ergonomic}
   size_t InitialHeapSize                          = 96468992                                  {product} {ergonomic}
   size_t MarkStackSize                            = 4194304                                   {product} {ergonomic}
   size_t MaxHeapSize                              = 4294967296                                {product} {command line}
   size_t MaxNewSize                               = 2575302656                                {product} {ergonomic}
   size_t MinHeapDeltaBytes                        = 2097152                                   {product} {ergonomic}
   size_t MinHeapSize                              = 8388608                                   {product} {ergonomic}
    uintx NonNMethodCodeHeapSize                   = 5839372                                {pd product} {ergonomic}
    uintx NonProfiledCodeHeapSize                  = 122909434                              {pd product} {ergonomic}
    uintx ProfiledCodeHeapSize                     = 122909434                              {pd product} {ergonomic}
    uintx ReservedCodeCacheSize                    = 251658240                              {pd product} {ergonomic}
     bool SegmentedCodeCache                       = true                                      {product} {ergonomic}
   size_t SoftMaxHeapSize                          = 4294967296                             {manageable} {ergonomic}
     bool UseCompressedOops                        = true                           {product lp64_product} {ergonomic}
     bool UseG1GC                                  = true                                      {product} {ergonomic}
     bool UseLargePagesIndividualAllocation        = false                                  {pd product} {ergonomic}

Logging:
Log output configuration:
 #0: stdout all=warning uptime,level,tags foldmultilines=false
 #1: stderr all=off uptime,level,tags foldmultilines=false

Release file:
JAVA_VERSION="21.0.9" 
MODULES="java.base java.compiler java.datatransfer java.xml java.prefs java.desktop java.instrument java.logging java.management java.security.sasl java.naming java.rmi java.management.rmi java.net.http java.scripting java.security.jgss java.transaction.xa java.sql java.sql.rowset java.xml.crypto java.se java.smartcardio jdk.accessibility jdk.internal.jvmstat jdk.attach jdk.charsets jdk.internal.opt jdk.zipfs jdk.compiler jdk.crypto.ec jdk.crypto.cryptoki jdk.dynalink jdk.hotspot.agent jdk.httpserver jdk.internal.ed jdk.internal.le jdk.internal.vm.ci jdk.jartool jdk.javadoc jdk.jcmd jdk.jdeps jdk.jdwp.agent jdk.jdi jdk.jfr jdk.jlink jdk.jsobject jdk.localedata jdk.management jdk.management.agent jdk.management.jfr jdk.naming.dns jdk.naming.rmi jdk.net jdk.sctp jdk.security.auth jdk.security.jgss jdk.unsupported jdk.unsupported.desktop jdk.xml.dom" 
IMPLEMENTOR="JetBrains s.r.o." 
JAVA_RUNTIME_VERSION="21.0.9+-14649483-b1163.86" 
LIBC="default" 
OS_ARCH="x86_64" 
OS_NAME="Windows" 
SOURCE=".:git:554d0c326095" 

Environment Variables:
PATH=C:\WINDOWS\system32;C:\WINDOWS;C:\WINDOWS\System32\Wbem;C:\WINDOWS\System32\WindowsPowerShell\v1.0\;C:\WINDOWS\System32\OpenSSH\;C:\Users\LENOVO\Downloads\php-8.4.13-nts-Win32-vs17-x64;C:\composer;C:\php-8.4.13;C:\Program Files\nodejs\;D:\Git\cmd;C:\Program Files\PostgreSQL\18\bin;C:\Users\LENOVO\AppData\Local\Microsoft\WindowsApps;C:\Users\LENOVO\AppData\Local\Programs\Microsoft VS Code\bin;C:\Users\LENOVO\AppData\Roaming\Composer\vendor\bin;C:\Users\LENOVO\AppData\Roaming\npm;C:\Program Files\PostgreSQL\18\bin;
USERNAME=LENOVO
OS=Windows_NT
PROCESSOR_IDENTIFIER=AMD64 Family 23 Model 160 Stepping 0, AuthenticAMD
TMP=C:\Users\LENOVO\AppData\Local\Temp
TEMP=C:\Users\LENOVO\AppData\Local\Temp




Periodic native trim disabled

JNI global refs:
JNI global refs: 29, weak refs: 46

JNI global refs memory usage: 835, weak refs: 833

Process memory usage:
Resident Set Size: 322528K (5% of 6018300K total physical memory with 281584K free physical memory)

OOME stack traces (most recent first):
Classloader memory used:
Loader org.gradle.internal.classloader.VisitableURLClassLoader                         : 35871K
Loader bootstrap                                                                       : 23396K
Loader org.gradle.initialization.MixInLegacyTypesClassLoader                           : 6632K
Loader org.gradle.internal.classloader.VisitableURLClassLoader                         : 768K
Loader org.gradle.internal.classloader.VisitableURLClassLoader$InstrumentingVisitableURLClassLoader: 587K
Loader jdk.internal.loader.ClassLoaders$PlatformClassLoader                            : 501K
Loader jdk.internal.loader.ClassLoaders$AppClassLoader                                 : 234K
Loader jdk.internal.reflect.DelegatingClassLoader                                      : 196K
Loader org.gradle.groovy.scripts.internal.DefaultScriptCompilationHandler$ScriptClassLoader: 90080B
Loader org.codehaus.groovy.runtime.callsite.CallSiteClassLoader                        : 49032B

Classes loaded by more than one classloader:
Class org.gradle.internal.IoActions                                                   : loaded 3 times (x 71B)
Class org.gradle.api.Action                                                           : loaded 3 times (x 70B)
Class org.gradle.api.GradleException                                                  : loaded 3 times (x 82B)
Class org.gradle.api.internal.classpath.ManifestUtil                                  : loaded 2 times (x 71B)
Class com.google.common.collect.UnmodifiableListIterator                              : loaded 2 times (x 95B)
Class org.gradle.internal.operations.MultipleBuildOperationFailures                   : loaded 2 times (x 95B)
Class org.gradle.internal.classloader.DefaultClassLoaderFactory                       : loaded 2 times (x 82B)
Class kotlin.collections.AbstractList$Companion                                       : loaded 2 times (x 71B)
Class org.gradle.internal.classloader.ClassLoaderVisitor                              : loaded 2 times (x 76B)
Class org.gradle.api.internal.classpath.EffectiveClassPath                            : loaded 2 times (x 90B)
Class org.gradle.api.internal.DefaultClassPathProvider                                : loaded 2 times (x 76B)
Class [Lorg.gradle.api.internal.ClassPathProvider;                                    : loaded 2 times (x 69B)
Class org.gradle.api.internal.ClassPathProvider                                       : loaded 2 times (x 70B)
Class org.gradle.internal.service.UnknownServiceException                             : loaded 2 times (x 83B)
Class org.gradle.internal.classpath.TransformedClassPath                              : loaded 2 times (x 96B)
Class org.gradle.internal.classloader.InstrumentingClassLoader                        : loaded 2 times (x 70B)
Class com.google.common.collect.Iterators$ArrayItr                                    : loaded 2 times (x 97B)
Class kotlin.enums.EnumEntriesList                                                    : loaded 2 times (x 223B)
Class com.google.common.collect.UnmodifiableIterator                                  : loaded 2 times (x 80B)
Class org.gradle.internal.service.ServiceLocator                                      : loaded 2 times (x 70B)
Class com.google.common.collect.Iterators                                             : loaded 2 times (x 71B)
Class com.google.common.collect.Lists$StringAsImmutableList                           : loaded 2 times (x 207B)
Class org.gradle.internal.InternalTransformer                                         : loaded 2 times (x 70B)
Class org.gradle.internal.time.DefaultTimer                                           : loaded 2 times (x 80B)
Class org.gradle.internal.classloader.ClasspathUtil$1                                 : loaded 2 times (x 76B)
Class org.gradle.api.internal.classpath.DefaultModuleRegistry$DefaultModule           : loaded 2 times (x 86B)
Class com.google.common.collect.AbstractIterator                                      : loaded 2 times (x 82B)
Class com.google.common.collect.AbstractIndexedListIterator                           : loaded 2 times (x 96B)
Class ijInit2_dp1x5nx2xmrnospxzj9zch9sm                                               : loaded 2 times (x 179B)
Class org.gradle.internal.time.DefaultCountdownTimer                                  : loaded 2 times (x 88B)
Class org.gradle.api.internal.classpath.Module                                        : loaded 2 times (x 70B)
Class org.gradle.api.internal.classpath.UnknownModuleException                        : loaded 2 times (x 82B)
Class org.gradle.api.internal.DefaultClassPathRegistry                                : loaded 2 times (x 76B)
Class org.gradle.api.internal.ClassPathRegistry                                       : loaded 2 times (x 70B)
Class org.gradle.internal.classpath.DefaultClassPath$ImmutableUniqueList              : loaded 2 times (x 199B)
Class org.gradle.internal.classloader.ClassLoaderHierarchy                            : loaded 2 times (x 70B)
Class org.gradle.api.UncheckedIOException                                             : loaded 2 times (x 82B)
Class com.google.common.collect.Iterators$1                                           : loaded 2 times (x 81B)
Class kotlin.UninitializedPropertyAccessException                                     : loaded 2 times (x 82B)
Class com.google.common.collect.Iterators$4                                           : loaded 2 times (x 82B)
Class org.gradle.internal.installation.GradleInstallation$1                           : loaded 2 times (x 75B)
Class org.gradle.api.internal.classpath.ModuleRegistry                                : loaded 2 times (x 70B)
Class com.google.common.collect.Iterators$5                                           : loaded 2 times (x 82B)
Class com.google.common.collect.ImmutableCollection                                   : loaded 2 times (x 125B)
Class org.gradle.api.internal.classpath.DefaultModuleRegistry                         : loaded 2 times (x 86B)
Class com.google.common.collect.Lists                                                 : loaded 2 times (x 71B)
Class com.google.common.collect.Iterators$9                                           : loaded 2 times (x 81B)
Class org.gradle.internal.time.MonotonicClock                                         : loaded 2 times (x 77B)
Class org.gradle.internal.service.ServiceLookupException                              : loaded 2 times (x 82B)
Class org.gradle.internal.classloader.ClassLoaderFactory                              : loaded 2 times (x 70B)
Class org.gradle.internal.service.CachingServiceLocator                               : loaded 2 times (x 82B)
Class org.gradle.internal.time.TimeSource                                             : loaded 2 times (x 70B)
Class kotlin.enums.EnumEntries                                                        : loaded 2 times (x 70B)
Class org.gradle.internal.exceptions.ResolutionProvider                               : loaded 2 times (x 70B)
Class org.gradle.internal.classloader.ClasspathUtil                                   : loaded 2 times (x 71B)
Class org.gradle.internal.time.TimeSource$1                                           : loaded 2 times (x 77B)
Class org.gradle.api.specs.Spec                                                       : loaded 2 times (x 70B)
Class org.gradle.internal.time.Clock                                                  : loaded 2 times (x 70B)
Class kotlin.collections.AbstractList                                                 : loaded 2 times (x 197B)
Class kotlin.collections.AbstractCollection                                           : loaded 2 times (x 117B)
Class org.gradle.internal.classloader.VisitableURLClassLoader$InstrumentingVisitableURLClassLoader: loaded 2 times (x 123B)
Class org.gradle.internal.classloader.VisitableURLClassLoader$Spec                    : loaded 2 times (x 74B)
Class org.gradle.internal.classpath.DefaultClassPath                                  : loaded 2 times (x 90B)
Class org.gradle.util.internal.DefaultGradleVersion                                   : loaded 2 times (x 82B)
Class org.gradle.internal.classloader.ClassLoaderSpec                                 : loaded 2 times (x 71B)
Class org.gradle.internal.classloader.VisitableURLClassLoader                         : loaded 2 times (x 117B)
Class org.gradle.internal.classloader.FilteringClassLoader                            : loaded 2 times (x 105B)
Class org.gradle.internal.Cast                                                        : loaded 2 times (x 71B)
Class org.gradle.internal.classpath.DefaultClassPath$ImmutableUniqueList$Builder      : loaded 2 times (x 75B)
Class sync_studio_tooling5510_44alb6r52r7qk66fwqa15b5b4                               : loaded 2 times (x 179B)
Class org.gradle.internal.classpath.ClassPath                                         : loaded 2 times (x 70B)
Class org.gradle.internal.exceptions.NonGradleCauseExceptionsHolder                   : loaded 2 times (x 70B)
Class kotlin.NotImplementedError                                                      : loaded 2 times (x 82B)
Class kotlin.enums.EnumEntriesKt                                                      : loaded 2 times (x 71B)
Class org.gradle.internal.classloader.SystemClassLoaderSpec                           : loaded 2 times (x 71B)
Class org.gradle.internal.exceptions.MultiCauseException                              : loaded 2 times (x 70B)
Class org.gradle.internal.time.CountdownTimer                                         : loaded 2 times (x 70B)
Class kotlin.jvm.internal.Intrinsics                                                  : loaded 2 times (x 71B)
Class org.gradle.tooling.model.ProjectModel                                           : loaded 2 times (x 70B)
Class kotlin.KotlinNullPointerException                                               : loaded 2 times (x 83B)
Class org.gradle.internal.exceptions.DefaultMultiCauseException                       : loaded 2 times (x 95B)
Class com.google.common.base.Preconditions                                            : loaded 2 times (x 71B)
Class com.google.common.collect.PeekingIterator                                       : loaded 2 times (x 70B)
Class org.gradle.internal.time.Time                                                   : loaded 2 times (x 71B)
Class org.gradle.api.internal.classpath.GlobalCacheRootsProvider                      : loaded 2 times (x 70B)
Class kotlin.NoWhenBranchMatchedException                                             : loaded 2 times (x 82B)
Class org.gradle.internal.time.Timer                                                  : loaded 2 times (x 70B)
Class kotlin.jvm.internal.markers.KMappedMarker                                       : loaded 2 times (x 70B)
Class org.gradle.internal.installation.CurrentGradleInstallationLocator               : loaded 2 times (x 71B)
Class com.google.common.collect.ImmutableList                                         : loaded 2 times (x 206B)
Class org.gradle.internal.service.DefaultServiceLocator                               : loaded 2 times (x 83B)
Class org.gradle.util.GradleVersion                                                   : loaded 2 times (x 81B)
Class org.gradle.internal.installation.CurrentGradleInstallation                      : loaded 2 times (x 73B)
Class org.gradle.util.internal.GUtil                                                  : loaded 2 times (x 71B)
Class com.google.common.collect.Iterators$MergingIterator                             : loaded 2 times (x 81B)
Class org.gradle.internal.installation.GradleInstallation                             : loaded 2 times (x 75B)

---------------  S Y S T E M  ---------------

OS:
 Windows 11 , 64 bit Build 26100 (10.0.26100.8246)
OS uptime: 0 days 4:21 hours
Hyper-V role detected

CPU: total 8 (initial active 8) (8 cores per cpu, 2 threads per core) family 23 model 160 stepping 0 microcode 0x8a00006, cx8, cmov, fxsr, ht, mmx, 3dnowpref, sse, sse2, sse3, ssse3, sse4a, sse4.1, sse4.2, popcnt, lzcnt, tsc, tscinvbit, avx, avx2, aes, clmul, bmi1, bmi2, adx, sha, fma, vzeroupper, clflush, clflushopt, hv, rdtscp, rdpid, f16c
Processor Information for the first 8 processors :
  Max Mhz: 2801, Current Mhz: 2801, Mhz Limit: 2801

Memory: 4k page, system-wide physical 5877M (374M free)
TotalPageFile size 24309M (AvailPageFile size 48M)
current process WorkingSet (physical memory assigned to process): 339M, peak: 381M
current process commit charge ("private bytes"): 671M, peak: 683M

vm_info: OpenJDK 64-Bit Server VM (21.0.9+-14649483-b1163.86) for windows-amd64 JRE (21.0.9+-14649483-b1163.86), built on 2025-12-30T22:08:35Z by "builder" with MS VC++ 16.10 / 16.11 (VS2019)

END.
