#
# There is insufficient memory for the Java Runtime Environment to continue.
# Native memory allocation (mmap) failed to map 52428800 bytes. Error detail: G1 virtual space
# Possible reasons:
#   The system is out of physical RAM or swap space
#   This process is running with CompressedOops enabled, and the Java Heap may be blocking the growth of the native heap
# Possible solutions:
#   Reduce memory load on the system
#   Increase physical memory or swap space
#   Check if swap backing store is full
#   Decrease Java heap size (-Xmx/-Xms)
#   Decrease number of Java threads
#   Decrease Java thread stack sizes (-Xss)
#   Set larger code cache with -XX:ReservedCodeCacheSize=
#   JVM is running with Zero Based Compressed Oops mode in which the Java heap is
#     placed in the first 32GB address space. The Java Heap base address is the
#     maximum limit for the native heap growth. Please use -XX:HeapBaseMinAddress
#     to set the Java Heap base and to place the Java Heap above 32GB virtual address.
# This output file may be truncated or incomplete.
#
#  Out of Memory Error (os_windows.cpp:3925), pid=18108, tid=19868
#
# JRE version: OpenJDK Runtime Environment (21.0.9) (build 21.0.9+-14649483-b1163.86)
# Java VM: OpenJDK 64-Bit Server VM (21.0.9+-14649483-b1163.86, mixed mode, tiered, compressed oops, compressed class ptrs, g1 gc, windows-amd64)
# No core dump will be written. Minidumps are not enabled by default on client versions of Windows
#

---------------  S U M M A R Y ------------

Command Line: --add-opens=java.base/java.lang=ALL-UNNAMED --add-opens=java.base/java.lang.invoke=ALL-UNNAMED --add-opens=java.base/java.util=ALL-UNNAMED --add-opens=java.prefs/java.util.prefs=ALL-UNNAMED --add-exports=jdk.compiler/com.sun.tools.javac.api=ALL-UNNAMED --add-exports=jdk.compiler/com.sun.tools.javac.util=ALL-UNNAMED --add-opens=java.base/java.util=ALL-UNNAMED --add-opens=java.prefs/java.util.prefs=ALL-UNNAMED --add-opens=java.base/java.nio.charset=ALL-UNNAMED --add-opens=java.base/java.net=ALL-UNNAMED --add-opens=java.base/java.util.concurrent.atomic=ALL-UNNAMED --add-opens=java.xml/javax.xml.namespace=ALL-UNNAMED -Xmx4096M -Dfile.encoding=UTF-8 -Duser.country=ID -Duser.language=en -Duser.variant -javaagent:C:\Users\LENOVO\.gradle\wrapper\dists\gradle-8.11.1-bin\bpt9gzteqjrbo1mjrsomdt32c\gradle-8.11.1\lib\agents\gradle-instrumentation-agent-8.11.1.jar org.gradle.launcher.daemon.bootstrap.GradleDaemon 8.11.1

Host: AMD Ryzen 5 7520U with Radeon Graphics         , 8 cores, 5G,  Windows 11 , 64 bit Build 26100 (10.0.26100.8246)
Time: Fri May  1 17:33:46 2026 SE Asia Standard Time elapsed time: 67.905990 seconds (0d 0h 1m 7s)

---------------  T H R E A D  ---------------

Current thread (0x000001ea9b6fc360):  VMThread "VM Thread"          [id=19868, stack(0x000000a852900000,0x000000a852a00000) (1024K)]

Stack: [0x000000a852900000,0x000000a852a00000]
Native frames: (J=compiled Java code, j=interpreted, Vv=VM code, C=native code)
V  [jvm.dll+0x6d6c99]
V  [jvm.dll+0x866b83]
V  [jvm.dll+0x86919e]
V  [jvm.dll+0x869883]
V  [jvm.dll+0x280776]
V  [jvm.dll+0x6d3555]
V  [jvm.dll+0x6c6bea]
V  [jvm.dll+0x3587fb]
V  [jvm.dll+0x360476]
V  [jvm.dll+0x3b2646]
V  [jvm.dll+0x3b2918]
V  [jvm.dll+0x32af0c]
V  [jvm.dll+0x32af97]
V  [jvm.dll+0x370e7c]
V  [jvm.dll+0x36f62e]
V  [jvm.dll+0x32a661]
V  [jvm.dll+0x36ed30]
V  [jvm.dll+0x86f608]
V  [jvm.dll+0x870984]
V  [jvm.dll+0x870ec0]
V  [jvm.dll+0x871153]
V  [jvm.dll+0x80f118]
V  [jvm.dll+0x6d54ed]
C  [ucrtbase.dll+0x37b0]
C  [KERNEL32.DLL+0x2e8d7]
C  [ntdll.dll+0x8c3fc]

VM_Operation (0x000000a8542f6b90): G1CollectForAllocation, mode: safepoint, requested by thread 0x000001eaa100dbe0


---------------  P R O C E S S  ---------------

Threads class SMR info:
_java_thread_list=0x000001eaa3a144d0, length=58, elements={
0x000001eaff262230, 0x000001ea9b7496a0, 0x000001ea9b74b4e0, 0x000001ea9b74cfd0,
0x000001ea9b74f240, 0x000001ea9b775230, 0x000001ea9b775c90, 0x000001ea9b7766f0,
0x000001ea9b777cc0, 0x000001ea9b77b520, 0x000001eaa0052b10, 0x000001eaa20db670,
0x000001eaa0216a30, 0x000001eaa2335ff0, 0x000001eaa1189690, 0x000001eaa233d2d0,
0x000001eaa0db0be0, 0x000001eaa100dbe0, 0x000001eaa1626880, 0x000001eaa16275a0,
0x000001eaa1628950, 0x000001eaa16282c0, 0x000001eaa1627c30, 0x000001eaa1628fe0,
0x000001eaa1626f10, 0x000001eaa0143160, 0x000001eaa0145230, 0x000001eaa01465e0,
0x000001eaa01437f0, 0x000001eaa0145f50, 0x000001eaa0143e80, 0x000001eaa0144510,
0x000001eaa0144ba0, 0x000001eaa01458c0, 0x000001eaa2f3bec0, 0x000001eaa2f3cbe0,
0x000001eaa2f3c550, 0x000001eaa2f3d900, 0x000001eaa2f3b830, 0x000001eaa2f3b1a0,
0x000001eaa2555590, 0x000001eaa2555c20, 0x000001eaa25590a0, 0x000001eaa2557660,
0x000001eaa25562b0, 0x000001eaa2559dc0, 0x000001eaa2556940, 0x000001eaa255b170,
0x000001eaa255a450, 0x000001eaa255aae0, 0x000001eaa255b800, 0x000001eaa255be90,
0x000001eaa255c520, 0x000001eaa2f3a480, 0x000001eaa2f3ab10, 0x000001eaa3a0ad00,
0x000001eaa3a0daf0, 0x000001eaa3a0e180
}

Java Threads: ( => current thread )
  0x000001eaff262230 JavaThread "main"                              [_thread_blocked, id=20136, stack(0x000000a852200000,0x000000a852300000) (1024K)]
  0x000001ea9b7496a0 JavaThread "Common-Cleaner"             daemon [_thread_blocked, id=5696, stack(0x000000a852a00000,0x000000a852b00000) (1024K)]
  0x000001ea9b74b4e0 JavaThread "Reference Handler"          daemon [_thread_blocked, id=25252, stack(0x000000a852b00000,0x000000a852c00000) (1024K)]
  0x000001ea9b74cfd0 JavaThread "Finalizer"                  daemon [_thread_blocked, id=25248, stack(0x000000a852c00000,0x000000a852d00000) (1024K)]
  0x000001ea9b74f240 JavaThread "Signal Dispatcher"          daemon [_thread_blocked, id=24660, stack(0x000000a852d00000,0x000000a852e00000) (1024K)]
  0x000001ea9b775230 JavaThread "Attach Listener"            daemon [_thread_blocked, id=22232, stack(0x000000a852e00000,0x000000a852f00000) (1024K)]
  0x000001ea9b775c90 JavaThread "Service Thread"             daemon [_thread_blocked, id=16652, stack(0x000000a852f00000,0x000000a853000000) (1024K)]
  0x000001ea9b7766f0 JavaThread "Monitor Deflation Thread"   daemon [_thread_blocked, id=2568, stack(0x000000a853000000,0x000000a853100000) (1024K)]
  0x000001ea9b777cc0 JavaThread "C2 CompilerThread0"         daemon [_thread_blocked, id=25632, stack(0x000000a853100000,0x000000a853200000) (1024K)]
  0x000001ea9b77b520 JavaThread "C1 CompilerThread0"         daemon [_thread_blocked, id=23296, stack(0x000000a853200000,0x000000a853300000) (1024K)]
  0x000001eaa0052b10 JavaThread "Notification Thread"        daemon [_thread_blocked, id=23012, stack(0x000000a853300000,0x000000a853400000) (1024K)]
  0x000001eaa20db670 JavaThread "Daemon health stats"               [_thread_blocked, id=19076, stack(0x000000a853900000,0x000000a853a00000) (1024K)]
  0x000001eaa0216a30 JavaThread "Incoming local TCP Connector on port 59464"        [_thread_in_native, id=25016, stack(0x000000a853a00000,0x000000a853b00000) (1024K)]
  0x000001eaa2335ff0 JavaThread "Daemon periodic checks"            [_thread_blocked, id=22644, stack(0x000000a853b00000,0x000000a853c00000) (1024K)]
  0x000001eaa1189690 JavaThread "Daemon"                            [_thread_blocked, id=25780, stack(0x000000a853c00000,0x000000a853d00000) (1024K)]
  0x000001eaa233d2d0 JavaThread "Handler for socket connection from /127.0.0.1:59464 to /127.0.0.1:59466"        [_thread_in_native, id=23472, stack(0x000000a853d00000,0x000000a853e00000) (1024K)]
  0x000001eaa0db0be0 JavaThread "Cancel handler"                    [_thread_blocked, id=24824, stack(0x000000a853e00000,0x000000a853f00000) (1024K)]
  0x000001eaa100dbe0 JavaThread "Daemon worker"                     [_thread_blocked, id=26040, stack(0x000000a854200000,0x000000a854300000) (1024K)]
  0x000001eaa1626880 JavaThread "Asynchronous log dispatcher for DefaultDaemonConnection: socket connection from /127.0.0.1:59464 to /127.0.0.1:59466"        [_thread_blocked, id=17960, stack(0x000000a854300000,0x000000a854400000) (1024K)]
  0x000001eaa16275a0 JavaThread "Stdin handler"                     [_thread_blocked, id=17840, stack(0x000000a854400000,0x000000a854500000) (1024K)]
  0x000001eaa1628950 JavaThread "Daemon client event forwarder"        [_thread_blocked, id=25220, stack(0x000000a854500000,0x000000a854600000) (1024K)]
  0x000001eaa16282c0 JavaThread "Cache worker for journal cache (C:\Users\LENOVO\.gradle\caches\journal-1)"        [_thread_blocked, id=7672, stack(0x000000a854600000,0x000000a854700000) (1024K)]
  0x000001eaa1627c30 JavaThread "File lock request listener"        [_thread_in_native, id=24388, stack(0x000000a854700000,0x000000a854800000) (1024K)]
  0x000001eaa1628fe0 JavaThread "Cache worker for file hash cache (C:\Users\LENOVO\.gradle\caches\8.11.1\fileHashes)"        [_thread_blocked, id=7404, stack(0x000000a854800000,0x000000a854900000) (1024K)]
  0x000001eaa1626f10 JavaThread "Cache worker for file content cache (C:\Users\LENOVO\.gradle\caches\8.11.1\fileContent)"        [_thread_blocked, id=23956, stack(0x000000a854900000,0x000000a854a00000) (1024K)]
  0x000001eaa0143160 JavaThread "Cache worker for file hash cache (C:\Users\LENOVO\Downloads\Tugas 6_PAM RA\Tugas 6_PAM RA\.gradle\8.11.1\fileHashes)"        [_thread_blocked, id=9040, stack(0x000000a854a00000,0x000000a854b00000) (1024K)]
  0x000001eaa0145230 JavaThread "Cache worker for Build Output Cleanup Cache (C:\Users\LENOVO\Downloads\Tugas 6_PAM RA\Tugas 6_PAM RA\.gradle\buildOutputCleanup)"        [_thread_blocked, id=25448, stack(0x000000a854b00000,0x000000a854c00000) (1024K)]
  0x000001eaa01465e0 JavaThread "File watcher server"        daemon [_thread_in_native, id=604, stack(0x000000a854c00000,0x000000a854d00000) (1024K)]
  0x000001eaa01437f0 JavaThread "File watcher consumer"      daemon [_thread_blocked, id=26640, stack(0x000000a854d00000,0x000000a854e00000) (1024K)]
  0x000001eaa0145f50 JavaThread "jar transforms"                    [_thread_blocked, id=2312, stack(0x000000a854e00000,0x000000a854f00000) (1024K)]
  0x000001eaa0143e80 JavaThread "jar transforms Thread 2"           [_thread_blocked, id=15692, stack(0x000000a854f00000,0x000000a855000000) (1024K)]
  0x000001eaa0144510 JavaThread "jar transforms Thread 3"           [_thread_blocked, id=18760, stack(0x000000a855000000,0x000000a855100000) (1024K)]
  0x000001eaa0144ba0 JavaThread "jar transforms Thread 4"           [_thread_blocked, id=18960, stack(0x000000a855100000,0x000000a855200000) (1024K)]
  0x000001eaa01458c0 JavaThread "jar transforms Thread 5"           [_thread_blocked, id=25604, stack(0x000000a855200000,0x000000a855300000) (1024K)]
  0x000001eaa2f3bec0 JavaThread "jar transforms Thread 6"           [_thread_blocked, id=13496, stack(0x000000a855300000,0x000000a855400000) (1024K)]
  0x000001eaa2f3cbe0 JavaThread "jar transforms Thread 7"           [_thread_blocked, id=13604, stack(0x000000a855400000,0x000000a855500000) (1024K)]
  0x000001eaa2f3c550 JavaThread "jar transforms Thread 8"           [_thread_blocked, id=19304, stack(0x000000a855500000,0x000000a855600000) (1024K)]
  0x000001eaa2f3d900 JavaThread "Cache worker for checksums cache (C:\Users\LENOVO\Downloads\Tugas 6_PAM RA\Tugas 6_PAM RA\.gradle\8.11.1\checksums)"        [_thread_blocked, id=23952, stack(0x000000a855600000,0x000000a855700000) (1024K)]
  0x000001eaa2f3b830 JavaThread "Cache worker for cache directory md-rule (C:\Users\LENOVO\.gradle\caches\8.11.1\md-rule)"        [_thread_blocked, id=25156, stack(0x000000a855700000,0x000000a855800000) (1024K)]
  0x000001eaa2f3b1a0 JavaThread "Cache worker for cache directory md-supplier (C:\Users\LENOVO\.gradle\caches\8.11.1\md-supplier)"        [_thread_blocked, id=4620, stack(0x000000a855800000,0x000000a855900000) (1024K)]
  0x000001eaa2555590 JavaThread "Unconstrained build operations"        [_thread_blocked, id=5576, stack(0x000000a855900000,0x000000a855a00000) (1024K)]
  0x000001eaa2555c20 JavaThread "Unconstrained build operations Thread 2"        [_thread_blocked, id=18768, stack(0x000000a855a00000,0x000000a855b00000) (1024K)]
  0x000001eaa25590a0 JavaThread "Unconstrained build operations Thread 3"        [_thread_blocked, id=21956, stack(0x000000a855b00000,0x000000a855c00000) (1024K)]
  0x000001eaa2557660 JavaThread "Unconstrained build operations Thread 4"        [_thread_blocked, id=21784, stack(0x000000a855c00000,0x000000a855d00000) (1024K)]
  0x000001eaa25562b0 JavaThread "Unconstrained build operations Thread 5"        [_thread_blocked, id=12100, stack(0x000000a855d00000,0x000000a855e00000) (1024K)]
  0x000001eaa2559dc0 JavaThread "Unconstrained build operations Thread 6"        [_thread_blocked, id=144, stack(0x000000a855e00000,0x000000a855f00000) (1024K)]
  0x000001eaa2556940 JavaThread "Unconstrained build operations Thread 7"        [_thread_blocked, id=25704, stack(0x000000a855f00000,0x000000a856000000) (1024K)]
  0x000001eaa255b170 JavaThread "Unconstrained build operations Thread 8"        [_thread_blocked, id=20008, stack(0x000000a856000000,0x000000a856100000) (1024K)]
  0x000001eaa255a450 JavaThread "Unconstrained build operations Thread 9"        [_thread_blocked, id=25748, stack(0x000000a856100000,0x000000a856200000) (1024K)]
  0x000001eaa255aae0 JavaThread "Unconstrained build operations Thread 10"        [_thread_blocked, id=25756, stack(0x000000a856200000,0x000000a856300000) (1024K)]
  0x000001eaa255b800 JavaThread "Unconstrained build operations Thread 11"        [_thread_blocked, id=25804, stack(0x000000a856300000,0x000000a856400000) (1024K)]
  0x000001eaa255be90 JavaThread "Unconstrained build operations Thread 12"        [_thread_blocked, id=24472, stack(0x000000a856400000,0x000000a856500000) (1024K)]
  0x000001eaa255c520 JavaThread "Unconstrained build operations Thread 13"        [_thread_blocked, id=23356, stack(0x000000a856500000,0x000000a856600000) (1024K)]
  0x000001eaa2f3a480 JavaThread "Unconstrained build operations Thread 14"        [_thread_blocked, id=24088, stack(0x000000a856600000,0x000000a856700000) (1024K)]
  0x000001eaa2f3ab10 JavaThread "Unconstrained build operations Thread 15"        [_thread_blocked, id=12876, stack(0x000000a856700000,0x000000a856800000) (1024K)]
  0x000001eaa3a0ad00 JavaThread "Unconstrained build operations Thread 16"        [_thread_blocked, id=18964, stack(0x000000a856800000,0x000000a856900000) (1024K)]
  0x000001eaa3a0daf0 JavaThread "Unconstrained build operations Thread 17"        [_thread_blocked, id=10204, stack(0x000000a856900000,0x000000a856a00000) (1024K)]
  0x000001eaa3a0e180 JavaThread "Unconstrained build operations Thread 18"        [_thread_blocked, id=25792, stack(0x000000a856a00000,0x000000a856b00000) (1024K)]
Total: 58

Other Threads:
=>0x000001ea9b6fc360 VMThread "VM Thread"                           [id=19868, stack(0x000000a852900000,0x000000a852a00000) (1024K)]
  0x000001ea9aec4860 WatcherThread "VM Periodic Task Thread"        [id=23884, stack(0x000000a852800000,0x000000a852900000) (1024K)]
  0x000001eaffaf1000 WorkerThread "GC Thread#0"                     [id=22800, stack(0x000000a852300000,0x000000a852400000) (1024K)]
  0x000001eaa0237640 WorkerThread "GC Thread#1"                     [id=13064, stack(0x000000a853400000,0x000000a853500000) (1024K)]
  0x000001eaa02c60b0 WorkerThread "GC Thread#2"                     [id=3024, stack(0x000000a853500000,0x000000a853600000) (1024K)]
  0x000001eaa0c99780 WorkerThread "GC Thread#3"                     [id=22056, stack(0x000000a853600000,0x000000a853700000) (1024K)]
  0x000001eaa0c99b20 WorkerThread "GC Thread#4"                     [id=22316, stack(0x000000a853700000,0x000000a853800000) (1024K)]
  0x000001eaa13c5340 WorkerThread "GC Thread#5"                     [id=22176, stack(0x000000a853800000,0x000000a853900000) (1024K)]
  0x000001ea9ba8dc00 WorkerThread "GC Thread#6"                     [id=24408, stack(0x000000a853f00000,0x000000a854000000) (1024K)]
  0x000001ea9ba8d120 WorkerThread "GC Thread#7"                     [id=27156, stack(0x000000a854000000,0x000000a854100000) (1024K)]
  0x000001eaffb04a20 ConcurrentGCThread "G1 Main Marker"            [id=26496, stack(0x000000a852400000,0x000000a852500000) (1024K)]
  0x000001eaffb05430 WorkerThread "G1 Conc#0"                       [id=25828, stack(0x000000a852500000,0x000000a852600000) (1024K)]
  0x000001ea9ba8d860 WorkerThread "G1 Conc#1"                       [id=20788, stack(0x000000a854100000,0x000000a854200000) (1024K)]
  0x000001eaffb1eab0 ConcurrentGCThread "G1 Refine#0"               [id=19024, stack(0x000000a852600000,0x000000a852700000) (1024K)]
  0x000001ea9ad95550 ConcurrentGCThread "G1 Service"                [id=24356, stack(0x000000a852700000,0x000000a852800000) (1024K)]
Total: 15

Threads with active compile tasks:
Total: 0

VM state: at safepoint (normal execution)

VM Mutex/Monitor currently owned by a thread:  ([mutex/lock_event])
[0x00007ff846528690] Threads_lock - owner thread: 0x000001ea9b6fc360
[0x00007ff846528790] Heap_lock - owner thread: 0x000001eaa100dbe0

Heap address: 0x0000000700000000, size: 4096 MB, Compressed Oops mode: Zero based, Oop shift amount: 3

CDS archive(s) not mapped
Compressed class space mapped at: 0x0000000800000000-0x0000000840000000, reserved size: 1073741824
Narrow klass base: 0x0000000800000000, Narrow klass shift: 0, Narrow klass range: 0x40000000

GC Precious Log:
 CardTable entry size: 512
 Card Set container configuration: InlinePtr #cards 4 size 8 Array Of Cards #cards 16 size 48 Howl #buckets 8 coarsen threshold 3686 Howl Bitmap #cards 512 size 80 coarsen threshold 460 Card regions per heap region 1 cards per card region 4096
 CPUs: 8 total, 8 available
 Memory: 5877M
 Large Page Support: Disabled
 NUMA Support: Disabled
 Compressed Oops: Enabled (Zero based)
 Heap Region Size: 2M
 Heap Min Capacity: 8M
 Heap Initial Capacity: 92M
 Heap Max Capacity: 4G
 Pre-touch: Disabled
 Parallel Workers: 8
 Concurrent Workers: 2
 Concurrent Refinement Workers: 8
 Periodic GC: Disabled

Heap:
 garbage-first heap   total 256000K, used 88877K [0x0000000700000000, 0x0000000800000000)
  region size 2048K, 6 young (12288K), 6 survivors (12288K)
 Metaspace       used 61131K, committed 62720K, reserved 1114112K
  class space    used 8395K, committed 9152K, reserved 1048576K

Heap Regions: E=young(eden), S=young(survivor), O=old, HS=humongous(starts), HC=humongous(continues), CS=collection set, F=free, TAMS=top-at-mark-start, PB=parsable bottom
|   0|0x0000000700000000, 0x0000000700200000, 0x0000000700200000|100%|HS|  |TAMS 0x0000000700000000| PB 0x0000000700000000| Complete 
|   1|0x0000000700200000, 0x0000000700400000, 0x0000000700400000|100%|HC|  |TAMS 0x0000000700200000| PB 0x0000000700200000| Complete 
|   2|0x0000000700400000, 0x0000000700600000, 0x0000000700600000|100%| O|  |TAMS 0x0000000700400000| PB 0x0000000700400000| Untracked 
|   3|0x0000000700600000, 0x0000000700800000, 0x0000000700800000|100%| O|  |TAMS 0x0000000700600000| PB 0x0000000700600000| Untracked 
|   4|0x0000000700800000, 0x0000000700a00000, 0x0000000700a00000|100%| O|  |TAMS 0x0000000700800000| PB 0x0000000700800000| Untracked 
|   5|0x0000000700a00000, 0x0000000700c00000, 0x0000000700c00000|100%| O|  |TAMS 0x0000000700a00000| PB 0x0000000700a00000| Untracked 
|   6|0x0000000700c00000, 0x0000000700e00000, 0x0000000700e00000|100%| O|  |TAMS 0x0000000700c00000| PB 0x0000000700c00000| Untracked 
|   7|0x0000000700e00000, 0x0000000701000000, 0x0000000701000000|100%| O|  |TAMS 0x0000000700e00000| PB 0x0000000700e00000| Untracked 
|   8|0x0000000701000000, 0x0000000701200000, 0x0000000701200000|100%| O|  |TAMS 0x0000000701000000| PB 0x0000000701000000| Untracked 
|   9|0x0000000701200000, 0x0000000701400000, 0x0000000701400000|100%| O|  |TAMS 0x0000000701200000| PB 0x0000000701200000| Untracked 
|  10|0x0000000701400000, 0x0000000701600000, 0x0000000701600000|100%| O|  |TAMS 0x0000000701400000| PB 0x0000000701400000| Untracked 
|  11|0x0000000701600000, 0x0000000701800000, 0x0000000701800000|100%| O|  |TAMS 0x0000000701600000| PB 0x0000000701600000| Untracked 
|  12|0x0000000701800000, 0x0000000701a00000, 0x0000000701a00000|100%|HS|  |TAMS 0x0000000701800000| PB 0x0000000701800000| Complete 
|  13|0x0000000701a00000, 0x0000000701c00000, 0x0000000701c00000|100%|HC|  |TAMS 0x0000000701a00000| PB 0x0000000701a00000| Complete 
|  14|0x0000000701c00000, 0x0000000701e00000, 0x0000000701e00000|100%|HC|  |TAMS 0x0000000701c00000| PB 0x0000000701c00000| Complete 
|  15|0x0000000701e00000, 0x0000000702000000, 0x0000000702000000|100%|HS|  |TAMS 0x0000000701e00000| PB 0x0000000701e00000| Complete 
|  16|0x0000000702000000, 0x0000000702200000, 0x0000000702200000|100%|HS|  |TAMS 0x0000000702000000| PB 0x0000000702000000| Complete 
|  17|0x0000000702200000, 0x0000000702400000, 0x0000000702400000|100%|HC|  |TAMS 0x0000000702200000| PB 0x0000000702200000| Complete 
|  18|0x0000000702400000, 0x0000000702600000, 0x0000000702600000|100%|HC|  |TAMS 0x0000000702400000| PB 0x0000000702400000| Complete 
|  19|0x0000000702600000, 0x0000000702800000, 0x0000000702800000|100%|HS|  |TAMS 0x0000000702600000| PB 0x0000000702600000| Complete 
|  20|0x0000000702800000, 0x0000000702a00000, 0x0000000702a00000|100%| O|  |TAMS 0x0000000702800000| PB 0x0000000702800000| Untracked 
|  21|0x0000000702a00000, 0x0000000702c00000, 0x0000000702c00000|100%| O|  |TAMS 0x0000000702a00000| PB 0x0000000702a00000| Untracked 
|  22|0x0000000702c00000, 0x0000000702e00000, 0x0000000702e00000|100%| O|  |TAMS 0x0000000702c00000| PB 0x0000000702c00000| Untracked 
|  23|0x0000000702e00000, 0x0000000703000000, 0x0000000703000000|100%| O|  |TAMS 0x0000000702e00000| PB 0x0000000702e00000| Untracked 
|  24|0x0000000703000000, 0x0000000703200000, 0x0000000703200000|100%| O|  |TAMS 0x0000000703000000| PB 0x0000000703000000| Untracked 
|  25|0x0000000703200000, 0x0000000703400000, 0x0000000703400000|100%| O|  |TAMS 0x0000000703200000| PB 0x0000000703200000| Untracked 
|  26|0x0000000703400000, 0x0000000703600000, 0x0000000703600000|100%|HS|  |TAMS 0x0000000703400000| PB 0x0000000703400000| Complete 
|  27|0x0000000703600000, 0x0000000703800000, 0x0000000703800000|100%| O|  |TAMS 0x0000000703600000| PB 0x0000000703600000| Untracked 
|  28|0x0000000703800000, 0x0000000703a00000, 0x0000000703a00000|100%| O|  |TAMS 0x0000000703800000| PB 0x0000000703800000| Untracked 
|  29|0x0000000703a00000, 0x0000000703c00000, 0x0000000703c00000|100%| O|  |TAMS 0x0000000703a00000| PB 0x0000000703a00000| Untracked 
|  30|0x0000000703c00000, 0x0000000703e00000, 0x0000000703e00000|100%| O|  |TAMS 0x0000000703c00000| PB 0x0000000703c00000| Untracked 
|  31|0x0000000703e00000, 0x0000000704000000, 0x0000000704000000|100%| O|  |TAMS 0x0000000703e00000| PB 0x0000000703e00000| Untracked 
|  32|0x0000000704000000, 0x0000000704200000, 0x0000000704200000|100%| O|  |TAMS 0x0000000704000000| PB 0x0000000704000000| Untracked 
|  33|0x0000000704200000, 0x0000000704400000, 0x0000000704400000|100%| O|  |TAMS 0x0000000704200000| PB 0x0000000704200000| Untracked 
|  34|0x0000000704400000, 0x000000070445b170, 0x0000000704600000| 17%| O|  |TAMS 0x0000000704400000| PB 0x0000000704400000| Untracked 
|  35|0x0000000704600000, 0x0000000704800000, 0x0000000704800000|100%| O|  |TAMS 0x0000000704600000| PB 0x0000000704600000| Untracked 
|  36|0x0000000704800000, 0x0000000704a00000, 0x0000000704a00000|100%| O|  |TAMS 0x0000000704800000| PB 0x0000000704800000| Untracked 
|  37|0x0000000704a00000, 0x0000000704a00000, 0x0000000704c00000|  0%| F|  |TAMS 0x0000000704a00000| PB 0x0000000704a00000| Untracked 
|  38|0x0000000704c00000, 0x0000000704c00000, 0x0000000704e00000|  0%| F|  |TAMS 0x0000000704c00000| PB 0x0000000704c00000| Untracked 
|  39|0x0000000704e00000, 0x0000000704e00000, 0x0000000705000000|  0%| F|  |TAMS 0x0000000704e00000| PB 0x0000000704e00000| Untracked 
|  40|0x0000000705000000, 0x0000000705000000, 0x0000000705200000|  0%| F|  |TAMS 0x0000000705000000| PB 0x0000000705000000| Untracked 
|  41|0x0000000705200000, 0x0000000705200000, 0x0000000705400000|  0%| F|  |TAMS 0x0000000705200000| PB 0x0000000705200000| Untracked 
|  42|0x0000000705400000, 0x0000000705400000, 0x0000000705600000|  0%| F|  |TAMS 0x0000000705400000| PB 0x0000000705400000| Untracked 
|  43|0x0000000705600000, 0x0000000705670660, 0x0000000705800000| 21%| S|CS|TAMS 0x0000000705600000| PB 0x0000000705600000| Complete 
|  44|0x0000000705800000, 0x0000000705a00000, 0x0000000705a00000|100%| S|CS|TAMS 0x0000000705800000| PB 0x0000000705800000| Complete 
|  45|0x0000000705a00000, 0x0000000705c00000, 0x0000000705c00000|100%| S|CS|TAMS 0x0000000705a00000| PB 0x0000000705a00000| Complete 
|  46|0x0000000705c00000, 0x0000000705e00000, 0x0000000705e00000|100%| S|CS|TAMS 0x0000000705c00000| PB 0x0000000705c00000| Complete 
|  47|0x0000000705e00000, 0x0000000706000000, 0x0000000706000000|100%| S|CS|TAMS 0x0000000705e00000| PB 0x0000000705e00000| Complete 
|  48|0x0000000706000000, 0x0000000706000000, 0x0000000706200000|  0%| F|  |TAMS 0x0000000706000000| PB 0x0000000706000000| Untracked 
|  49|0x0000000706200000, 0x0000000706200000, 0x0000000706400000|  0%| F|  |TAMS 0x0000000706200000| PB 0x0000000706200000| Untracked 
|  50|0x0000000706400000, 0x0000000706400000, 0x0000000706600000|  0%| F|  |TAMS 0x0000000706400000| PB 0x0000000706400000| Untracked 
|  51|0x0000000706600000, 0x0000000706600000, 0x0000000706800000|  0%| F|  |TAMS 0x0000000706600000| PB 0x0000000706600000| Untracked 
|  52|0x0000000706800000, 0x0000000706800000, 0x0000000706a00000|  0%| F|  |TAMS 0x0000000706800000| PB 0x0000000706800000| Untracked 
|  53|0x0000000706a00000, 0x0000000706c00000, 0x0000000706c00000|100%| S|CS|TAMS 0x0000000706a00000| PB 0x0000000706a00000| Complete 
|  54|0x0000000706c00000, 0x0000000706c00000, 0x0000000706e00000|  0%| F|  |TAMS 0x0000000706c00000| PB 0x0000000706c00000| Untracked 
|  55|0x0000000706e00000, 0x0000000706e00000, 0x0000000707000000|  0%| F|  |TAMS 0x0000000706e00000| PB 0x0000000706e00000| Untracked 
|  56|0x0000000707000000, 0x0000000707000000, 0x0000000707200000|  0%| F|  |TAMS 0x0000000707000000| PB 0x0000000707000000| Untracked 
|  57|0x0000000707200000, 0x0000000707200000, 0x0000000707400000|  0%| F|  |TAMS 0x0000000707200000| PB 0x0000000707200000| Untracked 
|  58|0x0000000707400000, 0x0000000707400000, 0x0000000707600000|  0%| F|  |TAMS 0x0000000707400000| PB 0x0000000707400000| Untracked 
|  59|0x0000000707600000, 0x0000000707600000, 0x0000000707800000|  0%| F|  |TAMS 0x0000000707600000| PB 0x0000000707600000| Untracked 
|  60|0x0000000707800000, 0x0000000707800000, 0x0000000707a00000|  0%| F|  |TAMS 0x0000000707800000| PB 0x0000000707800000| Untracked 
|  61|0x0000000707a00000, 0x0000000707a00000, 0x0000000707c00000|  0%| F|  |TAMS 0x0000000707a00000| PB 0x0000000707a00000| Untracked 
|  62|0x0000000707c00000, 0x0000000707c00000, 0x0000000707e00000|  0%| F|  |TAMS 0x0000000707c00000| PB 0x0000000707c00000| Untracked 
|  63|0x0000000707e00000, 0x0000000707e00000, 0x0000000708000000|  0%| F|  |TAMS 0x0000000707e00000| PB 0x0000000707e00000| Untracked 
|  64|0x0000000708000000, 0x0000000708000000, 0x0000000708200000|  0%| F|  |TAMS 0x0000000708000000| PB 0x0000000708000000| Untracked 
|  65|0x0000000708200000, 0x0000000708200000, 0x0000000708400000|  0%| F|  |TAMS 0x0000000708200000| PB 0x0000000708200000| Untracked 
|  66|0x0000000708400000, 0x0000000708400000, 0x0000000708600000|  0%| F|  |TAMS 0x0000000708400000| PB 0x0000000708400000| Untracked 
|  67|0x0000000708600000, 0x0000000708600000, 0x0000000708800000|  0%| F|  |TAMS 0x0000000708600000| PB 0x0000000708600000| Untracked 
|  68|0x0000000708800000, 0x0000000708800000, 0x0000000708a00000|  0%| F|  |TAMS 0x0000000708800000| PB 0x0000000708800000| Untracked 
|  69|0x0000000708a00000, 0x0000000708a00000, 0x0000000708c00000|  0%| F|  |TAMS 0x0000000708a00000| PB 0x0000000708a00000| Untracked 
|  70|0x0000000708c00000, 0x0000000708c00000, 0x0000000708e00000|  0%| F|  |TAMS 0x0000000708c00000| PB 0x0000000708c00000| Untracked 
|  71|0x0000000708e00000, 0x0000000708e00000, 0x0000000709000000|  0%| F|  |TAMS 0x0000000708e00000| PB 0x0000000708e00000| Untracked 
|  72|0x0000000709000000, 0x0000000709000000, 0x0000000709200000|  0%| F|  |TAMS 0x0000000709000000| PB 0x0000000709000000| Untracked 
|  73|0x0000000709200000, 0x0000000709200000, 0x0000000709400000|  0%| F|  |TAMS 0x0000000709200000| PB 0x0000000709200000| Untracked 
|  74|0x0000000709400000, 0x0000000709400000, 0x0000000709600000|  0%| F|  |TAMS 0x0000000709400000| PB 0x0000000709400000| Untracked 
|  75|0x0000000709600000, 0x0000000709600000, 0x0000000709800000|  0%| F|  |TAMS 0x0000000709600000| PB 0x0000000709600000| Untracked 
|  76|0x0000000709800000, 0x0000000709800000, 0x0000000709a00000|  0%| F|  |TAMS 0x0000000709800000| PB 0x0000000709800000| Untracked 
|  77|0x0000000709a00000, 0x0000000709a00000, 0x0000000709c00000|  0%| F|  |TAMS 0x0000000709a00000| PB 0x0000000709a00000| Untracked 
|  78|0x0000000709c00000, 0x0000000709c00000, 0x0000000709e00000|  0%| F|  |TAMS 0x0000000709c00000| PB 0x0000000709c00000| Untracked 
|  79|0x0000000709e00000, 0x0000000709e00000, 0x000000070a000000|  0%| F|  |TAMS 0x0000000709e00000| PB 0x0000000709e00000| Untracked 
|  80|0x000000070a000000, 0x000000070a000000, 0x000000070a200000|  0%| F|  |TAMS 0x000000070a000000| PB 0x000000070a000000| Untracked 
|  81|0x000000070a200000, 0x000000070a200000, 0x000000070a400000|  0%| F|  |TAMS 0x000000070a200000| PB 0x000000070a200000| Untracked 
|  82|0x000000070a400000, 0x000000070a400000, 0x000000070a600000|  0%| F|  |TAMS 0x000000070a400000| PB 0x000000070a400000| Untracked 
|  83|0x000000070a600000, 0x000000070a600000, 0x000000070a800000|  0%| F|  |TAMS 0x000000070a600000| PB 0x000000070a600000| Untracked 
|  84|0x000000070a800000, 0x000000070a800000, 0x000000070aa00000|  0%| F|  |TAMS 0x000000070a800000| PB 0x000000070a800000| Untracked 
|  85|0x000000070aa00000, 0x000000070aa00000, 0x000000070ac00000|  0%| F|  |TAMS 0x000000070aa00000| PB 0x000000070aa00000| Untracked 
|  86|0x000000070ac00000, 0x000000070ac00000, 0x000000070ae00000|  0%| F|  |TAMS 0x000000070ac00000| PB 0x000000070ac00000| Untracked 
|  87|0x000000070ae00000, 0x000000070ae00000, 0x000000070b000000|  0%| F|  |TAMS 0x000000070ae00000| PB 0x000000070ae00000| Untracked 
|  88|0x000000070b000000, 0x000000070b000000, 0x000000070b200000|  0%| F|  |TAMS 0x000000070b000000| PB 0x000000070b000000| Untracked 
|  89|0x000000070b200000, 0x000000070b200000, 0x000000070b400000|  0%| F|  |TAMS 0x000000070b200000| PB 0x000000070b200000| Untracked 
|  90|0x000000070b400000, 0x000000070b400000, 0x000000070b600000|  0%| F|  |TAMS 0x000000070b400000| PB 0x000000070b400000| Untracked 
|  91|0x000000070b600000, 0x000000070b600000, 0x000000070b800000|  0%| F|  |TAMS 0x000000070b600000| PB 0x000000070b600000| Untracked 
|  92|0x000000070b800000, 0x000000070b800000, 0x000000070ba00000|  0%| F|  |TAMS 0x000000070b800000| PB 0x000000070b800000| Untracked 
|  93|0x000000070ba00000, 0x000000070ba00000, 0x000000070bc00000|  0%| F|  |TAMS 0x000000070ba00000| PB 0x000000070ba00000| Untracked 
|  94|0x000000070bc00000, 0x000000070bc00000, 0x000000070be00000|  0%| F|  |TAMS 0x000000070bc00000| PB 0x000000070bc00000| Untracked 
|  95|0x000000070be00000, 0x000000070be00000, 0x000000070c000000|  0%| F|  |TAMS 0x000000070be00000| PB 0x000000070be00000| Untracked 
|  96|0x000000070c000000, 0x000000070c000000, 0x000000070c200000|  0%| F|  |TAMS 0x000000070c000000| PB 0x000000070c000000| Untracked 
|  97|0x000000070c200000, 0x000000070c200000, 0x000000070c400000|  0%| F|  |TAMS 0x000000070c200000| PB 0x000000070c200000| Untracked 
|  98|0x000000070c400000, 0x000000070c400000, 0x000000070c600000|  0%| F|  |TAMS 0x000000070c400000| PB 0x000000070c400000| Untracked 
|  99|0x000000070c600000, 0x000000070c600000, 0x000000070c800000|  0%| F|  |TAMS 0x000000070c600000| PB 0x000000070c600000| Untracked 
| 100|0x000000070c800000, 0x000000070c800000, 0x000000070ca00000|  0%| F|  |TAMS 0x000000070c800000| PB 0x000000070c800000| Untracked 
| 101|0x000000070ca00000, 0x000000070ca00000, 0x000000070cc00000|  0%| F|  |TAMS 0x000000070ca00000| PB 0x000000070ca00000| Untracked 
| 102|0x000000070cc00000, 0x000000070cc00000, 0x000000070ce00000|  0%| F|  |TAMS 0x000000070cc00000| PB 0x000000070cc00000| Untracked 
| 103|0x000000070ce00000, 0x000000070ce00000, 0x000000070d000000|  0%| F|  |TAMS 0x000000070ce00000| PB 0x000000070ce00000| Untracked 
| 104|0x000000070d000000, 0x000000070d000000, 0x000000070d200000|  0%| F|  |TAMS 0x000000070d000000| PB 0x000000070d000000| Untracked 
| 105|0x000000070d200000, 0x000000070d200000, 0x000000070d400000|  0%| F|  |TAMS 0x000000070d200000| PB 0x000000070d200000| Untracked 
| 106|0x000000070d400000, 0x000000070d400000, 0x000000070d600000|  0%| F|  |TAMS 0x000000070d400000| PB 0x000000070d400000| Untracked 
| 107|0x000000070d600000, 0x000000070d600000, 0x000000070d800000|  0%| F|  |TAMS 0x000000070d600000| PB 0x000000070d600000| Untracked 
| 108|0x000000070d800000, 0x000000070d800000, 0x000000070da00000|  0%| F|  |TAMS 0x000000070d800000| PB 0x000000070d800000| Untracked 
| 109|0x000000070da00000, 0x000000070da00000, 0x000000070dc00000|  0%| F|  |TAMS 0x000000070da00000| PB 0x000000070da00000| Untracked 
| 110|0x000000070dc00000, 0x000000070dc00000, 0x000000070de00000|  0%| F|  |TAMS 0x000000070dc00000| PB 0x000000070dc00000| Untracked 
| 111|0x000000070de00000, 0x000000070de00000, 0x000000070e000000|  0%| F|  |TAMS 0x000000070de00000| PB 0x000000070de00000| Untracked 
| 112|0x000000070e000000, 0x000000070e000000, 0x000000070e200000|  0%| F|  |TAMS 0x000000070e000000| PB 0x000000070e000000| Untracked 
| 113|0x000000070e200000, 0x000000070e200000, 0x000000070e400000|  0%| F|  |TAMS 0x000000070e200000| PB 0x000000070e200000| Untracked 
| 114|0x000000070e400000, 0x000000070e400000, 0x000000070e600000|  0%| F|  |TAMS 0x000000070e400000| PB 0x000000070e400000| Untracked 
| 115|0x000000070e600000, 0x000000070e600000, 0x000000070e800000|  0%| F|  |TAMS 0x000000070e600000| PB 0x000000070e600000| Untracked 
| 116|0x000000070e800000, 0x000000070e800000, 0x000000070ea00000|  0%| F|  |TAMS 0x000000070e800000| PB 0x000000070e800000| Untracked 
| 117|0x000000070ea00000, 0x000000070ea00000, 0x000000070ec00000|  0%| F|  |TAMS 0x000000070ea00000| PB 0x000000070ea00000| Untracked 
| 118|0x000000070ec00000, 0x000000070ec00000, 0x000000070ee00000|  0%| F|  |TAMS 0x000000070ec00000| PB 0x000000070ec00000| Untracked 
| 119|0x000000070ee00000, 0x000000070ee00000, 0x000000070f000000|  0%| F|  |TAMS 0x000000070ee00000| PB 0x000000070ee00000| Untracked 
| 120|0x000000070f000000, 0x000000070f000000, 0x000000070f200000|  0%| F|  |TAMS 0x000000070f000000| PB 0x000000070f000000| Untracked 
|2044|0x00000007ff800000, 0x00000007ff800000, 0x00000007ffa00000|  0%| F|  |TAMS 0x00000007ff800000| PB 0x00000007ff800000| Untracked 
|2045|0x00000007ffa00000, 0x00000007ffa00000, 0x00000007ffc00000|  0%| F|  |TAMS 0x00000007ffa00000| PB 0x00000007ffa00000| Untracked 
|2046|0x00000007ffc00000, 0x00000007ffe00000, 0x00000007ffe00000|100%| O|  |TAMS 0x00000007ffc00000| PB 0x00000007ffc00000| Untracked 
|2047|0x00000007ffe00000, 0x0000000800000000, 0x0000000800000000|100%| O|  |TAMS 0x00000007ffe00000| PB 0x00000007ffe00000| Untracked 

Card table byte_map: [0x000001ea94310000,0x000001ea94b10000] _byte_map_base: 0x000001ea90b10000

Marking Bits: (CMBitMap*) 0x000001eaffaf1610
 Bits: [0x000001ea94b10000, 0x000001ea98b10000)

Polling page: 0x000001eaff8c0000

Metaspace:

Usage:
  Non-class:     51.50 MB used.
      Class:      8.20 MB used.
       Both:     59.70 MB used.

Virtual space:
  Non-class space:       64.00 MB reserved,      52.31 MB ( 82%) committed,  1 nodes.
      Class space:        1.00 GB reserved,       8.94 MB ( <1%) committed,  1 nodes.
             Both:        1.06 GB reserved,      61.25 MB (  6%) committed. 

Chunk freelists:
   Non-Class:  11.42 MB
       Class:  7.03 MB
        Both:  18.45 MB

MaxMetaspaceSize: unlimited
CompressedClassSpaceSize: 1.00 GB
Initial GC threshold: 21.00 MB
Current GC threshold: 101.88 MB
CDS: off
 - commit_granule_bytes: 65536.
 - commit_granule_words: 8192.
 - virtual_space_node_default_size: 8388608.
 - enlarge_chunks_in_place: 1.
 - use_allocation_guard: 0.


Internal statistics:

num_allocs_failed_limit: 9.
num_arena_births: 2852.
num_arena_deaths: 0.
num_vsnodes_births: 2.
num_vsnodes_deaths: 0.
num_space_committed: 980.
num_space_uncommitted: 0.
num_chunks_returned_to_freelist: 9.
num_chunks_taken_from_freelist: 5293.
num_chunk_merges: 6.
num_chunk_splits: 3418.
num_chunks_enlarged: 2086.
num_inconsistent_stats: 0.

CodeHeap 'non-profiled nmethods': size=120000Kb used=5251Kb max_used=5251Kb free=114748Kb
 bounds [0x000001ea8bf80000, 0x000001ea8c4b0000, 0x000001ea934b0000]
CodeHeap 'profiled nmethods': size=120000Kb used=10650Kb max_used=11784Kb free=109349Kb
 bounds [0x000001ea844b0000, 0x000001ea85040000, 0x000001ea8b9e0000]
CodeHeap 'non-nmethods': size=5760Kb used=2575Kb max_used=2666Kb free=3184Kb
 bounds [0x000001ea8b9e0000, 0x000001ea8bc90000, 0x000001ea8bf80000]
CodeCache: size=245760Kb, used=18476Kb, max_used=19701Kb, free=227281Kb
 total_blobs=6823, nmethods=5961, adapters=765, full_count=0
Compilation: enabled, stopped_count=0, restarted_count=0

Compilation events (20 events):
Event: 67.356 Thread 0x000001ea9b777cc0 7566       4       java.util.concurrent.locks.AbstractQueuedSynchronizer$ConditionObject::canReacquire (38 bytes)
Event: 67.359 Thread 0x000001ea9b777cc0 nmethod 7566 0x000001ea8c40cd90 code [0x000001ea8c40cf20, 0x000001ea8c40d000]
Event: 67.398 Thread 0x000001ea9b77b520 7571       3       java.util.Arrays$ArrayList::iterator (12 bytes)
Event: 67.398 Thread 0x000001ea9b77b520 nmethod 7571 0x000001ea8452e890 code [0x000001ea8452ea40, 0x000001ea8452ecd0]
Event: 67.398 Thread 0x000001ea9b77b520 7572       3       java.util.Arrays$ArrayItr::<init> (10 bytes)
Event: 67.398 Thread 0x000001ea9b77b520 nmethod 7572 0x000001ea84590210 code [0x000001ea845903c0, 0x000001ea84590580]
Event: 67.471 Thread 0x000001ea9b77b520 7573   !   3       org.gradle.internal.classpath.ClasspathWalker::visitJarContents (107 bytes)
Event: 67.473 Thread 0x000001ea9b77b520 nmethod 7573 0x000001ea8497b410 code [0x000001ea8497b6e0, 0x000001ea8497c7d8]
Event: 67.554 Thread 0x000001ea9b777cc0 7574       4       org.gradle.api.internal.file.archive.impl.AbstractZipEntry::isDirectory (8 bytes)
Event: 67.557 Thread 0x000001ea9b777cc0 nmethod 7574 0x000001ea8c3d4110 code [0x000001ea8c3d42a0, 0x000001ea8c3d4408]
Event: 67.593 Thread 0x000001ea9b777cc0 7575       4       org.gradle.internal.classpath.ClasspathWalker$ZipClasspathEntry::<init> (10 bytes)
Event: 67.594 Thread 0x000001ea9b777cc0 nmethod 7575 0x000001ea8c3d3d90 code [0x000001ea8c3d3f20, 0x000001ea8c3d4080]
Event: 67.647 Thread 0x000001ea9b77b520 7576       3       org.objectweb.asm.commons.MethodRemapper::visitMultiANewArrayInsn (14 bytes)
Event: 67.647 Thread 0x000001ea9b77b520 nmethod 7576 0x000001ea84c80c10 code [0x000001ea84c80e20, 0x000001ea84c813c0]
Event: 67.648 Thread 0x000001ea9b77b520 7577       3       org.objectweb.asm.MethodWriter::visitMultiANewArrayInsn (97 bytes)
Event: 67.649 Thread 0x000001ea9b77b520 nmethod 7577 0x000001ea84559810 code [0x000001ea84559a20, 0x000001ea84559e90]
Event: 67.780 Thread 0x000001ea9b777cc0 7578       4       org.objectweb.asm.SymbolTable::addConstantInteger (7 bytes)
Event: 67.781 Thread 0x000001ea9b777cc0 nmethod 7578 0x000001ea8c3d3810 code [0x000001ea8c3d39a0, 0x000001ea8c3d3a58]
Event: 67.820 Thread 0x000001ea9b777cc0 7579       4       org.objectweb.asm.signature.SignatureWriter::visitTypeArgument (40 bytes)
Event: 67.830 Thread 0x000001ea9b777cc0 nmethod 7579 0x000001ea8c49ff90 code [0x000001ea8c4a01c0, 0x000001ea8c4a0850]

GC Heap History (20 events):
Event: 63.092 GC heap after
{Heap after GC invocations=75 (full 0):
 garbage-first heap   total 212992K, used 81419K [0x0000000700000000, 0x0000000800000000)
  region size 2048K, 4 young (8192K), 4 survivors (8192K)
 Metaspace       used 61127K, committed 62720K, reserved 1114112K
  class space    used 8395K, committed 9152K, reserved 1048576K
}
Event: 63.892 GC heap before
{Heap before GC invocations=76 (full 0):
 garbage-first heap   total 212992K, used 198155K [0x0000000700000000, 0x0000000800000000)
  region size 2048K, 61 young (124928K), 4 survivors (8192K)
 Metaspace       used 61127K, committed 62720K, reserved 1114112K
  class space    used 8395K, committed 9152K, reserved 1048576K
}
Event: 63.900 GC heap after
{Heap after GC invocations=77 (full 0):
 garbage-first heap   total 212992K, used 82213K [0x0000000700000000, 0x0000000800000000)
  region size 2048K, 4 young (8192K), 4 survivors (8192K)
 Metaspace       used 61127K, committed 62720K, reserved 1114112K
  class space    used 8395K, committed 9152K, reserved 1048576K
}
Event: 64.345 GC heap before
{Heap before GC invocations=77 (full 0):
 garbage-first heap   total 212992K, used 198949K [0x0000000700000000, 0x0000000800000000)
  region size 2048K, 61 young (124928K), 4 survivors (8192K)
 Metaspace       used 61127K, committed 62720K, reserved 1114112K
  class space    used 8395K, committed 9152K, reserved 1048576K
}
Event: 64.352 GC heap after
{Heap after GC invocations=78 (full 0):
 garbage-first heap   total 212992K, used 82931K [0x0000000700000000, 0x0000000800000000)
  region size 2048K, 5 young (10240K), 5 survivors (10240K)
 Metaspace       used 61127K, committed 62720K, reserved 1114112K
  class space    used 8395K, committed 9152K, reserved 1048576K
}
Event: 64.686 GC heap before
{Heap before GC invocations=79 (full 0):
 garbage-first heap   total 212992K, used 197619K [0x0000000700000000, 0x0000000800000000)
  region size 2048K, 61 young (124928K), 5 survivors (10240K)
 Metaspace       used 61127K, committed 62720K, reserved 1114112K
  class space    used 8395K, committed 9152K, reserved 1048576K
}
Event: 64.694 GC heap after
{Heap after GC invocations=80 (full 0):
 garbage-first heap   total 212992K, used 83487K [0x0000000700000000, 0x0000000800000000)
  region size 2048K, 5 young (10240K), 5 survivors (10240K)
 Metaspace       used 61127K, committed 62720K, reserved 1114112K
  class space    used 8395K, committed 9152K, reserved 1048576K
}
Event: 65.156 GC heap before
{Heap before GC invocations=80 (full 0):
 garbage-first heap   total 212992K, used 198175K [0x0000000700000000, 0x0000000800000000)
  region size 2048K, 61 young (124928K), 5 survivors (10240K)
 Metaspace       used 61128K, committed 62720K, reserved 1114112K
  class space    used 8395K, committed 9152K, reserved 1048576K
}
Event: 65.162 GC heap after
{Heap after GC invocations=81 (full 0):
 garbage-first heap   total 212992K, used 84282K [0x0000000700000000, 0x0000000800000000)
  region size 2048K, 5 young (10240K), 5 survivors (10240K)
 Metaspace       used 61128K, committed 62720K, reserved 1114112K
  class space    used 8395K, committed 9152K, reserved 1048576K
}
Event: 65.593 GC heap before
{Heap before GC invocations=82 (full 0):
 garbage-first heap   total 212992K, used 198970K [0x0000000700000000, 0x0000000800000000)
  region size 2048K, 61 young (124928K), 5 survivors (10240K)
 Metaspace       used 61128K, committed 62720K, reserved 1114112K
  class space    used 8395K, committed 9152K, reserved 1048576K
}
Event: 65.601 GC heap after
{Heap after GC invocations=83 (full 0):
 garbage-first heap   total 212992K, used 85109K [0x0000000700000000, 0x0000000800000000)
  region size 2048K, 5 young (10240K), 5 survivors (10240K)
 Metaspace       used 61128K, committed 62720K, reserved 1114112K
  class space    used 8395K, committed 9152K, reserved 1048576K
}
Event: 65.890 GC heap before
{Heap before GC invocations=83 (full 0):
 garbage-first heap   total 212992K, used 199797K [0x0000000700000000, 0x0000000800000000)
  region size 2048K, 61 young (124928K), 5 survivors (10240K)
 Metaspace       used 61128K, committed 62720K, reserved 1114112K
  class space    used 8395K, committed 9152K, reserved 1048576K
}
Event: 65.898 GC heap after
{Heap after GC invocations=84 (full 0):
 garbage-first heap   total 256000K, used 86294K [0x0000000700000000, 0x0000000800000000)
  region size 2048K, 5 young (10240K), 5 survivors (10240K)
 Metaspace       used 61128K, committed 62720K, reserved 1114112K
  class space    used 8395K, committed 9152K, reserved 1048576K
}
Event: 66.369 GC heap before
{Heap before GC invocations=85 (full 0):
 garbage-first heap   total 256000K, used 229654K [0x0000000700000000, 0x0000000800000000)
  region size 2048K, 75 young (153600K), 5 survivors (10240K)
 Metaspace       used 61128K, committed 62720K, reserved 1114112K
  class space    used 8395K, committed 9152K, reserved 1048576K
}
Event: 66.377 GC heap after
{Heap after GC invocations=86 (full 0):
 garbage-first heap   total 256000K, used 86662K [0x0000000700000000, 0x0000000800000000)
  region size 2048K, 5 young (10240K), 5 survivors (10240K)
 Metaspace       used 61128K, committed 62720K, reserved 1114112K
  class space    used 8395K, committed 9152K, reserved 1048576K
}
Event: 66.929 GC heap before
{Heap before GC invocations=86 (full 0):
 garbage-first heap   total 256000K, used 230022K [0x0000000700000000, 0x0000000800000000)
  region size 2048K, 75 young (153600K), 5 survivors (10240K)
 Metaspace       used 61129K, committed 62720K, reserved 1114112K
  class space    used 8395K, committed 9152K, reserved 1048576K
}
Event: 66.939 GC heap after
{Heap after GC invocations=87 (full 0):
 garbage-first heap   total 256000K, used 87137K [0x0000000700000000, 0x0000000800000000)
  region size 2048K, 5 young (10240K), 5 survivors (10240K)
 Metaspace       used 61129K, committed 62720K, reserved 1114112K
  class space    used 8395K, committed 9152K, reserved 1048576K
}
Event: 67.375 GC heap before
{Heap before GC invocations=87 (full 0):
 garbage-first heap   total 256000K, used 230497K [0x0000000700000000, 0x0000000800000000)
  region size 2048K, 75 young (153600K), 5 survivors (10240K)
 Metaspace       used 61129K, committed 62720K, reserved 1114112K
  class space    used 8395K, committed 9152K, reserved 1048576K
}
Event: 67.384 GC heap after
{Heap after GC invocations=88 (full 0):
 garbage-first heap   total 256000K, used 88298K [0x0000000700000000, 0x0000000800000000)
  region size 2048K, 6 young (12288K), 6 survivors (12288K)
 Metaspace       used 61129K, committed 62720K, reserved 1114112K
  class space    used 8395K, committed 9152K, reserved 1048576K
}
Event: 67.887 GC heap before
{Heap before GC invocations=88 (full 0):
 garbage-first heap   total 256000K, used 227562K [0x0000000700000000, 0x0000000800000000)
  region size 2048K, 75 young (153600K), 6 survivors (12288K)
 Metaspace       used 61131K, committed 62720K, reserved 1114112K
  class space    used 8395K, committed 9152K, reserved 1048576K
}

Dll operation events (3 events):
Event: 0.079 Loaded shared library D:\Android Studio\jbr\bin\java.dll
Event: 0.115 Loaded shared library D:\Android Studio\jbr\bin\zip.dll
Event: 3.287 Loaded shared library D:\Android Studio\jbr\bin\verify.dll

Deoptimization events (20 events):
Event: 62.068 Thread 0x000001eaa100dbe0 DEOPT PACKING pc=0x000001ea84d6b152 sp=0x000000a8542f6b50
Event: 62.069 Thread 0x000001eaa100dbe0 DEOPT UNPACKING pc=0x000001ea8ba34bc2 sp=0x000000a8542f6260 mode 0
Event: 62.108 Thread 0x000001eaa100dbe0 DEOPT PACKING pc=0x000001ea84d6b152 sp=0x000000a8542f6b50
Event: 62.108 Thread 0x000001eaa100dbe0 DEOPT UNPACKING pc=0x000001ea8ba34bc2 sp=0x000000a8542f6260 mode 0
Event: 62.164 Thread 0x000001eaa100dbe0 DEOPT PACKING pc=0x000001ea84d6c319 sp=0x000000a8542f6b50
Event: 62.164 Thread 0x000001eaa100dbe0 DEOPT UNPACKING pc=0x000001ea8ba34bc2 sp=0x000000a8542f6260 mode 0
Event: 62.730 Thread 0x000001eaa100dbe0 Uncommon trap: trap_request=0xffffff45 fr.pc=0x000001ea8c112644 relative=0x0000000000000284
Event: 62.730 Thread 0x000001eaa100dbe0 Uncommon trap: reason=unstable_if action=reinterpret pc=0x000001ea8c112644 method=org.objectweb.asm.Label.addLineNumber(I)V @ 65 c2
Event: 62.730 Thread 0x000001eaa100dbe0 DEOPT PACKING pc=0x000001ea8c112644 sp=0x000000a8542f6dc0
Event: 62.730 Thread 0x000001eaa100dbe0 DEOPT UNPACKING pc=0x000001ea8ba34422 sp=0x000000a8542f6d68 mode 2
Event: 65.779 Thread 0x000001eaa100dbe0 Uncommon trap: trap_request=0xffffff45 fr.pc=0x000001ea8c36b22c relative=0x0000000000006a6c
Event: 65.779 Thread 0x000001eaa100dbe0 Uncommon trap: reason=unstable_if action=reinterpret pc=0x000001ea8c36b22c method=org.objectweb.asm.ClassReader.accept(Lorg/objectweb/asm/ClassVisitor;[Lorg/objectweb/asm/Attribute;I)V @ 287 c2
Event: 65.779 Thread 0x000001eaa100dbe0 DEOPT PACKING pc=0x000001ea8c36b22c sp=0x000000a8542f7170
Event: 65.779 Thread 0x000001eaa100dbe0 DEOPT UNPACKING pc=0x000001ea8ba34422 sp=0x000000a8542f7158 mode 2
Event: 65.779 Thread 0x000001eaa100dbe0 Uncommon trap: trap_request=0xffffff45 fr.pc=0x000001ea8c449ee0 relative=0x0000000000004060
Event: 65.779 Thread 0x000001eaa100dbe0 Uncommon trap: reason=unstable_if action=reinterpret pc=0x000001ea8c449ee0 method=org.objectweb.asm.ClassWriter.toByteArray()[B @ 439 c2
Event: 65.779 Thread 0x000001eaa100dbe0 DEOPT PACKING pc=0x000001ea8c449ee0 sp=0x000000a8542f7240
Event: 65.779 Thread 0x000001eaa100dbe0 DEOPT UNPACKING pc=0x000001ea8ba34422 sp=0x000000a8542f71e8 mode 2
Event: 67.471 Thread 0x000001eaa100dbe0 DEOPT PACKING pc=0x000001ea84b3648b sp=0x000000a8542f7420
Event: 67.471 Thread 0x000001eaa100dbe0 DEOPT UNPACKING pc=0x000001ea8ba34bc2 sp=0x000000a8542f6940 mode 0

Classes loaded (20 events):
Event: 37.124 Loading class jdk/internal/vm/annotation/ForceInline
Event: 37.141 Loading class jdk/internal/vm/annotation/ForceInline done
Event: 38.206 Loading class java/util/Collections$SynchronizedRandomAccessList
Event: 38.207 Loading class java/util/Collections$SynchronizedList
Event: 38.208 Loading class java/util/Collections$SynchronizedList done
Event: 38.208 Loading class java/util/Collections$SynchronizedRandomAccessList done
Event: 38.738 Loading class java/nio/charset/UnsupportedCharsetException
Event: 38.739 Loading class java/nio/charset/UnsupportedCharsetException done
Event: 38.746 Loading class java/util/Collections$UnmodifiableSortedMap
Event: 38.747 Loading class java/util/Collections$UnmodifiableSortedMap done
Event: 38.750 Loading class java/util/zip/Deflater
Event: 38.751 Loading class java/util/zip/Deflater done
Event: 38.757 Loading class java/util/zip/Deflater$DeflaterZStreamRef
Event: 38.757 Loading class java/util/zip/Deflater$DeflaterZStreamRef done
Event: 38.785 Loading class java/util/zip/ZipFile$ZipEntryIterator
Event: 38.786 Loading class java/util/zip/ZipFile$ZipEntryIterator done
Event: 38.886 Loading class java/nio/StringCharBuffer
Event: 38.887 Loading class java/nio/StringCharBuffer done
Event: 47.809 Loading class java/util/regex/Pattern$Caret
Event: 47.814 Loading class java/util/regex/Pattern$Caret done

Classes unloaded (0 events):
No events

Classes redefined (0 events):
No events

Internal exceptions (20 events):
Event: 38.150 Thread 0x000001eaa100dbe0 Exception <a 'sun/nio/fs/WindowsException'{0x000000070438ce48}> (0x000000070438ce48) 
thrown [s\src\hotspot\share\prims\jni.cpp, line 537]
Event: 38.152 Thread 0x000001eaa100dbe0 Exception <a 'sun/nio/fs/WindowsException'{0x000000070438e680}> (0x000000070438e680) 
thrown [s\src\hotspot\share\prims\jni.cpp, line 537]
Event: 38.154 Thread 0x000001eaa100dbe0 Exception <a 'sun/nio/fs/WindowsException'{0x000000070438fe78}> (0x000000070438fe78) 
thrown [s\src\hotspot\share\prims\jni.cpp, line 537]
Event: 38.158 Thread 0x000001eaa100dbe0 Exception <a 'sun/nio/fs/WindowsException'{0x0000000704391690}> (0x0000000704391690) 
thrown [s\src\hotspot\share\prims\jni.cpp, line 537]
Event: 38.166 Thread 0x000001eaa100dbe0 Exception <a 'java/lang/NoSuchMethodError'{0x00000007043a2490}: 'java.lang.Object java.lang.invoke.Invokers$Holder.invoker(java.lang.Object, java.lang.Object, java.lang.Object, java.lang.Object, java.lang.Object, java.lang.Object)'> (0x00000007043a2490) 
thrown [s\src\hotspot\share\interpreter\linkResolver.cpp, line 784]
Event: 38.258 Thread 0x000001eaa100dbe0 Exception <a 'java/lang/NoSuchMethodError'{0x00000007ffabe258}: 'java.lang.Object java.lang.invoke.Invokers$Holder.invoker(java.lang.Object, java.lang.Object, java.lang.Object, java.lang.Object, java.lang.Object, java.lang.Object, java.lang.Object, java.lang.Object, java.lang.Object, java.lang.Object, java.lang.Object, java.lang.Object, java.lang.Object, java.lang.Object, java.lang.Object, java.lang.Object, java.lang.Object, java.lang.Object, java.lang.Object, java.lang.Object, java.lang.Object, java.lang.
Event: 38.259 Thread 0x000001eaa100dbe0 Exception <a 'java/lang/NoSuchMethodError'{0x00000007ffac4e20}: 'java.lang.Object java.lang.invoke.DelegatingMethodHandle$Holder.delegate(java.lang.Object, java.lang.Object, java.lang.Object, java.lang.Object, java.lang.Object, java.lang.Object, java.lang.Object, java.lang.Object, java.lang.Object, java.lang.Object, java.lang.Object, java.lang.Object, java.lang.Object, java.lang.Object, java.lang.Object, java.lang.Object, java.lang.Object, java.lang.Object, java.lang.Object, java.lang.Object, java.lang.Obj
Event: 38.640 Thread 0x000001eaa100dbe0 Exception <a 'sun/nio/fs/WindowsException'{0x00000007ffbd12c8}> (0x00000007ffbd12c8) 
thrown [s\src\hotspot\share\prims\jni.cpp, line 537]
Event: 38.645 Thread 0x000001eaa100dbe0 Exception <a 'sun/nio/fs/WindowsException'{0x00000007ffbd9cd8}> (0x00000007ffbd9cd8) 
thrown [s\src\hotspot\share\prims\jni.cpp, line 537]
Event: 38.694 Thread 0x000001eaa100dbe0 Exception <a 'sun/nio/fs/WindowsException'{0x00000007ff8bd930}> (0x00000007ff8bd930) 
thrown [s\src\hotspot\share\prims\jni.cpp, line 537]
Event: 38.702 Thread 0x000001eaa100dbe0 Exception <a 'sun/nio/fs/WindowsException'{0x00000007ff8bf568}> (0x00000007ff8bf568) 
thrown [s\src\hotspot\share\prims\jni.cpp, line 537]
Event: 38.703 Thread 0x000001eaa100dbe0 Exception <a 'sun/nio/fs/WindowsException'{0x00000007ff8c0e98}> (0x00000007ff8c0e98) 
thrown [s\src\hotspot\share\prims\jni.cpp, line 537]
Event: 38.791 Thread 0x000001eaa100dbe0 Implicit null exception at 0x000001ea8c062576 to 0x000001ea8c0630e0
Event: 40.825 Thread 0x000001eaa2335ff0 Exception <a 'sun/nio/fs/WindowsException'{0x0000000705c05488}> (0x0000000705c05488) 
thrown [s\src\hotspot\share\prims\jni.cpp, line 537]
Event: 40.831 Thread 0x000001eaa2335ff0 Exception <a 'sun/nio/fs/WindowsException'{0x0000000705c11f98}> (0x0000000705c11f98) 
thrown [s\src\hotspot\share\prims\jni.cpp, line 537]
Event: 50.816 Thread 0x000001eaa2335ff0 Exception <a 'sun/nio/fs/WindowsException'{0x0000000705605488}> (0x0000000705605488) 
thrown [s\src\hotspot\share\prims\jni.cpp, line 537]
Event: 50.830 Thread 0x000001eaa2335ff0 Exception <a 'sun/nio/fs/WindowsException'{0x0000000705611f98}> (0x0000000705611f98) 
thrown [s\src\hotspot\share\prims\jni.cpp, line 537]
Event: 60.195 Thread 0x000001eaa100dbe0 Implicit null exception at 0x000001ea8c43ab3f to 0x000001ea8c43afd8
Event: 60.828 Thread 0x000001eaa2335ff0 Exception <a 'sun/nio/fs/WindowsException'{0x0000000708705488}> (0x0000000708705488) 
thrown [s\src\hotspot\share\prims\jni.cpp, line 537]
Event: 60.848 Thread 0x000001eaa2335ff0 Exception <a 'sun/nio/fs/WindowsException'{0x0000000708711f98}> (0x0000000708711f98) 
thrown [s\src\hotspot\share\prims\jni.cpp, line 537]

ZGC Phase Switch (0 events):
No events

VM Operations (20 events):
Event: 65.162 Executing VM operation: G1CollectForAllocation (G1 Evacuation Pause) done
Event: 65.224 Executing VM operation: G1PauseRemark
Event: 65.233 Executing VM operation: G1PauseRemark done
Event: 65.246 Executing VM operation: G1PauseCleanup
Event: 65.247 Executing VM operation: G1PauseCleanup done
Event: 65.593 Executing VM operation: G1CollectForAllocation (G1 Evacuation Pause)
Event: 65.601 Executing VM operation: G1CollectForAllocation (G1 Evacuation Pause) done
Event: 65.890 Executing VM operation: G1CollectForAllocation (G1 Evacuation Pause)
Event: 65.898 Executing VM operation: G1CollectForAllocation (G1 Evacuation Pause) done
Event: 65.953 Executing VM operation: G1PauseRemark
Event: 65.958 Executing VM operation: G1PauseRemark done
Event: 65.971 Executing VM operation: G1PauseCleanup
Event: 65.971 Executing VM operation: G1PauseCleanup done
Event: 66.369 Executing VM operation: G1CollectForAllocation (G1 Evacuation Pause)
Event: 66.377 Executing VM operation: G1CollectForAllocation (G1 Evacuation Pause) done
Event: 66.929 Executing VM operation: G1CollectForAllocation (G1 Evacuation Pause)
Event: 66.940 Executing VM operation: G1CollectForAllocation (G1 Evacuation Pause) done
Event: 67.375 Executing VM operation: G1CollectForAllocation (G1 Evacuation Pause)
Event: 67.384 Executing VM operation: G1CollectForAllocation (G1 Evacuation Pause) done
Event: 67.886 Executing VM operation: G1CollectForAllocation (G1 Evacuation Pause)

Memory protections (0 events):
No events

Nmethod flushes (20 events):
Event: 64.416 Thread 0x000001ea9b6fc360 flushing  nmethod 0x000001ea84b6d810
Event: 64.416 Thread 0x000001ea9b6fc360 flushing  nmethod 0x000001ea84764c90
Event: 64.416 Thread 0x000001ea9b6fc360 flushing  nmethod 0x000001ea84c80c10
Event: 64.416 Thread 0x000001ea9b6fc360 flushing  nmethod 0x000001ea845b4310
Event: 64.416 Thread 0x000001ea9b6fc360 flushing  nmethod 0x000001ea845d4510
Event: 64.416 Thread 0x000001ea9b6fc360 flushing  nmethod 0x000001ea85014d10
Event: 64.416 Thread 0x000001ea9b6fc360 flushing  nmethod 0x000001ea8501ac10
Event: 64.416 Thread 0x000001ea9b6fc360 flushing  nmethod 0x000001ea8c112210
Event: 65.231 Thread 0x000001ea9b6fc360 flushing  nmethod 0x000001ea84710190
Event: 65.231 Thread 0x000001ea9b6fc360 flushing  nmethod 0x000001ea84590210
Event: 65.231 Thread 0x000001ea9b6fc360 flushing  nmethod 0x000001ea846ce310
Event: 65.232 Thread 0x000001ea9b6fc360 flushing  nmethod 0x000001ea84526510
Event: 65.232 Thread 0x000001ea9b6fc360 flushing  nmethod 0x000001ea8458be90
Event: 65.232 Thread 0x000001ea9b6fc360 flushing  nmethod 0x000001ea8465b690
Event: 65.232 Thread 0x000001ea9b6fc360 flushing  nmethod 0x000001ea84703390
Event: 65.232 Thread 0x000001ea9b6fc360 flushing  nmethod 0x000001ea84fc7790
Event: 65.232 Thread 0x000001ea9b6fc360 flushing  nmethod 0x000001ea84fcb390
Event: 65.232 Thread 0x000001ea9b6fc360 flushing  nmethod 0x000001ea84a83410
Event: 65.956 Thread 0x000001ea9b6fc360 flushing  nmethod 0x000001ea84fabd90
Event: 65.957 Thread 0x000001ea9b6fc360 flushing  nmethod 0x000001ea84b55f90

Events (20 events):
Event: 34.105 Thread 0x000001eaa100dbe0 Thread added: 0x000001eaa2555590
Event: 34.115 Thread 0x000001eaa100dbe0 Thread added: 0x000001eaa2555c20
Event: 34.318 Thread 0x000001eaa100dbe0 Thread added: 0x000001eaa25590a0
Event: 34.322 Thread 0x000001eaa100dbe0 Thread added: 0x000001eaa2557660
Event: 35.842 Thread 0x000001eaa100dbe0 Thread added: 0x000001eaa25562b0
Event: 35.845 Thread 0x000001eaa100dbe0 Thread added: 0x000001eaa2559dc0
Event: 35.849 Thread 0x000001eaa100dbe0 Thread added: 0x000001eaa2556940
Event: 35.852 Thread 0x000001eaa100dbe0 Thread added: 0x000001eaa255b170
Event: 35.908 Thread 0x000001eaa100dbe0 Thread added: 0x000001eaa255a450
Event: 35.910 Thread 0x000001eaa100dbe0 Thread added: 0x000001eaa255aae0
Event: 35.912 Thread 0x000001eaa100dbe0 Thread added: 0x000001eaa255b800
Event: 36.001 Thread 0x000001eaa100dbe0 Thread added: 0x000001eaa255be90
Event: 36.003 Thread 0x000001eaa100dbe0 Thread added: 0x000001eaa255c520
Event: 36.005 Thread 0x000001eaa100dbe0 Thread added: 0x000001eaa2f3a480
Event: 36.006 Thread 0x000001eaa100dbe0 Thread added: 0x000001eaa2f3ab10
Event: 36.007 Thread 0x000001eaa100dbe0 Thread added: 0x000001eaa3a0ad00
Event: 36.009 Thread 0x000001eaa100dbe0 Thread added: 0x000001eaa3a0daf0
Event: 36.010 Thread 0x000001eaa100dbe0 Thread added: 0x000001eaa3a0e180
Event: 54.722 Thread 0x000001ea9b77b520 Thread added: 0x000001eaa24778c0
Event: 62.451 Thread 0x000001eaa24778c0 Thread exited: 0x000001eaa24778c0


Dynamic libraries:
0x00007ff6e8400000 - 0x00007ff6e840a000 	D:\Android Studio\jbr\bin\java.exe
0x00007ff904d20000 - 0x00007ff904f87000 	C:\WINDOWS\SYSTEM32\ntdll.dll
0x00007ff902ab0000 - 0x00007ff902b79000 	C:\WINDOWS\System32\KERNEL32.DLL
0x00007ff9015f0000 - 0x00007ff9019e4000 	C:\WINDOWS\System32\KERNELBASE.dll
0x00007ff902730000 - 0x00007ff90287b000 	C:\WINDOWS\System32\ucrtbase.dll
0x00007ff8f30d0000 - 0x00007ff8f30eb000 	D:\Android Studio\jbr\bin\VCRUNTIME140.dll
0x00007ff8ec6e0000 - 0x00007ff8ec6f8000 	D:\Android Studio\jbr\bin\jli.dll
0x00007ff902c10000 - 0x00007ff902dd5000 	C:\WINDOWS\System32\USER32.dll
0x00007ff902880000 - 0x00007ff9028a7000 	C:\WINDOWS\System32\win32u.dll
0x00007ff9044c0000 - 0x00007ff9044eb000 	C:\WINDOWS\System32\GDI32.dll
0x00007ff8eebd0000 - 0x00007ff8eee63000 	C:\WINDOWS\WinSxS\amd64_microsoft.windows.common-controls_6595b64144ccf1df_6.0.26100.8115_none_3e075c82e3354f9c\COMCTL32.dll
0x00007ff902260000 - 0x00007ff90238b000 	C:\WINDOWS\System32\gdi32full.dll
0x00007ff902940000 - 0x00007ff9029e3000 	C:\WINDOWS\System32\msvcp_win.dll
0x00007ff903b10000 - 0x00007ff903bb9000 	C:\WINDOWS\System32\msvcrt.dll
0x00007ff903930000 - 0x00007ff903962000 	C:\WINDOWS\System32\IMM32.DLL
0x0000000055cb0000 - 0x0000000055cbc000 	C:\Program Files (x86)\360\Total Security\safemon\SafeWrapper.dll
0x00007ff903870000 - 0x00007ff903926000 	C:\WINDOWS\System32\ADVAPI32.dll
0x00007ff904610000 - 0x00007ff9046b7000 	C:\WINDOWS\System32\sechost.dll
0x00007ff9044f0000 - 0x00007ff904608000 	C:\WINDOWS\System32\RPCRT4.dll
0x00007ff89b560000 - 0x00007ff89b60c000 	C:\Program Files (x86)\360\Total Security\safemon\libzdtp64.dll
0x00007ff902f20000 - 0x00007ff903687000 	C:\WINDOWS\System32\SHELL32.dll
0x00007ff902390000 - 0x00007ff9024fa000 	C:\WINDOWS\System32\wintypes.dll
0x00007ff904950000 - 0x00007ff904cd2000 	C:\WINDOWS\System32\combase.dll
0x00007ff9043f0000 - 0x00007ff904456000 	C:\WINDOWS\System32\SHLWAPI.dll
0x00007ff9019f0000 - 0x00007ff902258000 	C:\WINDOWS\System32\Windows.Storage.dll
0x00007ff9010d0000 - 0x00007ff9010db000 	C:\WINDOWS\SYSTEM32\VERSION.dll
0x00007ff8f59e0000 - 0x00007ff8f59ec000 	D:\Android Studio\jbr\bin\vcruntime140_1.dll
0x00007ff89bde0000 - 0x00007ff89be6d000 	D:\Android Studio\jbr\bin\msvcp140.dll
0x00007ff845970000 - 0x00007ff846606000 	D:\Android Studio\jbr\bin\server\jvm.dll
0x00007ff9048a0000 - 0x00007ff904920000 	C:\WINDOWS\System32\WS2_32.dll
0x00007ff901450000 - 0x00007ff9014ae000 	C:\WINDOWS\SYSTEM32\POWRPROF.dll
0x00007ff8f8ba0000 - 0x00007ff8f8bd6000 	C:\WINDOWS\SYSTEM32\WINMM.dll
0x00007ff901430000 - 0x00007ff901444000 	C:\WINDOWS\SYSTEM32\UMPDC.dll
0x00007ff900310000 - 0x00007ff90032b000 	C:\WINDOWS\SYSTEM32\kernel.appcore.dll
0x00007ff8f2c30000 - 0x00007ff8f2c3a000 	D:\Android Studio\jbr\bin\jimage.dll
0x00007ff8f4360000 - 0x00007ff8f45a2000 	C:\WINDOWS\SYSTEM32\DBGHELP.DLL
0x00007ff904210000 - 0x00007ff9042e8000 	C:\WINDOWS\System32\OLEAUT32.dll
0x00007ff8f08b0000 - 0x00007ff8f08eb000 	C:\WINDOWS\SYSTEM32\dbgcore.DLL
0x00007ff902500000 - 0x00007ff9025a5000 	C:\WINDOWS\System32\bcryptPrimitives.dll
0x00007ff8e81f0000 - 0x00007ff8e81fe000 	D:\Android Studio\jbr\bin\instrument.dll
0x00007ff8e29e0000 - 0x00007ff8e2a00000 	D:\Android Studio\jbr\bin\java.dll
0x00007ff8d7a80000 - 0x00007ff8d7a98000 	D:\Android Studio\jbr\bin\zip.dll
0x00007ff903770000 - 0x00007ff903868000 	C:\WINDOWS\System32\SHCORE.dll
0x00007ff901510000 - 0x00007ff901539000 	C:\WINDOWS\SYSTEM32\profapi.dll
0x00007ff8e6340000 - 0x00007ff8e6350000 	D:\Android Studio\jbr\bin\net.dll
0x00007ff8f83d0000 - 0x00007ff8f84fd000 	C:\WINDOWS\SYSTEM32\WINHTTP.dll
0x00007ff900880000 - 0x00007ff9008ec000 	C:\WINDOWS\system32\mswsock.dll
0x00007ff8d79d0000 - 0x00007ff8d79e6000 	D:\Android Studio\jbr\bin\nio.dll
0x00007ff8e2850000 - 0x00007ff8e2860000 	D:\Android Studio\jbr\bin\verify.dll
0x00007ff8de740000 - 0x00007ff8de767000 	C:\Users\LENOVO\.gradle\native\c067742578af261105cb4f569cf0c3c89f3d7b1fecec35dd04571415982c5e48\windows-amd64\native-platform.dll
0x00007ff8ab180000 - 0x00007ff8ab2c4000 	C:\Users\LENOVO\.gradle\native\100fb08df4bc3b14c8652ba06237920a3bd2aa13389f12d3474272988ae205f9\windows-amd64\native-platform-file-events.dll
0x00007ff8d98d0000 - 0x00007ff8d98d9000 	D:\Android Studio\jbr\bin\management.dll
0x00007ff8d7a70000 - 0x00007ff8d7a7b000 	D:\Android Studio\jbr\bin\management_ext.dll
0x00007ff903bc0000 - 0x00007ff903bc8000 	C:\WINDOWS\System32\PSAPI.DLL
0x00007ff900b60000 - 0x00007ff900b7b000 	C:\WINDOWS\SYSTEM32\CRYPTSP.dll
0x00007ff900270000 - 0x00007ff9002a9000 	C:\WINDOWS\system32\rsaenh.dll
0x00007ff900930000 - 0x00007ff900963000 	C:\WINDOWS\SYSTEM32\USERENV.dll
0x00007ff9014e0000 - 0x00007ff90150a000 	C:\WINDOWS\SYSTEM32\bcrypt.dll
0x00007ff900b80000 - 0x00007ff900b8c000 	C:\WINDOWS\SYSTEM32\CRYPTBASE.dll
0x00007ff8ffcf0000 - 0x00007ff8ffd22000 	C:\WINDOWS\SYSTEM32\IPHLPAPI.DLL
0x00007ff903760000 - 0x00007ff90376a000 	C:\WINDOWS\System32\NSI.dll
0x00007ff8e2310000 - 0x00007ff8e2319000 	D:\Android Studio\jbr\bin\extnet.dll
0x00007ff897c70000 - 0x00007ff897c78000 	C:\WINDOWS\system32\wshunix.dll

JVMTI agents:
C:\Users\LENOVO\.gradle\wrapper\dists\gradle-8.11.1-bin\bpt9gzteqjrbo1mjrsomdt32c\gradle-8.11.1\lib\agents\gradle-instrumentation-agent-8.11.1.jar path:D:\Android Studio\jbr\bin\instrument.dll, loaded, initialized, instrumentlib options:none

dbghelp: loaded successfully - version: 4.0.5 - missing functions: none
symbol engine: initialized successfully - sym options: 0x614 - pdb path: .;D:\Android Studio\jbr\bin;C:\WINDOWS\SYSTEM32;C:\WINDOWS\WinSxS\amd64_microsoft.windows.common-controls_6595b64144ccf1df_6.0.26100.8115_none_3e075c82e3354f9c;C:\Program Files (x86)\360\Total Security\safemon;D:\Android Studio\jbr\bin\server;C:\Users\LENOVO\.gradle\native\c067742578af261105cb4f569cf0c3c89f3d7b1fecec35dd04571415982c5e48\windows-amd64;C:\Users\LENOVO\.gradle\native\100fb08df4bc3b14c8652ba06237920a3bd2aa13389f12d3474272988ae205f9\windows-amd64

VM Arguments:
jvm_args: --add-opens=java.base/java.lang=ALL-UNNAMED --add-opens=java.base/java.lang.invoke=ALL-UNNAMED --add-opens=java.base/java.util=ALL-UNNAMED --add-opens=java.prefs/java.util.prefs=ALL-UNNAMED --add-exports=jdk.compiler/com.sun.tools.javac.api=ALL-UNNAMED --add-exports=jdk.compiler/com.sun.tools.javac.util=ALL-UNNAMED --add-opens=java.base/java.util=ALL-UNNAMED --add-opens=java.prefs/java.util.prefs=ALL-UNNAMED --add-opens=java.base/java.nio.charset=ALL-UNNAMED --add-opens=java.base/java.net=ALL-UNNAMED --add-opens=java.base/java.util.concurrent.atomic=ALL-UNNAMED --add-opens=java.xml/javax.xml.namespace=ALL-UNNAMED -Xmx4096M -Dfile.encoding=UTF-8 -Duser.country=ID -Duser.language=en -Duser.variant -javaagent:C:\Users\LENOVO\.gradle\wrapper\dists\gradle-8.11.1-bin\bpt9gzteqjrbo1mjrsomdt32c\gradle-8.11.1\lib\agents\gradle-instrumentation-agent-8.11.1.jar 
java_command: org.gradle.launcher.daemon.bootstrap.GradleDaemon 8.11.1
java_class_path (initial): C:\Users\LENOVO\.gradle\wrapper\dists\gradle-8.11.1-bin\bpt9gzteqjrbo1mjrsomdt32c\gradle-8.11.1\lib\gradle-daemon-main-8.11.1.jar
Launcher Type: SUN_STANDARD

[Global flags]
     intx CICompilerCount                          = 4                                         {product} {ergonomic}
     uint ConcGCThreads                            = 2                                         {product} {ergonomic}
     uint G1ConcRefinementThreads                  = 8                                         {product} {ergonomic}
   size_t G1HeapRegionSize                         = 2097152                                   {product} {ergonomic}
    uintx GCDrainStackTargetSize                   = 64                                        {product} {ergonomic}
   size_t InitialHeapSize                          = 96468992                                  {product} {ergonomic}
   size_t MarkStackSize                            = 4194304                                   {product} {ergonomic}
   size_t MaxHeapSize                              = 4294967296                                {product} {command line}
   size_t MaxNewSize                               = 2575302656                                {product} {ergonomic}
   size_t MinHeapDeltaBytes                        = 2097152                                   {product} {ergonomic}
   size_t MinHeapSize                              = 8388608                                   {product} {ergonomic}
    uintx NonNMethodCodeHeapSize                   = 5839372                                {pd product} {ergonomic}
    uintx NonProfiledCodeHeapSize                  = 122909434                              {pd product} {ergonomic}
    uintx ProfiledCodeHeapSize                     = 122909434                              {pd product} {ergonomic}
    uintx ReservedCodeCacheSize                    = 251658240                              {pd product} {ergonomic}
     bool SegmentedCodeCache                       = true                                      {product} {ergonomic}
   size_t SoftMaxHeapSize                          = 4294967296                             {manageable} {ergonomic}
     bool UseCompressedOops                        = true                           {product lp64_product} {ergonomic}
     bool UseG1GC                                  = true                                      {product} {ergonomic}
     bool UseLargePagesIndividualAllocation        = false                                  {pd product} {ergonomic}

Logging:
Log output configuration:
 #0: stdout all=warning uptime,level,tags foldmultilines=false
 #1: stderr all=off uptime,level,tags foldmultilines=false

Release file:
JAVA_VERSION="21.0.9" 
MODULES="java.base java.compiler java.datatransfer java.xml java.prefs java.desktop java.instrument java.logging java.management java.security.sasl java.naming java.rmi java.management.rmi java.net.http java.scripting java.security.jgss java.transaction.xa java.sql java.sql.rowset java.xml.crypto java.se java.smartcardio jdk.accessibility jdk.internal.jvmstat jdk.attach jdk.charsets jdk.internal.opt jdk.zipfs jdk.compiler jdk.crypto.ec jdk.crypto.cryptoki jdk.dynalink jdk.hotspot.agent jdk.httpserver jdk.internal.ed jdk.internal.le jdk.internal.vm.ci jdk.jartool jdk.javadoc jdk.jcmd jdk.jdeps jdk.jdwp.agent jdk.jdi jdk.jfr jdk.jlink jdk.jsobject jdk.localedata jdk.management jdk.management.agent jdk.management.jfr jdk.naming.dns jdk.naming.rmi jdk.net jdk.sctp jdk.security.auth jdk.security.jgss jdk.unsupported jdk.unsupported.desktop jdk.xml.dom" 
IMPLEMENTOR="JetBrains s.r.o." 
JAVA_RUNTIME_VERSION="21.0.9+-14649483-b1163.86" 
LIBC="default" 
OS_ARCH="x86_64" 
OS_NAME="Windows" 
SOURCE=".:git:554d0c326095" 

Environment Variables:
PATH=C:\WINDOWS\system32;C:\WINDOWS;C:\WINDOWS\System32\Wbem;C:\WINDOWS\System32\WindowsPowerShell\v1.0\;C:\WINDOWS\System32\OpenSSH\;C:\Users\LENOVO\Downloads\php-8.4.13-nts-Win32-vs17-x64;C:\composer;C:\php-8.4.13;C:\Program Files\nodejs\;D:\Git\cmd;C:\Program Files\PostgreSQL\18\bin;C:\Users\LENOVO\AppData\Local\Microsoft\WindowsApps;C:\Users\LENOVO\AppData\Local\Programs\Microsoft VS Code\bin;C:\Users\LENOVO\AppData\Roaming\Composer\vendor\bin;C:\Users\LENOVO\AppData\Roaming\npm;C:\Program Files\PostgreSQL\18\bin;
USERNAME=LENOVO
OS=Windows_NT
PROCESSOR_IDENTIFIER=AMD64 Family 23 Model 160 Stepping 0, AuthenticAMD
TMP=C:\Users\LENOVO\AppData\Local\Temp
TEMP=C:\Users\LENOVO\AppData\Local\Temp




Periodic native trim disabled

JNI global refs:
JNI global refs: 26, weak refs: 0

JNI global refs memory usage: 835, weak refs: 833

Process memory usage:
Resident Set Size: 321836K (5% of 6018300K total physical memory with 334592K free physical memory)

OOME stack traces (most recent first):
Classloader memory used:
Loader org.gradle.internal.classloader.VisitableURLClassLoader                         : 29092K
Loader bootstrap                                                                       : 23036K
Loader org.gradle.initialization.MixInLegacyTypesClassLoader                           : 6570K
Loader org.gradle.internal.classloader.VisitableURLClassLoader                         : 769K
Loader org.gradle.internal.classloader.VisitableURLClassLoader$InstrumentingVisitableURLClassLoader: 587K
Loader jdk.internal.loader.ClassLoaders$PlatformClassLoader                            : 503K
Loader jdk.internal.loader.ClassLoaders$AppClassLoader                                 : 235K
Loader jdk.internal.reflect.DelegatingClassLoader                                      : 199K
Loader org.gradle.groovy.scripts.internal.DefaultScriptCompilationHandler$ScriptClassLoader: 90712B
Loader org.codehaus.groovy.runtime.callsite.CallSiteClassLoader                        : 49912B

Classes loaded by more than one classloader:
Class org.gradle.internal.IoActions                                                   : loaded 3 times (x 71B)
Class org.gradle.api.Action                                                           : loaded 3 times (x 70B)
Class org.gradle.api.GradleException                                                  : loaded 3 times (x 82B)
Class org.gradle.api.internal.classpath.ManifestUtil                                  : loaded 2 times (x 71B)
Class com.google.common.collect.UnmodifiableListIterator                              : loaded 2 times (x 95B)
Class org.gradle.internal.operations.MultipleBuildOperationFailures                   : loaded 2 times (x 95B)
Class org.gradle.internal.classloader.DefaultClassLoaderFactory                       : loaded 2 times (x 82B)
Class kotlin.collections.AbstractList$Companion                                       : loaded 2 times (x 71B)
Class org.gradle.internal.classloader.ClassLoaderVisitor                              : loaded 2 times (x 76B)
Class org.gradle.api.internal.classpath.EffectiveClassPath                            : loaded 2 times (x 90B)
Class org.gradle.api.internal.DefaultClassPathProvider                                : loaded 2 times (x 76B)
Class [Lorg.gradle.api.internal.ClassPathProvider;                                    : loaded 2 times (x 69B)
Class org.gradle.api.internal.ClassPathProvider                                       : loaded 2 times (x 70B)
Class org.gradle.internal.service.UnknownServiceException                             : loaded 2 times (x 83B)
Class sync_studio_tooling3_f6cgg5u9w7omwlmds84j2u8s                                   : loaded 2 times (x 179B)
Class org.gradle.internal.classpath.TransformedClassPath                              : loaded 2 times (x 96B)
Class org.gradle.internal.classloader.InstrumentingClassLoader                        : loaded 2 times (x 70B)
Class com.google.common.collect.Iterators$ArrayItr                                    : loaded 2 times (x 97B)
Class kotlin.enums.EnumEntriesList                                                    : loaded 2 times (x 223B)
Class com.google.common.collect.UnmodifiableIterator                                  : loaded 2 times (x 80B)
Class org.gradle.internal.service.ServiceLocator                                      : loaded 2 times (x 70B)
Class com.google.common.collect.Iterators                                             : loaded 2 times (x 71B)
Class com.google.common.collect.Lists$StringAsImmutableList                           : loaded 2 times (x 207B)
Class org.gradle.internal.InternalTransformer                                         : loaded 2 times (x 70B)
Class org.gradle.internal.time.DefaultTimer                                           : loaded 2 times (x 80B)
Class org.gradle.internal.classloader.ClasspathUtil$1                                 : loaded 2 times (x 76B)
Class org.gradle.api.internal.classpath.DefaultModuleRegistry$DefaultModule           : loaded 2 times (x 86B)
Class com.google.common.collect.AbstractIterator                                      : loaded 2 times (x 82B)
Class com.google.common.collect.AbstractIndexedListIterator                           : loaded 2 times (x 96B)
Class org.gradle.internal.time.DefaultCountdownTimer                                  : loaded 2 times (x 88B)
Class org.gradle.api.internal.classpath.Module                                        : loaded 2 times (x 70B)
Class org.gradle.api.internal.classpath.UnknownModuleException                        : loaded 2 times (x 82B)
Class org.gradle.api.internal.DefaultClassPathRegistry                                : loaded 2 times (x 76B)
Class org.gradle.api.internal.ClassPathRegistry                                       : loaded 2 times (x 70B)
Class org.gradle.internal.classpath.DefaultClassPath$ImmutableUniqueList              : loaded 2 times (x 199B)
Class org.gradle.internal.classloader.ClassLoaderHierarchy                            : loaded 2 times (x 70B)
Class org.gradle.api.UncheckedIOException                                             : loaded 2 times (x 82B)
Class com.google.common.collect.Iterators$1                                           : loaded 2 times (x 81B)
Class kotlin.UninitializedPropertyAccessException                                     : loaded 2 times (x 82B)
Class com.google.common.collect.Iterators$4                                           : loaded 2 times (x 82B)
Class org.gradle.internal.installation.GradleInstallation$1                           : loaded 2 times (x 75B)
Class org.gradle.api.internal.classpath.ModuleRegistry                                : loaded 2 times (x 70B)
Class com.google.common.collect.Iterators$5                                           : loaded 2 times (x 82B)
Class com.google.common.collect.ImmutableCollection                                   : loaded 2 times (x 125B)
Class org.gradle.api.internal.classpath.DefaultModuleRegistry                         : loaded 2 times (x 86B)
Class com.google.common.collect.Lists                                                 : loaded 2 times (x 71B)
Class com.google.common.collect.Iterators$9                                           : loaded 2 times (x 81B)
Class org.gradle.internal.time.MonotonicClock                                         : loaded 2 times (x 77B)
Class org.gradle.internal.service.ServiceLookupException                              : loaded 2 times (x 82B)
Class org.gradle.internal.classloader.ClassLoaderFactory                              : loaded 2 times (x 70B)
Class org.gradle.internal.service.CachingServiceLocator                               : loaded 2 times (x 82B)
Class org.gradle.internal.time.TimeSource                                             : loaded 2 times (x 70B)
Class kotlin.enums.EnumEntries                                                        : loaded 2 times (x 70B)
Class org.gradle.internal.exceptions.ResolutionProvider                               : loaded 2 times (x 70B)
Class org.gradle.internal.classloader.ClasspathUtil                                   : loaded 2 times (x 71B)
Class org.gradle.internal.time.TimeSource$1                                           : loaded 2 times (x 77B)
Class org.gradle.api.specs.Spec                                                       : loaded 2 times (x 70B)
Class org.gradle.internal.time.Clock                                                  : loaded 2 times (x 70B)
Class ijInit1_8w0z37xcfji5fdcaxaciv8rk7                                               : loaded 2 times (x 179B)
Class kotlin.collections.AbstractList                                                 : loaded 2 times (x 197B)
Class kotlin.collections.AbstractCollection                                           : loaded 2 times (x 117B)
Class org.gradle.internal.classloader.VisitableURLClassLoader$InstrumentingVisitableURLClassLoader: loaded 2 times (x 123B)
Class org.gradle.internal.classloader.VisitableURLClassLoader$Spec                    : loaded 2 times (x 74B)
Class org.gradle.internal.classpath.DefaultClassPath                                  : loaded 2 times (x 90B)
Class org.gradle.util.internal.DefaultGradleVersion                                   : loaded 2 times (x 82B)
Class org.gradle.internal.classloader.ClassLoaderSpec                                 : loaded 2 times (x 71B)
Class org.gradle.internal.classloader.VisitableURLClassLoader                         : loaded 2 times (x 117B)
Class org.gradle.internal.classloader.FilteringClassLoader                            : loaded 2 times (x 105B)
Class org.gradle.internal.Cast                                                        : loaded 2 times (x 71B)
Class org.gradle.internal.classpath.DefaultClassPath$ImmutableUniqueList$Builder      : loaded 2 times (x 75B)
Class org.gradle.internal.classpath.ClassPath                                         : loaded 2 times (x 70B)
Class org.gradle.internal.exceptions.NonGradleCauseExceptionsHolder                   : loaded 2 times (x 70B)
Class kotlin.NotImplementedError                                                      : loaded 2 times (x 82B)
Class kotlin.enums.EnumEntriesKt                                                      : loaded 2 times (x 71B)
Class org.gradle.internal.classloader.SystemClassLoaderSpec                           : loaded 2 times (x 71B)
Class org.gradle.internal.exceptions.MultiCauseException                              : loaded 2 times (x 70B)
Class org.gradle.internal.time.CountdownTimer                                         : loaded 2 times (x 70B)
Class kotlin.jvm.internal.Intrinsics                                                  : loaded 2 times (x 71B)
Class org.gradle.tooling.model.ProjectModel                                           : loaded 2 times (x 70B)
Class kotlin.KotlinNullPointerException                                               : loaded 2 times (x 83B)
Class org.gradle.internal.exceptions.DefaultMultiCauseException                       : loaded 2 times (x 95B)
Class com.google.common.base.Preconditions                                            : loaded 2 times (x 71B)
Class com.google.common.collect.PeekingIterator                                       : loaded 2 times (x 70B)
Class org.gradle.internal.time.Time                                                   : loaded 2 times (x 71B)
Class org.gradle.api.internal.classpath.GlobalCacheRootsProvider                      : loaded 2 times (x 70B)
Class kotlin.NoWhenBranchMatchedException                                             : loaded 2 times (x 82B)
Class org.gradle.internal.time.Timer                                                  : loaded 2 times (x 70B)
Class kotlin.jvm.internal.markers.KMappedMarker                                       : loaded 2 times (x 70B)
Class org.gradle.internal.installation.CurrentGradleInstallationLocator               : loaded 2 times (x 71B)
Class com.google.common.collect.ImmutableList                                         : loaded 2 times (x 206B)
Class org.gradle.internal.service.DefaultServiceLocator                               : loaded 2 times (x 83B)
Class org.gradle.util.GradleVersion                                                   : loaded 2 times (x 81B)
Class org.gradle.internal.installation.CurrentGradleInstallation                      : loaded 2 times (x 73B)
Class org.gradle.util.internal.GUtil                                                  : loaded 2 times (x 71B)
Class com.google.common.collect.Iterators$MergingIterator                             : loaded 2 times (x 81B)
Class org.gradle.internal.installation.GradleInstallation                             : loaded 2 times (x 75B)

---------------  S Y S T E M  ---------------

OS:
 Windows 11 , 64 bit Build 26100 (10.0.26100.8246)
OS uptime: 0 days 4:04 hours
Hyper-V role detected

CPU: total 8 (initial active 8) (8 cores per cpu, 2 threads per core) family 23 model 160 stepping 0 microcode 0x8a00006, cx8, cmov, fxsr, ht, mmx, 3dnowpref, sse, sse2, sse3, ssse3, sse4a, sse4.1, sse4.2, popcnt, lzcnt, tsc, tscinvbit, avx, avx2, aes, clmul, bmi1, bmi2, adx, sha, fma, vzeroupper, clflush, clflushopt, hv, rdtscp, rdpid, f16c
Processor Information for the first 8 processors :
  Max Mhz: 2801, Current Mhz: 2801, Mhz Limit: 2801

Memory: 4k page, system-wide physical 5877M (293M free)
TotalPageFile size 24307M (AvailPageFile size 32M)
current process WorkingSet (physical memory assigned to process): 321M, peak: 335M
current process commit charge ("private bytes"): 485M, peak: 536M

vm_info: OpenJDK 64-Bit Server VM (21.0.9+-14649483-b1163.86) for windows-amd64 JRE (21.0.9+-14649483-b1163.86), built on 2025-12-30T22:08:35Z by "builder" with MS VC++ 16.10 / 16.11 (VS2019)

END.
