#
# There is insufficient memory for the Java Runtime Environment to continue.
# Native memory allocation (malloc) failed to allocate 2100224 bytes. Error detail: Chunk::new
# Possible reasons:
#   The system is out of physical RAM or swap space
#   This process is running with CompressedOops enabled, and the Java Heap may be blocking the growth of the native heap
# Possible solutions:
#   Reduce memory load on the system
#   Increase physical memory or swap space
#   Check if swap backing store is full
#   Decrease Java heap size (-Xmx/-Xms)
#   Decrease number of Java threads
#   Decrease Java thread stack sizes (-Xss)
#   Set larger code cache with -XX:ReservedCodeCacheSize=
#   JVM is running with Zero Based Compressed Oops mode in which the Java heap is
#     placed in the first 32GB address space. The Java Heap base address is the
#     maximum limit for the native heap growth. Please use -XX:HeapBaseMinAddress
#     to set the Java Heap base and to place the Java Heap above 32GB virtual address.
# This output file may be truncated or incomplete.
#
#  Out of Memory Error (arena.cpp:168), pid=11648, tid=17680
#
# JRE version: OpenJDK Runtime Environment (21.0.9) (build 21.0.9+-14649483-b1163.86)
# Java VM: OpenJDK 64-Bit Server VM (21.0.9+-14649483-b1163.86, mixed mode, tiered, compressed oops, compressed class ptrs, g1 gc, windows-amd64)
# No core dump will be written. Minidumps are not enabled by default on client versions of Windows
#

---------------  S U M M A R Y ------------

Command Line: --add-opens=java.base/java.lang=ALL-UNNAMED --add-opens=java.base/java.lang.invoke=ALL-UNNAMED --add-opens=java.base/java.util=ALL-UNNAMED --add-opens=java.prefs/java.util.prefs=ALL-UNNAMED --add-exports=jdk.compiler/com.sun.tools.javac.api=ALL-UNNAMED --add-exports=jdk.compiler/com.sun.tools.javac.util=ALL-UNNAMED --add-opens=java.base/java.util=ALL-UNNAMED --add-opens=java.prefs/java.util.prefs=ALL-UNNAMED --add-opens=java.base/java.nio.charset=ALL-UNNAMED --add-opens=java.base/java.net=ALL-UNNAMED --add-opens=java.base/java.util.concurrent.atomic=ALL-UNNAMED --add-opens=java.xml/javax.xml.namespace=ALL-UNNAMED -Xmx4096M -Dfile.encoding=UTF-8 -Duser.country=ID -Duser.language=en -Duser.variant -javaagent:C:\Users\LENOVO\.gradle\wrapper\dists\gradle-8.11.1-bin\bpt9gzteqjrbo1mjrsomdt32c\gradle-8.11.1\lib\agents\gradle-instrumentation-agent-8.11.1.jar org.gradle.launcher.daemon.bootstrap.GradleDaemon 8.11.1

Host: AMD Ryzen 5 7520U with Radeon Graphics         , 8 cores, 5G,  Windows 11 , 64 bit Build 26100 (10.0.26100.8246)
Time: Fri May  1 17:36:55 2026 SE Asia Standard Time elapsed time: 174.608530 seconds (0d 0h 2m 54s)

---------------  T H R E A D  ---------------

Current thread (0x00000217c60a3a70):  JavaThread "C2 CompilerThread0" daemon [_thread_in_native, id=17680, stack(0x00000037cad00000,0x00000037cae00000) (1024K)]


Current CompileTask:
C2:174609 10079       4       org.objectweb.asm.ClassReader::accept (1419 bytes)

Stack: [0x00000037cad00000,0x00000037cae00000]
Native frames: (J=compiled Java code, j=interpreted, Vv=VM code, C=native code)
V  [jvm.dll+0x6d6c99]
V  [jvm.dll+0x866b83]
V  [jvm.dll+0x86919e]
V  [jvm.dll+0x869883]
V  [jvm.dll+0x280776]
V  [jvm.dll+0xc07cd]
V  [jvm.dll+0xc0d03]
V  [jvm.dll+0x3b986b]
V  [jvm.dll+0x3856a7]
V  [jvm.dll+0x384b1a]
V  [jvm.dll+0x249462]
V  [jvm.dll+0x248a31]
V  [jvm.dll+0x1c7344]
V  [jvm.dll+0x2581ae]
V  [jvm.dll+0x2566f6]
V  [jvm.dll+0x3f48a6]
V  [jvm.dll+0x80f118]
V  [jvm.dll+0x6d54ed]
C  [ucrtbase.dll+0x37b0]
C  [KERNEL32.DLL+0x2e8d7]
C  [ntdll.dll+0x8c3fc]


---------------  P R O C E S S  ---------------

Threads class SMR info:
_java_thread_list=0x00000217c7531820, length=61, elements={
0x00000217a5ad1380, 0x00000217c6029030, 0x00000217c605b8b0, 0x00000217c605ca90,
0x00000217c6068d30, 0x00000217c6069f10, 0x00000217c606f360, 0x00000217c606f9d0,
0x00000217c60a3a70, 0x00000217c60c8200, 0x00000217c63959b0, 0x00000217c67c3540,
0x00000217c88ca110, 0x00000217c7473050, 0x00000217c743a7d0, 0x00000217c65d6ce0,
0x00000217c6365d90, 0x00000217c64812f0, 0x00000217c64833c0, 0x00000217c6482010,
0x00000217c64826a0, 0x00000217c6482d30, 0x00000217c6483a50, 0x00000217c64840e0,
0x00000217c6481980, 0x00000217c9fa2a80, 0x00000217c9fa1040, 0x00000217c9fa1d60,
0x00000217c9fa23f0, 0x00000217c9fa4b50, 0x00000217c9fa16d0, 0x00000217c9fa6590,
0x00000217c9fa51e0, 0x00000217c9fa5f00, 0x00000217c9fa3e30, 0x00000217c9fa72b0,
0x00000217cbe12f70, 0x00000217cbe11bc0, 0x00000217cbe12250, 0x00000217cbe128e0,
0x00000217cbe13c90, 0x00000217cbe14320, 0x00000217cbe10ea0, 0x00000217cbe149b0,
0x00000217cbe11530, 0x00000217cbe156d0, 0x00000217cbe163f0, 0x00000217cbe17e30,
0x00000217cbe184c0, 0x00000217cbe16a80, 0x00000217cbe15d60, 0x00000217c66fda30,
0x00000217c66fe0c0, 0x00000217c66ffb00, 0x00000217c66fcd10, 0x00000217c66fede0,
0x00000217c66ff470, 0x00000217c66fc680, 0x00000217c67028f0, 0x00000217c6701540,
0x00000217c6702260
}

Java Threads: ( => current thread )
  0x00000217a5ad1380 JavaThread "main"                              [_thread_blocked, id=18564, stack(0x00000037c9e00000,0x00000037c9f00000) (1024K)]
  0x00000217c6029030 JavaThread "Common-Cleaner"             daemon [_thread_blocked, id=16796, stack(0x00000037ca600000,0x00000037ca700000) (1024K)]
  0x00000217c605b8b0 JavaThread "Reference Handler"          daemon [_thread_blocked, id=20328, stack(0x00000037ca700000,0x00000037ca800000) (1024K)]
  0x00000217c605ca90 JavaThread "Finalizer"                  daemon [_thread_blocked, id=10928, stack(0x00000037ca800000,0x00000037ca900000) (1024K)]
  0x00000217c6068d30 JavaThread "Signal Dispatcher"          daemon [_thread_blocked, id=20432, stack(0x00000037ca900000,0x00000037caa00000) (1024K)]
  0x00000217c6069f10 JavaThread "Attach Listener"            daemon [_thread_blocked, id=21788, stack(0x00000037caa00000,0x00000037cab00000) (1024K)]
  0x00000217c606f360 JavaThread "Service Thread"             daemon [_thread_blocked, id=18460, stack(0x00000037cab00000,0x00000037cac00000) (1024K)]
  0x00000217c606f9d0 JavaThread "Monitor Deflation Thread"   daemon [_thread_blocked, id=11044, stack(0x00000037cac00000,0x00000037cad00000) (1024K)]
=>0x00000217c60a3a70 JavaThread "C2 CompilerThread0"         daemon [_thread_in_native, id=17680, stack(0x00000037cad00000,0x00000037cae00000) (1024K)]
  0x00000217c60c8200 JavaThread "C1 CompilerThread0"         daemon [_thread_blocked, id=25060, stack(0x00000037cae00000,0x00000037caf00000) (1024K)]
  0x00000217c63959b0 JavaThread "Notification Thread"        daemon [_thread_blocked, id=23524, stack(0x00000037caf00000,0x00000037cb000000) (1024K)]
  0x00000217c67c3540 JavaThread "Daemon health stats"               [_thread_blocked, id=22548, stack(0x00000037cb500000,0x00000037cb600000) (1024K)]
  0x00000217c88ca110 JavaThread "Incoming local TCP Connector on port 59580"        [_thread_in_native, id=25936, stack(0x00000037cb600000,0x00000037cb700000) (1024K)]
  0x00000217c7473050 JavaThread "Daemon periodic checks"            [_thread_blocked, id=27548, stack(0x00000037cb700000,0x00000037cb800000) (1024K)]
  0x00000217c743a7d0 JavaThread "Daemon"                            [_thread_blocked, id=24048, stack(0x00000037cb800000,0x00000037cb900000) (1024K)]
  0x00000217c65d6ce0 JavaThread "Handler for socket connection from /127.0.0.1:59580 to /127.0.0.1:59582"        [_thread_in_native, id=25524, stack(0x00000037cb900000,0x00000037cba00000) (1024K)]
  0x00000217c6365d90 JavaThread "Cancel handler"                    [_thread_blocked, id=24328, stack(0x00000037cba00000,0x00000037cbb00000) (1024K)]
  0x00000217c64812f0 JavaThread "Daemon worker"                     [_thread_in_Java, id=23244, stack(0x00000037cbb00000,0x00000037cbc00000) (1024K)]
  0x00000217c64833c0 JavaThread "Asynchronous log dispatcher for DefaultDaemonConnection: socket connection from /127.0.0.1:59580 to /127.0.0.1:59582"        [_thread_blocked, id=12892, stack(0x00000037cbc00000,0x00000037cbd00000) (1024K)]
  0x00000217c6482010 JavaThread "Stdin handler"                     [_thread_blocked, id=27432, stack(0x00000037cbd00000,0x00000037cbe00000) (1024K)]
  0x00000217c64826a0 JavaThread "Daemon client event forwarder"        [_thread_blocked, id=14388, stack(0x00000037cbe00000,0x00000037cbf00000) (1024K)]
  0x00000217c6482d30 JavaThread "Cache worker for journal cache (C:\Users\LENOVO\.gradle\caches\journal-1)"        [_thread_blocked, id=23860, stack(0x00000037cc200000,0x00000037cc300000) (1024K)]
  0x00000217c6483a50 JavaThread "File lock request listener"        [_thread_in_native, id=21840, stack(0x00000037cc300000,0x00000037cc400000) (1024K)]
  0x00000217c64840e0 JavaThread "Cache worker for file hash cache (C:\Users\LENOVO\.gradle\caches\8.11.1\fileHashes)"        [_thread_blocked, id=10972, stack(0x00000037cc400000,0x00000037cc500000) (1024K)]
  0x00000217c6481980 JavaThread "Cache worker for file content cache (C:\Users\LENOVO\.gradle\caches\8.11.1\fileContent)"        [_thread_blocked, id=26488, stack(0x00000037cc500000,0x00000037cc600000) (1024K)]
  0x00000217c9fa2a80 JavaThread "Cache worker for file hash cache (C:\Users\LENOVO\Downloads\Tugas 6_PAM RA\Tugas 6_PAM RA\.gradle\8.11.1\fileHashes)"        [_thread_blocked, id=24596, stack(0x00000037cc600000,0x00000037cc700000) (1024K)]
  0x00000217c9fa1040 JavaThread "Cache worker for checksums cache (C:\Users\LENOVO\Downloads\Tugas 6_PAM RA\Tugas 6_PAM RA\.gradle\8.11.1\checksums)"        [_thread_blocked, id=25372, stack(0x00000037cc700000,0x00000037cc800000) (1024K)]
  0x00000217c9fa1d60 JavaThread "Cache worker for Build Output Cleanup Cache (C:\Users\LENOVO\Downloads\Tugas 6_PAM RA\Tugas 6_PAM RA\.gradle\buildOutputCleanup)"        [_thread_blocked, id=19028, stack(0x00000037cc900000,0x00000037cca00000) (1024K)]
  0x00000217c9fa23f0 JavaThread "File watcher server"        daemon [_thread_in_native, id=22748, stack(0x00000037cc800000,0x00000037cc900000) (1024K)]
  0x00000217c9fa4b50 JavaThread "File watcher consumer"      daemon [_thread_blocked, id=15464, stack(0x00000037cca00000,0x00000037ccb00000) (1024K)]
  0x00000217c9fa16d0 JavaThread "Cache worker for cache directory md-rule (C:\Users\LENOVO\.gradle\caches\8.11.1\md-rule)"        [_thread_blocked, id=22864, stack(0x00000037ccc00000,0x00000037ccd00000) (1024K)]
  0x00000217c9fa6590 JavaThread "Cache worker for cache directory md-supplier (C:\Users\LENOVO\.gradle\caches\8.11.1\md-supplier)"        [_thread_blocked, id=23584, stack(0x00000037ccb00000,0x00000037ccc00000) (1024K)]
  0x00000217c9fa51e0 JavaThread "jar transforms"                    [_thread_blocked, id=24340, stack(0x00000037ccd00000,0x00000037cce00000) (1024K)]
  0x00000217c9fa5f00 JavaThread "jar transforms Thread 2"           [_thread_blocked, id=23172, stack(0x00000037cce00000,0x00000037ccf00000) (1024K)]
  0x00000217c9fa3e30 JavaThread "jar transforms Thread 3"           [_thread_blocked, id=22860, stack(0x00000037ccf00000,0x00000037cd000000) (1024K)]
  0x00000217c9fa72b0 JavaThread "jar transforms Thread 4"           [_thread_blocked, id=17604, stack(0x00000037cd000000,0x00000037cd100000) (1024K)]
  0x00000217cbe12f70 JavaThread "jar transforms Thread 5"           [_thread_blocked, id=26304, stack(0x00000037cd100000,0x00000037cd200000) (1024K)]
  0x00000217cbe11bc0 JavaThread "Unconstrained build operations"        [_thread_blocked, id=17084, stack(0x00000037cd200000,0x00000037cd300000) (1024K)]
  0x00000217cbe12250 JavaThread "Unconstrained build operations Thread 2"        [_thread_blocked, id=27392, stack(0x00000037cd300000,0x00000037cd400000) (1024K)]
  0x00000217cbe128e0 JavaThread "Unconstrained build operations Thread 3"        [_thread_blocked, id=7428, stack(0x00000037cd400000,0x00000037cd500000) (1024K)]
  0x00000217cbe13c90 JavaThread "Unconstrained build operations Thread 4"        [_thread_blocked, id=25012, stack(0x00000037cd500000,0x00000037cd600000) (1024K)]
  0x00000217cbe14320 JavaThread "Unconstrained build operations Thread 5"        [_thread_blocked, id=15168, stack(0x00000037cd600000,0x00000037cd700000) (1024K)]
  0x00000217cbe10ea0 JavaThread "Unconstrained build operations Thread 6"        [_thread_blocked, id=16448, stack(0x00000037cd700000,0x00000037cd800000) (1024K)]
  0x00000217cbe149b0 JavaThread "Unconstrained build operations Thread 7"        [_thread_blocked, id=4808, stack(0x00000037cd800000,0x00000037cd900000) (1024K)]
  0x00000217cbe11530 JavaThread "Unconstrained build operations Thread 8"        [_thread_blocked, id=11428, stack(0x00000037cd900000,0x00000037cda00000) (1024K)]
  0x00000217cbe156d0 JavaThread "Unconstrained build operations Thread 9"        [_thread_blocked, id=25860, stack(0x00000037cda00000,0x00000037cdb00000) (1024K)]
  0x00000217cbe163f0 JavaThread "Unconstrained build operations Thread 10"        [_thread_blocked, id=23912, stack(0x00000037cdb00000,0x00000037cdc00000) (1024K)]
  0x00000217cbe17e30 JavaThread "Unconstrained build operations Thread 11"        [_thread_blocked, id=27384, stack(0x00000037cdc00000,0x00000037cdd00000) (1024K)]
  0x00000217cbe184c0 JavaThread "Unconstrained build operations Thread 12"        [_thread_blocked, id=23088, stack(0x00000037cdd00000,0x00000037cde00000) (1024K)]
  0x00000217cbe16a80 JavaThread "Unconstrained build operations Thread 13"        [_thread_blocked, id=25464, stack(0x00000037cde00000,0x00000037cdf00000) (1024K)]
  0x00000217cbe15d60 JavaThread "Unconstrained build operations Thread 14"        [_thread_blocked, id=9512, stack(0x00000037cdf00000,0x00000037ce000000) (1024K)]
  0x00000217c66fda30 JavaThread "jar transforms Thread 6"           [_thread_blocked, id=13572, stack(0x00000037c9b00000,0x00000037c9c00000) (1024K)]
  0x00000217c66fe0c0 JavaThread "jar transforms Thread 7"           [_thread_blocked, id=23324, stack(0x00000037c9c00000,0x00000037c9d00000) (1024K)]
  0x00000217c66ffb00 JavaThread "Unconstrained build operations Thread 15"        [_thread_blocked, id=25136, stack(0x00000037c9d00000,0x00000037c9e00000) (1024K)]
  0x00000217c66fcd10 JavaThread "Unconstrained build operations Thread 16"        [_thread_blocked, id=17876, stack(0x00000037ce000000,0x00000037ce100000) (1024K)]
  0x00000217c66fede0 JavaThread "Unconstrained build operations Thread 17"        [_thread_blocked, id=26796, stack(0x00000037ce100000,0x00000037ce200000) (1024K)]
  0x00000217c66ff470 JavaThread "Unconstrained build operations Thread 18"        [_thread_blocked, id=27572, stack(0x00000037ce200000,0x00000037ce300000) (1024K)]
  0x00000217c66fc680 JavaThread "Unconstrained build operations Thread 19"        [_thread_blocked, id=12764, stack(0x00000037ce300000,0x00000037ce400000) (1024K)]
  0x00000217c67028f0 JavaThread "Unconstrained build operations Thread 20"        [_thread_blocked, id=23816, stack(0x00000037ce400000,0x00000037ce500000) (1024K)]
  0x00000217c6701540 JavaThread "Unconstrained build operations Thread 21"        [_thread_blocked, id=21236, stack(0x00000037ce500000,0x00000037ce600000) (1024K)]
  0x00000217c6702260 JavaThread "jar transforms Thread 8"           [_thread_blocked, id=24284, stack(0x00000037ce600000,0x00000037ce700000) (1024K)]
Total: 61

Other Threads:
  0x00000217c1b7e250 VMThread "VM Thread"                           [id=23284, stack(0x00000037ca500000,0x00000037ca600000) (1024K)]
  0x00000217c1b1c440 WatcherThread "VM Periodic Task Thread"        [id=23692, stack(0x00000037ca400000,0x00000037ca500000) (1024K)]
  0x00000217a7f50be0 WorkerThread "GC Thread#0"                     [id=10052, stack(0x00000037c9f00000,0x00000037ca000000) (1024K)]
  0x00000217c65b8870 WorkerThread "GC Thread#1"                     [id=27348, stack(0x00000037cb000000,0x00000037cb100000) (1024K)]
  0x00000217c65a06d0 WorkerThread "GC Thread#2"                     [id=22224, stack(0x00000037cb100000,0x00000037cb200000) (1024K)]
  0x00000217c6ef8310 WorkerThread "GC Thread#3"                     [id=19916, stack(0x00000037cb200000,0x00000037cb300000) (1024K)]
  0x00000217c6ef8f30 WorkerThread "GC Thread#4"                     [id=25840, stack(0x00000037cb300000,0x00000037cb400000) (1024K)]
  0x00000217c862eba0 WorkerThread "GC Thread#5"                     [id=23916, stack(0x00000037cb400000,0x00000037cb500000) (1024K)]
  0x00000217c64b1e20 WorkerThread "GC Thread#6"                     [id=12212, stack(0x00000037cbf00000,0x00000037cc000000) (1024K)]
  0x00000217c64b33d0 WorkerThread "GC Thread#7"                     [id=15088, stack(0x00000037cc000000,0x00000037cc100000) (1024K)]
  0x00000217a7f64aa0 ConcurrentGCThread "G1 Main Marker"            [id=18392, stack(0x00000037ca000000,0x00000037ca100000) (1024K)]
  0x00000217a7f654b0 WorkerThread "G1 Conc#0"                       [id=20968, stack(0x00000037ca100000,0x00000037ca200000) (1024K)]
  0x00000217c737c670 WorkerThread "G1 Conc#1"                       [id=2480, stack(0x00000037cc100000,0x00000037cc200000) (1024K)]
  0x00000217c19eb470 ConcurrentGCThread "G1 Refine#0"               [id=23672, stack(0x00000037ca200000,0x00000037ca300000) (1024K)]
  0x00000217c19edb10 ConcurrentGCThread "G1 Service"                [id=18456, stack(0x00000037ca300000,0x00000037ca400000) (1024K)]
Total: 15

Threads with active compile tasks:
C2 CompilerThread0  174927 10079       4       org.objectweb.asm.ClassReader::accept (1419 bytes)
Total: 1

VM state: not at safepoint (normal execution)

VM Mutex/Monitor currently owned by a thread: None

Heap address: 0x0000000700000000, size: 4096 MB, Compressed Oops mode: Zero based, Oop shift amount: 3

CDS archive(s) not mapped
Compressed class space mapped at: 0x0000000800000000-0x0000000840000000, reserved size: 1073741824
Narrow klass base: 0x0000000800000000, Narrow klass shift: 0, Narrow klass range: 0x40000000

GC Precious Log:
 CardTable entry size: 512
 Card Set container configuration: InlinePtr #cards 4 size 8 Array Of Cards #cards 16 size 48 Howl #buckets 8 coarsen threshold 3686 Howl Bitmap #cards 512 size 80 coarsen threshold 460 Card regions per heap region 1 cards per card region 4096
 CPUs: 8 total, 8 available
 Memory: 5877M
 Large Page Support: Disabled
 NUMA Support: Disabled
 Compressed Oops: Enabled (Zero based)
 Heap Region Size: 2M
 Heap Min Capacity: 8M
 Heap Initial Capacity: 92M
 Heap Max Capacity: 4G
 Pre-touch: Disabled
 Parallel Workers: 8
 Concurrent Workers: 2
 Concurrent Refinement Workers: 8
 Periodic GC: Disabled

Heap:
 garbage-first heap   total 215040K, used 99883K [0x0000000700000000, 0x0000000800000000)
  region size 2048K, 16 young (32768K), 1 survivors (2048K)
 Metaspace       used 71159K, committed 72768K, reserved 1114112K
  class space    used 9726K, committed 10496K, reserved 1048576K

Heap Regions: E=young(eden), S=young(survivor), O=old, HS=humongous(starts), HC=humongous(continues), CS=collection set, F=free, TAMS=top-at-mark-start, PB=parsable bottom
|   0|0x0000000700000000, 0x0000000700200000, 0x0000000700200000|100%|HS|  |TAMS 0x0000000700000000| PB 0x0000000700000000| Complete 
|   1|0x0000000700200000, 0x0000000700400000, 0x0000000700400000|100%|HC|  |TAMS 0x0000000700200000| PB 0x0000000700200000| Complete 
|   2|0x0000000700400000, 0x0000000700600000, 0x0000000700600000|100%| O|  |TAMS 0x0000000700400000| PB 0x0000000700400000| Untracked 
|   3|0x0000000700600000, 0x0000000700800000, 0x0000000700800000|100%| O|  |TAMS 0x0000000700600000| PB 0x0000000700600000| Untracked 
|   4|0x0000000700800000, 0x0000000700a00000, 0x0000000700a00000|100%| O|  |TAMS 0x0000000700800000| PB 0x0000000700800000| Untracked 
|   5|0x0000000700a00000, 0x0000000700c00000, 0x0000000700c00000|100%| O|  |TAMS 0x0000000700a00000| PB 0x0000000700a00000| Untracked 
|   6|0x0000000700c00000, 0x0000000700e00000, 0x0000000700e00000|100%| O|  |TAMS 0x0000000700c00000| PB 0x0000000700c00000| Untracked 
|   7|0x0000000700e00000, 0x0000000701000000, 0x0000000701000000|100%| O|  |TAMS 0x0000000700e00000| PB 0x0000000700e00000| Untracked 
|   8|0x0000000701000000, 0x0000000701200000, 0x0000000701200000|100%| O|  |TAMS 0x0000000701000000| PB 0x0000000701000000| Untracked 
|   9|0x0000000701200000, 0x0000000701200000, 0x0000000701400000|  0%| F|  |TAMS 0x0000000701200000| PB 0x0000000701200000| Untracked 
|  10|0x0000000701400000, 0x0000000701600000, 0x0000000701600000|100%| O|  |TAMS 0x0000000701400000| PB 0x0000000701400000| Untracked 
|  11|0x0000000701600000, 0x0000000701800000, 0x0000000701800000|100%| O|  |TAMS 0x0000000701600000| PB 0x0000000701600000| Untracked 
|  12|0x0000000701800000, 0x0000000701a00000, 0x0000000701a00000|100%| O|  |TAMS 0x0000000701800000| PB 0x0000000701800000| Untracked 
|  13|0x0000000701a00000, 0x0000000701c00000, 0x0000000701c00000|100%| O|  |TAMS 0x0000000701a00000| PB 0x0000000701a00000| Untracked 
|  14|0x0000000701c00000, 0x0000000701e00000, 0x0000000701e00000|100%| O|  |TAMS 0x0000000701c00000| PB 0x0000000701c00000| Untracked 
|  15|0x0000000701e00000, 0x0000000702000000, 0x0000000702000000|100%| O|  |TAMS 0x0000000701e00000| PB 0x0000000701e00000| Untracked 
|  16|0x0000000702000000, 0x0000000702200000, 0x0000000702200000|100%| O|  |TAMS 0x0000000702000000| PB 0x0000000702000000| Untracked 
|  17|0x0000000702200000, 0x0000000702400000, 0x0000000702400000|100%| O|  |TAMS 0x0000000702200000| PB 0x0000000702200000| Untracked 
|  18|0x0000000702400000, 0x0000000702600000, 0x0000000702600000|100%|HS|  |TAMS 0x0000000702400000| PB 0x0000000702400000| Complete 
|  19|0x0000000702600000, 0x0000000702800000, 0x0000000702800000|100%| O|  |TAMS 0x0000000702600000| PB 0x0000000702600000| Untracked 
|  20|0x0000000702800000, 0x0000000702a00000, 0x0000000702a00000|100%| O|  |TAMS 0x0000000702800000| PB 0x0000000702800000| Untracked 
|  21|0x0000000702a00000, 0x0000000702c00000, 0x0000000702c00000|100%| O|  |TAMS 0x0000000702a00000| PB 0x0000000702a00000| Untracked 
|  22|0x0000000702c00000, 0x0000000702e00000, 0x0000000702e00000|100%| O|  |TAMS 0x0000000702c00000| PB 0x0000000702c00000| Untracked 
|  23|0x0000000702e00000, 0x0000000703000000, 0x0000000703000000|100%| O|  |TAMS 0x0000000702e00000| PB 0x0000000702e00000| Untracked 
|  24|0x0000000703000000, 0x0000000703200000, 0x0000000703200000|100%| O|  |TAMS 0x0000000703000000| PB 0x0000000703000000| Untracked 
|  25|0x0000000703200000, 0x0000000703400000, 0x0000000703400000|100%| O|  |TAMS 0x0000000703200000| PB 0x0000000703200000| Untracked 
|  26|0x0000000703400000, 0x0000000703600000, 0x0000000703600000|100%| O|  |TAMS 0x0000000703400000| PB 0x0000000703400000| Untracked 
|  27|0x0000000703600000, 0x0000000703800000, 0x0000000703800000|100%| O|  |TAMS 0x0000000703600000| PB 0x0000000703600000| Untracked 
|  28|0x0000000703800000, 0x0000000703a00000, 0x0000000703a00000|100%| O|  |TAMS 0x0000000703800000| PB 0x0000000703800000| Untracked 
|  29|0x0000000703a00000, 0x0000000703c00000, 0x0000000703c00000|100%| O|  |TAMS 0x0000000703a00000| PB 0x0000000703a00000| Untracked 
|  30|0x0000000703c00000, 0x0000000703e00000, 0x0000000703e00000|100%| O|  |TAMS 0x0000000703c00000| PB 0x0000000703c00000| Untracked 
|  31|0x0000000703e00000, 0x0000000704000000, 0x0000000704000000|100%| O|  |TAMS 0x0000000703e00000| PB 0x0000000703e00000| Untracked 
|  32|0x0000000704000000, 0x00000007041e4970, 0x0000000704200000| 94%| O|  |TAMS 0x0000000704000000| PB 0x0000000704000000| Untracked 
|  33|0x0000000704200000, 0x0000000704200000, 0x0000000704400000|  0%| F|  |TAMS 0x0000000704200000| PB 0x0000000704200000| Untracked 
|  34|0x0000000704400000, 0x0000000704400000, 0x0000000704600000|  0%| F|  |TAMS 0x0000000704400000| PB 0x0000000704400000| Untracked 
|  35|0x0000000704600000, 0x0000000704600000, 0x0000000704800000|  0%| F|  |TAMS 0x0000000704600000| PB 0x0000000704600000| Untracked 
|  36|0x0000000704800000, 0x0000000704800000, 0x0000000704a00000|  0%| F|  |TAMS 0x0000000704800000| PB 0x0000000704800000| Untracked 
|  37|0x0000000704a00000, 0x0000000704a00000, 0x0000000704c00000|  0%| F|  |TAMS 0x0000000704a00000| PB 0x0000000704a00000| Untracked 
|  38|0x0000000704c00000, 0x0000000704c00000, 0x0000000704e00000|  0%| F|  |TAMS 0x0000000704c00000| PB 0x0000000704c00000| Untracked 
|  39|0x0000000704e00000, 0x0000000704e00000, 0x0000000705000000|  0%| F|  |TAMS 0x0000000704e00000| PB 0x0000000704e00000| Untracked 
|  40|0x0000000705000000, 0x0000000705000000, 0x0000000705200000|  0%| F|  |TAMS 0x0000000705000000| PB 0x0000000705000000| Untracked 
|  41|0x0000000705200000, 0x0000000705200000, 0x0000000705400000|  0%| F|  |TAMS 0x0000000705200000| PB 0x0000000705200000| Untracked 
|  42|0x0000000705400000, 0x0000000705400000, 0x0000000705600000|  0%| F|  |TAMS 0x0000000705400000| PB 0x0000000705400000| Untracked 
|  43|0x0000000705600000, 0x0000000705600000, 0x0000000705800000|  0%| F|  |TAMS 0x0000000705600000| PB 0x0000000705600000| Untracked 
|  44|0x0000000705800000, 0x0000000705800000, 0x0000000705a00000|  0%| F|  |TAMS 0x0000000705800000| PB 0x0000000705800000| Untracked 
|  45|0x0000000705a00000, 0x0000000705a00000, 0x0000000705c00000|  0%| F|  |TAMS 0x0000000705a00000| PB 0x0000000705a00000| Untracked 
|  46|0x0000000705c00000, 0x0000000705c00000, 0x0000000705e00000|  0%| F|  |TAMS 0x0000000705c00000| PB 0x0000000705c00000| Untracked 
|  47|0x0000000705e00000, 0x0000000705e00000, 0x0000000706000000|  0%| F|  |TAMS 0x0000000705e00000| PB 0x0000000705e00000| Untracked 
|  48|0x0000000706000000, 0x0000000706000000, 0x0000000706200000|  0%| F|  |TAMS 0x0000000706000000| PB 0x0000000706000000| Untracked 
|  49|0x0000000706200000, 0x0000000706200000, 0x0000000706400000|  0%| F|  |TAMS 0x0000000706200000| PB 0x0000000706200000| Untracked 
|  50|0x0000000706400000, 0x0000000706400000, 0x0000000706600000|  0%| F|  |TAMS 0x0000000706400000| PB 0x0000000706400000| Untracked 
|  51|0x0000000706600000, 0x0000000706600000, 0x0000000706800000|  0%| F|  |TAMS 0x0000000706600000| PB 0x0000000706600000| Untracked 
|  52|0x0000000706800000, 0x0000000706800000, 0x0000000706a00000|  0%| F|  |TAMS 0x0000000706800000| PB 0x0000000706800000| Untracked 
|  53|0x0000000706a00000, 0x0000000706a00000, 0x0000000706c00000|  0%| F|  |TAMS 0x0000000706a00000| PB 0x0000000706a00000| Untracked 
|  54|0x0000000706c00000, 0x0000000706c00000, 0x0000000706e00000|  0%| F|  |TAMS 0x0000000706c00000| PB 0x0000000706c00000| Untracked 
|  55|0x0000000706e00000, 0x0000000706e00000, 0x0000000707000000|  0%| F|  |TAMS 0x0000000706e00000| PB 0x0000000706e00000| Untracked 
|  56|0x0000000707000000, 0x0000000707000000, 0x0000000707200000|  0%| F|  |TAMS 0x0000000707000000| PB 0x0000000707000000| Untracked 
|  57|0x0000000707200000, 0x0000000707200000, 0x0000000707400000|  0%| F|  |TAMS 0x0000000707200000| PB 0x0000000707200000| Untracked 
|  58|0x0000000707400000, 0x0000000707400000, 0x0000000707600000|  0%| F|  |TAMS 0x0000000707400000| PB 0x0000000707400000| Untracked 
|  59|0x0000000707600000, 0x0000000707600000, 0x0000000707800000|  0%| F|  |TAMS 0x0000000707600000| PB 0x0000000707600000| Untracked 
|  60|0x0000000707800000, 0x0000000707800000, 0x0000000707a00000|  0%| F|  |TAMS 0x0000000707800000| PB 0x0000000707800000| Untracked 
|  61|0x0000000707a00000, 0x0000000707a00000, 0x0000000707c00000|  0%| F|  |TAMS 0x0000000707a00000| PB 0x0000000707a00000| Untracked 
|  62|0x0000000707c00000, 0x0000000707c00000, 0x0000000707e00000|  0%| F|  |TAMS 0x0000000707c00000| PB 0x0000000707c00000| Untracked 
|  63|0x0000000707e00000, 0x0000000707e00000, 0x0000000708000000|  0%| F|  |TAMS 0x0000000707e00000| PB 0x0000000707e00000| Untracked 
|  64|0x0000000708000000, 0x0000000708000000, 0x0000000708200000|  0%| F|  |TAMS 0x0000000708000000| PB 0x0000000708000000| Untracked 
|  65|0x0000000708200000, 0x0000000708200000, 0x0000000708400000|  0%| F|  |TAMS 0x0000000708200000| PB 0x0000000708200000| Untracked 
|  66|0x0000000708400000, 0x0000000708400000, 0x0000000708600000|  0%| F|  |TAMS 0x0000000708400000| PB 0x0000000708400000| Untracked 
|  67|0x0000000708600000, 0x0000000708600000, 0x0000000708800000|  0%| F|  |TAMS 0x0000000708600000| PB 0x0000000708600000| Untracked 
|  68|0x0000000708800000, 0x0000000708800000, 0x0000000708a00000|  0%| F|  |TAMS 0x0000000708800000| PB 0x0000000708800000| Untracked 
|  69|0x0000000708a00000, 0x0000000708a00000, 0x0000000708c00000|  0%| F|  |TAMS 0x0000000708a00000| PB 0x0000000708a00000| Untracked 
|  70|0x0000000708c00000, 0x0000000708c00000, 0x0000000708e00000|  0%| F|  |TAMS 0x0000000708c00000| PB 0x0000000708c00000| Untracked 
|  71|0x0000000708e00000, 0x0000000708e00000, 0x0000000709000000|  0%| F|  |TAMS 0x0000000708e00000| PB 0x0000000708e00000| Untracked 
|  72|0x0000000709000000, 0x0000000709000000, 0x0000000709200000|  0%| F|  |TAMS 0x0000000709000000| PB 0x0000000709000000| Untracked 
|  73|0x0000000709200000, 0x0000000709200000, 0x0000000709400000|  0%| F|  |TAMS 0x0000000709200000| PB 0x0000000709200000| Untracked 
|  74|0x0000000709400000, 0x0000000709400000, 0x0000000709600000|  0%| F|  |TAMS 0x0000000709400000| PB 0x0000000709400000| Untracked 
|  75|0x0000000709600000, 0x0000000709600000, 0x0000000709800000|  0%| F|  |TAMS 0x0000000709600000| PB 0x0000000709600000| Untracked 
|  76|0x0000000709800000, 0x0000000709800000, 0x0000000709a00000|  0%| F|  |TAMS 0x0000000709800000| PB 0x0000000709800000| Untracked 
|  77|0x0000000709a00000, 0x0000000709a00000, 0x0000000709c00000|  0%| F|  |TAMS 0x0000000709a00000| PB 0x0000000709a00000| Untracked 
|  78|0x0000000709c00000, 0x0000000709c00000, 0x0000000709e00000|  0%| F|  |TAMS 0x0000000709c00000| PB 0x0000000709c00000| Untracked 
|  79|0x0000000709e00000, 0x0000000709e00000, 0x000000070a000000|  0%| F|  |TAMS 0x0000000709e00000| PB 0x0000000709e00000| Untracked 
|  80|0x000000070a000000, 0x000000070a000000, 0x000000070a200000|  0%| F|  |TAMS 0x000000070a000000| PB 0x000000070a000000| Untracked 
|  81|0x000000070a200000, 0x000000070a200000, 0x000000070a400000|  0%| F|  |TAMS 0x000000070a200000| PB 0x000000070a200000| Untracked 
|  82|0x000000070a400000, 0x000000070a400000, 0x000000070a600000|  0%| F|  |TAMS 0x000000070a400000| PB 0x000000070a400000| Untracked 
|  83|0x000000070a600000, 0x000000070a600000, 0x000000070a800000|  0%| F|  |TAMS 0x000000070a600000| PB 0x000000070a600000| Untracked 
|  84|0x000000070a800000, 0x000000070a800000, 0x000000070aa00000|  0%| F|  |TAMS 0x000000070a800000| PB 0x000000070a800000| Untracked 
|  85|0x000000070aa00000, 0x000000070aa00000, 0x000000070ac00000|  0%| F|  |TAMS 0x000000070aa00000| PB 0x000000070aa00000| Untracked 
|  86|0x000000070ac00000, 0x000000070aca9810, 0x000000070ae00000| 33%| E|  |TAMS 0x000000070ac00000| PB 0x000000070ac00000| Complete 
|  87|0x000000070ae00000, 0x000000070b000000, 0x000000070b000000|100%| E|CS|TAMS 0x000000070ae00000| PB 0x000000070ae00000| Complete 
|  88|0x000000070b000000, 0x000000070b200000, 0x000000070b200000|100%| E|CS|TAMS 0x000000070b000000| PB 0x000000070b000000| Complete 
|  89|0x000000070b200000, 0x000000070b400000, 0x000000070b400000|100%| E|CS|TAMS 0x000000070b200000| PB 0x000000070b200000| Complete 
|  90|0x000000070b400000, 0x000000070b600000, 0x000000070b600000|100%| E|CS|TAMS 0x000000070b400000| PB 0x000000070b400000| Complete 
|  91|0x000000070b600000, 0x000000070b800000, 0x000000070b800000|100%| E|CS|TAMS 0x000000070b600000| PB 0x000000070b600000| Complete 
|  92|0x000000070b800000, 0x000000070ba00000, 0x000000070ba00000|100%| E|CS|TAMS 0x000000070b800000| PB 0x000000070b800000| Complete 
|  93|0x000000070ba00000, 0x000000070bc00000, 0x000000070bc00000|100%| E|CS|TAMS 0x000000070ba00000| PB 0x000000070ba00000| Complete 
|  94|0x000000070bc00000, 0x000000070be00000, 0x000000070be00000|100%| E|CS|TAMS 0x000000070bc00000| PB 0x000000070bc00000| Complete 
|  95|0x000000070be00000, 0x000000070c000000, 0x000000070c000000|100%| E|CS|TAMS 0x000000070be00000| PB 0x000000070be00000| Complete 
|  96|0x000000070c000000, 0x000000070c200000, 0x000000070c200000|100%| E|CS|TAMS 0x000000070c000000| PB 0x000000070c000000| Complete 
|2040|0x00000007ff000000, 0x00000007ff200000, 0x00000007ff200000|100%| O|  |TAMS 0x00000007ff000000| PB 0x00000007ff000000| Untracked 
|2041|0x00000007ff200000, 0x00000007ff400000, 0x00000007ff400000|100%| E|CS|TAMS 0x00000007ff200000| PB 0x00000007ff200000| Complete 
|2042|0x00000007ff400000, 0x00000007ff600000, 0x00000007ff600000|100%| E|CS|TAMS 0x00000007ff400000| PB 0x00000007ff400000| Complete 
|2043|0x00000007ff600000, 0x00000007ff800000, 0x00000007ff800000|100%| E|CS|TAMS 0x00000007ff600000| PB 0x00000007ff600000| Complete 
|2044|0x00000007ff800000, 0x00000007ffa00000, 0x00000007ffa00000|100%| E|CS|TAMS 0x00000007ff800000| PB 0x00000007ff800000| Complete 
|2045|0x00000007ffa00000, 0x00000007ffba62c8, 0x00000007ffc00000| 82%| S|CS|TAMS 0x00000007ffa00000| PB 0x00000007ffa00000| Complete 
|2046|0x00000007ffc00000, 0x00000007ffe00000, 0x00000007ffe00000|100%| O|  |TAMS 0x00000007ffc00000| PB 0x00000007ffc00000| Untracked 
|2047|0x00000007ffe00000, 0x0000000800000000, 0x0000000800000000|100%| E|CS|TAMS 0x00000007ffe00000| PB 0x00000007ffe00000| Complete 

Card table byte_map: [0x00000217bab50000,0x00000217bb350000] _byte_map_base: 0x00000217b7350000

Marking Bits: (CMBitMap*) 0x00000217a7f511f0
 Bits: [0x00000217bb350000, 0x00000217bf350000)

Polling page: 0x00000217a5ce0000

Metaspace:

Usage:
  Non-class:     59.99 MB used.
      Class:      9.50 MB used.
       Both:     69.49 MB used.

Virtual space:
  Non-class space:       64.00 MB reserved,      60.81 MB ( 95%) committed,  1 nodes.
      Class space:        1.00 GB reserved,      10.25 MB (  1%) committed,  1 nodes.
             Both:        1.06 GB reserved,      71.06 MB (  7%) committed. 

Chunk freelists:
   Non-Class:  3.01 MB
       Class:  5.72 MB
        Both:  8.72 MB

MaxMetaspaceSize: unlimited
CompressedClassSpaceSize: 1.00 GB
Initial GC threshold: 21.00 MB
Current GC threshold: 118.44 MB
CDS: off
 - commit_granule_bytes: 65536.
 - commit_granule_words: 8192.
 - virtual_space_node_default_size: 8388608.
 - enlarge_chunks_in_place: 1.
 - use_allocation_guard: 0.


Internal statistics:

num_allocs_failed_limit: 12.
num_arena_births: 2958.
num_arena_deaths: 12.
num_vsnodes_births: 2.
num_vsnodes_deaths: 0.
num_space_committed: 1137.
num_space_uncommitted: 0.
num_chunks_returned_to_freelist: 46.
num_chunks_taken_from_freelist: 5755.
num_chunk_merges: 16.
num_chunk_splits: 3801.
num_chunks_enlarged: 2417.
num_inconsistent_stats: 0.

CodeHeap 'non-profiled nmethods': size=120000Kb used=6441Kb max_used=6721Kb free=113558Kb
 bounds [0x00000217b2af0000, 0x00000217b3190000, 0x00000217ba020000]
CodeHeap 'profiled nmethods': size=120000Kb used=13372Kb max_used=15234Kb free=106627Kb
 bounds [0x00000217ab020000, 0x00000217abf10000, 0x00000217b2550000]
CodeHeap 'non-nmethods': size=5760Kb used=2606Kb max_used=2685Kb free=3153Kb
 bounds [0x00000217b2550000, 0x00000217b2800000, 0x00000217b2af0000]
CodeCache: size=245760Kb, used=22419Kb, max_used=24640Kb, free=223338Kb
 total_blobs=8139, nmethods=7245, adapters=797, full_count=0
Compilation: enabled, stopped_count=0, restarted_count=0

Compilation events (20 events):
Event: 172.895 Thread 0x00000217c60c8200 nmethod 10071 0x00000217ab4eb410 code [0x00000217ab4eb6e0, 0x00000217ab4ec7d8]
Event: 172.904 Thread 0x00000217c60a3a70 10072       4       org.objectweb.asm.MethodVisitor::visitInvokeDynamicInsn (39 bytes)
Event: 173.021 Thread 0x00000217c60a3a70 nmethod 10072 0x00000217b3174e90 code [0x00000217b3175460, 0x00000217b31797b8]
Event: 173.103 Thread 0x00000217c60a3a70 10073       4       org.objectweb.asm.SymbolTable::putBootstrapMethods (56 bytes)
Event: 173.105 Thread 0x00000217c60a3a70 nmethod 10073 0x00000217b317b910 code [0x00000217b317bb00, 0x00000217b317bd38]
Event: 173.122 Thread 0x00000217c60a3a70 10074       4       org.objectweb.asm.signature.SignatureWriter::visitTypeArgument (40 bytes)
Event: 173.133 Thread 0x00000217c60a3a70 nmethod 10074 0x00000217b317bf90 code [0x00000217b317c1c0, 0x00000217b317c840]
Event: 173.172 Thread 0x00000217c60a3a70 10075       4       org.objectweb.asm.ClassWriter::toByteArray (1535 bytes)
Event: 173.336 Thread 0x00000217c60c8200 10076       3       java.util.concurrent.ThreadPoolExecutor$Worker::unlock (7 bytes)
Event: 173.337 Thread 0x00000217c60c8200 nmethod 10076 0x00000217ab043010 code [0x00000217ab0431e0, 0x00000217ab043450]
Event: 173.368 Thread 0x00000217c60a3a70 nmethod 10075 0x00000217b317cd10 code [0x00000217b317d4e0, 0x00000217b3181b58]
Event: 173.392 Thread 0x00000217c60a3a70 10077       4       org.gradle.api.internal.runtimeshaded.RuntimeShadedJarCreator$$Lambda/0x0000000800a3ca98::visit (21 bytes)
Event: 173.420 Thread 0x00000217c60a3a70 nmethod 10077 0x00000217b3184b10 code [0x00000217b3184d60, 0x00000217b3185808]
Event: 173.432 Thread 0x00000217c60c8200 10078       3       org.apache.commons.compress.archivers.zip.ZipArchiveOutputStream::write (57 bytes)
Event: 173.433 Thread 0x00000217c60c8200 nmethod 10078 0x00000217ab232390 code [0x00000217ab232580, 0x00000217ab2329f0]
Event: 173.512 Thread 0x00000217c60a3a70 10079       4       org.objectweb.asm.ClassReader::accept (1419 bytes)
Event: 173.755 Thread 0x00000217c60c8200 10080       3       java.nio.channels.spi.AbstractSelectableChannel::isBlocking (13 bytes)
Event: 173.756 Thread 0x00000217c60c8200 nmethod 10080 0x00000217ab029810 code [0x00000217ab0299a0, 0x00000217ab029b00]
Event: 174.088 Thread 0x00000217c60c8200 10082       3       org.objectweb.asm.AnnotationWriter::visit (935 bytes)
Event: 174.092 Thread 0x00000217c60c8200 nmethod 10082 0x00000217ab6d1710 code [0x00000217ab6d1e00, 0x00000217ab6d5c60]

GC Heap History (20 events):
Event: 167.582 GC heap after
{Heap after GC invocations=42 (full 0):
 garbage-first heap   total 176128K, used 65510K [0x0000000700000000, 0x0000000800000000)
  region size 2048K, 3 young (6144K), 3 survivors (6144K)
 Metaspace       used 71136K, committed 72768K, reserved 1114112K
  class space    used 9723K, committed 10496K, reserved 1048576K
}
Event: 168.304 GC heap before
{Heap before GC invocations=42 (full 0):
 garbage-first heap   total 176128K, used 163814K [0x0000000700000000, 0x0000000800000000)
  region size 2048K, 51 young (104448K), 3 survivors (6144K)
 Metaspace       used 71138K, committed 72768K, reserved 1114112K
  class space    used 9723K, committed 10496K, reserved 1048576K
}
Event: 168.311 GC heap after
{Heap after GC invocations=43 (full 0):
 garbage-first heap   total 176128K, used 65358K [0x0000000700000000, 0x0000000800000000)
  region size 2048K, 3 young (6144K), 3 survivors (6144K)
 Metaspace       used 71138K, committed 72768K, reserved 1114112K
  class space    used 9723K, committed 10496K, reserved 1048576K
}
Event: 169.235 GC heap before
{Heap before GC invocations=44 (full 0):
 garbage-first heap   total 176128K, used 163662K [0x0000000700000000, 0x0000000800000000)
  region size 2048K, 51 young (104448K), 3 survivors (6144K)
 Metaspace       used 71169K, committed 72768K, reserved 1114112K
  class space    used 9730K, committed 10496K, reserved 1048576K
}
Event: 169.244 GC heap after
{Heap after GC invocations=45 (full 0):
 garbage-first heap   total 176128K, used 66319K [0x0000000700000000, 0x0000000800000000)
  region size 2048K, 3 young (6144K), 3 survivors (6144K)
 Metaspace       used 71169K, committed 72768K, reserved 1114112K
  class space    used 9730K, committed 10496K, reserved 1048576K
}
Event: 169.748 GC heap before
{Heap before GC invocations=45 (full 0):
 garbage-first heap   total 176128K, used 164623K [0x0000000700000000, 0x0000000800000000)
  region size 2048K, 51 young (104448K), 3 survivors (6144K)
 Metaspace       used 71171K, committed 72768K, reserved 1114112K
  class space    used 9730K, committed 10496K, reserved 1048576K
}
Event: 169.761 GC heap after
{Heap after GC invocations=46 (full 0):
 garbage-first heap   total 176128K, used 66479K [0x0000000700000000, 0x0000000800000000)
  region size 2048K, 4 young (8192K), 4 survivors (8192K)
 Metaspace       used 71171K, committed 72768K, reserved 1114112K
  class space    used 9730K, committed 10496K, reserved 1048576K
}
Event: 170.609 GC heap before
{Heap before GC invocations=46 (full 0):
 garbage-first heap   total 176128K, used 162735K [0x0000000700000000, 0x0000000800000000)
  region size 2048K, 51 young (104448K), 4 survivors (8192K)
 Metaspace       used 71176K, committed 72768K, reserved 1114112K
  class space    used 9731K, committed 10496K, reserved 1048576K
}
Event: 170.616 GC heap after
{Heap after GC invocations=47 (full 0):
 garbage-first heap   total 176128K, used 67244K [0x0000000700000000, 0x0000000800000000)
  region size 2048K, 4 young (8192K), 4 survivors (8192K)
 Metaspace       used 71176K, committed 72768K, reserved 1114112K
  class space    used 9731K, committed 10496K, reserved 1048576K
}
Event: 171.333 GC heap before
{Heap before GC invocations=48 (full 0):
 garbage-first heap   total 176128K, used 163500K [0x0000000700000000, 0x0000000800000000)
  region size 2048K, 51 young (104448K), 4 survivors (8192K)
 Metaspace       used 71176K, committed 72768K, reserved 1114112K
  class space    used 9731K, committed 10496K, reserved 1048576K
}
Event: 171.353 GC heap after
{Heap after GC invocations=49 (full 0):
 garbage-first heap   total 176128K, used 67869K [0x0000000700000000, 0x0000000800000000)
  region size 2048K, 4 young (8192K), 4 survivors (8192K)
 Metaspace       used 71176K, committed 72768K, reserved 1114112K
  class space    used 9731K, committed 10496K, reserved 1048576K
}
Event: 172.010 GC heap before
{Heap before GC invocations=49 (full 0):
 garbage-first heap   total 176128K, used 164125K [0x0000000700000000, 0x0000000800000000)
  region size 2048K, 51 young (104448K), 4 survivors (8192K)
 Metaspace       used 71176K, committed 72768K, reserved 1114112K
  class space    used 9731K, committed 10496K, reserved 1048576K
}
Event: 172.023 GC heap after
{Heap after GC invocations=50 (full 0):
 garbage-first heap   total 215040K, used 68226K [0x0000000700000000, 0x0000000800000000)
  region size 2048K, 4 young (8192K), 4 survivors (8192K)
 Metaspace       used 71176K, committed 72768K, reserved 1114112K
  class space    used 9731K, committed 10496K, reserved 1048576K
}
Event: 172.541 GC heap before
{Heap before GC invocations=50 (full 0):
 garbage-first heap   total 215040K, used 189058K [0x0000000700000000, 0x0000000800000000)
  region size 2048K, 63 young (129024K), 4 survivors (8192K)
 Metaspace       used 71176K, committed 72768K, reserved 1114112K
  class space    used 9731K, committed 10496K, reserved 1048576K
}
Event: 172.547 GC heap after
{Heap after GC invocations=51 (full 0):
 garbage-first heap   total 215040K, used 68932K [0x0000000700000000, 0x0000000800000000)
  region size 2048K, 4 young (8192K), 4 survivors (8192K)
 Metaspace       used 71176K, committed 72768K, reserved 1114112K
  class space    used 9731K, committed 10496K, reserved 1048576K
}
Event: 173.205 GC heap before
{Heap before GC invocations=51 (full 0):
 garbage-first heap   total 215040K, used 189764K [0x0000000700000000, 0x0000000800000000)
  region size 2048K, 63 young (129024K), 4 survivors (8192K)
 Metaspace       used 71181K, committed 72768K, reserved 1114112K
  class space    used 9731K, committed 10496K, reserved 1048576K
}
Event: 173.211 GC heap after
{Heap after GC invocations=52 (full 0):
 garbage-first heap   total 215040K, used 70392K [0x0000000700000000, 0x0000000800000000)
  region size 2048K, 4 young (8192K), 4 survivors (8192K)
 Metaspace       used 71181K, committed 72768K, reserved 1114112K
  class space    used 9731K, committed 10496K, reserved 1048576K
}
Event: 173.624 GC heap before
{Heap before GC invocations=52 (full 0):
 garbage-first heap   total 215040K, used 191224K [0x0000000700000000, 0x0000000800000000)
  region size 2048K, 63 young (129024K), 4 survivors (8192K)
 Metaspace       used 71181K, committed 72768K, reserved 1114112K
  class space    used 9731K, committed 10496K, reserved 1048576K
}
Event: 173.631 GC heap after
{Heap after GC invocations=53 (full 0):
 garbage-first heap   total 215040K, used 70493K [0x0000000700000000, 0x0000000800000000)
  region size 2048K, 4 young (8192K), 4 survivors (8192K)
 Metaspace       used 71181K, committed 72768K, reserved 1114112K
  class space    used 9731K, committed 10496K, reserved 1048576K
}
Event: 174.186 GC heap before
{Heap before GC invocations=54 (full 0):
 garbage-first heap   total 215040K, used 191325K [0x0000000700000000, 0x0000000800000000)
  region size 2048K, 63 young (129024K), 4 survivors (8192K)
 Metaspace       used 71159K, committed 72768K, reserved 1114112K
  class space    used 9726K, committed 10496K, reserved 1048576K
}

Dll operation events (3 events):
Event: 0.136 Loaded shared library D:\Android Studio\jbr\bin\java.dll
Event: 0.187 Loaded shared library D:\Android Studio\jbr\bin\zip.dll
Event: 4.020 Loaded shared library D:\Android Studio\jbr\bin\verify.dll

Deoptimization events (20 events):
Event: 172.271 Thread 0x00000217c64812f0 Uncommon trap: trap_request=0xffffff45 fr.pc=0x00000217b30abb20 relative=0x0000000000000800
Event: 172.271 Thread 0x00000217c64812f0 Uncommon trap: reason=unstable_if action=reinterpret pc=0x00000217b30abb20 method=org.objectweb.asm.MethodWriter.visitIincInsn(II)V @ 27 c2
Event: 172.271 Thread 0x00000217c64812f0 DEOPT PACKING pc=0x00000217b30abb20 sp=0x00000037cbbf7ce0
Event: 172.271 Thread 0x00000217c64812f0 DEOPT UNPACKING pc=0x00000217b25a4422 sp=0x00000037cbbf7ba8 mode 2
Event: 172.751 Thread 0x00000217c64812f0 Uncommon trap: trap_request=0xffffff45 fr.pc=0x00000217b316b380 relative=0x0000000000009e00
Event: 172.751 Thread 0x00000217c64812f0 Uncommon trap: reason=unstable_if action=reinterpret pc=0x00000217b316b380 method=org.objectweb.asm.ClassReader.accept(Lorg/objectweb/asm/ClassVisitor;[Lorg/objectweb/asm/Attribute;I)V @ 518 c2
Event: 172.752 Thread 0x00000217c64812f0 DEOPT PACKING pc=0x00000217b316b380 sp=0x00000037cbbf7f80
Event: 172.752 Thread 0x00000217c64812f0 DEOPT UNPACKING pc=0x00000217b25a4422 sp=0x00000037cbbf7f48 mode 2
Event: 172.752 Thread 0x00000217c64812f0 Uncommon trap: trap_request=0xffffff45 fr.pc=0x00000217b31449e0 relative=0x0000000000003d00
Event: 172.752 Thread 0x00000217c64812f0 Uncommon trap: reason=unstable_if action=reinterpret pc=0x00000217b31449e0 method=org.objectweb.asm.ClassWriter.toByteArray()[B @ 364 c2
Event: 172.752 Thread 0x00000217c64812f0 DEOPT PACKING pc=0x00000217b31449e0 sp=0x00000037cbbf8050
Event: 172.752 Thread 0x00000217c64812f0 DEOPT UNPACKING pc=0x00000217b25a4422 sp=0x00000037cbbf7fd8 mode 2
Event: 172.864 Thread 0x00000217c64812f0 Uncommon trap: trap_request=0xffffff45 fr.pc=0x00000217b314910c relative=0x00000000000004ac
Event: 172.864 Thread 0x00000217c64812f0 Uncommon trap: reason=unstable_if action=reinterpret pc=0x00000217b314910c method=org.objectweb.asm.AnnotationWriter.visit(Ljava/lang/String;Ljava/lang/Object;)V @ 105 c2
Event: 172.864 Thread 0x00000217c64812f0 DEOPT PACKING pc=0x00000217b314910c sp=0x00000037cbbf79f0
Event: 172.864 Thread 0x00000217c64812f0 DEOPT UNPACKING pc=0x00000217b25a4422 sp=0x00000037cbbf7958 mode 2
Event: 173.402 Thread 0x00000217c64812f0 Uncommon trap: trap_request=0xffffff45 fr.pc=0x00000217b30b7bdc relative=0x0000000000002e3c
Event: 173.402 Thread 0x00000217c64812f0 Uncommon trap: reason=unstable_if action=reinterpret pc=0x00000217b30b7bdc method=org.apache.commons.compress.archivers.zip.StreamCompressor.writeDeflated([BII)V @ 95 c2
Event: 173.402 Thread 0x00000217c64812f0 DEOPT PACKING pc=0x00000217b30b7bdc sp=0x00000037cbbf7fe0
Event: 173.402 Thread 0x00000217c64812f0 DEOPT UNPACKING pc=0x00000217b25a4422 sp=0x00000037cbbf7ed0 mode 2

Classes loaded (20 events):
Event: 152.134 Loading class java/lang/Base64
Event: 152.134 Loading class java/lang/Base64 done
Event: 152.137 Loading class java/io/Base64
Event: 152.137 Loading class java/io/Base64 done
Event: 152.139 Loading class java/net/Base64
Event: 152.139 Loading class java/net/Base64 done
Event: 161.159 Loading class java/nio/charset/UnsupportedCharsetException
Event: 161.161 Loading class java/nio/charset/UnsupportedCharsetException done
Event: 161.169 Loading class java/util/Collections$UnmodifiableSortedMap
Event: 161.169 Loading class java/util/Collections$UnmodifiableSortedMap done
Event: 161.174 Loading class java/util/zip/Deflater
Event: 161.176 Loading class java/util/zip/Deflater done
Event: 161.181 Loading class java/util/zip/Deflater$DeflaterZStreamRef
Event: 161.181 Loading class java/util/zip/Deflater$DeflaterZStreamRef done
Event: 161.202 Loading class java/util/zip/ZipFile$ZipEntryIterator
Event: 161.203 Loading class java/util/zip/ZipFile$ZipEntryIterator done
Event: 161.441 Loading class java/nio/StringCharBuffer
Event: 161.443 Loading class java/nio/StringCharBuffer done
Event: 168.936 Loading class java/util/regex/Pattern$Caret
Event: 168.937 Loading class java/util/regex/Pattern$Caret done

Classes unloaded (20 events):
Event: 139.393 Thread 0x00000217c1b7e250 Unloading class 0x000000080092c800 '_BuildScript_'
Event: 161.603 Thread 0x00000217c1b7e250 Unloading class 0x0000000800918000 '_BuildScript_$_run_closure1$_closure2$_closure4'
Event: 161.603 Thread 0x00000217c1b7e250 Unloading class 0x0000000800915840 '_BuildScript_$_run_closure1$_closure2$_closure3'
Event: 161.603 Thread 0x00000217c1b7e250 Unloading class 0x0000000800915420 '_BuildScript_$_run_closure1$_closure2'
Event: 161.603 Thread 0x00000217c1b7e250 Unloading class 0x0000000800915000 '_BuildScript_$_run_closure1'
Event: 161.603 Thread 0x00000217c1b7e250 Unloading class 0x0000000800914800 '_BuildScript_'
Event: 164.100 Thread 0x00000217c1b7e250 Unloading class 0x0000000800a14420 '_BuildScript_$_run_closure1$_closure3'
Event: 164.100 Thread 0x00000217c1b7e250 Unloading class 0x0000000800a14000 '_BuildScript_$_run_closure1$_closure2'
Event: 164.100 Thread 0x00000217c1b7e250 Unloading class 0x0000000800a13988 '_BuildScript_$_run_closure1'
Event: 164.100 Thread 0x00000217c1b7e250 Unloading class 0x0000000800a13420 '_BuildScript_'
Event: 164.100 Thread 0x00000217c1b7e250 Unloading class 0x0000000800a13000 'KotlinCoroutineJvmDebugArgumentsProvider$_asArguments_closure1'
Event: 164.100 Thread 0x00000217c1b7e250 Unloading class 0x0000000800a12a30 'KotlinCoroutineJvmDebugArgumentsProvider'
Event: 164.100 Thread 0x00000217c1b7e250 Unloading class 0x0000000800a12800 'Properties'
Event: 164.100 Thread 0x00000217c1b7e250 Unloading class 0x0000000800a10988 '_BuildScript_$_run_closure1$_closure2'
Event: 164.100 Thread 0x00000217c1b7e250 Unloading class 0x0000000800a10568 '_BuildScript_$_run_closure1'
Event: 164.100 Thread 0x00000217c1b7e250 Unloading class 0x0000000800a10000 '_BuildScript_'
Event: 173.728 Thread 0x00000217c1b7e250 Unloading class 0x000000080092e420 '_BuildScript_'
Event: 173.728 Thread 0x00000217c1b7e250 Unloading class 0x000000080092e000 'SetupUtpTestResultListenerAction$_execute_closure1$_closure2'
Event: 173.728 Thread 0x00000217c1b7e250 Unloading class 0x000000080092cad0 'SetupUtpTestResultListenerAction$_execute_closure1'
Event: 173.728 Thread 0x00000217c1b7e250 Unloading class 0x000000080092c800 'SetupUtpTestResultListenerAction'

Classes redefined (0 events):
No events

Internal exceptions (20 events):
Event: 160.569 Thread 0x00000217c64812f0 Exception <a 'sun/nio/fs/WindowsException'{0x00000007063433e0}> (0x00000007063433e0) 
thrown [s\src\hotspot\share\prims\jni.cpp, line 537]
Event: 160.571 Thread 0x00000217c64812f0 Exception <a 'sun/nio/fs/WindowsException'{0x0000000706344928}> (0x0000000706344928) 
thrown [s\src\hotspot\share\prims\jni.cpp, line 537]
Event: 160.576 Thread 0x00000217c64812f0 Exception <a 'sun/nio/fs/WindowsException'{0x0000000706345e90}> (0x0000000706345e90) 
thrown [s\src\hotspot\share\prims\jni.cpp, line 537]
Event: 160.585 Thread 0x00000217c64812f0 Exception <a 'java/lang/NoSuchMethodError'{0x00000007063566e8}: 'java.lang.Object java.lang.invoke.Invokers$Holder.invoker(java.lang.Object, java.lang.Object, java.lang.Object, java.lang.Object, java.lang.Object, java.lang.Object)'> (0x00000007063566e8) 
thrown [s\src\hotspot\share\interpreter\linkResolver.cpp, line 784]
Event: 160.652 Thread 0x00000217c64812f0 Exception <a 'java/lang/NoSuchMethodError'{0x000000070601e738}: 'java.lang.Object java.lang.invoke.Invokers$Holder.invoker(java.lang.Object, java.lang.Object, java.lang.Object, java.lang.Object, java.lang.Object, java.lang.Object, java.lang.Object, java.lang.Object, java.lang.Object, java.lang.Object, java.lang.Object, java.lang.Object, java.lang.Object, java.lang.Object, java.lang.Object, java.lang.Object, java.lang.Object, java.lang.Object, java.lang.Object, java.lang.Object, java.lang.Object, java.lang.
Event: 160.654 Thread 0x00000217c64812f0 Exception <a 'java/lang/NoSuchMethodError'{0x0000000706025050}: 'java.lang.Object java.lang.invoke.DelegatingMethodHandle$Holder.delegate(java.lang.Object, java.lang.Object, java.lang.Object, java.lang.Object, java.lang.Object, java.lang.Object, java.lang.Object, java.lang.Object, java.lang.Object, java.lang.Object, java.lang.Object, java.lang.Object, java.lang.Object, java.lang.Object, java.lang.Object, java.lang.Object, java.lang.Object, java.lang.Object, java.lang.Object, java.lang.Object, java.lang.Obj
Event: 161.049 Thread 0x00000217c64812f0 Exception <a 'sun/nio/fs/WindowsException'{0x0000000704319c20}> (0x0000000704319c20) 
thrown [s\src\hotspot\share\prims\jni.cpp, line 537]
Event: 161.055 Thread 0x00000217c64812f0 Exception <a 'sun/nio/fs/WindowsException'{0x00000007043239a0}> (0x00000007043239a0) 
thrown [s\src\hotspot\share\prims\jni.cpp, line 537]
Event: 161.110 Thread 0x00000217c64812f0 Exception <a 'sun/nio/fs/WindowsException'{0x00000007043fbb48}> (0x00000007043fbb48) 
thrown [s\src\hotspot\share\prims\jni.cpp, line 537]
Event: 161.112 Thread 0x00000217c64812f0 Exception <a 'sun/nio/fs/WindowsException'{0x00000007043fd4d0}> (0x00000007043fd4d0) 
thrown [s\src\hotspot\share\prims\jni.cpp, line 537]
Event: 161.113 Thread 0x00000217c64812f0 Exception <a 'sun/nio/fs/WindowsException'{0x00000007043feb50}> (0x00000007043feb50) 
thrown [s\src\hotspot\share\prims\jni.cpp, line 537]
Event: 161.207 Thread 0x00000217c64812f0 Implicit null exception at 0x00000217b2d20876 to 0x00000217b2d213e0
Event: 161.224 Thread 0x00000217c64812f0 Implicit null exception at 0x00000217b2b4ae57 to 0x00000217b2b4b248
Event: 161.225 Thread 0x00000217c64812f0 Implicit null exception at 0x00000217b2f80ab9 to 0x00000217b2f813a8
Event: 162.354 Thread 0x00000217c7473050 Exception <a 'sun/nio/fs/WindowsException'{0x00000007050b3368}> (0x00000007050b3368) 
thrown [s\src\hotspot\share\prims\jni.cpp, line 537]
Event: 162.375 Thread 0x00000217c7473050 Exception <a 'sun/nio/fs/WindowsException'{0x000000070516f650}> (0x000000070516f650) 
thrown [s\src\hotspot\share\prims\jni.cpp, line 537]
Event: 169.125 Thread 0x00000217c64812f0 Implicit null exception at 0x00000217b30df83f to 0x00000217b30dfcd8
Event: 169.129 Thread 0x00000217c64812f0 Implicit null exception at 0x00000217b30e083f to 0x00000217b30e0cd8
Event: 172.358 Thread 0x00000217c7473050 Exception <a 'sun/nio/fs/WindowsException'{0x0000000708208c48}> (0x0000000708208c48) 
thrown [s\src\hotspot\share\prims\jni.cpp, line 537]
Event: 172.377 Thread 0x00000217c7473050 Exception <a 'sun/nio/fs/WindowsException'{0x000000070790bbe0}> (0x000000070790bbe0) 
thrown [s\src\hotspot\share\prims\jni.cpp, line 537]

ZGC Phase Switch (0 events):
No events

VM Operations (20 events):
Event: 170.616 Executing VM operation: G1CollectForAllocation (G1 Evacuation Pause) done
Event: 170.697 Executing VM operation: G1PauseRemark
Event: 170.705 Executing VM operation: G1PauseRemark done
Event: 170.728 Executing VM operation: G1PauseCleanup
Event: 170.728 Executing VM operation: G1PauseCleanup done
Event: 171.333 Executing VM operation: G1CollectForAllocation (G1 Evacuation Pause)
Event: 171.353 Executing VM operation: G1CollectForAllocation (G1 Evacuation Pause) done
Event: 172.009 Executing VM operation: G1CollectForAllocation (G1 Evacuation Pause)
Event: 172.023 Executing VM operation: G1CollectForAllocation (G1 Evacuation Pause) done
Event: 172.541 Executing VM operation: G1CollectForAllocation (G1 Evacuation Pause)
Event: 172.547 Executing VM operation: G1CollectForAllocation (G1 Evacuation Pause) done
Event: 173.205 Executing VM operation: G1CollectForAllocation (G1 Evacuation Pause)
Event: 173.211 Executing VM operation: G1CollectForAllocation (G1 Evacuation Pause) done
Event: 173.624 Executing VM operation: G1CollectForAllocation (G1 Evacuation Pause)
Event: 173.631 Executing VM operation: G1CollectForAllocation (G1 Evacuation Pause) done
Event: 173.727 Executing VM operation: G1PauseRemark
Event: 173.746 Executing VM operation: G1PauseRemark done
Event: 173.794 Executing VM operation: G1PauseCleanup
Event: 173.795 Executing VM operation: G1PauseCleanup done
Event: 174.186 Executing VM operation: G1CollectForAllocation (G1 Evacuation Pause)

Memory protections (0 events):
No events

Nmethod flushes (20 events):
Event: 173.744 Thread 0x00000217c1b7e250 flushing  nmethod 0x00000217ab711210
Event: 173.744 Thread 0x00000217c1b7e250 flushing  nmethod 0x00000217ab79c510
Event: 173.744 Thread 0x00000217c1b7e250 flushing  nmethod 0x00000217ab973e10
Event: 173.744 Thread 0x00000217c1b7e250 flushing  nmethod 0x00000217ab9aad10
Event: 173.744 Thread 0x00000217c1b7e250 flushing  nmethod 0x00000217ab9e1610
Event: 173.744 Thread 0x00000217c1b7e250 flushing  nmethod 0x00000217aba9e010
Event: 173.744 Thread 0x00000217c1b7e250 flushing  nmethod 0x00000217abcb3390
Event: 173.744 Thread 0x00000217c1b7e250 flushing  nmethod 0x00000217abd20410
Event: 173.744 Thread 0x00000217c1b7e250 flushing  nmethod 0x00000217abe07c10
Event: 173.744 Thread 0x00000217c1b7e250 flushing  nmethod 0x00000217abeeff90
Event: 173.744 Thread 0x00000217c1b7e250 flushing  nmethod 0x00000217abef0410
Event: 173.744 Thread 0x00000217c1b7e250 flushing  nmethod 0x00000217abef7710
Event: 173.744 Thread 0x00000217c1b7e250 flushing  nmethod 0x00000217abefbc10
Event: 173.744 Thread 0x00000217c1b7e250 flushing  nmethod 0x00000217ab6c5d10
Event: 173.744 Thread 0x00000217c1b7e250 flushing  nmethod 0x00000217ab6c9c90
Event: 173.744 Thread 0x00000217c1b7e250 flushing  nmethod 0x00000217ab799510
Event: 173.744 Thread 0x00000217c1b7e250 flushing  nmethod 0x00000217ab799990
Event: 173.744 Thread 0x00000217c1b7e250 flushing  nmethod 0x00000217ab8ed610
Event: 173.744 Thread 0x00000217c1b7e250 flushing  nmethod 0x00000217ab98b010
Event: 173.744 Thread 0x00000217c1b7e250 flushing  nmethod 0x00000217abb02810

Events (20 events):
Event: 132.257 Thread 0x00000217c64812f0 Thread added: 0x00000217c66fda30
Event: 135.977 Thread 0x00000217c64812f0 Thread added: 0x00000217c66fe0c0
Event: 136.296 Thread 0x00000217c64812f0 Thread added: 0x00000217c66ffb00
Event: 136.300 Thread 0x00000217c64812f0 Thread added: 0x00000217c66fcd10
Event: 136.302 Thread 0x00000217c64812f0 Thread added: 0x00000217c66fede0
Event: 136.305 Thread 0x00000217c64812f0 Thread added: 0x00000217c66ff470
Event: 136.307 Thread 0x00000217c64812f0 Thread added: 0x00000217c66fc680
Event: 136.317 Thread 0x00000217c64812f0 Thread added: 0x00000217c67028f0
Event: 136.319 Thread 0x00000217c64812f0 Thread added: 0x00000217c6701540
Event: 138.311 Thread 0x00000217c64812f0 Thread added: 0x00000217c6702260
Event: 151.891 Thread 0x00000217c60c8200 Thread added: 0x00000217c9dd06e0
Event: 151.891 Thread 0x00000217c60c8200 Thread added: 0x00000217c9dceba0
Event: 152.477 Thread 0x00000217c9dceba0 Thread exited: 0x00000217c9dceba0
Event: 152.500 Thread 0x00000217c9dd06e0 Thread exited: 0x00000217c9dd06e0
Event: 160.754 Thread 0x00000217c60c8200 Thread added: 0x00000217c9dd06e0
Event: 161.106 Thread 0x00000217c9dd06e0 Thread exited: 0x00000217c9dd06e0
Event: 161.505 Thread 0x00000217c60c8200 Thread added: 0x00000217c9dceba0
Event: 161.731 Thread 0x00000217c9dceba0 Thread exited: 0x00000217c9dceba0
Event: 161.937 Thread 0x00000217c60a3a70 Thread added: 0x00000217c9dd06e0
Event: 172.645 Thread 0x00000217c9dd06e0 Thread exited: 0x00000217c9dd06e0


Dynamic libraries:
0x00007ff6e8400000 - 0x00007ff6e840a000 	D:\Android Studio\jbr\bin\java.exe
0x00007ff904d20000 - 0x00007ff904f87000 	C:\WINDOWS\SYSTEM32\ntdll.dll
0x00007ff902ab0000 - 0x00007ff902b79000 	C:\WINDOWS\System32\KERNEL32.DLL
0x00007ff9015f0000 - 0x00007ff9019e4000 	C:\WINDOWS\System32\KERNELBASE.dll
0x00007ff902730000 - 0x00007ff90287b000 	C:\WINDOWS\System32\ucrtbase.dll
0x00007ff8ec6e0000 - 0x00007ff8ec6f8000 	D:\Android Studio\jbr\bin\jli.dll
0x00007ff8f30d0000 - 0x00007ff8f30eb000 	D:\Android Studio\jbr\bin\VCRUNTIME140.dll
0x00007ff902c10000 - 0x00007ff902dd5000 	C:\WINDOWS\System32\USER32.dll
0x00007ff902880000 - 0x00007ff9028a7000 	C:\WINDOWS\System32\win32u.dll
0x00007ff9044c0000 - 0x00007ff9044eb000 	C:\WINDOWS\System32\GDI32.dll
0x00007ff902260000 - 0x00007ff90238b000 	C:\WINDOWS\System32\gdi32full.dll
0x00007ff902940000 - 0x00007ff9029e3000 	C:\WINDOWS\System32\msvcp_win.dll
0x00007ff8eebd0000 - 0x00007ff8eee63000 	C:\WINDOWS\WinSxS\amd64_microsoft.windows.common-controls_6595b64144ccf1df_6.0.26100.8115_none_3e075c82e3354f9c\COMCTL32.dll
0x00007ff903b10000 - 0x00007ff903bb9000 	C:\WINDOWS\System32\msvcrt.dll
0x00007ff903930000 - 0x00007ff903962000 	C:\WINDOWS\System32\IMM32.DLL
0x0000000055cb0000 - 0x0000000055cbc000 	C:\Program Files (x86)\360\Total Security\safemon\SafeWrapper.dll
0x00007ff903870000 - 0x00007ff903926000 	C:\WINDOWS\System32\ADVAPI32.dll
0x00007ff904610000 - 0x00007ff9046b7000 	C:\WINDOWS\System32\sechost.dll
0x00007ff9044f0000 - 0x00007ff904608000 	C:\WINDOWS\System32\RPCRT4.dll
0x00007ff89b560000 - 0x00007ff89b60c000 	C:\Program Files (x86)\360\Total Security\safemon\libzdtp64.dll
0x00007ff902f20000 - 0x00007ff903687000 	C:\WINDOWS\System32\SHELL32.dll
0x00007ff902390000 - 0x00007ff9024fa000 	C:\WINDOWS\System32\wintypes.dll
0x00007ff904950000 - 0x00007ff904cd2000 	C:\WINDOWS\System32\combase.dll
0x00007ff9043f0000 - 0x00007ff904456000 	C:\WINDOWS\System32\SHLWAPI.dll
0x00007ff9019f0000 - 0x00007ff902258000 	C:\WINDOWS\System32\Windows.Storage.dll
0x00007ff9010d0000 - 0x00007ff9010db000 	C:\WINDOWS\SYSTEM32\VERSION.dll
0x00007ff8f59e0000 - 0x00007ff8f59ec000 	D:\Android Studio\jbr\bin\vcruntime140_1.dll
0x00007ff89bde0000 - 0x00007ff89be6d000 	D:\Android Studio\jbr\bin\msvcp140.dll
0x00007ff845970000 - 0x00007ff846606000 	D:\Android Studio\jbr\bin\server\jvm.dll
0x00007ff9048a0000 - 0x00007ff904920000 	C:\WINDOWS\System32\WS2_32.dll
0x00007ff901450000 - 0x00007ff9014ae000 	C:\WINDOWS\SYSTEM32\POWRPROF.dll
0x00007ff8f8ba0000 - 0x00007ff8f8bd6000 	C:\WINDOWS\SYSTEM32\WINMM.dll
0x00007ff901430000 - 0x00007ff901444000 	C:\WINDOWS\SYSTEM32\UMPDC.dll
0x00007ff900310000 - 0x00007ff90032b000 	C:\WINDOWS\SYSTEM32\kernel.appcore.dll
0x00007ff8f2c30000 - 0x00007ff8f2c3a000 	D:\Android Studio\jbr\bin\jimage.dll
0x00007ff8f4360000 - 0x00007ff8f45a2000 	C:\WINDOWS\SYSTEM32\DBGHELP.DLL
0x00007ff904210000 - 0x00007ff9042e8000 	C:\WINDOWS\System32\OLEAUT32.dll
0x00007ff8f08b0000 - 0x00007ff8f08eb000 	C:\WINDOWS\SYSTEM32\dbgcore.DLL
0x00007ff902500000 - 0x00007ff9025a5000 	C:\WINDOWS\System32\bcryptPrimitives.dll
0x00007ff8e81f0000 - 0x00007ff8e81fe000 	D:\Android Studio\jbr\bin\instrument.dll
0x00007ff8e29e0000 - 0x00007ff8e2a00000 	D:\Android Studio\jbr\bin\java.dll
0x00007ff8d7a80000 - 0x00007ff8d7a98000 	D:\Android Studio\jbr\bin\zip.dll
0x00007ff903770000 - 0x00007ff903868000 	C:\WINDOWS\System32\SHCORE.dll
0x00007ff901510000 - 0x00007ff901539000 	C:\WINDOWS\SYSTEM32\profapi.dll
0x00007ff8e6340000 - 0x00007ff8e6350000 	D:\Android Studio\jbr\bin\net.dll
0x00007ff8f83d0000 - 0x00007ff8f84fd000 	C:\WINDOWS\SYSTEM32\WINHTTP.dll
0x00007ff900880000 - 0x00007ff9008ec000 	C:\WINDOWS\system32\mswsock.dll
0x00007ff8d79d0000 - 0x00007ff8d79e6000 	D:\Android Studio\jbr\bin\nio.dll
0x00007ff8e2850000 - 0x00007ff8e2860000 	D:\Android Studio\jbr\bin\verify.dll
0x00007ff8de740000 - 0x00007ff8de767000 	C:\Users\LENOVO\.gradle\native\c067742578af261105cb4f569cf0c3c89f3d7b1fecec35dd04571415982c5e48\windows-amd64\native-platform.dll
0x00007ff8ab180000 - 0x00007ff8ab2c4000 	C:\Users\LENOVO\.gradle\native\100fb08df4bc3b14c8652ba06237920a3bd2aa13389f12d3474272988ae205f9\windows-amd64\native-platform-file-events.dll
0x00007ff8d98d0000 - 0x00007ff8d98d9000 	D:\Android Studio\jbr\bin\management.dll
0x00007ff8d7a70000 - 0x00007ff8d7a7b000 	D:\Android Studio\jbr\bin\management_ext.dll
0x00007ff903bc0000 - 0x00007ff903bc8000 	C:\WINDOWS\System32\PSAPI.DLL
0x00007ff900b60000 - 0x00007ff900b7b000 	C:\WINDOWS\SYSTEM32\CRYPTSP.dll
0x00007ff900270000 - 0x00007ff9002a9000 	C:\WINDOWS\system32\rsaenh.dll
0x00007ff900930000 - 0x00007ff900963000 	C:\WINDOWS\SYSTEM32\USERENV.dll
0x00007ff9014e0000 - 0x00007ff90150a000 	C:\WINDOWS\SYSTEM32\bcrypt.dll
0x00007ff900b80000 - 0x00007ff900b8c000 	C:\WINDOWS\SYSTEM32\CRYPTBASE.dll
0x00007ff8ffcf0000 - 0x00007ff8ffd22000 	C:\WINDOWS\SYSTEM32\IPHLPAPI.DLL
0x00007ff903760000 - 0x00007ff90376a000 	C:\WINDOWS\System32\NSI.dll
0x00007ff8e2310000 - 0x00007ff8e2319000 	D:\Android Studio\jbr\bin\extnet.dll
0x00007ff897c70000 - 0x00007ff897c78000 	C:\WINDOWS\system32\wshunix.dll

JVMTI agents:
C:\Users\LENOVO\.gradle\wrapper\dists\gradle-8.11.1-bin\bpt9gzteqjrbo1mjrsomdt32c\gradle-8.11.1\lib\agents\gradle-instrumentation-agent-8.11.1.jar path:D:\Android Studio\jbr\bin\instrument.dll, loaded, initialized, instrumentlib options:none

dbghelp: loaded successfully - version: 4.0.5 - missing functions: none
symbol engine: initialized successfully - sym options: 0x614 - pdb path: .;D:\Android Studio\jbr\bin;C:\WINDOWS\SYSTEM32;C:\WINDOWS\WinSxS\amd64_microsoft.windows.common-controls_6595b64144ccf1df_6.0.26100.8115_none_3e075c82e3354f9c;C:\Program Files (x86)\360\Total Security\safemon;D:\Android Studio\jbr\bin\server;C:\Users\LENOVO\.gradle\native\c067742578af261105cb4f569cf0c3c89f3d7b1fecec35dd04571415982c5e48\windows-amd64;C:\Users\LENOVO\.gradle\native\100fb08df4bc3b14c8652ba06237920a3bd2aa13389f12d3474272988ae205f9\windows-amd64

VM Arguments:
jvm_args: --add-opens=java.base/java.lang=ALL-UNNAMED --add-opens=java.base/java.lang.invoke=ALL-UNNAMED --add-opens=java.base/java.util=ALL-UNNAMED --add-opens=java.prefs/java.util.prefs=ALL-UNNAMED --add-exports=jdk.compiler/com.sun.tools.javac.api=ALL-UNNAMED --add-exports=jdk.compiler/com.sun.tools.javac.util=ALL-UNNAMED --add-opens=java.base/java.util=ALL-UNNAMED --add-opens=java.prefs/java.util.prefs=ALL-UNNAMED --add-opens=java.base/java.nio.charset=ALL-UNNAMED --add-opens=java.base/java.net=ALL-UNNAMED --add-opens=java.base/java.util.concurrent.atomic=ALL-UNNAMED --add-opens=java.xml/javax.xml.namespace=ALL-UNNAMED -Xmx4096M -Dfile.encoding=UTF-8 -Duser.country=ID -Duser.language=en -Duser.variant -javaagent:C:\Users\LENOVO\.gradle\wrapper\dists\gradle-8.11.1-bin\bpt9gzteqjrbo1mjrsomdt32c\gradle-8.11.1\lib\agents\gradle-instrumentation-agent-8.11.1.jar 
java_command: org.gradle.launcher.daemon.bootstrap.GradleDaemon 8.11.1
java_class_path (initial): C:\Users\LENOVO\.gradle\wrapper\dists\gradle-8.11.1-bin\bpt9gzteqjrbo1mjrsomdt32c\gradle-8.11.1\lib\gradle-daemon-main-8.11.1.jar
Launcher Type: SUN_STANDARD

[Global flags]
     intx CICompilerCount                          = 4                                         {product} {ergonomic}
     uint ConcGCThreads                            = 2                                         {product} {ergonomic}
     uint G1ConcRefinementThreads                  = 8                                         {product} {ergonomic}
   size_t G1HeapRegionSize                         = 2097152                                   {product} {ergonomic}
    uintx GCDrainStackTargetSize                   = 64                                        {product} {ergonomic}
   size_t InitialHeapSize                          = 96468992                                  {product} {ergonomic}
   size_t MarkStackSize                            = 4194304                                   {product} {ergonomic}
   size_t MaxHeapSize                              = 4294967296                                {product} {command line}
   size_t MaxNewSize                               = 2575302656                                {product} {ergonomic}
   size_t MinHeapDeltaBytes                        = 2097152                                   {product} {ergonomic}
   size_t MinHeapSize                              = 8388608                                   {product} {ergonomic}
    uintx NonNMethodCodeHeapSize                   = 5839372                                {pd product} {ergonomic}
    uintx NonProfiledCodeHeapSize                  = 122909434                              {pd product} {ergonomic}
    uintx ProfiledCodeHeapSize                     = 122909434                              {pd product} {ergonomic}
    uintx ReservedCodeCacheSize                    = 251658240                              {pd product} {ergonomic}
     bool SegmentedCodeCache                       = true                                      {product} {ergonomic}
   size_t SoftMaxHeapSize                          = 4294967296                             {manageable} {ergonomic}
     bool UseCompressedOops                        = true                           {product lp64_product} {ergonomic}
     bool UseG1GC                                  = true                                      {product} {ergonomic}
     bool UseLargePagesIndividualAllocation        = false                                  {pd product} {ergonomic}

Logging:
Log output configuration:
 #0: stdout all=warning uptime,level,tags foldmultilines=false
 #1: stderr all=off uptime,level,tags foldmultilines=false

Release file:
JAVA_VERSION="21.0.9" 
MODULES="java.base java.compiler java.datatransfer java.xml java.prefs java.desktop java.instrument java.logging java.management java.security.sasl java.naming java.rmi java.management.rmi java.net.http java.scripting java.security.jgss java.transaction.xa java.sql java.sql.rowset java.xml.crypto java.se java.smartcardio jdk.accessibility jdk.internal.jvmstat jdk.attach jdk.charsets jdk.internal.opt jdk.zipfs jdk.compiler jdk.crypto.ec jdk.crypto.cryptoki jdk.dynalink jdk.hotspot.agent jdk.httpserver jdk.internal.ed jdk.internal.le jdk.internal.vm.ci jdk.jartool jdk.javadoc jdk.jcmd jdk.jdeps jdk.jdwp.agent jdk.jdi jdk.jfr jdk.jlink jdk.jsobject jdk.localedata jdk.management jdk.management.agent jdk.management.jfr jdk.naming.dns jdk.naming.rmi jdk.net jdk.sctp jdk.security.auth jdk.security.jgss jdk.unsupported jdk.unsupported.desktop jdk.xml.dom" 
IMPLEMENTOR="JetBrains s.r.o." 
JAVA_RUNTIME_VERSION="21.0.9+-14649483-b1163.86" 
LIBC="default" 
OS_ARCH="x86_64" 
OS_NAME="Windows" 
SOURCE=".:git:554d0c326095" 

Environment Variables:
PATH=C:\WINDOWS\system32;C:\WINDOWS;C:\WINDOWS\System32\Wbem;C:\WINDOWS\System32\WindowsPowerShell\v1.0\;C:\WINDOWS\System32\OpenSSH\;C:\Users\LENOVO\Downloads\php-8.4.13-nts-Win32-vs17-x64;C:\composer;C:\php-8.4.13;C:\Program Files\nodejs\;D:\Git\cmd;C:\Program Files\PostgreSQL\18\bin;C:\Users\LENOVO\AppData\Local\Microsoft\WindowsApps;C:\Users\LENOVO\AppData\Local\Programs\Microsoft VS Code\bin;C:\Users\LENOVO\AppData\Roaming\Composer\vendor\bin;C:\Users\LENOVO\AppData\Roaming\npm;C:\Program Files\PostgreSQL\18\bin;
USERNAME=LENOVO
OS=Windows_NT
PROCESSOR_IDENTIFIER=AMD64 Family 23 Model 160 Stepping 0, AuthenticAMD
TMP=C:\Users\LENOVO\AppData\Local\Temp
TEMP=C:\Users\LENOVO\AppData\Local\Temp




Periodic native trim disabled

JNI global refs:
JNI global refs: 27, weak refs: 0

JNI global refs memory usage: 835, weak refs: 201

Process memory usage:
Resident Set Size: 373004K (6% of 6018300K total physical memory with 327296K free physical memory)

OOME stack traces (most recent first):
Classloader memory used:
Loader org.gradle.internal.classloader.VisitableURLClassLoader                         : 37352K
Loader bootstrap                                                                       : 24196K
Loader org.gradle.initialization.MixInLegacyTypesClassLoader                           : 8712K
Loader jdk.internal.loader.ClassLoaders$PlatformClassLoader                            : 501K
Loader jdk.internal.loader.ClassLoaders$AppClassLoader                                 : 235K
Loader org.gradle.groovy.scripts.internal.DefaultScriptCompilationHandler$ScriptClassLoader: 121K
Loader org.gradle.internal.classloader.VisitableURLClassLoader$InstrumentingVisitableURLClassLoader: 16256B
Loader org.codehaus.groovy.runtime.callsite.CallSiteClassLoader                        : 13968B
Loader jdk.internal.reflect.DelegatingClassLoader                                      : 10344B

Classes loaded by more than one classloader:
Class org.gradle.internal.classloader.FilteringClassLoader                            : loaded 2 times (x 105B)
Class org.gradle.internal.classloader.ClassLoaderHierarchy                            : loaded 2 times (x 70B)
Class ijKotlinCoroutineJvmDebugInit1_a7st5spn14idh9pi9uyiatum9$_run_closure1          : loaded 2 times (x 139B)
Class org.gradle.api.internal.classpath.ManifestUtil                                  : loaded 2 times (x 71B)
Class org.gradle.internal.classloader.DefaultClassLoaderFactory                       : loaded 2 times (x 82B)
Class org.gradle.internal.classloader.ClassLoaderVisitor                              : loaded 2 times (x 76B)
Class org.gradle.api.internal.classpath.EffectiveClassPath                            : loaded 2 times (x 90B)
Class org.gradle.api.internal.DefaultClassPathProvider                                : loaded 2 times (x 76B)
Class [Lorg.gradle.api.internal.ClassPathProvider;                                    : loaded 2 times (x 69B)
Class org.gradle.api.internal.ClassPathProvider                                       : loaded 2 times (x 70B)
Class org.gradle.internal.service.UnknownServiceException                             : loaded 2 times (x 83B)
Class ijJvmDebugger1_38mkwnzutsk9yqchhvz9ywkb                                         : loaded 2 times (x 179B)
Class org.gradle.internal.classpath.TransformedClassPath                              : loaded 2 times (x 96B)
Class org.gradle.internal.classloader.InstrumentingClassLoader                        : loaded 2 times (x 70B)
Class org.gradle.internal.service.ServiceLocator                                      : loaded 2 times (x 70B)
Class org.gradle.internal.InternalTransformer                                         : loaded 2 times (x 70B)
Class org.gradle.internal.classloader.ClasspathUtil$1                                 : loaded 2 times (x 76B)
Class org.gradle.api.internal.classpath.DefaultModuleRegistry$DefaultModule           : loaded 2 times (x 86B)
Class org.gradle.api.internal.classpath.Module                                        : loaded 2 times (x 70B)
Class org.gradle.api.internal.classpath.UnknownModuleException                        : loaded 2 times (x 82B)
Class ijJvmDebugger1_38mkwnzutsk9yqchhvz9ywkb$_run_closure1                           : loaded 2 times (x 139B)
Class org.gradle.api.internal.DefaultClassPathRegistry                                : loaded 2 times (x 76B)
Class org.gradle.api.internal.ClassPathRegistry                                       : loaded 2 times (x 70B)
Class org.gradle.internal.classpath.DefaultClassPath$ImmutableUniqueList              : loaded 2 times (x 199B)
Class org.gradle.internal.classpath.ClassPath                                         : loaded 2 times (x 70B)
Class org.gradle.api.UncheckedIOException                                             : loaded 2 times (x 82B)
Class org.gradle.internal.installation.GradleInstallation$1                           : loaded 2 times (x 75B)
Class org.gradle.api.internal.classpath.ModuleRegistry                                : loaded 2 times (x 70B)
Class org.gradle.api.internal.classpath.DefaultModuleRegistry                         : loaded 2 times (x 86B)
Class org.gradle.internal.service.ServiceLookupException                              : loaded 2 times (x 82B)
Class org.gradle.internal.classloader.ClassLoaderFactory                              : loaded 2 times (x 70B)
Class org.gradle.internal.service.CachingServiceLocator                               : loaded 2 times (x 82B)
Class org.gradle.internal.classloader.ClasspathUtil                                   : loaded 2 times (x 71B)
Class org.gradle.api.specs.Spec                                                       : loaded 2 times (x 70B)
Class org.gradle.internal.classloader.VisitableURLClassLoader$InstrumentingVisitableURLClassLoader: loaded 2 times (x 123B)
Class org.gradle.internal.classloader.VisitableURLClassLoader$Spec                    : loaded 2 times (x 74B)
Class org.gradle.internal.classpath.DefaultClassPath                                  : loaded 2 times (x 90B)
Class org.gradle.internal.classloader.ClassLoaderSpec                                 : loaded 2 times (x 71B)
Class org.gradle.internal.classloader.VisitableURLClassLoader                         : loaded 2 times (x 117B)
Class org.gradle.internal.Cast                                                        : loaded 2 times (x 71B)
Class org.gradle.api.Action                                                           : loaded 2 times (x 70B)
Class org.gradle.internal.classpath.DefaultClassPath$ImmutableUniqueList$Builder      : loaded 2 times (x 75B)
Class org.gradle.api.GradleException                                                  : loaded 2 times (x 82B)
Class org.gradle.internal.IoActions                                                   : loaded 2 times (x 71B)
Class org.gradle.internal.classloader.SystemClassLoaderSpec                           : loaded 2 times (x 71B)
Class ijKotlinCoroutineJvmDebugInit1_a7st5spn14idh9pi9uyiatum9                        : loaded 2 times (x 179B)
Class org.gradle.api.internal.classpath.GlobalCacheRootsProvider                      : loaded 2 times (x 70B)
Class org.gradle.internal.installation.CurrentGradleInstallationLocator               : loaded 2 times (x 71B)
Class org.gradle.internal.service.DefaultServiceLocator                               : loaded 2 times (x 83B)
Class org.gradle.internal.installation.CurrentGradleInstallation                      : loaded 2 times (x 73B)
Class org.gradle.util.internal.GUtil                                                  : loaded 2 times (x 71B)
Class org.gradle.internal.installation.GradleInstallation                             : loaded 2 times (x 75B)

---------------  S Y S T E M  ---------------

OS:
 Windows 11 , 64 bit Build 26100 (10.0.26100.8246)
OS uptime: 0 days 4:07 hours
Hyper-V role detected

CPU: total 8 (initial active 8) (8 cores per cpu, 2 threads per core) family 23 model 160 stepping 0 microcode 0x8a00006, cx8, cmov, fxsr, ht, mmx, 3dnowpref, sse, sse2, sse3, ssse3, sse4a, sse4.1, sse4.2, popcnt, lzcnt, tsc, tscinvbit, avx, avx2, aes, clmul, bmi1, bmi2, adx, sha, fma, vzeroupper, clflush, clflushopt, hv, rdtscp, rdpid, f16c
Processor Information for the first 8 processors :
  Max Mhz: 2801, Current Mhz: 2801, Mhz Limit: 2801

Memory: 4k page, system-wide physical 5877M (317M free)
TotalPageFile size 24309M (AvailPageFile size 12M)
current process WorkingSet (physical memory assigned to process): 365M, peak: 371M
current process commit charge ("private bytes"): 463M, peak: 469M

vm_info: OpenJDK 64-Bit Server VM (21.0.9+-14649483-b1163.86) for windows-amd64 JRE (21.0.9+-14649483-b1163.86), built on 2025-12-30T22:08:35Z by "builder" with MS VC++ 16.10 / 16.11 (VS2019)

END.
