#
# There is insufficient memory for the Java Runtime Environment to continue.
# Native memory allocation (mmap) failed to map 69206016 bytes. Error detail: G1 virtual space
# Possible reasons:
#   The system is out of physical RAM or swap space
#   This process is running with CompressedOops enabled, and the Java Heap may be blocking the growth of the native heap
# Possible solutions:
#   Reduce memory load on the system
#   Increase physical memory or swap space
#   Check if swap backing store is full
#   Decrease Java heap size (-Xmx/-Xms)
#   Decrease number of Java threads
#   Decrease Java thread stack sizes (-Xss)
#   Set larger code cache with -XX:ReservedCodeCacheSize=
#   JVM is running with Zero Based Compressed Oops mode in which the Java heap is
#     placed in the first 32GB address space. The Java Heap base address is the
#     maximum limit for the native heap growth. Please use -XX:HeapBaseMinAddress
#     to set the Java Heap base and to place the Java Heap above 32GB virtual address.
# This output file may be truncated or incomplete.
#
#  Out of Memory Error (os_windows.cpp:3925), pid=24344, tid=8808
#
# JRE version: OpenJDK Runtime Environment (21.0.9) (build 21.0.9+-14649483-b1163.86)
# Java VM: OpenJDK 64-Bit Server VM (21.0.9+-14649483-b1163.86, mixed mode, tiered, compressed oops, compressed class ptrs, g1 gc, windows-amd64)
# No core dump will be written. Minidumps are not enabled by default on client versions of Windows
#

---------------  S U M M A R Y ------------

Command Line: --add-opens=java.base/java.lang=ALL-UNNAMED --add-opens=java.base/java.lang.invoke=ALL-UNNAMED --add-opens=java.base/java.util=ALL-UNNAMED --add-opens=java.prefs/java.util.prefs=ALL-UNNAMED --add-exports=jdk.compiler/com.sun.tools.javac.api=ALL-UNNAMED --add-exports=jdk.compiler/com.sun.tools.javac.util=ALL-UNNAMED --add-opens=java.base/java.util=ALL-UNNAMED --add-opens=java.prefs/java.util.prefs=ALL-UNNAMED --add-opens=java.base/java.nio.charset=ALL-UNNAMED --add-opens=java.base/java.net=ALL-UNNAMED --add-opens=java.base/java.util.concurrent.atomic=ALL-UNNAMED --add-opens=java.xml/javax.xml.namespace=ALL-UNNAMED -Xmx4096M -Dfile.encoding=UTF-8 -Duser.country=ID -Duser.language=en -Duser.variant -javaagent:C:\Users\LENOVO\.gradle\wrapper\dists\gradle-8.11.1-bin\bpt9gzteqjrbo1mjrsomdt32c\gradle-8.11.1\lib\agents\gradle-instrumentation-agent-8.11.1.jar org.gradle.launcher.daemon.bootstrap.GradleDaemon 8.11.1

Host: AMD Ryzen 5 7520U with Radeon Graphics         , 8 cores, 5G,  Windows 11 , 64 bit Build 26100 (10.0.26100.8246)
Time: Fri May  1 17:31:16 2026 SE Asia Standard Time elapsed time: 183.083525 seconds (0d 0h 3m 3s)

---------------  T H R E A D  ---------------

Current thread (0x000002b8ef010450):  VMThread "VM Thread"          [id=8808, stack(0x000000d7a9200000,0x000000d7a9300000) (1024K)]

Stack: [0x000000d7a9200000,0x000000d7a9300000]
Native frames: (J=compiled Java code, j=interpreted, Vv=VM code, C=native code)
V  [jvm.dll+0x6d6c99]
V  [jvm.dll+0x866b83]
V  [jvm.dll+0x86919e]
V  [jvm.dll+0x869883]
V  [jvm.dll+0x280776]
V  [jvm.dll+0x6d3555]
V  [jvm.dll+0x6c6bea]
V  [jvm.dll+0x3587fb]
V  [jvm.dll+0x360476]
V  [jvm.dll+0x3b2646]
V  [jvm.dll+0x3b2918]
V  [jvm.dll+0x32af0c]
V  [jvm.dll+0x32af97]
V  [jvm.dll+0x370e7c]
V  [jvm.dll+0x36f62e]
V  [jvm.dll+0x32a661]
V  [jvm.dll+0x36ed30]
V  [jvm.dll+0x86f608]
V  [jvm.dll+0x870984]
V  [jvm.dll+0x870ec0]
V  [jvm.dll+0x871153]
V  [jvm.dll+0x80f118]
V  [jvm.dll+0x6d54ed]
C  [ucrtbase.dll+0x37b0]
C  [KERNEL32.DLL+0x2e8d7]
C  [ntdll.dll+0x8c3fc]

VM_Operation (0x000000d7aabf6dc0): G1CollectForAllocation, mode: safepoint, requested by thread 0x000002b8f0ae68a0


---------------  P R O C E S S  ---------------

Threads class SMR info:
_java_thread_list=0x000002b8f26b4390, length=58, elements={
0x000002b8cea01390, 0x000002b8ef059fc0, 0x000002b8ef0326f0, 0x000002b8ef05b980,
0x000002b8ef05dcc0, 0x000002b8ef080d80, 0x000002b8ef0817e0, 0x000002b8ef0835a0,
0x000002b8ef085010, 0x000002b8ef0860c0, 0x000002b8ef3bb5c0, 0x000002b8f0a58570,
0x000002b8f09ae920, 0x000002b8f0b5d990, 0x000002b8ef54df50, 0x000002b8ef829120,
0x000002b8f01fa830, 0x000002b8f0ae68a0, 0x000002b8f0ae6210, 0x000002b8f0ae54f0,
0x000002b8f0ae7c50, 0x000002b8f0ae6f30, 0x000002b8f0ae8970, 0x000002b8f0ae82e0,
0x000002b8f2b16440, 0x000002b8f2b14a00, 0x000002b8f2b177f0, 0x000002b8f2b17e80,
0x000002b8f2b17160, 0x000002b8f2b16ad0, 0x000002b8f2b18510, 0x000002b8f2b15720,
0x000002b8f2b15090, 0x000002b8f2b18ba0, 0x000002b8f2b19230, 0x000002b8f2b15db0,
0x000002b8f2b1c020, 0x000002b8f2b1ac70, 0x000002b8f2b1b300, 0x000002b8f2b198c0,
0x000002b8f190ee30, 0x000002b8f1913660, 0x000002b8f1911c20, 0x000002b8f1912fd0,
0x000002b8f1910f00, 0x000002b8f1915dc0, 0x000002b8f1914380, 0x000002b8f1916450,
0x000002b8f1914a10, 0x000002b8f19150a0, 0x000002b8f1915730, 0x000002b8f22ba880,
0x000002b8f22baf10, 0x000002b8f22ba1f0, 0x000002b8f22b9b60, 0x000002b8f22bbc30,
0x000002b8f22bb5a0, 0x000002b8f22bc2c0
}

Java Threads: ( => current thread )
  0x000002b8cea01390 JavaThread "main"                              [_thread_blocked, id=15108, stack(0x000000d7a8b00000,0x000000d7a8c00000) (1024K)]
  0x000002b8ef059fc0 JavaThread "Common-Cleaner"             daemon [_thread_blocked, id=8804, stack(0x000000d7a9300000,0x000000d7a9400000) (1024K)]
  0x000002b8ef0326f0 JavaThread "Reference Handler"          daemon [_thread_blocked, id=23036, stack(0x000000d7a9400000,0x000000d7a9500000) (1024K)]
  0x000002b8ef05b980 JavaThread "Finalizer"                  daemon [_thread_blocked, id=15968, stack(0x000000d7a9500000,0x000000d7a9600000) (1024K)]
  0x000002b8ef05dcc0 JavaThread "Signal Dispatcher"          daemon [_thread_blocked, id=25808, stack(0x000000d7a9600000,0x000000d7a9700000) (1024K)]
  0x000002b8ef080d80 JavaThread "Attach Listener"            daemon [_thread_blocked, id=20064, stack(0x000000d7a9700000,0x000000d7a9800000) (1024K)]
  0x000002b8ef0817e0 JavaThread "Service Thread"             daemon [_thread_blocked, id=16168, stack(0x000000d7a9800000,0x000000d7a9900000) (1024K)]
  0x000002b8ef0835a0 JavaThread "Monitor Deflation Thread"   daemon [_thread_blocked, id=23636, stack(0x000000d7a9900000,0x000000d7a9a00000) (1024K)]
  0x000002b8ef085010 JavaThread "C2 CompilerThread0"         daemon [_thread_blocked, id=20520, stack(0x000000d7a9a00000,0x000000d7a9b00000) (1024K)]
  0x000002b8ef0860c0 JavaThread "C1 CompilerThread0"         daemon [_thread_blocked, id=18904, stack(0x000000d7a9b00000,0x000000d7a9c00000) (1024K)]
  0x000002b8ef3bb5c0 JavaThread "Notification Thread"        daemon [_thread_blocked, id=27224, stack(0x000000d7a9c00000,0x000000d7a9d00000) (1024K)]
  0x000002b8f0a58570 JavaThread "Daemon health stats"               [_thread_blocked, id=16980, stack(0x000000d7aa200000,0x000000d7aa300000) (1024K)]
  0x000002b8f09ae920 JavaThread "Incoming local TCP Connector on port 55172"        [_thread_in_native, id=22012, stack(0x000000d7aa300000,0x000000d7aa400000) (1024K)]
  0x000002b8f0b5d990 JavaThread "Daemon periodic checks"            [_thread_blocked, id=22648, stack(0x000000d7aa400000,0x000000d7aa500000) (1024K)]
  0x000002b8ef54df50 JavaThread "Daemon"                            [_thread_blocked, id=5840, stack(0x000000d7aa500000,0x000000d7aa600000) (1024K)]
  0x000002b8ef829120 JavaThread "Handler for socket connection from /127.0.0.1:55172 to /127.0.0.1:55176"        [_thread_in_native, id=14740, stack(0x000000d7aa600000,0x000000d7aa700000) (1024K)]
  0x000002b8f01fa830 JavaThread "Cancel handler"                    [_thread_blocked, id=21844, stack(0x000000d7aaa00000,0x000000d7aab00000) (1024K)]
  0x000002b8f0ae68a0 JavaThread "Daemon worker"                     [_thread_blocked, id=12720, stack(0x000000d7aab00000,0x000000d7aac00000) (1024K)]
  0x000002b8f0ae6210 JavaThread "Asynchronous log dispatcher for DefaultDaemonConnection: socket connection from /127.0.0.1:55172 to /127.0.0.1:55176"        [_thread_blocked, id=27428, stack(0x000000d7aac00000,0x000000d7aad00000) (1024K)]
  0x000002b8f0ae54f0 JavaThread "Stdin handler"                     [_thread_blocked, id=372, stack(0x000000d7aad00000,0x000000d7aae00000) (1024K)]
  0x000002b8f0ae7c50 JavaThread "Daemon client event forwarder"        [_thread_blocked, id=18004, stack(0x000000d7aae00000,0x000000d7aaf00000) (1024K)]
  0x000002b8f0ae6f30 JavaThread "Cache worker for journal cache (C:\Users\LENOVO\.gradle\caches\journal-1)"        [_thread_blocked, id=26232, stack(0x000000d7aaf00000,0x000000d7ab000000) (1024K)]
  0x000002b8f0ae8970 JavaThread "File lock request listener"        [_thread_in_native, id=14604, stack(0x000000d7ab000000,0x000000d7ab100000) (1024K)]
  0x000002b8f0ae82e0 JavaThread "Cache worker for file hash cache (C:\Users\LENOVO\.gradle\caches\8.11.1\fileHashes)"        [_thread_blocked, id=23252, stack(0x000000d7ab100000,0x000000d7ab200000) (1024K)]
  0x000002b8f2b16440 JavaThread "Cache worker for file content cache (C:\Users\LENOVO\.gradle\caches\8.11.1\fileContent)"        [_thread_blocked, id=24760, stack(0x000000d7ab200000,0x000000d7ab300000) (1024K)]
  0x000002b8f2b14a00 JavaThread "Cache worker for file hash cache (C:\Users\LENOVO\Downloads\Tugas 6_PAM RA\Tugas 6_PAM RA\.gradle\8.11.1\fileHashes)"        [_thread_blocked, id=19588, stack(0x000000d7ab300000,0x000000d7ab400000) (1024K)]
  0x000002b8f2b177f0 JavaThread "Cache worker for Build Output Cleanup Cache (C:\Users\LENOVO\Downloads\Tugas 6_PAM RA\Tugas 6_PAM RA\.gradle\buildOutputCleanup)"        [_thread_blocked, id=18112, stack(0x000000d7ab400000,0x000000d7ab500000) (1024K)]
  0x000002b8f2b17e80 JavaThread "File watcher server"        daemon [_thread_in_native, id=21312, stack(0x000000d7ab500000,0x000000d7ab600000) (1024K)]
  0x000002b8f2b17160 JavaThread "File watcher consumer"      daemon [_thread_blocked, id=27496, stack(0x000000d7ab600000,0x000000d7ab700000) (1024K)]
  0x000002b8f2b16ad0 JavaThread "jar transforms"                    [_thread_blocked, id=15568, stack(0x000000d7ab700000,0x000000d7ab800000) (1024K)]
  0x000002b8f2b18510 JavaThread "jar transforms Thread 2"           [_thread_blocked, id=22760, stack(0x000000d7ab800000,0x000000d7ab900000) (1024K)]
  0x000002b8f2b15720 JavaThread "jar transforms Thread 3"           [_thread_blocked, id=19260, stack(0x000000d7ab900000,0x000000d7aba00000) (1024K)]
  0x000002b8f2b15090 JavaThread "jar transforms Thread 4"           [_thread_blocked, id=3608, stack(0x000000d7aba00000,0x000000d7abb00000) (1024K)]
  0x000002b8f2b18ba0 JavaThread "jar transforms Thread 5"           [_thread_blocked, id=22840, stack(0x000000d7abb00000,0x000000d7abc00000) (1024K)]
  0x000002b8f2b19230 JavaThread "jar transforms Thread 6"           [_thread_blocked, id=26960, stack(0x000000d7abc00000,0x000000d7abd00000) (1024K)]
  0x000002b8f2b15db0 JavaThread "jar transforms Thread 7"           [_thread_blocked, id=7636, stack(0x000000d7abd00000,0x000000d7abe00000) (1024K)]
  0x000002b8f2b1c020 JavaThread "jar transforms Thread 8"           [_thread_blocked, id=10864, stack(0x000000d7abe00000,0x000000d7abf00000) (1024K)]
  0x000002b8f2b1ac70 JavaThread "Cache worker for checksums cache (C:\Users\LENOVO\Downloads\Tugas 6_PAM RA\Tugas 6_PAM RA\.gradle\8.11.1\checksums)"        [_thread_blocked, id=18676, stack(0x000000d7abf00000,0x000000d7ac000000) (1024K)]
  0x000002b8f2b1b300 JavaThread "Cache worker for cache directory md-rule (C:\Users\LENOVO\.gradle\caches\8.11.1\md-rule)"        [_thread_blocked, id=24380, stack(0x000000d7ac000000,0x000000d7ac100000) (1024K)]
  0x000002b8f2b198c0 JavaThread "Cache worker for cache directory md-supplier (C:\Users\LENOVO\.gradle\caches\8.11.1\md-supplier)"        [_thread_blocked, id=6568, stack(0x000000d7ac100000,0x000000d7ac200000) (1024K)]
  0x000002b8f190ee30 JavaThread "Unconstrained build operations"        [_thread_blocked, id=7676, stack(0x000000d7a8800000,0x000000d7a8900000) (1024K)]
  0x000002b8f1913660 JavaThread "Unconstrained build operations Thread 2"        [_thread_blocked, id=26936, stack(0x000000d7a8900000,0x000000d7a8a00000) (1024K)]
  0x000002b8f1911c20 JavaThread "Unconstrained build operations Thread 3"        [_thread_blocked, id=21880, stack(0x000000d7ac300000,0x000000d7ac400000) (1024K)]
  0x000002b8f1912fd0 JavaThread "Unconstrained build operations Thread 4"        [_thread_blocked, id=15960, stack(0x000000d7ac400000,0x000000d7ac500000) (1024K)]
  0x000002b8f1910f00 JavaThread "Unconstrained build operations Thread 5"        [_thread_blocked, id=9480, stack(0x000000d7a8a00000,0x000000d7a8b00000) (1024K)]
  0x000002b8f1915dc0 JavaThread "Unconstrained build operations Thread 6"        [_thread_blocked, id=25076, stack(0x000000d7ac500000,0x000000d7ac600000) (1024K)]
  0x000002b8f1914380 JavaThread "Unconstrained build operations Thread 7"        [_thread_blocked, id=10932, stack(0x000000d7ac600000,0x000000d7ac700000) (1024K)]
  0x000002b8f1916450 JavaThread "Unconstrained build operations Thread 8"        [_thread_blocked, id=18636, stack(0x000000d7ac700000,0x000000d7ac800000) (1024K)]
  0x000002b8f1914a10 JavaThread "Unconstrained build operations Thread 9"        [_thread_blocked, id=18596, stack(0x000000d7ac900000,0x000000d7aca00000) (1024K)]
  0x000002b8f19150a0 JavaThread "Unconstrained build operations Thread 10"        [_thread_blocked, id=4432, stack(0x000000d7acb00000,0x000000d7acc00000) (1024K)]
  0x000002b8f1915730 JavaThread "Unconstrained build operations Thread 11"        [_thread_blocked, id=25028, stack(0x000000d7acc00000,0x000000d7acd00000) (1024K)]
  0x000002b8f22ba880 JavaThread "Unconstrained build operations Thread 12"        [_thread_blocked, id=17836, stack(0x000000d7ac800000,0x000000d7ac900000) (1024K)]
  0x000002b8f22baf10 JavaThread "Unconstrained build operations Thread 13"        [_thread_blocked, id=25788, stack(0x000000d7aca00000,0x000000d7acb00000) (1024K)]
  0x000002b8f22ba1f0 JavaThread "Unconstrained build operations Thread 14"        [_thread_blocked, id=2044, stack(0x000000d7acd00000,0x000000d7ace00000) (1024K)]
  0x000002b8f22b9b60 JavaThread "Unconstrained build operations Thread 15"        [_thread_blocked, id=21384, stack(0x000000d7ace00000,0x000000d7acf00000) (1024K)]
  0x000002b8f22bbc30 JavaThread "Unconstrained build operations Thread 16"        [_thread_blocked, id=20304, stack(0x000000d7acf00000,0x000000d7ad000000) (1024K)]
  0x000002b8f22bb5a0 JavaThread "Unconstrained build operations Thread 17"        [_thread_blocked, id=24792, stack(0x000000d7ad000000,0x000000d7ad100000) (1024K)]
  0x000002b8f22bc2c0 JavaThread "Unconstrained build operations Thread 18"        [_thread_blocked, id=26784, stack(0x000000d7ad100000,0x000000d7ad200000) (1024K)]
Total: 58

Other Threads:
=>0x000002b8ef010450 VMThread "VM Thread"                           [id=8808, stack(0x000000d7a9200000,0x000000d7a9300000) (1024K)]
  0x000002b8ea95c6c0 WatcherThread "VM Periodic Task Thread"        [id=17892, stack(0x000000d7a9100000,0x000000d7a9200000) (1024K)]
  0x000002b8d0e90be0 WorkerThread "GC Thread#0"                     [id=24740, stack(0x000000d7a8c00000,0x000000d7a8d00000) (1024K)]
  0x000002b8ef83a520 WorkerThread "GC Thread#1"                     [id=25868, stack(0x000000d7a9d00000,0x000000d7a9e00000) (1024K)]
  0x000002b8ef5713d0 WorkerThread "GC Thread#2"                     [id=24208, stack(0x000000d7a9e00000,0x000000d7a9f00000) (1024K)]
  0x000002b8efa0b720 WorkerThread "GC Thread#3"                     [id=27288, stack(0x000000d7a9f00000,0x000000d7aa000000) (1024K)]
  0x000002b8eff07b70 WorkerThread "GC Thread#4"                     [id=25148, stack(0x000000d7aa000000,0x000000d7aa100000) (1024K)]
  0x000002b8f0582f10 WorkerThread "GC Thread#5"                     [id=22544, stack(0x000000d7aa100000,0x000000d7aa200000) (1024K)]
  0x000002b8f08b2220 WorkerThread "GC Thread#6"                     [id=2148, stack(0x000000d7aa700000,0x000000d7aa800000) (1024K)]
  0x000002b8f08b25c0 WorkerThread "GC Thread#7"                     [id=9000, stack(0x000000d7aa800000,0x000000d7aa900000) (1024K)]
  0x000002b8d0ea5610 ConcurrentGCThread "G1 Main Marker"            [id=18644, stack(0x000000d7a8d00000,0x000000d7a8e00000) (1024K)]
  0x000002b8d0ea6020 WorkerThread "G1 Conc#0"                       [id=15008, stack(0x000000d7a8e00000,0x000000d7a8f00000) (1024K)]
  0x000002b8f08b2960 WorkerThread "G1 Conc#1"                       [id=25516, stack(0x000000d7aa900000,0x000000d7aaa00000) (1024K)]
  0x000002b8ea82f220 ConcurrentGCThread "G1 Refine#0"               [id=21656, stack(0x000000d7a8f00000,0x000000d7a9000000) (1024K)]
  0x000002b8ea830970 ConcurrentGCThread "G1 Service"                [id=2040, stack(0x000000d7a9000000,0x000000d7a9100000) (1024K)]
Total: 15

Threads with active compile tasks:
Total: 0

VM state: at safepoint (normal execution)

VM Mutex/Monitor currently owned by a thread:  ([mutex/lock_event])
[0x00007ff846528690] Threads_lock - owner thread: 0x000002b8ef010450
[0x00007ff846528790] Heap_lock - owner thread: 0x000002b8f0ae68a0

Heap address: 0x0000000700000000, size: 4096 MB, Compressed Oops mode: Zero based, Oop shift amount: 3

CDS archive(s) not mapped
Compressed class space mapped at: 0x0000000800000000-0x0000000840000000, reserved size: 1073741824
Narrow klass base: 0x0000000800000000, Narrow klass shift: 0, Narrow klass range: 0x40000000

GC Precious Log:
 CardTable entry size: 512
 Card Set container configuration: InlinePtr #cards 4 size 8 Array Of Cards #cards 16 size 48 Howl #buckets 8 coarsen threshold 3686 Howl Bitmap #cards 512 size 80 coarsen threshold 460 Card regions per heap region 1 cards per card region 4096
 CPUs: 8 total, 8 available
 Memory: 5877M
 Large Page Support: Disabled
 NUMA Support: Disabled
 Compressed Oops: Enabled (Zero based)
 Heap Region Size: 2M
 Heap Min Capacity: 8M
 Heap Initial Capacity: 92M
 Heap Max Capacity: 4G
 Pre-touch: Disabled
 Parallel Workers: 8
 Concurrent Workers: 2
 Concurrent Refinement Workers: 8
 Periodic GC: Disabled

Heap:
 garbage-first heap   total 335872K, used 109218K [0x0000000700000000, 0x0000000800000000)
  region size 2048K, 8 young (16384K), 8 survivors (16384K)
 Metaspace       used 69295K, committed 70912K, reserved 1114112K
  class space    used 9470K, committed 10240K, reserved 1048576K

Heap Regions: E=young(eden), S=young(survivor), O=old, HS=humongous(starts), HC=humongous(continues), CS=collection set, F=free, TAMS=top-at-mark-start, PB=parsable bottom
|   0|0x0000000700000000, 0x0000000700200000, 0x0000000700200000|100%|HS|  |TAMS 0x0000000700000000| PB 0x0000000700000000| Complete 
|   1|0x0000000700200000, 0x0000000700400000, 0x0000000700400000|100%|HC|  |TAMS 0x0000000700200000| PB 0x0000000700200000| Complete 
|   2|0x0000000700400000, 0x0000000700600000, 0x0000000700600000|100%| O|  |TAMS 0x0000000700400000| PB 0x0000000700400000| Untracked 
|   3|0x0000000700600000, 0x0000000700800000, 0x0000000700800000|100%| O|  |TAMS 0x0000000700600000| PB 0x0000000700600000| Untracked 
|   4|0x0000000700800000, 0x0000000700a00000, 0x0000000700a00000|100%| O|  |TAMS 0x0000000700800000| PB 0x0000000700800000| Untracked 
|   5|0x0000000700a00000, 0x0000000700c00000, 0x0000000700c00000|100%| O|  |TAMS 0x0000000700a00000| PB 0x0000000700a00000| Untracked 
|   6|0x0000000700c00000, 0x0000000700e00000, 0x0000000700e00000|100%| O|  |TAMS 0x0000000700c00000| PB 0x0000000700c00000| Untracked 
|   7|0x0000000700e00000, 0x0000000701000000, 0x0000000701000000|100%| O|  |TAMS 0x0000000700e00000| PB 0x0000000700e00000| Untracked 
|   8|0x0000000701000000, 0x0000000701200000, 0x0000000701200000|100%| O|  |TAMS 0x0000000701000000| PB 0x0000000701000000| Untracked 
|   9|0x0000000701200000, 0x0000000701400000, 0x0000000701400000|100%| O|  |TAMS 0x0000000701200000| PB 0x0000000701200000| Untracked 
|  10|0x0000000701400000, 0x0000000701600000, 0x0000000701600000|100%| O|  |TAMS 0x0000000701400000| PB 0x0000000701400000| Untracked 
|  11|0x0000000701600000, 0x0000000701800000, 0x0000000701800000|100%| O|  |TAMS 0x0000000701600000| PB 0x0000000701600000| Untracked 
|  12|0x0000000701800000, 0x0000000701a00000, 0x0000000701a00000|100%|HS|  |TAMS 0x0000000701800000| PB 0x0000000701800000| Complete 
|  13|0x0000000701a00000, 0x0000000701c00000, 0x0000000701c00000|100%|HC|  |TAMS 0x0000000701a00000| PB 0x0000000701a00000| Complete 
|  14|0x0000000701c00000, 0x0000000701e00000, 0x0000000701e00000|100%|HC|  |TAMS 0x0000000701c00000| PB 0x0000000701c00000| Complete 
|  15|0x0000000701e00000, 0x0000000702000000, 0x0000000702000000|100%|HS|  |TAMS 0x0000000701e00000| PB 0x0000000701e00000| Complete 
|  16|0x0000000702000000, 0x0000000702200000, 0x0000000702200000|100%|HS|  |TAMS 0x0000000702000000| PB 0x0000000702000000| Complete 
|  17|0x0000000702200000, 0x0000000702400000, 0x0000000702400000|100%|HC|  |TAMS 0x0000000702200000| PB 0x0000000702200000| Complete 
|  18|0x0000000702400000, 0x0000000702600000, 0x0000000702600000|100%|HC|  |TAMS 0x0000000702400000| PB 0x0000000702400000| Complete 
|  19|0x0000000702600000, 0x0000000702800000, 0x0000000702800000|100%|HS|  |TAMS 0x0000000702600000| PB 0x0000000702600000| Complete 
|  20|0x0000000702800000, 0x0000000702a00000, 0x0000000702a00000|100%| O|  |TAMS 0x0000000702800000| PB 0x0000000702800000| Untracked 
|  21|0x0000000702a00000, 0x0000000702c00000, 0x0000000702c00000|100%| O|  |TAMS 0x0000000702a00000| PB 0x0000000702a00000| Untracked 
|  22|0x0000000702c00000, 0x0000000702e00000, 0x0000000702e00000|100%| O|  |TAMS 0x0000000702c00000| PB 0x0000000702c00000| Untracked 
|  23|0x0000000702e00000, 0x0000000703000000, 0x0000000703000000|100%| O|  |TAMS 0x0000000702e00000| PB 0x0000000702e00000| Untracked 
|  24|0x0000000703000000, 0x0000000703200000, 0x0000000703200000|100%| O|  |TAMS 0x0000000703000000| PB 0x0000000703000000| Untracked 
|  25|0x0000000703200000, 0x0000000703400000, 0x0000000703400000|100%| O|  |TAMS 0x0000000703200000| PB 0x0000000703200000| Untracked 
|  26|0x0000000703400000, 0x0000000703600000, 0x0000000703600000|100%| O|  |TAMS 0x0000000703400000| PB 0x0000000703400000| Untracked 
|  27|0x0000000703600000, 0x0000000703800000, 0x0000000703800000|100%| O|  |TAMS 0x0000000703600000| PB 0x0000000703600000| Untracked 
|  28|0x0000000703800000, 0x0000000703a00000, 0x0000000703a00000|100%| O|  |TAMS 0x0000000703800000| PB 0x0000000703800000| Untracked 
|  29|0x0000000703a00000, 0x0000000703c00000, 0x0000000703c00000|100%| O|  |TAMS 0x0000000703a00000| PB 0x0000000703a00000| Untracked 
|  30|0x0000000703c00000, 0x0000000703e00000, 0x0000000703e00000|100%| O|  |TAMS 0x0000000703c00000| PB 0x0000000703c00000| Untracked 
|  31|0x0000000703e00000, 0x0000000704000000, 0x0000000704000000|100%| O|  |TAMS 0x0000000703e00000| PB 0x0000000703e00000| Untracked 
|  32|0x0000000704000000, 0x0000000704200000, 0x0000000704200000|100%| O|  |TAMS 0x0000000704000000| PB 0x0000000704000000| Untracked 
|  33|0x0000000704200000, 0x0000000704400000, 0x0000000704400000|100%| O|  |TAMS 0x0000000704200000| PB 0x0000000704200000| Untracked 
|  34|0x0000000704400000, 0x0000000704600000, 0x0000000704600000|100%| O|  |TAMS 0x0000000704400000| PB 0x0000000704400000| Untracked 
|  35|0x0000000704600000, 0x0000000704800000, 0x0000000704800000|100%| O|  |TAMS 0x0000000704600000| PB 0x0000000704600000| Untracked 
|  36|0x0000000704800000, 0x0000000704a00000, 0x0000000704a00000|100%|HS|  |TAMS 0x0000000704800000| PB 0x0000000704800000| Complete 
|  37|0x0000000704a00000, 0x0000000704c00000, 0x0000000704c00000|100%| O|  |TAMS 0x0000000704a00000| PB 0x0000000704a00000| Untracked 
|  38|0x0000000704c00000, 0x0000000704e00000, 0x0000000704e00000|100%| O|  |TAMS 0x0000000704c00000| PB 0x0000000704c00000| Untracked 
|  39|0x0000000704e00000, 0x0000000705000000, 0x0000000705000000|100%| O|  |TAMS 0x0000000704e00000| PB 0x0000000704e00000| Untracked 
|  40|0x0000000705000000, 0x0000000705200000, 0x0000000705200000|100%| O|  |TAMS 0x0000000705000000| PB 0x0000000705000000| Untracked 
|  41|0x0000000705200000, 0x0000000705400000, 0x0000000705400000|100%| O|  |TAMS 0x0000000705200000| PB 0x0000000705200000| Untracked 
|  42|0x0000000705400000, 0x000000070554efb0, 0x0000000705600000| 65%| O|  |TAMS 0x0000000705400000| PB 0x0000000705400000| Untracked 
|  43|0x0000000705600000, 0x0000000705600000, 0x0000000705800000|  0%| F|  |TAMS 0x0000000705600000| PB 0x0000000705600000| Untracked 
|  44|0x0000000705800000, 0x0000000705800000, 0x0000000705a00000|  0%| F|  |TAMS 0x0000000705800000| PB 0x0000000705800000| Untracked 
|  45|0x0000000705a00000, 0x0000000705a00000, 0x0000000705c00000|  0%| F|  |TAMS 0x0000000705a00000| PB 0x0000000705a00000| Untracked 
|  46|0x0000000705c00000, 0x0000000705e00000, 0x0000000705e00000|100%| O|  |TAMS 0x0000000705c00000| PB 0x0000000705c00000| Untracked 
|  47|0x0000000705e00000, 0x0000000705e00000, 0x0000000706000000|  0%| F|  |TAMS 0x0000000705e00000| PB 0x0000000705e00000| Untracked 
|  48|0x0000000706000000, 0x0000000706000000, 0x0000000706200000|  0%| F|  |TAMS 0x0000000706000000| PB 0x0000000706000000| Untracked 
|  49|0x0000000706200000, 0x0000000706200000, 0x0000000706400000|  0%| F|  |TAMS 0x0000000706200000| PB 0x0000000706200000| Untracked 
|  50|0x0000000706400000, 0x0000000706400000, 0x0000000706600000|  0%| F|  |TAMS 0x0000000706400000| PB 0x0000000706400000| Untracked 
|  51|0x0000000706600000, 0x0000000706600000, 0x0000000706800000|  0%| F|  |TAMS 0x0000000706600000| PB 0x0000000706600000| Untracked 
|  52|0x0000000706800000, 0x0000000706800000, 0x0000000706a00000|  0%| F|  |TAMS 0x0000000706800000| PB 0x0000000706800000| Untracked 
|  53|0x0000000706a00000, 0x0000000706a00000, 0x0000000706c00000|  0%| F|  |TAMS 0x0000000706a00000| PB 0x0000000706a00000| Untracked 
|  54|0x0000000706c00000, 0x0000000706c00000, 0x0000000706e00000|  0%| F|  |TAMS 0x0000000706c00000| PB 0x0000000706c00000| Untracked 
|  55|0x0000000706e00000, 0x0000000706e00000, 0x0000000707000000|  0%| F|  |TAMS 0x0000000706e00000| PB 0x0000000706e00000| Untracked 
|  56|0x0000000707000000, 0x00000007071599a0, 0x0000000707200000| 67%| S|CS|TAMS 0x0000000707000000| PB 0x0000000707000000| Complete 
|  57|0x0000000707200000, 0x0000000707200000, 0x0000000707400000|  0%| F|  |TAMS 0x0000000707200000| PB 0x0000000707200000| Untracked 
|  58|0x0000000707400000, 0x0000000707400000, 0x0000000707600000|  0%| F|  |TAMS 0x0000000707400000| PB 0x0000000707400000| Untracked 
|  59|0x0000000707600000, 0x0000000707600000, 0x0000000707800000|  0%| F|  |TAMS 0x0000000707600000| PB 0x0000000707600000| Untracked 
|  60|0x0000000707800000, 0x0000000707800000, 0x0000000707a00000|  0%| F|  |TAMS 0x0000000707800000| PB 0x0000000707800000| Untracked 
|  61|0x0000000707a00000, 0x0000000707a00000, 0x0000000707c00000|  0%| F|  |TAMS 0x0000000707a00000| PB 0x0000000707a00000| Untracked 
|  62|0x0000000707c00000, 0x0000000707c00000, 0x0000000707e00000|  0%| F|  |TAMS 0x0000000707c00000| PB 0x0000000707c00000| Untracked 
|  63|0x0000000707e00000, 0x0000000708000000, 0x0000000708000000|100%| S|CS|TAMS 0x0000000707e00000| PB 0x0000000707e00000| Complete 
|  64|0x0000000708000000, 0x0000000708200000, 0x0000000708200000|100%| S|CS|TAMS 0x0000000708000000| PB 0x0000000708000000| Complete 
|  65|0x0000000708200000, 0x0000000708400000, 0x0000000708400000|100%| S|CS|TAMS 0x0000000708200000| PB 0x0000000708200000| Complete 
|  66|0x0000000708400000, 0x0000000708600000, 0x0000000708600000|100%| S|CS|TAMS 0x0000000708400000| PB 0x0000000708400000| Complete 
|  67|0x0000000708600000, 0x0000000708800000, 0x0000000708800000|100%| S|CS|TAMS 0x0000000708600000| PB 0x0000000708600000| Complete 
|  68|0x0000000708800000, 0x0000000708a00000, 0x0000000708a00000|100%| S|CS|TAMS 0x0000000708800000| PB 0x0000000708800000| Complete 
|  69|0x0000000708a00000, 0x0000000708c00000, 0x0000000708c00000|100%| S|CS|TAMS 0x0000000708a00000| PB 0x0000000708a00000| Complete 
|  70|0x0000000708c00000, 0x0000000708c00000, 0x0000000708e00000|  0%| F|  |TAMS 0x0000000708c00000| PB 0x0000000708c00000| Untracked 
|  71|0x0000000708e00000, 0x0000000708e00000, 0x0000000709000000|  0%| F|  |TAMS 0x0000000708e00000| PB 0x0000000708e00000| Untracked 
|  72|0x0000000709000000, 0x0000000709000000, 0x0000000709200000|  0%| F|  |TAMS 0x0000000709000000| PB 0x0000000709000000| Untracked 
|  73|0x0000000709200000, 0x0000000709200000, 0x0000000709400000|  0%| F|  |TAMS 0x0000000709200000| PB 0x0000000709200000| Untracked 
|  74|0x0000000709400000, 0x0000000709400000, 0x0000000709600000|  0%| F|  |TAMS 0x0000000709400000| PB 0x0000000709400000| Untracked 
|  75|0x0000000709600000, 0x0000000709600000, 0x0000000709800000|  0%| F|  |TAMS 0x0000000709600000| PB 0x0000000709600000| Untracked 
|  76|0x0000000709800000, 0x0000000709800000, 0x0000000709a00000|  0%| F|  |TAMS 0x0000000709800000| PB 0x0000000709800000| Untracked 
|  77|0x0000000709a00000, 0x0000000709a00000, 0x0000000709c00000|  0%| F|  |TAMS 0x0000000709a00000| PB 0x0000000709a00000| Untracked 
|  78|0x0000000709c00000, 0x0000000709c00000, 0x0000000709e00000|  0%| F|  |TAMS 0x0000000709c00000| PB 0x0000000709c00000| Untracked 
|  79|0x0000000709e00000, 0x0000000709e00000, 0x000000070a000000|  0%| F|  |TAMS 0x0000000709e00000| PB 0x0000000709e00000| Untracked 
|  80|0x000000070a000000, 0x000000070a000000, 0x000000070a200000|  0%| F|  |TAMS 0x000000070a000000| PB 0x000000070a000000| Untracked 
|  81|0x000000070a200000, 0x000000070a200000, 0x000000070a400000|  0%| F|  |TAMS 0x000000070a200000| PB 0x000000070a200000| Untracked 
|  82|0x000000070a400000, 0x000000070a400000, 0x000000070a600000|  0%| F|  |TAMS 0x000000070a400000| PB 0x000000070a400000| Untracked 
|  83|0x000000070a600000, 0x000000070a600000, 0x000000070a800000|  0%| F|  |TAMS 0x000000070a600000| PB 0x000000070a600000| Untracked 
|  84|0x000000070a800000, 0x000000070a800000, 0x000000070aa00000|  0%| F|  |TAMS 0x000000070a800000| PB 0x000000070a800000| Untracked 
|  85|0x000000070aa00000, 0x000000070aa00000, 0x000000070ac00000|  0%| F|  |TAMS 0x000000070aa00000| PB 0x000000070aa00000| Untracked 
|  86|0x000000070ac00000, 0x000000070ac00000, 0x000000070ae00000|  0%| F|  |TAMS 0x000000070ac00000| PB 0x000000070ac00000| Untracked 
|  87|0x000000070ae00000, 0x000000070ae00000, 0x000000070b000000|  0%| F|  |TAMS 0x000000070ae00000| PB 0x000000070ae00000| Untracked 
|  88|0x000000070b000000, 0x000000070b000000, 0x000000070b200000|  0%| F|  |TAMS 0x000000070b000000| PB 0x000000070b000000| Untracked 
|  89|0x000000070b200000, 0x000000070b200000, 0x000000070b400000|  0%| F|  |TAMS 0x000000070b200000| PB 0x000000070b200000| Untracked 
|  90|0x000000070b400000, 0x000000070b400000, 0x000000070b600000|  0%| F|  |TAMS 0x000000070b400000| PB 0x000000070b400000| Untracked 
|  91|0x000000070b600000, 0x000000070b600000, 0x000000070b800000|  0%| F|  |TAMS 0x000000070b600000| PB 0x000000070b600000| Untracked 
|  92|0x000000070b800000, 0x000000070b800000, 0x000000070ba00000|  0%| F|  |TAMS 0x000000070b800000| PB 0x000000070b800000| Untracked 
|  93|0x000000070ba00000, 0x000000070ba00000, 0x000000070bc00000|  0%| F|  |TAMS 0x000000070ba00000| PB 0x000000070ba00000| Untracked 
|  94|0x000000070bc00000, 0x000000070bc00000, 0x000000070be00000|  0%| F|  |TAMS 0x000000070bc00000| PB 0x000000070bc00000| Untracked 
|  95|0x000000070be00000, 0x000000070be00000, 0x000000070c000000|  0%| F|  |TAMS 0x000000070be00000| PB 0x000000070be00000| Untracked 
|  96|0x000000070c000000, 0x000000070c000000, 0x000000070c200000|  0%| F|  |TAMS 0x000000070c000000| PB 0x000000070c000000| Untracked 
|  97|0x000000070c200000, 0x000000070c200000, 0x000000070c400000|  0%| F|  |TAMS 0x000000070c200000| PB 0x000000070c200000| Untracked 
|  98|0x000000070c400000, 0x000000070c400000, 0x000000070c600000|  0%| F|  |TAMS 0x000000070c400000| PB 0x000000070c400000| Untracked 
|  99|0x000000070c600000, 0x000000070c600000, 0x000000070c800000|  0%| F|  |TAMS 0x000000070c600000| PB 0x000000070c600000| Untracked 
| 100|0x000000070c800000, 0x000000070c800000, 0x000000070ca00000|  0%| F|  |TAMS 0x000000070c800000| PB 0x000000070c800000| Untracked 
| 101|0x000000070ca00000, 0x000000070ca00000, 0x000000070cc00000|  0%| F|  |TAMS 0x000000070ca00000| PB 0x000000070ca00000| Untracked 
| 102|0x000000070cc00000, 0x000000070cc00000, 0x000000070ce00000|  0%| F|  |TAMS 0x000000070cc00000| PB 0x000000070cc00000| Untracked 
| 103|0x000000070ce00000, 0x000000070ce00000, 0x000000070d000000|  0%| F|  |TAMS 0x000000070ce00000| PB 0x000000070ce00000| Untracked 
| 104|0x000000070d000000, 0x000000070d000000, 0x000000070d200000|  0%| F|  |TAMS 0x000000070d000000| PB 0x000000070d000000| Untracked 
| 105|0x000000070d200000, 0x000000070d200000, 0x000000070d400000|  0%| F|  |TAMS 0x000000070d200000| PB 0x000000070d200000| Untracked 
| 106|0x000000070d400000, 0x000000070d400000, 0x000000070d600000|  0%| F|  |TAMS 0x000000070d400000| PB 0x000000070d400000| Untracked 
| 107|0x000000070d600000, 0x000000070d600000, 0x000000070d800000|  0%| F|  |TAMS 0x000000070d600000| PB 0x000000070d600000| Untracked 
| 108|0x000000070d800000, 0x000000070d800000, 0x000000070da00000|  0%| F|  |TAMS 0x000000070d800000| PB 0x000000070d800000| Untracked 
| 109|0x000000070da00000, 0x000000070da00000, 0x000000070dc00000|  0%| F|  |TAMS 0x000000070da00000| PB 0x000000070da00000| Untracked 
| 110|0x000000070dc00000, 0x000000070dc00000, 0x000000070de00000|  0%| F|  |TAMS 0x000000070dc00000| PB 0x000000070dc00000| Untracked 
| 111|0x000000070de00000, 0x000000070de00000, 0x000000070e000000|  0%| F|  |TAMS 0x000000070de00000| PB 0x000000070de00000| Untracked 
| 112|0x000000070e000000, 0x000000070e000000, 0x000000070e200000|  0%| F|  |TAMS 0x000000070e000000| PB 0x000000070e000000| Untracked 
| 113|0x000000070e200000, 0x000000070e200000, 0x000000070e400000|  0%| F|  |TAMS 0x000000070e200000| PB 0x000000070e200000| Untracked 
| 114|0x000000070e400000, 0x000000070e400000, 0x000000070e600000|  0%| F|  |TAMS 0x000000070e400000| PB 0x000000070e400000| Untracked 
| 115|0x000000070e600000, 0x000000070e600000, 0x000000070e800000|  0%| F|  |TAMS 0x000000070e600000| PB 0x000000070e600000| Untracked 
| 116|0x000000070e800000, 0x000000070e800000, 0x000000070ea00000|  0%| F|  |TAMS 0x000000070e800000| PB 0x000000070e800000| Untracked 
| 117|0x000000070ea00000, 0x000000070ea00000, 0x000000070ec00000|  0%| F|  |TAMS 0x000000070ea00000| PB 0x000000070ea00000| Untracked 
| 118|0x000000070ec00000, 0x000000070ec00000, 0x000000070ee00000|  0%| F|  |TAMS 0x000000070ec00000| PB 0x000000070ec00000| Untracked 
| 119|0x000000070ee00000, 0x000000070ee00000, 0x000000070f000000|  0%| F|  |TAMS 0x000000070ee00000| PB 0x000000070ee00000| Untracked 
| 120|0x000000070f000000, 0x000000070f000000, 0x000000070f200000|  0%| F|  |TAMS 0x000000070f000000| PB 0x000000070f000000| Untracked 
| 121|0x000000070f200000, 0x000000070f200000, 0x000000070f400000|  0%| F|  |TAMS 0x000000070f200000| PB 0x000000070f200000| Untracked 
| 122|0x000000070f400000, 0x000000070f400000, 0x000000070f600000|  0%| F|  |TAMS 0x000000070f400000| PB 0x000000070f400000| Untracked 
| 123|0x000000070f600000, 0x000000070f600000, 0x000000070f800000|  0%| F|  |TAMS 0x000000070f600000| PB 0x000000070f600000| Untracked 
| 124|0x000000070f800000, 0x000000070f800000, 0x000000070fa00000|  0%| F|  |TAMS 0x000000070f800000| PB 0x000000070f800000| Untracked 
| 125|0x000000070fa00000, 0x000000070fa00000, 0x000000070fc00000|  0%| F|  |TAMS 0x000000070fa00000| PB 0x000000070fa00000| Untracked 
| 126|0x000000070fc00000, 0x000000070fc00000, 0x000000070fe00000|  0%| F|  |TAMS 0x000000070fc00000| PB 0x000000070fc00000| Untracked 
| 127|0x000000070fe00000, 0x000000070fe00000, 0x0000000710000000|  0%| F|  |TAMS 0x000000070fe00000| PB 0x000000070fe00000| Untracked 
| 128|0x0000000710000000, 0x0000000710000000, 0x0000000710200000|  0%| F|  |TAMS 0x0000000710000000| PB 0x0000000710000000| Untracked 
| 129|0x0000000710200000, 0x0000000710200000, 0x0000000710400000|  0%| F|  |TAMS 0x0000000710200000| PB 0x0000000710200000| Untracked 
| 130|0x0000000710400000, 0x0000000710400000, 0x0000000710600000|  0%| F|  |TAMS 0x0000000710400000| PB 0x0000000710400000| Untracked 
| 131|0x0000000710600000, 0x0000000710600000, 0x0000000710800000|  0%| F|  |TAMS 0x0000000710600000| PB 0x0000000710600000| Untracked 
| 132|0x0000000710800000, 0x0000000710800000, 0x0000000710a00000|  0%| F|  |TAMS 0x0000000710800000| PB 0x0000000710800000| Untracked 
| 133|0x0000000710a00000, 0x0000000710a00000, 0x0000000710c00000|  0%| F|  |TAMS 0x0000000710a00000| PB 0x0000000710a00000| Untracked 
| 134|0x0000000710c00000, 0x0000000710c00000, 0x0000000710e00000|  0%| F|  |TAMS 0x0000000710c00000| PB 0x0000000710c00000| Untracked 
| 135|0x0000000710e00000, 0x0000000710e00000, 0x0000000711000000|  0%| F|  |TAMS 0x0000000710e00000| PB 0x0000000710e00000| Untracked 
| 136|0x0000000711000000, 0x0000000711000000, 0x0000000711200000|  0%| F|  |TAMS 0x0000000711000000| PB 0x0000000711000000| Untracked 
| 137|0x0000000711200000, 0x0000000711200000, 0x0000000711400000|  0%| F|  |TAMS 0x0000000711200000| PB 0x0000000711200000| Untracked 
| 138|0x0000000711400000, 0x0000000711400000, 0x0000000711600000|  0%| F|  |TAMS 0x0000000711400000| PB 0x0000000711400000| Untracked 
| 139|0x0000000711600000, 0x0000000711600000, 0x0000000711800000|  0%| F|  |TAMS 0x0000000711600000| PB 0x0000000711600000| Untracked 
| 140|0x0000000711800000, 0x0000000711800000, 0x0000000711a00000|  0%| F|  |TAMS 0x0000000711800000| PB 0x0000000711800000| Untracked 
| 141|0x0000000711a00000, 0x0000000711a00000, 0x0000000711c00000|  0%| F|  |TAMS 0x0000000711a00000| PB 0x0000000711a00000| Untracked 
| 142|0x0000000711c00000, 0x0000000711c00000, 0x0000000711e00000|  0%| F|  |TAMS 0x0000000711c00000| PB 0x0000000711c00000| Untracked 
| 143|0x0000000711e00000, 0x0000000711e00000, 0x0000000712000000|  0%| F|  |TAMS 0x0000000711e00000| PB 0x0000000711e00000| Untracked 
| 144|0x0000000712000000, 0x0000000712000000, 0x0000000712200000|  0%| F|  |TAMS 0x0000000712000000| PB 0x0000000712000000| Untracked 
| 145|0x0000000712200000, 0x0000000712200000, 0x0000000712400000|  0%| F|  |TAMS 0x0000000712200000| PB 0x0000000712200000| Untracked 
| 146|0x0000000712400000, 0x0000000712400000, 0x0000000712600000|  0%| F|  |TAMS 0x0000000712400000| PB 0x0000000712400000| Untracked 
| 147|0x0000000712600000, 0x0000000712600000, 0x0000000712800000|  0%| F|  |TAMS 0x0000000712600000| PB 0x0000000712600000| Untracked 
| 148|0x0000000712800000, 0x0000000712800000, 0x0000000712a00000|  0%| F|  |TAMS 0x0000000712800000| PB 0x0000000712800000| Untracked 
| 149|0x0000000712a00000, 0x0000000712a00000, 0x0000000712c00000|  0%| F|  |TAMS 0x0000000712a00000| PB 0x0000000712a00000| Untracked 
| 150|0x0000000712c00000, 0x0000000712c00000, 0x0000000712e00000|  0%| F|  |TAMS 0x0000000712c00000| PB 0x0000000712c00000| Untracked 
| 151|0x0000000712e00000, 0x0000000712e00000, 0x0000000713000000|  0%| F|  |TAMS 0x0000000712e00000| PB 0x0000000712e00000| Untracked 
| 152|0x0000000713000000, 0x0000000713000000, 0x0000000713200000|  0%| F|  |TAMS 0x0000000713000000| PB 0x0000000713000000| Untracked 
| 153|0x0000000713200000, 0x0000000713200000, 0x0000000713400000|  0%| F|  |TAMS 0x0000000713200000| PB 0x0000000713200000| Untracked 
| 154|0x0000000713400000, 0x0000000713400000, 0x0000000713600000|  0%| F|  |TAMS 0x0000000713400000| PB 0x0000000713400000| Untracked 
| 155|0x0000000713600000, 0x0000000713600000, 0x0000000713800000|  0%| F|  |TAMS 0x0000000713600000| PB 0x0000000713600000| Untracked 
| 156|0x0000000713800000, 0x0000000713800000, 0x0000000713a00000|  0%| F|  |TAMS 0x0000000713800000| PB 0x0000000713800000| Untracked 
| 157|0x0000000713a00000, 0x0000000713a00000, 0x0000000713c00000|  0%| F|  |TAMS 0x0000000713a00000| PB 0x0000000713a00000| Untracked 
| 158|0x0000000713c00000, 0x0000000713c00000, 0x0000000713e00000|  0%| F|  |TAMS 0x0000000713c00000| PB 0x0000000713c00000| Untracked 
| 159|0x0000000713e00000, 0x0000000713e00000, 0x0000000714000000|  0%| F|  |TAMS 0x0000000713e00000| PB 0x0000000713e00000| Untracked 
| 160|0x0000000714000000, 0x0000000714000000, 0x0000000714200000|  0%| F|  |TAMS 0x0000000714000000| PB 0x0000000714000000| Untracked 
|2045|0x00000007ffa00000, 0x00000007ffa00000, 0x00000007ffc00000|  0%| F|  |TAMS 0x00000007ffa00000| PB 0x00000007ffa00000| Untracked 
|2046|0x00000007ffc00000, 0x00000007ffe00000, 0x00000007ffe00000|100%| O|  |TAMS 0x00000007ffc00000| PB 0x00000007ffc00000| Untracked 
|2047|0x00000007ffe00000, 0x0000000800000000, 0x0000000800000000|100%| O|  |TAMS 0x00000007ffe00000| PB 0x00000007ffe00000| Untracked 

Card table byte_map: [0x000002b8e3aa0000,0x000002b8e42a0000] _byte_map_base: 0x000002b8e02a0000

Marking Bits: (CMBitMap*) 0x000002b8d0e911f0
 Bits: [0x000002b8e42a0000, 0x000002b8e82a0000)

Polling page: 0x000002b8cebe0000

Metaspace:

Usage:
  Non-class:     58.42 MB used.
      Class:      9.25 MB used.
       Both:     67.67 MB used.

Virtual space:
  Non-class space:       64.00 MB reserved,      59.25 MB ( 93%) committed,  1 nodes.
      Class space:        1.00 GB reserved,      10.00 MB ( <1%) committed,  1 nodes.
             Both:        1.06 GB reserved,      69.25 MB (  6%) committed. 

Chunk freelists:
   Non-Class:  4.20 MB
       Class:  6.05 MB
        Both:  10.25 MB

MaxMetaspaceSize: unlimited
CompressedClassSpaceSize: 1.00 GB
Initial GC threshold: 21.00 MB
Current GC threshold: 115.25 MB
CDS: off
 - commit_granule_bytes: 65536.
 - commit_granule_words: 8192.
 - virtual_space_node_default_size: 8388608.
 - enlarge_chunks_in_place: 1.
 - use_allocation_guard: 0.


Internal statistics:

num_allocs_failed_limit: 9.
num_arena_births: 2904.
num_arena_deaths: 8.
num_vsnodes_births: 2.
num_vsnodes_deaths: 0.
num_space_committed: 1108.
num_space_uncommitted: 0.
num_chunks_returned_to_freelist: 21.
num_chunks_taken_from_freelist: 5647.
num_chunk_merges: 9.
num_chunk_splits: 3684.
num_chunks_enlarged: 2323.
num_inconsistent_stats: 0.

CodeHeap 'non-profiled nmethods': size=120000Kb used=7671Kb max_used=7714Kb free=112328Kb
 bounds [0x000002b8dba30000, 0x000002b8dc1d0000, 0x000002b8e2f60000]
CodeHeap 'profiled nmethods': size=120000Kb used=14363Kb max_used=16298Kb free=105636Kb
 bounds [0x000002b8d3f60000, 0x000002b8d4f50000, 0x000002b8db490000]
CodeHeap 'non-nmethods': size=5760Kb used=2597Kb max_used=2696Kb free=3162Kb
 bounds [0x000002b8db490000, 0x000002b8db740000, 0x000002b8dba30000]
CodeCache: size=245760Kb, used=24631Kb, max_used=26708Kb, free=221126Kb
 total_blobs=9094, nmethods=8209, adapters=788, full_count=0
Compilation: enabled, stopped_count=0, restarted_count=0

Compilation events (20 events):
Event: 181.740 Thread 0x000002b8ef0860c0 10803       3       com.esotericsoftware.kryo.io.Output::writeBoolean (44 bytes)
Event: 181.740 Thread 0x000002b8ef0860c0 nmethod 10803 0x000002b8d4048190 code [0x000002b8d4048340, 0x000002b8d4048570]
Event: 181.743 Thread 0x000002b8ef085010 10804       4       java.nio.MappedByteBuffer::limit (8 bytes)
Event: 181.750 Thread 0x000002b8ef085010 nmethod 10804 0x000002b8dc069d90 code [0x000002b8dc069f20, 0x000002b8dc06a040]
Event: 182.289 Thread 0x000002b8ef0860c0 10805       3       org.gradle.internal.serialize.kryo.KryoBackedEncoder::writeBoolean (9 bytes)
Event: 182.290 Thread 0x000002b8ef0860c0 nmethod 10805 0x000002b8d4374990 code [0x000002b8d4374b40, 0x000002b8d4374ca0]
Event: 182.486 Thread 0x000002b8ef085010 10806       4       java.util.stream.AbstractSpinedBuffer::count (31 bytes)
Event: 182.487 Thread 0x000002b8ef085010 nmethod 10806 0x000002b8dc069a10 code [0x000002b8dc069ba0, 0x000002b8dc069c80]
Event: 182.657 Thread 0x000002b8ef0860c0 10807       3       org.objectweb.asm.ClassReader::accept (1419 bytes)
Event: 182.657 Thread 0x000002b8ef085010 10808       4       org.objectweb.asm.SymbolTable::computeBootstrapMethodsSize (27 bytes)
Event: 182.658 Thread 0x000002b8ef085010 nmethod 10808 0x000002b8dc069690 code [0x000002b8dc069820, 0x000002b8dc069908]
Event: 182.660 Thread 0x000002b8ef085010 10809       4       org.objectweb.asm.commons.MethodRemapper::visitInvokeDynamicInsn (77 bytes)
Event: 182.670 Thread 0x000002b8ef0860c0 nmethod 10807 0x000002b8d4d51b10 code [0x000002b8d4d526e0, 0x000002b8d4d59790]
Event: 182.680 Thread 0x000002b8ef0860c0 10810       3       org.objectweb.asm.ClassWriter::toByteArray (1535 bytes)
Event: 182.695 Thread 0x000002b8ef085010 nmethod 10809 0x000002b8dc0c6810 code [0x000002b8dc0c6a60, 0x000002b8dc0c78a0]
Event: 182.700 Thread 0x000002b8ef0860c0 nmethod 10810 0x000002b8d4a32c90 code [0x000002b8d4a335c0, 0x000002b8d4a37288]
Event: 182.778 Thread 0x000002b8ef085010 10811       4       org.objectweb.asm.FieldWriter::computeFieldInfoSize (86 bytes)
Event: 182.782 Thread 0x000002b8ef085010 nmethod 10811 0x000002b8dc0c5e90 code [0x000002b8dc0c6080, 0x000002b8dc0c6488]
Event: 182.786 Thread 0x000002b8ef085010 10812       4       org.objectweb.asm.FieldWriter::putFieldInfo (269 bytes)
Event: 182.812 Thread 0x000002b8ef085010 nmethod 10812 0x000002b8dc0c3e90 code [0x000002b8dc0c4200, 0x000002b8dc0c51d8]

GC Heap History (20 events):
Event: 174.758 GC heap after
{Heap after GC invocations=71 (full 0):
 garbage-first heap   total 278528K, used 97601K [0x0000000700000000, 0x0000000800000000)
  region size 2048K, 6 young (12288K), 6 survivors (12288K)
 Metaspace       used 69290K, committed 70912K, reserved 1114112K
  class space    used 9470K, committed 10240K, reserved 1048576K
}
Event: 175.431 GC heap before
{Heap before GC invocations=72 (full 0):
 garbage-first heap   total 278528K, used 251201K [0x0000000700000000, 0x0000000800000000)
  region size 2048K, 81 young (165888K), 6 survivors (12288K)
 Metaspace       used 69292K, committed 70912K, reserved 1114112K
  class space    used 9470K, committed 10240K, reserved 1048576K
}
Event: 175.440 GC heap after
{Heap after GC invocations=73 (full 0):
 garbage-first heap   total 278528K, used 99084K [0x0000000700000000, 0x0000000800000000)
  region size 2048K, 6 young (12288K), 6 survivors (12288K)
 Metaspace       used 69292K, committed 70912K, reserved 1114112K
  class space    used 9470K, committed 10240K, reserved 1048576K
}
Event: 176.084 GC heap before
{Heap before GC invocations=73 (full 0):
 garbage-first heap   total 278528K, used 252684K [0x0000000700000000, 0x0000000800000000)
  region size 2048K, 81 young (165888K), 6 survivors (12288K)
 Metaspace       used 69292K, committed 70912K, reserved 1114112K
  class space    used 9470K, committed 10240K, reserved 1048576K
}
Event: 176.094 GC heap after
{Heap after GC invocations=74 (full 0):
 garbage-first heap   total 278528K, used 99872K [0x0000000700000000, 0x0000000800000000)
  region size 2048K, 6 young (12288K), 6 survivors (12288K)
 Metaspace       used 69292K, committed 70912K, reserved 1114112K
  class space    used 9470K, committed 10240K, reserved 1048576K
}
Event: 176.695 GC heap before
{Heap before GC invocations=75 (full 0):
 garbage-first heap   total 278528K, used 253472K [0x0000000700000000, 0x0000000800000000)
  region size 2048K, 81 young (165888K), 6 survivors (12288K)
 Metaspace       used 69292K, committed 70912K, reserved 1114112K
  class space    used 9470K, committed 10240K, reserved 1048576K
}
Event: 176.706 GC heap after
{Heap after GC invocations=76 (full 0):
 garbage-first heap   total 335872K, used 100540K [0x0000000700000000, 0x0000000800000000)
  region size 2048K, 7 young (14336K), 7 survivors (14336K)
 Metaspace       used 69292K, committed 70912K, reserved 1114112K
  class space    used 9470K, committed 10240K, reserved 1048576K
}
Event: 177.571 GC heap before
{Heap before GC invocations=76 (full 0):
 garbage-first heap   total 335872K, used 286908K [0x0000000700000000, 0x0000000800000000)
  region size 2048K, 98 young (200704K), 7 survivors (14336K)
 Metaspace       used 69292K, committed 70912K, reserved 1114112K
  class space    used 9470K, committed 10240K, reserved 1048576K
}
Event: 177.581 GC heap after
{Heap after GC invocations=77 (full 0):
 garbage-first heap   total 335872K, used 102972K [0x0000000700000000, 0x0000000800000000)
  region size 2048K, 8 young (16384K), 8 survivors (16384K)
 Metaspace       used 69292K, committed 70912K, reserved 1114112K
  class space    used 9470K, committed 10240K, reserved 1048576K
}
Event: 178.750 GC heap before
{Heap before GC invocations=77 (full 0):
 garbage-first heap   total 335872K, used 287292K [0x0000000700000000, 0x0000000800000000)
  region size 2048K, 98 young (200704K), 8 survivors (16384K)
 Metaspace       used 69293K, committed 70912K, reserved 1114112K
  class space    used 9470K, committed 10240K, reserved 1048576K
}
Event: 178.765 GC heap after
{Heap after GC invocations=78 (full 0):
 garbage-first heap   total 335872K, used 103800K [0x0000000700000000, 0x0000000800000000)
  region size 2048K, 7 young (14336K), 7 survivors (14336K)
 Metaspace       used 69293K, committed 70912K, reserved 1114112K
  class space    used 9470K, committed 10240K, reserved 1048576K
}
Event: 180.093 GC heap before
{Heap before GC invocations=78 (full 0):
 garbage-first heap   total 335872K, used 290168K [0x0000000700000000, 0x0000000800000000)
  region size 2048K, 98 young (200704K), 7 survivors (14336K)
 Metaspace       used 69293K, committed 70912K, reserved 1114112K
  class space    used 9470K, committed 10240K, reserved 1048576K
}
Event: 180.104 GC heap after
{Heap after GC invocations=79 (full 0):
 garbage-first heap   total 335872K, used 105822K [0x0000000700000000, 0x0000000800000000)
  region size 2048K, 8 young (16384K), 8 survivors (16384K)
 Metaspace       used 69293K, committed 70912K, reserved 1114112K
  class space    used 9470K, committed 10240K, reserved 1048576K
}
Event: 180.763 GC heap before
{Heap before GC invocations=79 (full 0):
 garbage-first heap   total 335872K, used 290142K [0x0000000700000000, 0x0000000800000000)
  region size 2048K, 98 young (200704K), 8 survivors (16384K)
 Metaspace       used 69294K, committed 70912K, reserved 1114112K
  class space    used 9470K, committed 10240K, reserved 1048576K
}
Event: 180.771 GC heap after
{Heap after GC invocations=80 (full 0):
 garbage-first heap   total 335872K, used 106487K [0x0000000700000000, 0x0000000800000000)
  region size 2048K, 8 young (16384K), 8 survivors (16384K)
 Metaspace       used 69294K, committed 70912K, reserved 1114112K
  class space    used 9470K, committed 10240K, reserved 1048576K
}
Event: 181.358 GC heap before
{Heap before GC invocations=80 (full 0):
 garbage-first heap   total 335872K, used 290807K [0x0000000700000000, 0x0000000800000000)
  region size 2048K, 98 young (200704K), 8 survivors (16384K)
 Metaspace       used 69294K, committed 70912K, reserved 1114112K
  class space    used 9470K, committed 10240K, reserved 1048576K
}
Event: 181.369 GC heap after
{Heap after GC invocations=81 (full 0):
 garbage-first heap   total 335872K, used 107252K [0x0000000700000000, 0x0000000800000000)
  region size 2048K, 8 young (16384K), 8 survivors (16384K)
 Metaspace       used 69294K, committed 70912K, reserved 1114112K
  class space    used 9470K, committed 10240K, reserved 1048576K
}
Event: 182.237 GC heap before
{Heap before GC invocations=81 (full 0):
 garbage-first heap   total 335872K, used 291572K [0x0000000700000000, 0x0000000800000000)
  region size 2048K, 98 young (200704K), 8 survivors (16384K)
 Metaspace       used 69294K, committed 70912K, reserved 1114112K
  class space    used 9470K, committed 10240K, reserved 1048576K
}
Event: 182.253 GC heap after
{Heap after GC invocations=82 (full 0):
 garbage-first heap   total 335872K, used 108551K [0x0000000700000000, 0x0000000800000000)
  region size 2048K, 8 young (16384K), 8 survivors (16384K)
 Metaspace       used 69294K, committed 70912K, reserved 1114112K
  class space    used 9470K, committed 10240K, reserved 1048576K
}
Event: 183.052 GC heap before
{Heap before GC invocations=82 (full 0):
 garbage-first heap   total 335872K, used 292871K [0x0000000700000000, 0x0000000800000000)
  region size 2048K, 98 young (200704K), 8 survivors (16384K)
 Metaspace       used 69295K, committed 70912K, reserved 1114112K
  class space    used 9470K, committed 10240K, reserved 1048576K
}

Dll operation events (3 events):
Event: 0.074 Loaded shared library D:\Android Studio\jbr\bin\java.dll
Event: 0.102 Loaded shared library D:\Android Studio\jbr\bin\zip.dll
Event: 2.156 Loaded shared library D:\Android Studio\jbr\bin\verify.dll

Deoptimization events (20 events):
Event: 179.624 Thread 0x000002b8f0ae68a0 DEOPT PACKING pc=0x000002b8d4daf1d2 sp=0x000000d7aabf6fe0
Event: 179.624 Thread 0x000002b8f0ae68a0 DEOPT UNPACKING pc=0x000002b8db4e4bc2 sp=0x000000d7aabf66f0 mode 0
Event: 179.678 Thread 0x000002b8f0ae68a0 DEOPT PACKING pc=0x000002b8d4daf1d2 sp=0x000000d7aabf6fe0
Event: 179.678 Thread 0x000002b8f0ae68a0 DEOPT UNPACKING pc=0x000002b8db4e4bc2 sp=0x000000d7aabf66f0 mode 0
Event: 179.707 Thread 0x000002b8f0ae68a0 DEOPT PACKING pc=0x000002b8d4daf1d2 sp=0x000000d7aabf6fe0
Event: 179.707 Thread 0x000002b8f0ae68a0 DEOPT UNPACKING pc=0x000002b8db4e4bc2 sp=0x000000d7aabf66f0 mode 0
Event: 179.794 Thread 0x000002b8f0ae68a0 DEOPT PACKING pc=0x000002b8d4dafa37 sp=0x000000d7aabf6fe0
Event: 179.794 Thread 0x000002b8f0ae68a0 DEOPT UNPACKING pc=0x000002b8db4e4bc2 sp=0x000000d7aabf66f0 mode 0
Event: 179.810 Thread 0x000002b8f0ae68a0 DEOPT PACKING pc=0x000002b8d4daf867 sp=0x000000d7aabf6fe0
Event: 179.810 Thread 0x000002b8f0ae68a0 DEOPT UNPACKING pc=0x000002b8db4e4bc2 sp=0x000000d7aabf66f0 mode 0
Event: 182.651 Thread 0x000002b8f0ae68a0 Uncommon trap: trap_request=0xffffff45 fr.pc=0x000002b8dbd76b08 relative=0x00000000000045a8
Event: 182.651 Thread 0x000002b8f0ae68a0 Uncommon trap: reason=unstable_if action=reinterpret pc=0x000002b8dbd76b08 method=org.objectweb.asm.ClassReader.accept(Lorg/objectweb/asm/ClassVisitor;[Lorg/objectweb/asm/Attribute;I)V @ 287 c2
Event: 182.651 Thread 0x000002b8f0ae68a0 DEOPT PACKING pc=0x000002b8dbd76b08 sp=0x000000d7aabf75c0
Event: 182.651 Thread 0x000002b8f0ae68a0 DEOPT UNPACKING pc=0x000002b8db4e4422 sp=0x000000d7aabf7588 mode 2
Event: 182.652 Thread 0x000002b8f0ae68a0 Uncommon trap: trap_request=0xffffff45 fr.pc=0x000002b8dbe0d5ec relative=0x00000000000043cc
Event: 182.652 Thread 0x000002b8f0ae68a0 Uncommon trap: reason=unstable_if action=reinterpret pc=0x000002b8dbe0d5ec method=org.objectweb.asm.ClassWriter.toByteArray()[B @ 439 c2
Event: 182.652 Thread 0x000002b8f0ae68a0 DEOPT PACKING pc=0x000002b8dbe0d5ec sp=0x000000d7aabf7670
Event: 182.652 Thread 0x000002b8f0ae68a0 DEOPT UNPACKING pc=0x000002b8db4e4422 sp=0x000000d7aabf7618 mode 2
Event: 182.989 Thread 0x000002b8f0ae68a0 DEOPT PACKING pc=0x000002b8d4a369cb sp=0x000000d7aabf7560
Event: 182.989 Thread 0x000002b8f0ae68a0 DEOPT UNPACKING pc=0x000002b8db4e4bc2 sp=0x000000d7aabf6b10 mode 0

Classes loaded (20 events):
Event: 153.039 Loading class java/lang/ThreadDeath
Event: 153.045 Loading class java/lang/ThreadDeath done
Event: 153.046 Loading class sun/misc/SharedSecrets
Event: 153.049 Loading class sun/misc/SharedSecrets done
Event: 163.388 Loading class java/lang/Override
Event: 163.388 Loading class java/lang/Override done
Event: 164.295 Loading class java/lang/ClassBeanInfo
Event: 164.295 Loading class java/lang/ClassBeanInfo done
Event: 164.298 Loading class java/lang/ClassBeanInfo
Event: 164.298 Loading class java/lang/ClassBeanInfo done
Event: 164.300 Loading class java/lang/ClassCustomizer
Event: 164.300 Loading class java/lang/ClassCustomizer done
Event: 164.303 Loading class java/lang/ClassCustomizer
Event: 164.303 Loading class java/lang/ClassCustomizer done
Event: 165.221 Loading class java/util/Collections$SynchronizedRandomAccessList
Event: 165.223 Loading class java/util/Collections$SynchronizedList
Event: 165.226 Loading class java/util/Collections$SynchronizedList done
Event: 165.226 Loading class java/util/Collections$SynchronizedRandomAccessList done
Event: 171.862 Loading class java/util/regex/Pattern$Caret
Event: 171.865 Loading class java/util/regex/Pattern$Caret done

Classes unloaded (11 events):
Event: 126.733 Thread 0x000002b8ef010450 Unloading class 0x00000008007ec568 '_BuildScript_$_run_closure1'
Event: 126.734 Thread 0x000002b8ef010450 Unloading class 0x00000008007ec000 '_BuildScript_'
Event: 134.454 Thread 0x000002b8ef010450 Unloading class 0x000000080088c988 '_BuildScript_$_run_closure1$_closure2'
Event: 134.454 Thread 0x000002b8ef010450 Unloading class 0x000000080088c568 '_BuildScript_$_run_closure1'
Event: 134.454 Thread 0x000002b8ef010450 Unloading class 0x000000080088c000 '_BuildScript_'
Event: 165.955 Thread 0x000002b8ef010450 Unloading class 0x00000008009ac988 '_BuildScript_$_run_closure1$_closure2'
Event: 165.955 Thread 0x000002b8ef010450 Unloading class 0x00000008009ac568 '_BuildScript_$_run_closure1'
Event: 165.955 Thread 0x000002b8ef010450 Unloading class 0x00000008009ac000 '_BuildScript_'
Event: 165.956 Thread 0x000002b8ef010450 Unloading class 0x000000080099c988 '_BuildScript_$_run_closure2'
Event: 165.956 Thread 0x000002b8ef010450 Unloading class 0x000000080099c568 '_BuildScript_$_run_closure1'
Event: 165.956 Thread 0x000002b8ef010450 Unloading class 0x000000080099c000 '_BuildScript_'

Classes redefined (0 events):
No events

Internal exceptions (20 events):
Event: 165.166 Thread 0x000002b8f0ae68a0 Exception <a 'sun/nio/fs/WindowsException'{0x0000000707b78030}> (0x0000000707b78030) 
thrown [s\src\hotspot\share\prims\jni.cpp, line 537]
Event: 165.168 Thread 0x000002b8f0ae68a0 Exception <a 'sun/nio/fs/WindowsException'{0x0000000707b79828}> (0x0000000707b79828) 
thrown [s\src\hotspot\share\prims\jni.cpp, line 537]
Event: 165.171 Thread 0x000002b8f0ae68a0 Exception <a 'sun/nio/fs/WindowsException'{0x0000000707b7b040}> (0x0000000707b7b040) 
thrown [s\src\hotspot\share\prims\jni.cpp, line 537]
Event: 165.182 Thread 0x000002b8f0ae68a0 Exception <a 'java/lang/NoSuchMethodError'{0x0000000707b8c0e8}: 'java.lang.Object java.lang.invoke.Invokers$Holder.invoker(java.lang.Object, java.lang.Object, java.lang.Object, java.lang.Object, java.lang.Object, java.lang.Object)'> (0x0000000707b8c0e8) 
thrown [s\src\hotspot\share\interpreter\linkResolver.cpp, line 784]
Event: 165.288 Thread 0x000002b8f0ae68a0 Exception <a 'sun/nio/fs/WindowsException'{0x0000000707880170}> (0x0000000707880170) 
thrown [s\src\hotspot\share\prims\jni.cpp, line 537]
Event: 165.299 Thread 0x000002b8f0ae68a0 Exception <a 'java/lang/NoSuchMethodError'{0x000000070788d5f0}: 'java.lang.Object java.lang.invoke.Invokers$Holder.invoker(java.lang.Object, java.lang.Object, java.lang.Object, java.lang.Object, java.lang.Object, java.lang.Object, java.lang.Object, java.lang.Object, java.lang.Object, java.lang.Object, java.lang.Object, java.lang.Object, java.lang.Object, java.lang.Object, java.lang.Object, java.lang.Object, java.lang.Object, java.lang.Object, java.lang.Object, java.lang.Object, java.lang.Object, java.lang.
Event: 165.301 Thread 0x000002b8f0ae68a0 Exception <a 'java/lang/NoSuchMethodError'{0x00000007078941f8}: 'java.lang.Object java.lang.invoke.DelegatingMethodHandle$Holder.delegate(java.lang.Object, java.lang.Object, java.lang.Object, java.lang.Object, java.lang.Object, java.lang.Object, java.lang.Object, java.lang.Object, java.lang.Object, java.lang.Object, java.lang.Object, java.lang.Object, java.lang.Object, java.lang.Object, java.lang.Object, java.lang.Object, java.lang.Object, java.lang.Object, java.lang.Object, java.lang.Object, java.lang.Obj
Event: 165.353 Thread 0x000002b8f0ae68a0 Implicit null exception at 0x000002b8dbe55082 to 0x000002b8dbe551c8
Event: 165.705 Thread 0x000002b8f0ae68a0 Exception <a 'sun/nio/fs/WindowsException'{0x00000007ffba8748}> (0x00000007ffba8748) 
thrown [s\src\hotspot\share\prims\jni.cpp, line 537]
Event: 165.739 Thread 0x000002b8f0ae68a0 Exception <a 'sun/nio/fs/WindowsException'{0x000000070d284548}> (0x000000070d284548) 
thrown [s\src\hotspot\share\prims\jni.cpp, line 537]
Event: 165.742 Thread 0x000002b8f0ae68a0 Exception <a 'sun/nio/fs/WindowsException'{0x000000070d286180}> (0x000000070d286180) 
thrown [s\src\hotspot\share\prims\jni.cpp, line 537]
Event: 165.743 Thread 0x000002b8f0ae68a0 Exception <a 'sun/nio/fs/WindowsException'{0x000000070d287ab0}> (0x000000070d287ab0) 
thrown [s\src\hotspot\share\prims\jni.cpp, line 537]
Event: 165.773 Thread 0x000002b8f0ae68a0 Implicit null exception at 0x000002b8dc093d4d to 0x000002b8dc093fa0
Event: 165.773 Thread 0x000002b8f0ae68a0 Implicit null exception at 0x000002b8dbda1567 to 0x000002b8dbda2cc0
Event: 165.774 Thread 0x000002b8f0ae68a0 Implicit null exception at 0x000002b8dbb2ce85 to 0x000002b8dbb2d1f0
Event: 167.322 Thread 0x000002b8f0ae68a0 Implicit null exception at 0x000002b8dc140dae to 0x000002b8dc1433d8
Event: 171.510 Thread 0x000002b8f0b5d990 Exception <a 'sun/nio/fs/WindowsException'{0x000000070cb056e0}> (0x000000070cb056e0) 
thrown [s\src\hotspot\share\prims\jni.cpp, line 537]
Event: 171.526 Thread 0x000002b8f0b5d990 Exception <a 'sun/nio/fs/WindowsException'{0x000000070c90c798}> (0x000000070c90c798) 
thrown [s\src\hotspot\share\prims\jni.cpp, line 537]
Event: 181.488 Thread 0x000002b8f0b5d990 Exception <a 'sun/nio/fs/WindowsException'{0x0000000711d031b0}> (0x0000000711d031b0) 
thrown [s\src\hotspot\share\prims\jni.cpp, line 537]
Event: 181.505 Thread 0x000002b8f0b5d990 Exception <a 'sun/nio/fs/WindowsException'{0x0000000711606988}> (0x0000000711606988) 
thrown [s\src\hotspot\share\prims\jni.cpp, line 537]

ZGC Phase Switch (0 events):
No events

VM Operations (20 events):
Event: 176.706 Executing VM operation: G1CollectForAllocation (G1 Evacuation Pause) done
Event: 177.571 Executing VM operation: G1CollectForAllocation (G1 Evacuation Pause)
Event: 177.581 Executing VM operation: G1CollectForAllocation (G1 Evacuation Pause) done
Event: 178.590 Executing VM operation: Cleanup
Event: 178.590 Executing VM operation: Cleanup done
Event: 178.750 Executing VM operation: G1CollectForAllocation (G1 Evacuation Pause)
Event: 178.765 Executing VM operation: G1CollectForAllocation (G1 Evacuation Pause) done
Event: 180.093 Executing VM operation: G1CollectForAllocation (G1 Evacuation Pause)
Event: 180.104 Executing VM operation: G1CollectForAllocation (G1 Evacuation Pause) done
Event: 180.292 Executing VM operation: HandshakeAllThreads (HandshakeForDeflation)
Event: 180.293 Executing VM operation: HandshakeAllThreads (HandshakeForDeflation) done
Event: 180.293 Executing VM operation: RendezvousGCThreads
Event: 180.293 Executing VM operation: RendezvousGCThreads done
Event: 180.763 Executing VM operation: G1CollectForAllocation (G1 Evacuation Pause)
Event: 180.771 Executing VM operation: G1CollectForAllocation (G1 Evacuation Pause) done
Event: 181.358 Executing VM operation: G1CollectForAllocation (G1 Evacuation Pause)
Event: 181.369 Executing VM operation: G1CollectForAllocation (G1 Evacuation Pause) done
Event: 182.237 Executing VM operation: G1CollectForAllocation (G1 Evacuation Pause)
Event: 182.253 Executing VM operation: G1CollectForAllocation (G1 Evacuation Pause) done
Event: 183.052 Executing VM operation: G1CollectForAllocation (G1 Evacuation Pause)

Memory protections (0 events):
No events

Nmethod flushes (20 events):
Event: 174.840 Thread 0x000002b8ef010450 flushing  nmethod 0x000002b8d4a45a10
Event: 174.840 Thread 0x000002b8ef010450 flushing  nmethod 0x000002b8d4a45f90
Event: 174.840 Thread 0x000002b8ef010450 flushing  nmethod 0x000002b8d4a46390
Event: 174.840 Thread 0x000002b8ef010450 flushing  nmethod 0x000002b8d3f67010
Event: 174.840 Thread 0x000002b8ef010450 flushing  nmethod 0x000002b8d4054b10
Event: 174.840 Thread 0x000002b8ef010450 flushing  nmethod 0x000002b8d42e3990
Event: 174.840 Thread 0x000002b8ef010450 flushing  nmethod 0x000002b8d4724f90
Event: 174.840 Thread 0x000002b8ef010450 flushing  nmethod 0x000002b8d48a1c10
Event: 174.840 Thread 0x000002b8ef010450 flushing  nmethod 0x000002b8d4a4c510
Event: 174.840 Thread 0x000002b8ef010450 flushing  nmethod 0x000002b8d4a8f910
Event: 176.181 Thread 0x000002b8ef010450 flushing  nmethod 0x000002b8d4200a90
Event: 176.181 Thread 0x000002b8ef010450 flushing  nmethod 0x000002b8d493e990
Event: 176.181 Thread 0x000002b8ef010450 flushing  nmethod 0x000002b8d4a84790
Event: 176.181 Thread 0x000002b8ef010450 flushing  nmethod 0x000002b8d4670e10
Event: 176.181 Thread 0x000002b8ef010450 flushing  nmethod 0x000002b8d4a88190
Event: 176.181 Thread 0x000002b8ef010450 flushing  nmethod 0x000002b8d4032710
Event: 176.181 Thread 0x000002b8ef010450 flushing  nmethod 0x000002b8d4d4e310
Event: 176.181 Thread 0x000002b8ef010450 flushing  nmethod 0x000002b8d419ce90
Event: 176.181 Thread 0x000002b8ef010450 flushing  nmethod 0x000002b8d4a97590
Event: 176.181 Thread 0x000002b8ef010450 flushing  nmethod 0x000002b8d4f22910

Events (20 events):
Event: 156.253 Thread 0x000002b8ef0860c0 Thread added: 0x000002b8ef87c020
Event: 156.254 Thread 0x000002b8f0ae68a0 Thread added: 0x000002b8f1914a10
Event: 156.260 Thread 0x000002b8ef0860c0 Thread added: 0x000002b8f5da8250
Event: 156.263 Thread 0x000002b8f0ae68a0 Thread added: 0x000002b8f19150a0
Event: 156.267 Thread 0x000002b8f0ae68a0 Thread added: 0x000002b8f1915730
Event: 157.021 Thread 0x000002b8f5da8250 Thread exited: 0x000002b8f5da8250
Event: 157.021 Thread 0x000002b8ef87c020 Thread exited: 0x000002b8ef87c020
Event: 157.206 Thread 0x000002b8f0ae68a0 Thread added: 0x000002b8f22ba880
Event: 157.208 Thread 0x000002b8f0ae68a0 Thread added: 0x000002b8f22baf10
Event: 157.209 Thread 0x000002b8f0ae68a0 Thread added: 0x000002b8f22ba1f0
Event: 157.211 Thread 0x000002b8f0ae68a0 Thread added: 0x000002b8f22b9b60
Event: 157.212 Thread 0x000002b8f0ae68a0 Thread added: 0x000002b8f22bbc30
Event: 157.214 Thread 0x000002b8f0ae68a0 Thread added: 0x000002b8f22bb5a0
Event: 157.216 Thread 0x000002b8f0ae68a0 Thread added: 0x000002b8f22bc2c0
Event: 157.295 Thread 0x000002b8ef0860c0 Thread added: 0x000002b8ef87c020
Event: 157.435 Thread 0x000002b8ef0860c0 Thread added: 0x000002b8f18ade70
Event: 161.794 Thread 0x000002b8f18ade70 Thread exited: 0x000002b8f18ade70
Event: 161.794 Thread 0x000002b8ef87c020 Thread exited: 0x000002b8ef87c020
Event: 168.115 Thread 0x000002b8ef0860c0 Thread added: 0x000002b8f49c7340
Event: 174.366 Thread 0x000002b8f49c7340 Thread exited: 0x000002b8f49c7340


Dynamic libraries:
0x00007ff6e8400000 - 0x00007ff6e840a000 	D:\Android Studio\jbr\bin\java.exe
0x00007ff904d20000 - 0x00007ff904f87000 	C:\WINDOWS\SYSTEM32\ntdll.dll
0x00007ff902ab0000 - 0x00007ff902b79000 	C:\WINDOWS\System32\KERNEL32.DLL
0x00007ff9015f0000 - 0x00007ff9019e4000 	C:\WINDOWS\System32\KERNELBASE.dll
0x00007ff902730000 - 0x00007ff90287b000 	C:\WINDOWS\System32\ucrtbase.dll
0x00007ff8ec6e0000 - 0x00007ff8ec6f8000 	D:\Android Studio\jbr\bin\jli.dll
0x00007ff8f30d0000 - 0x00007ff8f30eb000 	D:\Android Studio\jbr\bin\VCRUNTIME140.dll
0x00007ff902c10000 - 0x00007ff902dd5000 	C:\WINDOWS\System32\USER32.dll
0x00007ff902880000 - 0x00007ff9028a7000 	C:\WINDOWS\System32\win32u.dll
0x00007ff9044c0000 - 0x00007ff9044eb000 	C:\WINDOWS\System32\GDI32.dll
0x00007ff902260000 - 0x00007ff90238b000 	C:\WINDOWS\System32\gdi32full.dll
0x00007ff902940000 - 0x00007ff9029e3000 	C:\WINDOWS\System32\msvcp_win.dll
0x00007ff8eebd0000 - 0x00007ff8eee63000 	C:\WINDOWS\WinSxS\amd64_microsoft.windows.common-controls_6595b64144ccf1df_6.0.26100.8115_none_3e075c82e3354f9c\COMCTL32.dll
0x00007ff903b10000 - 0x00007ff903bb9000 	C:\WINDOWS\System32\msvcrt.dll
0x00007ff903930000 - 0x00007ff903962000 	C:\WINDOWS\System32\IMM32.DLL
0x0000000055cb0000 - 0x0000000055cbc000 	C:\Program Files (x86)\360\Total Security\safemon\SafeWrapper.dll
0x00007ff903870000 - 0x00007ff903926000 	C:\WINDOWS\System32\ADVAPI32.dll
0x00007ff904610000 - 0x00007ff9046b7000 	C:\WINDOWS\System32\sechost.dll
0x00007ff9044f0000 - 0x00007ff904608000 	C:\WINDOWS\System32\RPCRT4.dll
0x00007ff89b560000 - 0x00007ff89b60c000 	C:\Program Files (x86)\360\Total Security\safemon\libzdtp64.dll
0x00007ff902f20000 - 0x00007ff903687000 	C:\WINDOWS\System32\SHELL32.dll
0x00007ff902390000 - 0x00007ff9024fa000 	C:\WINDOWS\System32\wintypes.dll
0x00007ff904950000 - 0x00007ff904cd2000 	C:\WINDOWS\System32\combase.dll
0x00007ff9043f0000 - 0x00007ff904456000 	C:\WINDOWS\System32\SHLWAPI.dll
0x00007ff9019f0000 - 0x00007ff902258000 	C:\WINDOWS\System32\Windows.Storage.dll
0x00007ff9010d0000 - 0x00007ff9010db000 	C:\WINDOWS\SYSTEM32\VERSION.dll
0x00007ff8f59e0000 - 0x00007ff8f59ec000 	D:\Android Studio\jbr\bin\vcruntime140_1.dll
0x00007ff89bde0000 - 0x00007ff89be6d000 	D:\Android Studio\jbr\bin\msvcp140.dll
0x00007ff845970000 - 0x00007ff846606000 	D:\Android Studio\jbr\bin\server\jvm.dll
0x00007ff9048a0000 - 0x00007ff904920000 	C:\WINDOWS\System32\WS2_32.dll
0x00007ff8f8ba0000 - 0x00007ff8f8bd6000 	C:\WINDOWS\SYSTEM32\WINMM.dll
0x00007ff901450000 - 0x00007ff9014ae000 	C:\WINDOWS\SYSTEM32\POWRPROF.dll
0x00007ff901430000 - 0x00007ff901444000 	C:\WINDOWS\SYSTEM32\UMPDC.dll
0x00007ff900310000 - 0x00007ff90032b000 	C:\WINDOWS\SYSTEM32\kernel.appcore.dll
0x00007ff8f2c30000 - 0x00007ff8f2c3a000 	D:\Android Studio\jbr\bin\jimage.dll
0x00007ff8f4360000 - 0x00007ff8f45a2000 	C:\WINDOWS\SYSTEM32\DBGHELP.DLL
0x00007ff904210000 - 0x00007ff9042e8000 	C:\WINDOWS\System32\OLEAUT32.dll
0x00007ff8f08b0000 - 0x00007ff8f08eb000 	C:\WINDOWS\SYSTEM32\dbgcore.DLL
0x00007ff902500000 - 0x00007ff9025a5000 	C:\WINDOWS\System32\bcryptPrimitives.dll
0x00007ff8e81f0000 - 0x00007ff8e81fe000 	D:\Android Studio\jbr\bin\instrument.dll
0x00007ff8e29e0000 - 0x00007ff8e2a00000 	D:\Android Studio\jbr\bin\java.dll
0x00007ff8d7a80000 - 0x00007ff8d7a98000 	D:\Android Studio\jbr\bin\zip.dll
0x00007ff903770000 - 0x00007ff903868000 	C:\WINDOWS\System32\SHCORE.dll
0x00007ff901510000 - 0x00007ff901539000 	C:\WINDOWS\SYSTEM32\profapi.dll
0x00007ff8e6340000 - 0x00007ff8e6350000 	D:\Android Studio\jbr\bin\net.dll
0x00007ff8f83d0000 - 0x00007ff8f84fd000 	C:\WINDOWS\SYSTEM32\WINHTTP.dll
0x00007ff900880000 - 0x00007ff9008ec000 	C:\WINDOWS\system32\mswsock.dll
0x00007ff8d79d0000 - 0x00007ff8d79e6000 	D:\Android Studio\jbr\bin\nio.dll
0x00007ff8e2850000 - 0x00007ff8e2860000 	D:\Android Studio\jbr\bin\verify.dll
0x00007ff8de740000 - 0x00007ff8de767000 	C:\Users\LENOVO\.gradle\native\c067742578af261105cb4f569cf0c3c89f3d7b1fecec35dd04571415982c5e48\windows-amd64\native-platform.dll
0x00007ff8ab180000 - 0x00007ff8ab2c4000 	C:\Users\LENOVO\.gradle\native\100fb08df4bc3b14c8652ba06237920a3bd2aa13389f12d3474272988ae205f9\windows-amd64\native-platform-file-events.dll
0x00007ff8d98d0000 - 0x00007ff8d98d9000 	D:\Android Studio\jbr\bin\management.dll
0x00007ff8d7a70000 - 0x00007ff8d7a7b000 	D:\Android Studio\jbr\bin\management_ext.dll
0x00007ff903bc0000 - 0x00007ff903bc8000 	C:\WINDOWS\System32\PSAPI.DLL
0x00007ff900b60000 - 0x00007ff900b7b000 	C:\WINDOWS\SYSTEM32\CRYPTSP.dll
0x00007ff900270000 - 0x00007ff9002a9000 	C:\WINDOWS\system32\rsaenh.dll
0x00007ff900930000 - 0x00007ff900963000 	C:\WINDOWS\SYSTEM32\USERENV.dll
0x00007ff9014e0000 - 0x00007ff90150a000 	C:\WINDOWS\SYSTEM32\bcrypt.dll
0x00007ff900b80000 - 0x00007ff900b8c000 	C:\WINDOWS\SYSTEM32\CRYPTBASE.dll
0x00007ff8ffcf0000 - 0x00007ff8ffd22000 	C:\WINDOWS\SYSTEM32\IPHLPAPI.DLL
0x00007ff903760000 - 0x00007ff90376a000 	C:\WINDOWS\System32\NSI.dll
0x00007ff8e2310000 - 0x00007ff8e2319000 	D:\Android Studio\jbr\bin\extnet.dll
0x00007ff897c70000 - 0x00007ff897c78000 	C:\WINDOWS\system32\wshunix.dll
0x00007ff900430000 - 0x00007ff900466000 	C:\WINDOWS\SYSTEM32\ntmarta.dll

JVMTI agents:
C:\Users\LENOVO\.gradle\wrapper\dists\gradle-8.11.1-bin\bpt9gzteqjrbo1mjrsomdt32c\gradle-8.11.1\lib\agents\gradle-instrumentation-agent-8.11.1.jar path:D:\Android Studio\jbr\bin\instrument.dll, loaded, initialized, instrumentlib options:none

dbghelp: loaded successfully - version: 4.0.5 - missing functions: none
symbol engine: initialized successfully - sym options: 0x614 - pdb path: .;D:\Android Studio\jbr\bin;C:\WINDOWS\SYSTEM32;C:\WINDOWS\WinSxS\amd64_microsoft.windows.common-controls_6595b64144ccf1df_6.0.26100.8115_none_3e075c82e3354f9c;C:\Program Files (x86)\360\Total Security\safemon;D:\Android Studio\jbr\bin\server;C:\Users\LENOVO\.gradle\native\c067742578af261105cb4f569cf0c3c89f3d7b1fecec35dd04571415982c5e48\windows-amd64;C:\Users\LENOVO\.gradle\native\100fb08df4bc3b14c8652ba06237920a3bd2aa13389f12d3474272988ae205f9\windows-amd64

VM Arguments:
jvm_args: --add-opens=java.base/java.lang=ALL-UNNAMED --add-opens=java.base/java.lang.invoke=ALL-UNNAMED --add-opens=java.base/java.util=ALL-UNNAMED --add-opens=java.prefs/java.util.prefs=ALL-UNNAMED --add-exports=jdk.compiler/com.sun.tools.javac.api=ALL-UNNAMED --add-exports=jdk.compiler/com.sun.tools.javac.util=ALL-UNNAMED --add-opens=java.base/java.util=ALL-UNNAMED --add-opens=java.prefs/java.util.prefs=ALL-UNNAMED --add-opens=java.base/java.nio.charset=ALL-UNNAMED --add-opens=java.base/java.net=ALL-UNNAMED --add-opens=java.base/java.util.concurrent.atomic=ALL-UNNAMED --add-opens=java.xml/javax.xml.namespace=ALL-UNNAMED -Xmx4096M -Dfile.encoding=UTF-8 -Duser.country=ID -Duser.language=en -Duser.variant -javaagent:C:\Users\LENOVO\.gradle\wrapper\dists\gradle-8.11.1-bin\bpt9gzteqjrbo1mjrsomdt32c\gradle-8.11.1\lib\agents\gradle-instrumentation-agent-8.11.1.jar 
java_command: org.gradle.launcher.daemon.bootstrap.GradleDaemon 8.11.1
java_class_path (initial): C:\Users\LENOVO\.gradle\wrapper\dists\gradle-8.11.1-bin\bpt9gzteqjrbo1mjrsomdt32c\gradle-8.11.1\lib\gradle-daemon-main-8.11.1.jar
Launcher Type: SUN_STANDARD

[Global flags]
     intx CICompilerCount                          = 4                                         {product} {ergonomic}
     uint ConcGCThreads                            = 2                                         {product} {ergonomic}
     uint G1ConcRefinementThreads                  = 8                                         {product} {ergonomic}
   size_t G1HeapRegionSize                         = 2097152                                   {product} {ergonomic}
    uintx GCDrainStackTargetSize                   = 64                                        {product} {ergonomic}
   size_t InitialHeapSize                          = 96468992                                  {product} {ergonomic}
   size_t MarkStackSize                            = 4194304                                   {product} {ergonomic}
   size_t MaxHeapSize                              = 4294967296                                {product} {command line}
   size_t MaxNewSize                               = 2575302656                                {product} {ergonomic}
   size_t MinHeapDeltaBytes                        = 2097152                                   {product} {ergonomic}
   size_t MinHeapSize                              = 8388608                                   {product} {ergonomic}
    uintx NonNMethodCodeHeapSize                   = 5839372                                {pd product} {ergonomic}
    uintx NonProfiledCodeHeapSize                  = 122909434                              {pd product} {ergonomic}
    uintx ProfiledCodeHeapSize                     = 122909434                              {pd product} {ergonomic}
    uintx ReservedCodeCacheSize                    = 251658240                              {pd product} {ergonomic}
     bool SegmentedCodeCache                       = true                                      {product} {ergonomic}
   size_t SoftMaxHeapSize                          = 4294967296                             {manageable} {ergonomic}
     bool UseCompressedOops                        = true                           {product lp64_product} {ergonomic}
     bool UseG1GC                                  = true                                      {product} {ergonomic}
     bool UseLargePagesIndividualAllocation        = false                                  {pd product} {ergonomic}

Logging:
Log output configuration:
 #0: stdout all=warning uptime,level,tags foldmultilines=false
 #1: stderr all=off uptime,level,tags foldmultilines=false

Release file:
JAVA_VERSION="21.0.9" 
MODULES="java.base java.compiler java.datatransfer java.xml java.prefs java.desktop java.instrument java.logging java.management java.security.sasl java.naming java.rmi java.management.rmi java.net.http java.scripting java.security.jgss java.transaction.xa java.sql java.sql.rowset java.xml.crypto java.se java.smartcardio jdk.accessibility jdk.internal.jvmstat jdk.attach jdk.charsets jdk.internal.opt jdk.zipfs jdk.compiler jdk.crypto.ec jdk.crypto.cryptoki jdk.dynalink jdk.hotspot.agent jdk.httpserver jdk.internal.ed jdk.internal.le jdk.internal.vm.ci jdk.jartool jdk.javadoc jdk.jcmd jdk.jdeps jdk.jdwp.agent jdk.jdi jdk.jfr jdk.jlink jdk.jsobject jdk.localedata jdk.management jdk.management.agent jdk.management.jfr jdk.naming.dns jdk.naming.rmi jdk.net jdk.sctp jdk.security.auth jdk.security.jgss jdk.unsupported jdk.unsupported.desktop jdk.xml.dom" 
IMPLEMENTOR="JetBrains s.r.o." 
JAVA_RUNTIME_VERSION="21.0.9+-14649483-b1163.86" 
LIBC="default" 
OS_ARCH="x86_64" 
OS_NAME="Windows" 
SOURCE=".:git:554d0c326095" 

Environment Variables:
PATH=C:\WINDOWS\system32;C:\WINDOWS;C:\WINDOWS\System32\Wbem;C:\WINDOWS\System32\WindowsPowerShell\v1.0\;C:\WINDOWS\System32\OpenSSH\;C:\Users\LENOVO\Downloads\php-8.4.13-nts-Win32-vs17-x64;C:\composer;C:\php-8.4.13;C:\Program Files\nodejs\;D:\Git\cmd;C:\Program Files\PostgreSQL\18\bin;C:\Users\LENOVO\AppData\Local\Microsoft\WindowsApps;C:\Users\LENOVO\AppData\Local\Programs\Microsoft VS Code\bin;C:\Users\LENOVO\AppData\Roaming\Composer\vendor\bin;C:\Users\LENOVO\AppData\Roaming\npm;C:\Program Files\PostgreSQL\18\bin;
USERNAME=LENOVO
OS=Windows_NT
PROCESSOR_IDENTIFIER=AMD64 Family 23 Model 160 Stepping 0, AuthenticAMD
TMP=C:\Users\LENOVO\AppData\Local\Temp
TEMP=C:\Users\LENOVO\AppData\Local\Temp




Periodic native trim disabled

JNI global refs:
JNI global refs: 27, weak refs: 0

JNI global refs memory usage: 835, weak refs: 833

Process memory usage:
Resident Set Size: 379176K (6% of 6018300K total physical memory with 223160K free physical memory)

OOME stack traces (most recent first):
Classloader memory used:
Loader org.gradle.internal.classloader.VisitableURLClassLoader                         : 36519K
Loader bootstrap                                                                       : 23593K
Loader org.gradle.initialization.MixInLegacyTypesClassLoader                           : 6706K
Loader org.gradle.internal.classloader.VisitableURLClassLoader                         : 767K
Loader org.gradle.internal.classloader.VisitableURLClassLoader$InstrumentingVisitableURLClassLoader: 587K
Loader jdk.internal.loader.ClassLoaders$PlatformClassLoader                            : 502K
Loader jdk.internal.loader.ClassLoaders$AppClassLoader                                 : 234K
Loader jdk.internal.reflect.DelegatingClassLoader                                      : 199K
Loader org.gradle.groovy.scripts.internal.DefaultScriptCompilationHandler$ScriptClassLoader: 90448B
Loader org.codehaus.groovy.runtime.callsite.CallSiteClassLoader                        : 49912B
Loader groovy.lang.GroovyClassLoader$InnerLoader                                       : 47584B

Classes loaded by more than one classloader:
Class org.gradle.internal.IoActions                                                   : loaded 3 times (x 71B)
Class org.gradle.api.Action                                                           : loaded 3 times (x 70B)
Class org.gradle.api.GradleException                                                  : loaded 3 times (x 82B)
Class org.gradle.internal.classloader.ClassLoaderHierarchy                            : loaded 2 times (x 70B)
Class org.gradle.api.internal.classpath.ManifestUtil                                  : loaded 2 times (x 71B)
Class com.google.common.collect.UnmodifiableListIterator                              : loaded 2 times (x 95B)
Class org.gradle.internal.operations.MultipleBuildOperationFailures                   : loaded 2 times (x 95B)
Class org.gradle.internal.classloader.DefaultClassLoaderFactory                       : loaded 2 times (x 82B)
Class kotlin.collections.AbstractList$Companion                                       : loaded 2 times (x 71B)
Class org.gradle.internal.classloader.ClassLoaderVisitor                              : loaded 2 times (x 76B)
Class org.gradle.api.internal.classpath.EffectiveClassPath                            : loaded 2 times (x 90B)
Class org.gradle.api.internal.DefaultClassPathProvider                                : loaded 2 times (x 76B)
Class [Lorg.gradle.api.internal.ClassPathProvider;                                    : loaded 2 times (x 69B)
Class org.gradle.api.internal.ClassPathProvider                                       : loaded 2 times (x 70B)
Class org.gradle.internal.service.UnknownServiceException                             : loaded 2 times (x 83B)
Class org.gradle.internal.classpath.TransformedClassPath                              : loaded 2 times (x 96B)
Class org.gradle.internal.classloader.InstrumentingClassLoader                        : loaded 2 times (x 70B)
Class com.google.common.collect.Iterators$ArrayItr                                    : loaded 2 times (x 97B)
Class kotlin.enums.EnumEntriesList                                                    : loaded 2 times (x 223B)
Class com.google.common.collect.UnmodifiableIterator                                  : loaded 2 times (x 80B)
Class org.gradle.internal.service.ServiceLocator                                      : loaded 2 times (x 70B)
Class com.google.common.collect.Iterators                                             : loaded 2 times (x 71B)
Class com.google.common.collect.Lists$StringAsImmutableList                           : loaded 2 times (x 207B)
Class org.gradle.internal.InternalTransformer                                         : loaded 2 times (x 70B)
Class org.gradle.internal.time.DefaultTimer                                           : loaded 2 times (x 80B)
Class org.gradle.internal.classloader.ClasspathUtil$1                                 : loaded 2 times (x 76B)
Class org.gradle.api.internal.classpath.DefaultModuleRegistry$DefaultModule           : loaded 2 times (x 86B)
Class com.google.common.collect.AbstractIterator                                      : loaded 2 times (x 82B)
Class com.google.common.collect.AbstractIndexedListIterator                           : loaded 2 times (x 96B)
Class org.gradle.internal.time.DefaultCountdownTimer                                  : loaded 2 times (x 88B)
Class org.gradle.api.internal.classpath.Module                                        : loaded 2 times (x 70B)
Class org.gradle.api.internal.classpath.UnknownModuleException                        : loaded 2 times (x 82B)
Class org.gradle.api.internal.DefaultClassPathRegistry                                : loaded 2 times (x 76B)
Class org.gradle.api.internal.ClassPathRegistry                                       : loaded 2 times (x 70B)
Class org.gradle.internal.classpath.DefaultClassPath$ImmutableUniqueList              : loaded 2 times (x 199B)
Class sync_studio_tooling3113_b1tkd8aonxc8i8pzbe1sbxhtr                               : loaded 2 times (x 179B)
Class org.gradle.api.UncheckedIOException                                             : loaded 2 times (x 82B)
Class com.google.common.collect.Iterators$1                                           : loaded 2 times (x 81B)
Class kotlin.UninitializedPropertyAccessException                                     : loaded 2 times (x 82B)
Class com.google.common.collect.Iterators$4                                           : loaded 2 times (x 82B)
Class org.gradle.internal.installation.GradleInstallation$1                           : loaded 2 times (x 75B)
Class org.gradle.api.internal.classpath.ModuleRegistry                                : loaded 2 times (x 70B)
Class com.google.common.collect.Iterators$5                                           : loaded 2 times (x 82B)
Class com.google.common.collect.ImmutableCollection                                   : loaded 2 times (x 125B)
Class org.gradle.api.internal.classpath.DefaultModuleRegistry                         : loaded 2 times (x 86B)
Class com.google.common.collect.Lists                                                 : loaded 2 times (x 71B)
Class com.google.common.collect.Iterators$9                                           : loaded 2 times (x 81B)
Class org.gradle.internal.time.MonotonicClock                                         : loaded 2 times (x 77B)
Class org.gradle.internal.service.ServiceLookupException                              : loaded 2 times (x 82B)
Class org.gradle.internal.classloader.ClassLoaderFactory                              : loaded 2 times (x 70B)
Class org.gradle.internal.service.CachingServiceLocator                               : loaded 2 times (x 82B)
Class org.gradle.internal.time.TimeSource                                             : loaded 2 times (x 70B)
Class kotlin.enums.EnumEntries                                                        : loaded 2 times (x 70B)
Class org.gradle.internal.exceptions.ResolutionProvider                               : loaded 2 times (x 70B)
Class org.gradle.internal.classloader.ClasspathUtil                                   : loaded 2 times (x 71B)
Class org.gradle.internal.time.TimeSource$1                                           : loaded 2 times (x 77B)
Class org.gradle.api.specs.Spec                                                       : loaded 2 times (x 70B)
Class org.gradle.internal.time.Clock                                                  : loaded 2 times (x 70B)
Class ijInit1_8w0z37xcfji5fdcaxaciv8rk7                                               : loaded 2 times (x 179B)
Class kotlin.collections.AbstractList                                                 : loaded 2 times (x 197B)
Class kotlin.collections.AbstractCollection                                           : loaded 2 times (x 117B)
Class org.gradle.internal.classloader.VisitableURLClassLoader$InstrumentingVisitableURLClassLoader: loaded 2 times (x 123B)
Class org.gradle.internal.classloader.VisitableURLClassLoader$Spec                    : loaded 2 times (x 74B)
Class org.gradle.internal.classpath.DefaultClassPath                                  : loaded 2 times (x 90B)
Class org.gradle.util.internal.DefaultGradleVersion                                   : loaded 2 times (x 82B)
Class org.gradle.internal.classloader.ClassLoaderSpec                                 : loaded 2 times (x 71B)
Class org.gradle.internal.classloader.VisitableURLClassLoader                         : loaded 2 times (x 117B)
Class org.gradle.internal.classloader.FilteringClassLoader                            : loaded 2 times (x 105B)
Class org.gradle.internal.Cast                                                        : loaded 2 times (x 71B)
Class org.gradle.internal.classpath.DefaultClassPath$ImmutableUniqueList$Builder      : loaded 2 times (x 75B)
Class org.gradle.internal.classpath.ClassPath                                         : loaded 2 times (x 70B)
Class org.gradle.internal.exceptions.NonGradleCauseExceptionsHolder                   : loaded 2 times (x 70B)
Class kotlin.NotImplementedError                                                      : loaded 2 times (x 82B)
Class kotlin.enums.EnumEntriesKt                                                      : loaded 2 times (x 71B)
Class org.gradle.internal.classloader.SystemClassLoaderSpec                           : loaded 2 times (x 71B)
Class org.gradle.internal.exceptions.MultiCauseException                              : loaded 2 times (x 70B)
Class org.gradle.internal.time.CountdownTimer                                         : loaded 2 times (x 70B)
Class kotlin.jvm.internal.Intrinsics                                                  : loaded 2 times (x 71B)
Class org.gradle.tooling.model.ProjectModel                                           : loaded 2 times (x 70B)
Class kotlin.KotlinNullPointerException                                               : loaded 2 times (x 83B)
Class org.gradle.internal.exceptions.DefaultMultiCauseException                       : loaded 2 times (x 95B)
Class com.google.common.base.Preconditions                                            : loaded 2 times (x 71B)
Class com.google.common.collect.PeekingIterator                                       : loaded 2 times (x 70B)
Class org.gradle.internal.time.Time                                                   : loaded 2 times (x 71B)
Class JetGradlePlugin                                                                 : loaded 2 times (x 96B)
Class org.gradle.api.internal.classpath.GlobalCacheRootsProvider                      : loaded 2 times (x 70B)
Class kotlin.NoWhenBranchMatchedException                                             : loaded 2 times (x 82B)
Class org.gradle.internal.time.Timer                                                  : loaded 2 times (x 70B)
Class kotlin.jvm.internal.markers.KMappedMarker                                       : loaded 2 times (x 70B)
Class org.gradle.internal.installation.CurrentGradleInstallationLocator               : loaded 2 times (x 71B)
Class com.google.common.collect.ImmutableList                                         : loaded 2 times (x 206B)
Class org.gradle.internal.service.DefaultServiceLocator                               : loaded 2 times (x 83B)
Class org.gradle.util.GradleVersion                                                   : loaded 2 times (x 81B)
Class org.gradle.internal.installation.CurrentGradleInstallation                      : loaded 2 times (x 73B)
Class org.gradle.util.internal.GUtil                                                  : loaded 2 times (x 71B)
Class com.google.common.collect.Iterators$MergingIterator                             : loaded 2 times (x 81B)
Class org.gradle.internal.installation.GradleInstallation                             : loaded 2 times (x 75B)

---------------  S Y S T E M  ---------------

OS:
 Windows 11 , 64 bit Build 26100 (10.0.26100.8246)
OS uptime: 0 days 4:02 hours
Hyper-V role detected

CPU: total 8 (initial active 8) (8 cores per cpu, 2 threads per core) family 23 model 160 stepping 0 microcode 0x8a00006, cx8, cmov, fxsr, ht, mmx, 3dnowpref, sse, sse2, sse3, ssse3, sse4a, sse4.1, sse4.2, popcnt, lzcnt, tsc, tscinvbit, avx, avx2, aes, clmul, bmi1, bmi2, adx, sha, fma, vzeroupper, clflush, clflushopt, hv, rdtscp, rdpid, f16c
Processor Information for the first 8 processors :
  Max Mhz: 2801, Current Mhz: 2801, Mhz Limit: 2801

Memory: 4k page, system-wide physical 5877M (206M free)
TotalPageFile size 24307M (AvailPageFile size 52M)
current process WorkingSet (physical memory assigned to process): 381M, peak: 440M
current process commit charge ("private bytes"): 593M, peak: 660M

vm_info: OpenJDK 64-Bit Server VM (21.0.9+-14649483-b1163.86) for windows-amd64 JRE (21.0.9+-14649483-b1163.86), built on 2025-12-30T22:08:35Z by "builder" with MS VC++ 16.10 / 16.11 (VS2019)

END.
